
Allocating common symbols
Common symbol       size              file

buff                0x12c             ..\obj\main.o
RE1_Data            0x1c              ..\obj\main.o
TM_UART5_Buffer     0x20              ..\obj\tm_stm32f4_usart.o
TM_USART6_Buffer    0x20              ..\obj\tm_stm32f4_usart.o
TM_USART3_Buffer    0x20              ..\obj\tm_stm32f4_usart.o
TM_USART2_Buffer    0x20              ..\obj\tm_stm32f4_usart.o
TM_USART1_Buffer    0x20              ..\obj\tm_stm32f4_usart.o
TM_UART4_Buffer     0x20              ..\obj\tm_stm32f4_usart.o
RE2_Data            0x1c              ..\obj\main.o

Discarded input sections

 .text          0x00000000        0x0 ..\obj\stm32f4xx_syscfg.o
 .data          0x00000000        0x0 ..\obj\stm32f4xx_syscfg.o
 .bss           0x00000000        0x0 ..\obj\stm32f4xx_syscfg.o
 .text.SYSCFG_DeInit
                0x00000000       0x1c ..\obj\stm32f4xx_syscfg.o
 .text.SYSCFG_MemoryRemapConfig
                0x00000000       0x20 ..\obj\stm32f4xx_syscfg.o
 .text.SYSCFG_EXTILineConfig
                0x00000000       0x84 ..\obj\stm32f4xx_syscfg.o
 .text.SYSCFG_ETH_MediaInterfaceConfig
                0x00000000       0x1c ..\obj\stm32f4xx_syscfg.o
 .text.SYSCFG_CompensationCellCmd
                0x00000000       0x20 ..\obj\stm32f4xx_syscfg.o
 .text.SYSCFG_GetCompensationCellStatus
                0x00000000       0x30 ..\obj\stm32f4xx_syscfg.o
 .debug_info    0x00000000      0x274 ..\obj\stm32f4xx_syscfg.o
 .debug_abbrev  0x00000000      0x133 ..\obj\stm32f4xx_syscfg.o
 .debug_aranges
                0x00000000       0x48 ..\obj\stm32f4xx_syscfg.o
 .debug_ranges  0x00000000       0x38 ..\obj\stm32f4xx_syscfg.o
 .debug_line    0x00000000      0x216 ..\obj\stm32f4xx_syscfg.o
 .debug_str     0x00000000      0x2ed ..\obj\stm32f4xx_syscfg.o
 .comment       0x00000000       0x6f ..\obj\stm32f4xx_syscfg.o
 .debug_frame   0x00000000       0xf4 ..\obj\stm32f4xx_syscfg.o
 .ARM.attributes
                0x00000000       0x33 ..\obj\stm32f4xx_syscfg.o
 .text          0x00000000        0x0 ..\obj\i2c.o
 .data          0x00000000        0x0 ..\obj\i2c.o
 .bss           0x00000000        0x0 ..\obj\i2c.o
 .text          0x00000000        0x0 ..\obj\tm_stm32f4_exti.o
 .data          0x00000000        0x0 ..\obj\tm_stm32f4_exti.o
 .bss           0x00000000        0x0 ..\obj\tm_stm32f4_exti.o
 .text.TM_EXTI_Detach
                0x00000000       0x54 ..\obj\tm_stm32f4_exti.o
 .text.TM_EXTI_DeInit
                0x00000000       0x4c ..\obj\tm_stm32f4_exti.o
 .text          0x00000000        0x0 ..\obj\stm32f4xx_usart.o
 .data          0x00000000        0x0 ..\obj\stm32f4xx_usart.o
 .bss           0x00000000        0x0 ..\obj\stm32f4xx_usart.o
 .text.USART_StructInit
                0x00000000       0x38 ..\obj\stm32f4xx_usart.o
 .text.USART_ClockInit
                0x00000000       0x54 ..\obj\stm32f4xx_usart.o
 .text.USART_ClockStructInit
                0x00000000       0x2c ..\obj\stm32f4xx_usart.o
 .text.USART_Cmd
                0x00000000       0x40 ..\obj\stm32f4xx_usart.o
 .text.USART_SetPrescaler
                0x00000000       0x38 ..\obj\stm32f4xx_usart.o
 .text.USART_OverSampling8Cmd
                0x00000000       0x44 ..\obj\stm32f4xx_usart.o
 .text.USART_OneBitMethodCmd
                0x00000000       0x40 ..\obj\stm32f4xx_usart.o
 .text.USART_SendData
                0x00000000       0x24 ..\obj\stm32f4xx_usart.o
 .text.USART_ReceiveData
                0x00000000       0x20 ..\obj\stm32f4xx_usart.o
 .text.USART_SetAddress
                0x00000000       0x38 ..\obj\stm32f4xx_usart.o
 .text.USART_ReceiverWakeUpCmd
                0x00000000       0x40 ..\obj\stm32f4xx_usart.o
 .text.USART_WakeUpConfig
                0x00000000       0x38 ..\obj\stm32f4xx_usart.o
 .text.USART_LINBreakDetectLengthConfig
                0x00000000       0x38 ..\obj\stm32f4xx_usart.o
 .text.USART_LINCmd
                0x00000000       0x40 ..\obj\stm32f4xx_usart.o
 .text.USART_SendBreak
                0x00000000       0x24 ..\obj\stm32f4xx_usart.o
 .text.USART_HalfDuplexCmd
                0x00000000       0x40 ..\obj\stm32f4xx_usart.o
 .text.USART_SetGuardTime
                0x00000000       0x3c ..\obj\stm32f4xx_usart.o
 .text.USART_SmartCardCmd
                0x00000000       0x40 ..\obj\stm32f4xx_usart.o
 .text.USART_SmartCardNACKCmd
                0x00000000       0x40 ..\obj\stm32f4xx_usart.o
 .text.USART_IrDAConfig
                0x00000000       0x38 ..\obj\stm32f4xx_usart.o
 .text.USART_IrDACmd
                0x00000000       0x40 ..\obj\stm32f4xx_usart.o
 .text.USART_DMACmd
                0x00000000       0x48 ..\obj\stm32f4xx_usart.o
 .text.USART_ITConfig
                0x00000000       0x90 ..\obj\stm32f4xx_usart.o
 .text.USART_GetFlagStatus
                0x00000000       0x38 ..\obj\stm32f4xx_usart.o
 .text.USART_ClearFlag
                0x00000000       0x20 ..\obj\stm32f4xx_usart.o
 .text.USART_GetITStatus
                0x00000000       0xb4 ..\obj\stm32f4xx_usart.o
 .text.USART_ClearITPendingBit
                0x00000000       0x38 ..\obj\stm32f4xx_usart.o
 .text          0x00000000        0x0 ..\obj\startup_stm32f4xx.o
 .data          0x00000000        0x0 ..\obj\startup_stm32f4xx.o
 .bss           0x00000000        0x0 ..\obj\startup_stm32f4xx.o
 .text          0x00000000        0x0 ..\obj\main.o
 .text          0x00000000        0x0 ..\obj\stm32f4xx_rcc.o
 .bss           0x00000000        0x0 ..\obj\stm32f4xx_rcc.o
 .text.RCC_DeInit
                0x00000000       0x50 ..\obj\stm32f4xx_rcc.o
 .text.RCC_HSEConfig
                0x00000000       0x24 ..\obj\stm32f4xx_rcc.o
 .text.RCC_WaitForHSEStartUp
                0x00000000       0x50 ..\obj\stm32f4xx_rcc.o
 .text.RCC_AdjustHSICalibrationValue
                0x00000000       0x3c ..\obj\stm32f4xx_rcc.o
 .text.RCC_HSICmd
                0x00000000       0x20 ..\obj\stm32f4xx_rcc.o
 .text.RCC_LSEConfig
                0x00000000       0x40 ..\obj\stm32f4xx_rcc.o
 .text.RCC_LSICmd
                0x00000000       0x20 ..\obj\stm32f4xx_rcc.o
 .text.RCC_PLLConfig
                0x00000000       0x3c ..\obj\stm32f4xx_rcc.o
 .text.RCC_PLLCmd
                0x00000000       0x20 ..\obj\stm32f4xx_rcc.o
 .text.RCC_PLLI2SConfig
                0x00000000       0x28 ..\obj\stm32f4xx_rcc.o
 .text.RCC_PLLI2SCmd
                0x00000000       0x20 ..\obj\stm32f4xx_rcc.o
 .text.RCC_ClockSecuritySystemCmd
                0x00000000       0x20 ..\obj\stm32f4xx_rcc.o
 .text.RCC_MCO1Config
                0x00000000       0x3c ..\obj\stm32f4xx_rcc.o
 .text.RCC_MCO2Config
                0x00000000       0x3c ..\obj\stm32f4xx_rcc.o
 .text.RCC_SYSCLKConfig
                0x00000000       0x38 ..\obj\stm32f4xx_rcc.o
 .text.RCC_GetSYSCLKSource
                0x00000000       0x1c ..\obj\stm32f4xx_rcc.o
 .text.RCC_HCLKConfig
                0x00000000       0x38 ..\obj\stm32f4xx_rcc.o
 .text.RCC_PCLK1Config
                0x00000000       0x38 ..\obj\stm32f4xx_rcc.o
 .text.RCC_PCLK2Config
                0x00000000       0x38 ..\obj\stm32f4xx_rcc.o
 .text.RCC_RTCCLKConfig
                0x00000000       0x5c ..\obj\stm32f4xx_rcc.o
 .text.RCC_RTCCLKCmd
                0x00000000       0x20 ..\obj\stm32f4xx_rcc.o
 .text.RCC_BackupResetCmd
                0x00000000       0x20 ..\obj\stm32f4xx_rcc.o
 .text.RCC_I2SCLKConfig
                0x00000000       0x1c ..\obj\stm32f4xx_rcc.o
 .text.RCC_AHB2PeriphClockCmd
                0x00000000       0x3c ..\obj\stm32f4xx_rcc.o
 .text.RCC_AHB3PeriphClockCmd
                0x00000000       0x3c ..\obj\stm32f4xx_rcc.o
 .text.RCC_APB2PeriphClockCmd
                0x00000000       0x3c ..\obj\stm32f4xx_rcc.o
 .text.RCC_AHB1PeriphResetCmd
                0x00000000       0x3c ..\obj\stm32f4xx_rcc.o
 .text.RCC_AHB2PeriphResetCmd
                0x00000000       0x3c ..\obj\stm32f4xx_rcc.o
 .text.RCC_AHB3PeriphResetCmd
                0x00000000       0x3c ..\obj\stm32f4xx_rcc.o
 .text.RCC_AHB1PeriphClockLPModeCmd
                0x00000000       0x3c ..\obj\stm32f4xx_rcc.o
 .text.RCC_AHB2PeriphClockLPModeCmd
                0x00000000       0x3c ..\obj\stm32f4xx_rcc.o
 .text.RCC_AHB3PeriphClockLPModeCmd
                0x00000000       0x3c ..\obj\stm32f4xx_rcc.o
 .text.RCC_APB1PeriphClockLPModeCmd
                0x00000000       0x3c ..\obj\stm32f4xx_rcc.o
 .text.RCC_APB2PeriphClockLPModeCmd
                0x00000000       0x3c ..\obj\stm32f4xx_rcc.o
 .text.RCC_ITConfig
                0x00000000       0x4c ..\obj\stm32f4xx_rcc.o
 .text.RCC_GetFlagStatus
                0x00000000       0x74 ..\obj\stm32f4xx_rcc.o
 .text.RCC_ClearFlag
                0x00000000       0x1c ..\obj\stm32f4xx_rcc.o
 .text.RCC_GetITStatus
                0x00000000       0x34 ..\obj\stm32f4xx_rcc.o
 .text.RCC_ClearITPendingBit
                0x00000000       0x20 ..\obj\stm32f4xx_rcc.o
 .text          0x00000000        0x0 ..\obj\tm_stm32f4_usart.o
 .bss           0x00000000        0x0 ..\obj\tm_stm32f4_usart.o
 .text.TM_USART_InitWithFlowControl
                0x00000000      0x118 ..\obj\tm_stm32f4_usart.o
 .text.TM_USART_BufferEmpty
                0x00000000       0x34 ..\obj\tm_stm32f4_usart.o
 .text.TM_USART_BufferFull
                0x00000000       0x2c ..\obj\tm_stm32f4_usart.o
 .text.TM_USART_ClearBuffer
                0x00000000       0x2c ..\obj\tm_stm32f4_usart.o
 .text.TM_USART_SetCustomStringEndCharacter
                0x00000000       0x24 ..\obj\tm_stm32f4_usart.o
 .text.TM_USART_Send
                0x00000000       0x6c ..\obj\tm_stm32f4_usart.o
 .text          0x00000000        0x0 ..\obj\tm_stm32f4_rotary_encoder.o
 .data          0x00000000        0x0 ..\obj\tm_stm32f4_rotary_encoder.o
 .bss           0x00000000        0x0 ..\obj\tm_stm32f4_rotary_encoder.o
 .text.TM_RE_SetMode
                0x00000000       0x1c ..\obj\tm_stm32f4_rotary_encoder.o
 .text          0x00000000        0x0 ..\obj\gpio.o
 .data          0x00000000        0x0 ..\obj\gpio.o
 .bss           0x00000000        0x0 ..\obj\gpio.o
 .text          0x00000000        0x0 ..\obj\stm32f4xx_gpio.o
 .data          0x00000000        0x0 ..\obj\stm32f4xx_gpio.o
 .bss           0x00000000        0x0 ..\obj\stm32f4xx_gpio.o
 .text.GPIO_DeInit
                0x00000000      0x120 ..\obj\stm32f4xx_gpio.o
 .text.GPIO_StructInit
                0x00000000       0x34 ..\obj\stm32f4xx_gpio.o
 .text.GPIO_PinLockConfig
                0x00000000       0x44 ..\obj\stm32f4xx_gpio.o
 .text.GPIO_ReadInputDataBit
                0x00000000       0x34 ..\obj\stm32f4xx_gpio.o
 .text.GPIO_ReadInputData
                0x00000000       0x18 ..\obj\stm32f4xx_gpio.o
 .text.GPIO_ReadOutputDataBit
                0x00000000       0x34 ..\obj\stm32f4xx_gpio.o
 .text.GPIO_ReadOutputData
                0x00000000       0x18 ..\obj\stm32f4xx_gpio.o
 .text.GPIO_SetBits
                0x00000000       0x1c ..\obj\stm32f4xx_gpio.o
 .text.GPIO_ResetBits
                0x00000000       0x1c ..\obj\stm32f4xx_gpio.o
 .text.GPIO_Write
                0x00000000       0x1c ..\obj\stm32f4xx_gpio.o
 .text.GPIO_ToggleBits
                0x00000000       0x24 ..\obj\stm32f4xx_gpio.o
 .text          0x00000000        0x0 ..\obj\system_stm32f4xx.o
 .data          0x00000000       0x14 ..\obj\system_stm32f4xx.o
 .bss           0x00000000        0x0 ..\obj\system_stm32f4xx.o
 .text.SystemCoreClockUpdate
                0x00000000       0xf8 ..\obj\system_stm32f4xx.o
 .text          0x00000000        0x0 ..\obj\preamp.o
 .data          0x00000000        0x0 ..\obj\preamp.o
 .bss           0x00000000        0x0 ..\obj\preamp.o
 .text          0x00000000        0x0 ..\obj\stm32f4xx_i2c.o
 .data          0x00000000        0x0 ..\obj\stm32f4xx_i2c.o
 .bss           0x00000000        0x0 ..\obj\stm32f4xx_i2c.o
 .text.I2C_DeInit
                0x00000000       0x74 ..\obj\stm32f4xx_i2c.o
 .text.I2C_StructInit
                0x00000000       0x3c ..\obj\stm32f4xx_i2c.o
 .text.I2C_AcknowledgeConfig
                0x00000000       0x40 ..\obj\stm32f4xx_i2c.o
 .text.I2C_OwnAddress2Config
                0x00000000       0x44 ..\obj\stm32f4xx_i2c.o
 .text.I2C_DualAddressCmd
                0x00000000       0x40 ..\obj\stm32f4xx_i2c.o
 .text.I2C_GeneralCallCmd
                0x00000000       0x40 ..\obj\stm32f4xx_i2c.o
 .text.I2C_SoftwareResetCmd
                0x00000000       0x44 ..\obj\stm32f4xx_i2c.o
 .text.I2C_StretchClockCmd
                0x00000000       0x40 ..\obj\stm32f4xx_i2c.o
 .text.I2C_FastModeDutyCycleConfig
                0x00000000       0x40 ..\obj\stm32f4xx_i2c.o
 .text.I2C_NACKPositionConfig
                0x00000000       0x40 ..\obj\stm32f4xx_i2c.o
 .text.I2C_SMBusAlertConfig
                0x00000000       0x40 ..\obj\stm32f4xx_i2c.o
 .text.I2C_ARPCmd
                0x00000000       0x40 ..\obj\stm32f4xx_i2c.o
 .text.I2C_ReceiveData
                0x00000000       0x1c ..\obj\stm32f4xx_i2c.o
 .text.I2C_TransmitPEC
                0x00000000       0x40 ..\obj\stm32f4xx_i2c.o
 .text.I2C_PECPositionConfig
                0x00000000       0x40 ..\obj\stm32f4xx_i2c.o
 .text.I2C_CalculatePEC
                0x00000000       0x40 ..\obj\stm32f4xx_i2c.o
 .text.I2C_GetPEC
                0x00000000       0x20 ..\obj\stm32f4xx_i2c.o
 .text.I2C_DMACmd
                0x00000000       0x40 ..\obj\stm32f4xx_i2c.o
 .text.I2C_DMALastTransferCmd
                0x00000000       0x40 ..\obj\stm32f4xx_i2c.o
 .text.I2C_ReadRegister
                0x00000000       0x2c ..\obj\stm32f4xx_i2c.o
 .text.I2C_ITConfig
                0x00000000       0x48 ..\obj\stm32f4xx_i2c.o
 .text.I2C_GetLastEvent
                0x00000000       0x44 ..\obj\stm32f4xx_i2c.o
 .text.I2C_ClearFlag
                0x00000000       0x2c ..\obj\stm32f4xx_i2c.o
 .text.I2C_GetITStatus
                0x00000000       0x58 ..\obj\stm32f4xx_i2c.o
 .text.I2C_ClearITPendingBit
                0x00000000       0x2c ..\obj\stm32f4xx_i2c.o
 .text          0x00000000        0x0 ..\obj\stm32f4xx_exti.o
 .data          0x00000000        0x0 ..\obj\stm32f4xx_exti.o
 .bss           0x00000000        0x0 ..\obj\stm32f4xx_exti.o
 .text.EXTI_DeInit
                0x00000000       0x34 ..\obj\stm32f4xx_exti.o
 .text.EXTI_Init
                0x00000000       0xe4 ..\obj\stm32f4xx_exti.o
 .text.EXTI_StructInit
                0x00000000       0x2c ..\obj\stm32f4xx_exti.o
 .text.EXTI_GenerateSWInterrupt
                0x00000000       0x24 ..\obj\stm32f4xx_exti.o
 .text.EXTI_GetFlagStatus
                0x00000000       0x34 ..\obj\stm32f4xx_exti.o
 .text.EXTI_ClearFlag
                0x00000000       0x1c ..\obj\stm32f4xx_exti.o
 .text.EXTI_GetITStatus
                0x00000000       0x48 ..\obj\stm32f4xx_exti.o
 .text.EXTI_ClearITPendingBit
                0x00000000       0x1c ..\obj\stm32f4xx_exti.o
 .debug_info    0x00000000      0x357 ..\obj\stm32f4xx_exti.o
 .debug_abbrev  0x00000000      0x1a9 ..\obj\stm32f4xx_exti.o
 .debug_aranges
                0x00000000       0x58 ..\obj\stm32f4xx_exti.o
 .debug_ranges  0x00000000       0x48 ..\obj\stm32f4xx_exti.o
 .debug_line    0x00000000      0x2a5 ..\obj\stm32f4xx_exti.o
 .debug_str     0x00000000      0x352 ..\obj\stm32f4xx_exti.o
 .comment       0x00000000       0x6f ..\obj\stm32f4xx_exti.o
 .debug_frame   0x00000000      0x148 ..\obj\stm32f4xx_exti.o
 .ARM.attributes
                0x00000000       0x33 ..\obj\stm32f4xx_exti.o
 .text          0x00000000        0x0 ..\obj\misc.o
 .data          0x00000000        0x0 ..\obj\misc.o
 .bss           0x00000000        0x0 ..\obj\misc.o
 .text.NVIC_PriorityGroupConfig
                0x00000000       0x24 ..\obj\misc.o
 .text.NVIC_SetVectorTable
                0x00000000       0x2c ..\obj\misc.o
 .text.NVIC_SystemLPConfig
                0x00000000       0x40 ..\obj\misc.o
 .text.SysTick_CLKSourceConfig
                0x00000000       0x38 ..\obj\misc.o
 .text          0x00000000        0x0 ..\obj\tm_stm32f4_gpio.o
 .data          0x00000000        0x0 ..\obj\tm_stm32f4_gpio.o
 .text.TM_GPIO_DeInit
                0x00000000       0x80 ..\obj\tm_stm32f4_gpio.o
 .text.TM_GPIO_SetPinAsInput
                0x00000000       0x50 ..\obj\tm_stm32f4_gpio.o
 .text.TM_GPIO_SetPinAsOutput
                0x00000000       0x5c ..\obj\tm_stm32f4_gpio.o
 .text.TM_GPIO_SetPinAsAnalog
                0x00000000       0x4c ..\obj\tm_stm32f4_gpio.o
 .text.TM_GPIO_SetPinAsAlternate
                0x00000000       0x60 ..\obj\tm_stm32f4_gpio.o
 .text.TM_GPIO_SetPullResistor
                0x00000000       0x64 ..\obj\tm_stm32f4_gpio.o
 .text.TM_GPIO_Lock
                0x00000000       0x38 ..\obj\tm_stm32f4_gpio.o
 .text.TM_GPIO_INT_DisableClock
                0x00000000       0x30 ..\obj\tm_stm32f4_gpio.o
 .text.TM_GPIO_GetUsedPins
                0x00000000       0x24 ..\obj\tm_stm32f4_gpio.o
 .text.TM_GPIO_GetFreePins
                0x00000000       0x28 ..\obj\tm_stm32f4_gpio.o

Memory Configuration

Name             Origin             Length             Attributes
rom              0x08000000         0x00100000         xr
ram              0x20000000         0x00020000         xrw
ram1             0x10000000         0x00010000         xrw
*default*        0x00000000         0xffffffff

Linker script and memory map

                0x20020000                _eram = 0x20020000

.text           0x08000000     0x2413
 *(.isr_vector)
 .isr_vector    0x08000000      0x188 ..\obj\startup_stm32f4xx.o
                0x08000000                g_pfnVectors
 *(.text*)
 .text.I2C_Init_Amp
                0x08000188       0x50 ..\obj\i2c.o
                0x08000188                I2C_Init_Amp
 .text.I2C_start
                0x080001d8       0x88 ..\obj\i2c.o
                0x080001d8                I2C_start
 .text.I2C_write
                0x08000260       0x34 ..\obj\i2c.o
                0x08000260                I2C_write
 .text.I2C_stop
                0x08000294       0x18 ..\obj\i2c.o
                0x08000294                I2C_stop
 .text.TM_EXTI_Attach
                0x080002ac      0x284 ..\obj\tm_stm32f4_exti.o
                0x080002ac                TM_EXTI_Attach
 .text.EXTI0_IRQHandler
                0x08000530       0x24 ..\obj\tm_stm32f4_exti.o
                0x08000530                EXTI0_IRQHandler
 .text.EXTI1_IRQHandler
                0x08000554       0x24 ..\obj\tm_stm32f4_exti.o
                0x08000554                EXTI1_IRQHandler
 .text.EXTI2_IRQHandler
                0x08000578       0x24 ..\obj\tm_stm32f4_exti.o
                0x08000578                EXTI2_IRQHandler
 .text.EXTI3_IRQHandler
                0x0800059c       0x24 ..\obj\tm_stm32f4_exti.o
                0x0800059c                EXTI3_IRQHandler
 .text.EXTI4_IRQHandler
                0x080005c0       0x24 ..\obj\tm_stm32f4_exti.o
                0x080005c0                EXTI4_IRQHandler
 .text.EXTI9_5_IRQHandler
                0x080005e4       0x8c ..\obj\tm_stm32f4_exti.o
                0x080005e4                EXTI9_5_IRQHandler
 .text.EXTI15_10_IRQHandler
                0x08000670       0xb4 ..\obj\tm_stm32f4_exti.o
                0x08000670                EXTI15_10_IRQHandler
 .text.USART_DeInit
                0x08000724       0xd4 ..\obj\stm32f4xx_usart.o
                0x08000724                USART_DeInit
 .text.USART_Init
                0x080007f8      0x174 ..\obj\stm32f4xx_usart.o
                0x080007f8                USART_Init
 .text.Default_Reset_Handler
                0x0800096c       0x5c ..\obj\startup_stm32f4xx.o
                0x0800096c                Default_Reset_Handler
                0x0800096c                Reset_Handler
 .text.Default_Handler
                0x080009c8        0x8 ..\obj\startup_stm32f4xx.o
                0x080009c8                RTC_Alarm_IRQHandler
                0x080009c8                HASH_RNG_IRQHandler
                0x080009c8                TIM8_CC_IRQHandler
                0x080009c8                DebugMon_Handler
                0x080009c8                TIM1_CC_IRQHandler
                0x080009c8                DMA2_Stream5_IRQHandler
                0x080009c8                HardFault_Handler
                0x080009c8                DMA1_Stream5_IRQHandler
                0x080009c8                SysTick_Handler
                0x080009c8                PVD_IRQHandler
                0x080009c8                SDIO_IRQHandler
                0x080009c8                TAMP_STAMP_IRQHandler
                0x080009c8                PendSV_Handler
                0x080009c8                NMI_Handler
                0x080009c8                CAN2_RX1_IRQHandler
                0x080009c8                TIM8_TRG_COM_TIM14_IRQHandler
                0x080009c8                TIM1_UP_TIM10_IRQHandler
                0x080009c8                TIM8_UP_TIM13_IRQHandler
                0x080009c8                I2C3_ER_IRQHandler
                0x080009c8                I2C2_EV_IRQHandler
                0x080009c8                DMA1_Stream2_IRQHandler
                0x080009c8                CAN1_RX0_IRQHandler
                0x080009c8                FPU_IRQHandler
                0x080009c8                OTG_HS_WKUP_IRQHandler
                0x080009c8                UsageFault_Handler
                0x080009c8                CAN2_SCE_IRQHandler
                0x080009c8                DMA2_Stream2_IRQHandler
                0x080009c8                SPI1_IRQHandler
                0x080009c8                TIM6_DAC_IRQHandler
                0x080009c8                TIM1_BRK_TIM9_IRQHandler
                0x080009c8                DCMI_IRQHandler
                0x080009c8                CAN2_RX0_IRQHandler
                0x080009c8                DMA2_Stream3_IRQHandler
                0x080009c8                CRYP_IRQHandler
                0x080009c8                CAN1_RX1_IRQHandler
                0x080009c8                DMA2_Stream0_IRQHandler
                0x080009c8                TIM4_IRQHandler
                0x080009c8                I2C1_EV_IRQHandler
                0x080009c8                DMA1_Stream6_IRQHandler
                0x080009c8                DMA1_Stream1_IRQHandler
                0x080009c8                TIM3_IRQHandler
                0x080009c8                RCC_IRQHandler
                0x080009c8                TIM8_BRK_TIM12_IRQHandler
                0x080009c8                ADC_IRQHandler
                0x080009c8                DMA1_Stream7_IRQHandler
                0x080009c8                TIM7_IRQHandler
                0x080009c8                CAN2_TX_IRQHandler
                0x080009c8                TIM5_IRQHandler
                0x080009c8                DMA2_Stream7_IRQHandler
                0x080009c8                I2C3_EV_IRQHandler
                0x080009c8                RTC_WKUP_IRQHandler
                0x080009c8                ETH_WKUP_IRQHandler
                0x080009c8                SPI2_IRQHandler
                0x080009c8                OTG_HS_EP1_IN_IRQHandler
                0x080009c8                MemManage_Handler
                0x080009c8                DMA1_Stream0_IRQHandler
                0x080009c8                CAN1_TX_IRQHandler
                0x080009c8                SVC_Handler
                0x080009c8                FSMC_IRQHandler
                0x080009c8                ETH_IRQHandler
                0x080009c8                OTG_HS_EP1_OUT_IRQHandler
                0x080009c8                WWDG_IRQHandler
                0x080009c8                TIM2_IRQHandler
                0x080009c8                OTG_FS_WKUP_IRQHandler
                0x080009c8                TIM1_TRG_COM_TIM11_IRQHandler
                0x080009c8                OTG_HS_IRQHandler
                0x080009c8                I2C2_ER_IRQHandler
                0x080009c8                DMA2_Stream1_IRQHandler
                0x080009c8                CAN1_SCE_IRQHandler
                0x080009c8                FLASH_IRQHandler
                0x080009c8                DMA2_Stream4_IRQHandler
                0x080009c8                BusFault_Handler
                0x080009c8                OTG_FS_IRQHandler
                0x080009c8                SPI3_IRQHandler
                0x080009c8                DMA1_Stream4_IRQHandler
                0x080009c8                I2C1_ER_IRQHandler
                0x080009c8                DMA2_Stream6_IRQHandler
                0x080009c8                DMA1_Stream3_IRQHandler
 .text.main     0x080009d0      0x128 ..\obj\main.o
                0x080009d0                main
 .text.TM_EXTI_Handler
                0x08000af8       0x3c ..\obj\main.o
                0x08000af8                TM_EXTI_Handler
 .text.RCC_GetClocksFreq
                0x08000b34      0x154 ..\obj\stm32f4xx_rcc.o
                0x08000b34                RCC_GetClocksFreq
 .text.RCC_AHB1PeriphClockCmd
                0x08000c88       0x3c ..\obj\stm32f4xx_rcc.o
                0x08000c88                RCC_AHB1PeriphClockCmd
 .text.RCC_APB1PeriphClockCmd
                0x08000cc4       0x3c ..\obj\stm32f4xx_rcc.o
                0x08000cc4                RCC_APB1PeriphClockCmd
 .text.RCC_APB1PeriphResetCmd
                0x08000d00       0x3c ..\obj\stm32f4xx_rcc.o
                0x08000d00                RCC_APB1PeriphResetCmd
 .text.RCC_APB2PeriphResetCmd
                0x08000d3c       0x3c ..\obj\stm32f4xx_rcc.o
                0x08000d3c                RCC_APB2PeriphResetCmd
 .text.TM_USART_Init
                0x08000d78      0x108 ..\obj\tm_stm32f4_usart.o
                0x08000d78                TM_USART_Init
 .text.TM_USART_Getc
                0x08000e80       0x74 ..\obj\tm_stm32f4_usart.o
                0x08000e80                TM_USART_Getc
 .text.TM_USART_Gets
                0x08000ef4       0x94 ..\obj\tm_stm32f4_usart.o
                0x08000ef4                TM_USART_Gets
 .text.TM_USART_FindCharacter
                0x08000f88       0x60 ..\obj\tm_stm32f4_usart.o
                0x08000f88                TM_USART_FindCharacter
 .text.TM_USART_Puts
                0x08000fe8       0x5c ..\obj\tm_stm32f4_usart.o
                0x08000fe8                TM_USART_Puts
 .text.TM_USART_INT_InsertToBuffer
                0x08001044       0x5c ..\obj\tm_stm32f4_usart.o
                0x08001044                TM_USART_INT_InsertToBuffer
 .text.TM_USART_InitCustomPinsCallback
                0x080010a0       0x18 ..\obj\tm_stm32f4_usart.o
                0x080010a0                TM_USART_InitCustomPinsCallback
 .text.TM_USART_INT_GetUsart
                0x080010b8       0x8c ..\obj\tm_stm32f4_usart.o
                0x080010b8                TM_USART_INT_GetUsart
 .text.TM_USART_INT_GetSubPriority
                0x08001144       0x74 ..\obj\tm_stm32f4_usart.o
                0x08001144                TM_USART_INT_GetSubPriority
 .text.TM_USART1_InitPins
                0x080011b8       0x64 ..\obj\tm_stm32f4_usart.o
                0x080011b8                TM_USART1_InitPins
 .text.TM_USART2_InitPins
                0x0800121c       0x60 ..\obj\tm_stm32f4_usart.o
                0x0800121c                TM_USART2_InitPins
 .text.TM_USART3_InitPins
                0x0800127c       0x84 ..\obj\tm_stm32f4_usart.o
                0x0800127c                TM_USART3_InitPins
 .text.TM_UART4_InitPins
                0x08001300       0x64 ..\obj\tm_stm32f4_usart.o
                0x08001300                TM_UART4_InitPins
 .text.TM_UART5_InitPins
                0x08001364       0x5c ..\obj\tm_stm32f4_usart.o
                0x08001364                TM_UART5_InitPins
 .text.TM_USART6_InitPins
                0x080013c0       0x64 ..\obj\tm_stm32f4_usart.o
                0x080013c0                TM_USART6_InitPins
 .text.USART1_IRQHandler
                0x08001424       0x30 ..\obj\tm_stm32f4_usart.o
                0x08001424                USART1_IRQHandler
 .text.USART2_IRQHandler
                0x08001454       0x30 ..\obj\tm_stm32f4_usart.o
                0x08001454                USART2_IRQHandler
 .text.USART3_IRQHandler
                0x08001484       0x30 ..\obj\tm_stm32f4_usart.o
                0x08001484                USART3_IRQHandler
 .text.UART4_IRQHandler
                0x080014b4       0x30 ..\obj\tm_stm32f4_usart.o
                0x080014b4                UART4_IRQHandler
 .text.UART5_IRQHandler
                0x080014e4       0x30 ..\obj\tm_stm32f4_usart.o
                0x080014e4                UART5_IRQHandler
 .text.USART6_IRQHandler
                0x08001514       0x30 ..\obj\tm_stm32f4_usart.o
                0x08001514                USART6_IRQHandler
 .text.TM_USART_INT_Init
                0x08001544      0x18c ..\obj\tm_stm32f4_usart.o
 .text.TM_RE_Init
                0x080016d0       0x78 ..\obj\tm_stm32f4_rotary_encoder.o
                0x080016d0                TM_RE_Init
 .text.TM_RE_Get
                0x08001748       0x54 ..\obj\tm_stm32f4_rotary_encoder.o
                0x08001748                TM_RE_Get
 .text.TM_RE_Process
                0x0800179c       0x9c ..\obj\tm_stm32f4_rotary_encoder.o
                0x0800179c                TM_RE_Process
 .text.Gpio_Init
                0x08001838       0xcc ..\obj\gpio.o
                0x08001838                Gpio_Init
 .text.GPIO_Init
                0x08001904      0x11c ..\obj\stm32f4xx_gpio.o
                0x08001904                GPIO_Init
 .text.GPIO_WriteBit
                0x08001a20       0x30 ..\obj\stm32f4xx_gpio.o
                0x08001a20                GPIO_WriteBit
 .text.GPIO_PinAFConfig
                0x08001a50       0x90 ..\obj\stm32f4xx_gpio.o
                0x08001a50                GPIO_PinAFConfig
 .text.SystemInit
                0x08001ae0       0x5c ..\obj\system_stm32f4xx.o
                0x08001ae0                SystemInit
 .text.SetSysClock
                0x08001b3c       0xf4 ..\obj\system_stm32f4xx.o
 .text.PreampInit
                0x08001c30       0x28 ..\obj\preamp.o
                0x08001c30                PreampInit
 .text.PreampSetVol
                0x08001c58       0x28 ..\obj\preamp.o
                0x08001c58                PreampSetVol
 .text.PreampSetSpeakAtt
                0x08001c80       0x3c ..\obj\preamp.o
                0x08001c80                PreampSetSpeakAtt
 .text.PreampSetInputGain
                0x08001cbc       0x3c ..\obj\preamp.o
                0x08001cbc                PreampSetInputGain
 .text.PreampSetBass
                0x08001cf8       0x3c ..\obj\preamp.o
                0x08001cf8                PreampSetBass
 .text.PreampSetTreble
                0x08001d34       0x3c ..\obj\preamp.o
                0x08001d34                PreampSetTreble
 .text.I2C_Init
                0x08001d70      0x184 ..\obj\stm32f4xx_i2c.o
                0x08001d70                I2C_Init
 .text.I2C_Cmd  0x08001ef4       0x40 ..\obj\stm32f4xx_i2c.o
                0x08001ef4                I2C_Cmd
 .text.I2C_GenerateSTART
                0x08001f34       0x40 ..\obj\stm32f4xx_i2c.o
                0x08001f34                I2C_GenerateSTART
 .text.I2C_GenerateSTOP
                0x08001f74       0x40 ..\obj\stm32f4xx_i2c.o
                0x08001f74                I2C_GenerateSTOP
 .text.I2C_Send7bitAddress
                0x08001fb4       0x3c ..\obj\stm32f4xx_i2c.o
                0x08001fb4                I2C_Send7bitAddress
 .text.I2C_SendData
                0x08001ff0       0x20 ..\obj\stm32f4xx_i2c.o
                0x08001ff0                I2C_SendData
 .text.I2C_CheckEvent
                0x08002010       0x60 ..\obj\stm32f4xx_i2c.o
                0x08002010                I2C_CheckEvent
 .text.I2C_GetFlagStatus
                0x08002070       0x64 ..\obj\stm32f4xx_i2c.o
                0x08002070                I2C_GetFlagStatus
 .text.NVIC_Init
                0x080020d4       0xc0 ..\obj\misc.o
                0x080020d4                NVIC_Init
 .text.TM_GPIO_Init
                0x08002194       0x48 ..\obj\tm_stm32f4_gpio.o
                0x08002194                TM_GPIO_Init
 .text.TM_GPIO_InitAlternate
                0x080021dc       0xa8 ..\obj\tm_stm32f4_gpio.o
                0x080021dc                TM_GPIO_InitAlternate
 .text.TM_GPIO_GetPinSource
                0x08002284       0x30 ..\obj\tm_stm32f4_gpio.o
                0x08002284                TM_GPIO_GetPinSource
 .text.TM_GPIO_GetPortSource
                0x080022b4       0x20 ..\obj\tm_stm32f4_gpio.o
                0x080022b4                TM_GPIO_GetPortSource
 .text.TM_GPIO_INT_EnableClock
                0x080022d4       0x30 ..\obj\tm_stm32f4_gpio.o
                0x080022d4                TM_GPIO_INT_EnableClock
 .text.TM_GPIO_INT_Init
                0x08002304      0x10c ..\obj\tm_stm32f4_gpio.o
                0x08002304                TM_GPIO_INT_Init
 *(.init)
 *(.fini)
 *crtbegin.o(.ctors)
 *crtbegin?.o(.ctors)
 *(EXCLUDE_FILE(*crtend.o *crtend?.o) .ctors)
 *(SORT(.ctors.*))
 *(.ctors)
 *crtbegin.o(.dtors)
 *crtbegin?.o(.dtors)
 *(EXCLUDE_FILE(*crtend.o *crtend?.o) .dtors)
 *(SORT(.dtors.*))
 *(.dtors)
 *(.rodata*)
 .rodata        0x08002410        0x3 ..\obj\main.o
 *(.eh_fram e*)

.glue_7         0x08002414        0x0
 .glue_7        0x08002414        0x0 linker stubs

.glue_7t        0x08002414        0x0
 .glue_7t       0x08002414        0x0 linker stubs

.vfp11_veneer   0x08002414        0x0
 .vfp11_veneer  0x08002414        0x0 linker stubs

.v4_bx          0x08002414        0x0
 .v4_bx         0x08002414        0x0 linker stubs

.iplt           0x08002414        0x0
 .iplt          0x08002414        0x0 ..\obj\stm32f4xx_syscfg.o

.rel.dyn        0x08002414        0x0
 .rel.iplt      0x08002414        0x0 ..\obj\stm32f4xx_syscfg.o

.ARM.extab
 *(.ARM.extab* .gnu.linkonce.armextab.*)
                0x08002414                __exidx_start = .

.ARM.exidx
 *(.ARM.exidx* .gnu.linkonce.armexidx.*)
                0x08002414                __exidx_end = .
                0x08002414                __etext = .
                0x08002413                _sidata = __etext

.data           0x20000000       0x74 load address 0x08002413
                0x20000000                __data_start__ = .
                0x20000000                _sdata = __data_start__
 *(vtable)
 *(.data*)
 .data          0x20000000        0x2 ..\obj\main.o
                0x20000000                volume
                0x20000001                rotate
 *fill*         0x20000002        0x2 
 .data          0x20000004       0x10 ..\obj\stm32f4xx_rcc.o
 .data          0x20000014       0x60 ..\obj\tm_stm32f4_usart.o
                0x20000014                TM_USART1
                0x20000024                TM_USART2
                0x20000034                TM_USART3
                0x20000044                TM_UART4
                0x20000054                TM_UART5
                0x20000064                TM_USART6
                0x20000074                . = ALIGN (0x4)
                [!provide]                PROVIDE (__preinit_array_start, .)
 *(.preinit_array)
                [!provide]                PROVIDE (__preinit_array_end, .)
                0x20000074                . = ALIGN (0x4)
                [!provide]                PROVIDE (__init_array_start, .)
 *(SORT(.init_array.*))
 *(.init_array)
                [!provide]                PROVIDE (__init_array_end, .)
                0x20000074                . = ALIGN (0x4)
                [!provide]                PROVIDE (__fini_array_start, .)
 *(SORT(.fini_array.*))
 *(.fini_array)
                [!provide]                PROVIDE (__fini_array_end, .)
 *(.jcr*)
                0x20000074                . = ALIGN (0x4)
                0x20000074                __data_end__ = .
                0x20000074                _edata = __data_end__

.igot.plt       0x20000074        0x0 load address 0x08002488
 .igot.plt      0x20000074        0x0 ..\obj\stm32f4xx_syscfg.o

.bss            0x20000074      0x240 load address 0x08002488
                0x20000074                . = ALIGN (0x4)
                0x20000074                __bss_start__ = .
                0x20000074                _sbss = __bss_start__
 *(.bss*)
 .bss           0x20000074        0x1 ..\obj\main.o
                0x20000074                asd
 *fill*         0x20000075        0x3 
 .bss           0x20000078       0x16 ..\obj\tm_stm32f4_gpio.o
 *(COMMON)
 *fill*         0x2000008e        0x2 
 COMMON         0x20000090      0x164 ..\obj\main.o
                0x20000090                buff
                0x200001bc                RE1_Data
                0x200001d8                RE2_Data
 COMMON         0x200001f4       0xc0 ..\obj\tm_stm32f4_usart.o
                0x200001f4                TM_UART5_Buffer
                0x20000214                TM_USART6_Buffer
                0x20000234                TM_USART3_Buffer
                0x20000254                TM_USART2_Buffer
                0x20000274                TM_USART1_Buffer
                0x20000294                TM_UART4_Buffer
                0x200002b4                . = ALIGN (0x4)
                0x200002b4                __bss_end__ = .
                0x200002b4                _ebss = __bss_end__

.heap           0x200002b4        0x0
                0x200002b4                __end__ = .
                0x200002b4                _end = __end__
                0x200002b4                end = __end__
 *(.heap*)
                0x200002b4                __HeapLimit = .

.co_stack       0x200002b4      0x804 load address 0x080026c8
                0x200002b8                . = ALIGN (0x8)
 *fill*         0x200002b4        0x4 
 *(.co_stack .co_stack.*)
 .co_stack      0x200002b8      0x800 ..\obj\startup_stm32f4xx.o
                0x200002b8                pulStack
                0x20020000                __StackTop = (ORIGIN (ram) + LENGTH (ram))
                0x2001f7fc                __StackLimit = (__StackTop - SIZEOF (.co_stack))
                [!provide]                PROVIDE (__stack, __StackTop)
                0x00000001                ASSERT ((__StackLimit >= __HeapLimit), region ram  overflowed with stack)
LOAD ..\obj\stm32f4xx_syscfg.o
LOAD ..\obj\i2c.o
LOAD ..\obj\tm_stm32f4_exti.o
LOAD ..\obj\stm32f4xx_usart.o
LOAD ..\obj\startup_stm32f4xx.o
LOAD ..\obj\main.o
LOAD ..\obj\stm32f4xx_rcc.o
LOAD ..\obj\tm_stm32f4_usart.o
LOAD ..\obj\tm_stm32f4_rotary_encoder.o
LOAD ..\obj\gpio.o
LOAD ..\obj\stm32f4xx_gpio.o
LOAD ..\obj\system_stm32f4xx.o
LOAD ..\obj\preamp.o
LOAD ..\obj\stm32f4xx_i2c.o
LOAD ..\obj\stm32f4xx_exti.o
LOAD ..\obj\misc.o
LOAD ..\obj\tm_stm32f4_gpio.o
START GROUP
LOAD c:/program files (x86)/gnu tools arm embedded/5.4 2016q3/bin/../lib/gcc/arm-none-eabi/5.4.1/armv7e-m\libgcc.a
LOAD c:/program files (x86)/gnu tools arm embedded/5.4 2016q3/bin/../lib/gcc/arm-none-eabi/5.4.1/../../../../arm-none-eabi/lib/armv7e-m\libg.a
LOAD c:/program files (x86)/gnu tools arm embedded/5.4 2016q3/bin/../lib/gcc/arm-none-eabi/5.4.1/../../../../arm-none-eabi/lib/armv7e-m\libc.a
END GROUP
OUTPUT(AmpNew.elf elf32-littlearm)

.debug_info     0x00000000     0x671a
 .debug_info    0x00000000      0x312 ..\obj\i2c.o
 .debug_info    0x00000312      0x8d2 ..\obj\tm_stm32f4_exti.o
 .debug_info    0x00000be4      0x9ca ..\obj\stm32f4xx_usart.o
 .debug_info    0x000015ae       0xf2 ..\obj\startup_stm32f4xx.o
 .debug_info    0x000016a0      0x575 ..\obj\main.o
 .debug_info    0x00001c15      0xc63 ..\obj\stm32f4xx_rcc.o
 .debug_info    0x00002878      0xf35 ..\obj\tm_stm32f4_usart.o
 .debug_info    0x000037ad      0x40c ..\obj\tm_stm32f4_rotary_encoder.o
 .debug_info    0x00003bb9      0x30e ..\obj\gpio.o
 .debug_info    0x00003ec7      0x61a ..\obj\stm32f4xx_gpio.o
 .debug_info    0x000044e1      0x5c5 ..\obj\system_stm32f4xx.o
 .debug_info    0x00004aa6      0x3e1 ..\obj\preamp.o
 .debug_info    0x00004e87      0xb00 ..\obj\stm32f4xx_i2c.o
 .debug_info    0x00005987      0x556 ..\obj\misc.o
 .debug_info    0x00005edd      0x83d ..\obj\tm_stm32f4_gpio.o

.debug_abbrev   0x00000000     0x147d
 .debug_abbrev  0x00000000      0x112 ..\obj\i2c.o
 .debug_abbrev  0x00000112      0x1b3 ..\obj\tm_stm32f4_exti.o
 .debug_abbrev  0x000002c5      0x157 ..\obj\stm32f4xx_usart.o
 .debug_abbrev  0x0000041c       0xb0 ..\obj\startup_stm32f4xx.o
 .debug_abbrev  0x000004cc      0x14b ..\obj\main.o
 .debug_abbrev  0x00000617      0x1e5 ..\obj\stm32f4xx_rcc.o
 .debug_abbrev  0x000007fc      0x25b ..\obj\tm_stm32f4_usart.o
 .debug_abbrev  0x00000a57      0x142 ..\obj\tm_stm32f4_rotary_encoder.o
 .debug_abbrev  0x00000b99      0x101 ..\obj\gpio.o
 .debug_abbrev  0x00000c9a      0x1a7 ..\obj\stm32f4xx_gpio.o
 .debug_abbrev  0x00000e41      0x138 ..\obj\system_stm32f4xx.o
 .debug_abbrev  0x00000f79      0x106 ..\obj\preamp.o
 .debug_abbrev  0x0000107f      0x166 ..\obj\stm32f4xx_i2c.o
 .debug_abbrev  0x000011e5      0x147 ..\obj\misc.o
 .debug_abbrev  0x0000132c      0x151 ..\obj\tm_stm32f4_gpio.o

.debug_aranges  0x00000000      0x7b0
 .debug_aranges
                0x00000000       0x38 ..\obj\i2c.o
 .debug_aranges
                0x00000038       0x68 ..\obj\tm_stm32f4_exti.o
 .debug_aranges
                0x000000a0      0x100 ..\obj\stm32f4xx_usart.o
 .debug_aranges
                0x000001a0       0x28 ..\obj\startup_stm32f4xx.o
 .debug_aranges
                0x000001c8       0x28 ..\obj\main.o
 .debug_aranges
                0x000001f0      0x178 ..\obj\stm32f4xx_rcc.o
 .debug_aranges
                0x00000368       0xf8 ..\obj\tm_stm32f4_usart.o
 .debug_aranges
                0x00000460       0x38 ..\obj\tm_stm32f4_rotary_encoder.o
 .debug_aranges
                0x00000498       0x20 ..\obj\gpio.o
 .debug_aranges
                0x000004b8       0x88 ..\obj\stm32f4xx_gpio.o
 .debug_aranges
                0x00000540       0x30 ..\obj\system_stm32f4xx.o
 .debug_aranges
                0x00000570       0x48 ..\obj\preamp.o
 .debug_aranges
                0x000005b8      0x120 ..\obj\stm32f4xx_i2c.o
 .debug_aranges
                0x000006d8       0x40 ..\obj\misc.o
 .debug_aranges
                0x00000718       0x98 ..\obj\tm_stm32f4_gpio.o

.debug_ranges   0x00000000      0x6c0
 .debug_ranges  0x00000000       0x28 ..\obj\i2c.o
 .debug_ranges  0x00000028       0x58 ..\obj\tm_stm32f4_exti.o
 .debug_ranges  0x00000080       0xf0 ..\obj\stm32f4xx_usart.o
 .debug_ranges  0x00000170       0x18 ..\obj\startup_stm32f4xx.o
 .debug_ranges  0x00000188       0x18 ..\obj\main.o
 .debug_ranges  0x000001a0      0x168 ..\obj\stm32f4xx_rcc.o
 .debug_ranges  0x00000308       0xe8 ..\obj\tm_stm32f4_usart.o
 .debug_ranges  0x000003f0       0x28 ..\obj\tm_stm32f4_rotary_encoder.o
 .debug_ranges  0x00000418       0x10 ..\obj\gpio.o
 .debug_ranges  0x00000428       0x78 ..\obj\stm32f4xx_gpio.o
 .debug_ranges  0x000004a0       0x20 ..\obj\system_stm32f4xx.o
 .debug_ranges  0x000004c0       0x38 ..\obj\preamp.o
 .debug_ranges  0x000004f8      0x110 ..\obj\stm32f4xx_i2c.o
 .debug_ranges  0x00000608       0x30 ..\obj\misc.o
 .debug_ranges  0x00000638       0x88 ..\obj\tm_stm32f4_gpio.o

.debug_line     0x00000000     0x2e57
 .debug_line    0x00000000      0x23f ..\obj\i2c.o
 .debug_line    0x0000023f      0x32c ..\obj\tm_stm32f4_exti.o
 .debug_line    0x0000056b      0x4bd ..\obj\stm32f4xx_usart.o
 .debug_line    0x00000a28       0x9a ..\obj\startup_stm32f4xx.o
 .debug_line    0x00000ac2      0x248 ..\obj\main.o
 .debug_line    0x00000d0a      0x5a9 ..\obj\stm32f4xx_rcc.o
 .debug_line    0x000012b3      0x521 ..\obj\tm_stm32f4_usart.o
 .debug_line    0x000017d4      0x24c ..\obj\tm_stm32f4_rotary_encoder.o
 .debug_line    0x00001a20      0x1f5 ..\obj\gpio.o
 .debug_line    0x00001c15      0x364 ..\obj\stm32f4xx_gpio.o
 .debug_line    0x00001f79      0x1f4 ..\obj\system_stm32f4xx.o
 .debug_line    0x0000216d      0x247 ..\obj\preamp.o
 .debug_line    0x000023b4      0x4ef ..\obj\stm32f4xx_i2c.o
 .debug_line    0x000028a3      0x242 ..\obj\misc.o
 .debug_line    0x00002ae5      0x372 ..\obj\tm_stm32f4_gpio.o

.debug_str      0x00000000     0x2797
 .debug_str     0x00000000      0x26e ..\obj\i2c.o
                                0x2c9 (size before relaxing)
 .debug_str     0x0000026e      0x963 ..\obj\tm_stm32f4_exti.o
                                0xb29 (size before relaxing)
 .debug_str     0x00000bd1      0x491 ..\obj\stm32f4xx_usart.o
                                0x688 (size before relaxing)
 .debug_str     0x00001062       0xa9 ..\obj\startup_stm32f4xx.o
                                0x140 (size before relaxing)
 .debug_str     0x0000110b      0x1d5 ..\obj\main.o
                                0x403 (size before relaxing)
 .debug_str     0x000012e0      0x52b ..\obj\stm32f4xx_rcc.o
                                0x849 (size before relaxing)
 .debug_str     0x0000180b      0x43d ..\obj\tm_stm32f4_usart.o
                                0xe57 (size before relaxing)
 .debug_str     0x00001c48       0xad ..\obj\tm_stm32f4_rotary_encoder.o
                                0x456 (size before relaxing)
 .debug_str     0x00001cf5      0x13a ..\obj\gpio.o
                                0x37d (size before relaxing)
 .debug_str     0x00001e2f      0x15e ..\obj\stm32f4xx_gpio.o
                                0x49c (size before relaxing)
 .debug_str     0x00001f8d      0x111 ..\obj\system_stm32f4xx.o
                                0x3a3 (size before relaxing)
 .debug_str     0x0000209e       0xbc ..\obj\preamp.o
                                0x312 (size before relaxing)
 .debug_str     0x0000215a      0x339 ..\obj\stm32f4xx_i2c.o
                                0x65e (size before relaxing)
 .debug_str     0x00002493      0x14a ..\obj\misc.o
                                0x3c7 (size before relaxing)
 .debug_str     0x000025dd      0x1ba ..\obj\tm_stm32f4_gpio.o
                                0x59a (size before relaxing)

.comment        0x00000000       0x6e
 .comment       0x00000000       0x6e ..\obj\i2c.o
                                 0x6f (size before relaxing)
 .comment       0x0000006e       0x6f ..\obj\tm_stm32f4_exti.o
 .comment       0x0000006e       0x6f ..\obj\stm32f4xx_usart.o
 .comment       0x0000006e       0x6f ..\obj\startup_stm32f4xx.o
 .comment       0x0000006e       0x6f ..\obj\main.o
 .comment       0x0000006e       0x6f ..\obj\stm32f4xx_rcc.o
 .comment       0x0000006e       0x6f ..\obj\tm_stm32f4_usart.o
 .comment       0x0000006e       0x6f ..\obj\tm_stm32f4_rotary_encoder.o
 .comment       0x0000006e       0x6f ..\obj\gpio.o
 .comment       0x0000006e       0x6f ..\obj\stm32f4xx_gpio.o
 .comment       0x0000006e       0x6f ..\obj\system_stm32f4xx.o
 .comment       0x0000006e       0x6f ..\obj\preamp.o
 .comment       0x0000006e       0x6f ..\obj\stm32f4xx_i2c.o
 .comment       0x0000006e       0x6f ..\obj\misc.o
 .comment       0x0000006e       0x6f ..\obj\tm_stm32f4_gpio.o

.ARM.attributes
                0x00000000       0x33
 .ARM.attributes
                0x00000000       0x33 ..\obj\i2c.o
 .ARM.attributes
                0x00000033       0x33 ..\obj\tm_stm32f4_exti.o
 .ARM.attributes
                0x00000066       0x33 ..\obj\stm32f4xx_usart.o
 .ARM.attributes
                0x00000099       0x33 ..\obj\startup_stm32f4xx.o
 .ARM.attributes
                0x000000cc       0x33 ..\obj\main.o
 .ARM.attributes
                0x000000ff       0x33 ..\obj\stm32f4xx_rcc.o
 .ARM.attributes
                0x00000132       0x33 ..\obj\tm_stm32f4_usart.o
 .ARM.attributes
                0x00000165       0x33 ..\obj\tm_stm32f4_rotary_encoder.o
 .ARM.attributes
                0x00000198       0x33 ..\obj\gpio.o
 .ARM.attributes
                0x000001cb       0x33 ..\obj\stm32f4xx_gpio.o
 .ARM.attributes
                0x000001fe       0x33 ..\obj\system_stm32f4xx.o
 .ARM.attributes
                0x00000231       0x33 ..\obj\preamp.o
 .ARM.attributes
                0x00000264       0x33 ..\obj\stm32f4xx_i2c.o
 .ARM.attributes
                0x00000297       0x33 ..\obj\misc.o
 .ARM.attributes
                0x000002ca       0x33 ..\obj\tm_stm32f4_gpio.o

.debug_frame    0x00000000     0x1ec8
 .debug_frame   0x00000000       0xa0 ..\obj\i2c.o
 .debug_frame   0x000000a0      0x144 ..\obj\tm_stm32f4_exti.o
 .debug_frame   0x000001e4      0x490 ..\obj\stm32f4xx_usart.o
 .debug_frame   0x00000674       0x4c ..\obj\startup_stm32f4xx.o
 .debug_frame   0x000006c0       0x54 ..\obj\main.o
 .debug_frame   0x00000714      0x6d4 ..\obj\stm32f4xx_rcc.o
 .debug_frame   0x00000de8      0x3ec ..\obj\tm_stm32f4_usart.o
 .debug_frame   0x000011d4       0xac ..\obj\tm_stm32f4_rotary_encoder.o
 .debug_frame   0x00001280       0x34 ..\obj\gpio.o
 .debug_frame   0x000012b4      0x23c ..\obj\stm32f4xx_gpio.o
 .debug_frame   0x000014f0       0x7c ..\obj\system_stm32f4xx.o
 .debug_frame   0x0000156c       0xe0 ..\obj\preamp.o
 .debug_frame   0x0000164c      0x530 ..\obj\stm32f4xx_i2c.o
 .debug_frame   0x00001b7c       0xd8 ..\obj\misc.o
 .debug_frame   0x00001c54      0x274 ..\obj\tm_stm32f4_gpio.o
