Archive member included to satisfy reference by file (symbol)

c:/program files (x86)/gnu tools arm embedded/5.4 2016q3/bin/../lib/gcc/arm-none-eabi/5.4.1/armv7e-m\libgcc.a(_arm_addsubdf3.o)
                              ..\obj\tm_stm32f4_fatfs.o (__aeabi_ui2d)
c:/program files (x86)/gnu tools arm embedded/5.4 2016q3/bin/../lib/gcc/arm-none-eabi/5.4.1/armv7e-m\libgcc.a(_arm_muldivdf3.o)
                              ..\obj\tm_stm32f4_fatfs.o (__aeabi_dmul)
c:/program files (x86)/gnu tools arm embedded/5.4 2016q3/bin/../lib/gcc/arm-none-eabi/5.4.1/armv7e-m\libgcc.a(_arm_cmpdf2.o)
                              ..\obj\tm_stm32f4_timer_properties.o (__aeabi_dcmpeq)
c:/program files (x86)/gnu tools arm embedded/5.4 2016q3/bin/../lib/gcc/arm-none-eabi/5.4.1/armv7e-m\libgcc.a(_arm_fixunsdfsi.o)
                              ..\obj\tm_stm32f4_fatfs.o (__aeabi_d2uiz)
c:/program files (x86)/gnu tools arm embedded/5.4 2016q3/bin/../lib/gcc/arm-none-eabi/5.4.1/../../../../arm-none-eabi/lib/armv7e-m\libg.a(lib_a-malloc.o)
                              ..\obj\tm_stm32f4_fatfs.o (malloc)
c:/program files (x86)/gnu tools arm embedded/5.4 2016q3/bin/../lib/gcc/arm-none-eabi/5.4.1/../../../../arm-none-eabi/lib/armv7e-m\libg.a(lib_a-mallocr.o)
                              c:/program files (x86)/gnu tools arm embedded/5.4 2016q3/bin/../lib/gcc/arm-none-eabi/5.4.1/../../../../arm-none-eabi/lib/armv7e-m\libg.a(lib_a-malloc.o) (_malloc_r)
c:/program files (x86)/gnu tools arm embedded/5.4 2016q3/bin/../lib/gcc/arm-none-eabi/5.4.1/../../../../arm-none-eabi/lib/armv7e-m\libg.a(lib_a-memcpy.o)
                              ..\obj\mp3dec.o (memcpy)
c:/program files (x86)/gnu tools arm embedded/5.4 2016q3/bin/../lib/gcc/arm-none-eabi/5.4.1/../../../../arm-none-eabi/lib/armv7e-m\libg.a(lib_a-memmove.o)
                              ..\obj\mp3dec.o (memmove)
c:/program files (x86)/gnu tools arm embedded/5.4 2016q3/bin/../lib/gcc/arm-none-eabi/5.4.1/../../../../arm-none-eabi/lib/armv7e-m\libg.a(lib_a-mlock.o)
                              c:/program files (x86)/gnu tools arm embedded/5.4 2016q3/bin/../lib/gcc/arm-none-eabi/5.4.1/../../../../arm-none-eabi/lib/armv7e-m\libg.a(lib_a-mallocr.o) (__malloc_lock)
c:/program files (x86)/gnu tools arm embedded/5.4 2016q3/bin/../lib/gcc/arm-none-eabi/5.4.1/../../../../arm-none-eabi/lib/armv7e-m\libg.a(lib_a-realloc.o)
                              ..\obj\file.o (realloc)
c:/program files (x86)/gnu tools arm embedded/5.4 2016q3/bin/../lib/gcc/arm-none-eabi/5.4.1/../../../../arm-none-eabi/lib/armv7e-m\libg.a(lib_a-reallocr.o)
                              c:/program files (x86)/gnu tools arm embedded/5.4 2016q3/bin/../lib/gcc/arm-none-eabi/5.4.1/../../../../arm-none-eabi/lib/armv7e-m\libg.a(lib_a-realloc.o) (_realloc_r)
c:/program files (x86)/gnu tools arm embedded/5.4 2016q3/bin/../lib/gcc/arm-none-eabi/5.4.1/../../../../arm-none-eabi/lib/armv7e-m\libg.a(lib_a-sbrkr.o)
                              c:/program files (x86)/gnu tools arm embedded/5.4 2016q3/bin/../lib/gcc/arm-none-eabi/5.4.1/../../../../arm-none-eabi/lib/armv7e-m\libg.a(lib_a-mallocr.o) (_sbrk_r)
c:/program files (x86)/gnu tools arm embedded/5.4 2016q3/bin/../lib/gcc/arm-none-eabi/5.4.1/../../../../arm-none-eabi/lib/armv7e-m\libg.a(lib_a-sprintf.o)
                              ..\obj\tm_stm32f4_fatfs.o (sprintf)
c:/program files (x86)/gnu tools arm embedded/5.4 2016q3/bin/../lib/gcc/arm-none-eabi/5.4.1/../../../../arm-none-eabi/lib/armv7e-m\libg.a(lib_a-strcpy.o)
                              ..\obj\tm_stm32f4_fatfs.o (strcpy)
c:/program files (x86)/gnu tools arm embedded/5.4 2016q3/bin/../lib/gcc/arm-none-eabi/5.4.1/../../../../arm-none-eabi/lib/armv7e-m\libg.a(lib_a-strlen.o)
                              ..\obj\tm_stm32f4_fatfs.o (strlen)
c:/program files (x86)/gnu tools arm embedded/5.4 2016q3/bin/../lib/gcc/arm-none-eabi/5.4.1/../../../../arm-none-eabi/lib/armv7e-m\libg.a(lib_a-svfprintf.o)
                              c:/program files (x86)/gnu tools arm embedded/5.4 2016q3/bin/../lib/gcc/arm-none-eabi/5.4.1/../../../../arm-none-eabi/lib/armv7e-m\libg.a(lib_a-sprintf.o) (_svfprintf_r)
c:/program files (x86)/gnu tools arm embedded/5.4 2016q3/bin/../lib/gcc/arm-none-eabi/5.4.1/../../../../arm-none-eabi/lib/armv7e-m\libg.a(lib_a-dtoa.o)
                              c:/program files (x86)/gnu tools arm embedded/5.4 2016q3/bin/../lib/gcc/arm-none-eabi/5.4.1/../../../../arm-none-eabi/lib/armv7e-m\libg.a(lib_a-svfprintf.o) (_dtoa_r)
c:/program files (x86)/gnu tools arm embedded/5.4 2016q3/bin/../lib/gcc/arm-none-eabi/5.4.1/../../../../arm-none-eabi/lib/armv7e-m\libg.a(lib_a-freer.o)
                              c:/program files (x86)/gnu tools arm embedded/5.4 2016q3/bin/../lib/gcc/arm-none-eabi/5.4.1/../../../../arm-none-eabi/lib/armv7e-m\libg.a(lib_a-malloc.o) (_free_r)
c:/program files (x86)/gnu tools arm embedded/5.4 2016q3/bin/../lib/gcc/arm-none-eabi/5.4.1/../../../../arm-none-eabi/lib/armv7e-m\libg.a(lib_a-impure.o)
[...]
Memory Configuration

Name             Origin             Length             Attributes
rom              0x08000000         0x00100000         xr
ram              0x20000000         0x00020000         xrw
ram1             0x10000000         0x00010000         xrw
*default*        0x00000000         0xffffffff

Linker script and memory map

                0x20020000                _eram = 0x20020000

.text           0x08000000    0x1b291
 *(.isr_vector)
 .isr_vector    0x08000000      0x188 ..\obj\startup_stm32f4xx.o
                0x08000000                g_pfnVectors
 *(.text*)
 .text          0x08000188        0x0 ..\obj\tm_stm32f4_fatfs.o
 .text.TM_FATFS_GetDriveSize
                0x08000188       0x54 ..\obj\tm_stm32f4_fatfs.o
                0x08000188                TM_FATFS_GetDriveSize
 .text.TM_FATFS_DriveSize
                0x080001dc       0x3c ..\obj\tm_stm32f4_fatfs.o
                0x080001dc                TM_FATFS_DriveSize
 .text.TM_FATFS_USBDriveSize
                0x08000218       0x3c ..\obj\tm_stm32f4_fatfs.o
                0x08000218                TM_FATFS_USBDriveSize
 .text.TM_FATFS_TruncateBeginning
                0x08000254       0xb4 ..\obj\tm_stm32f4_fatfs.o
                0x08000254                TM_FATFS_TruncateBeginning
 .text.TM_FATFS_CheckCardDetectPin
                0x08000308        0x4 ..\obj\tm_stm32f4_fatfs.o
                0x08000308                TM_FATFS_CheckCardDetectPin
 .text.TM_FATFS_SearchCallback
                0x0800030c        0x4 ..\obj\tm_stm32f4_fatfs.o
                0x0800030c                TM_FATFS_SearchCallback
 .text.scan_files
                0x08000310       0xc8 ..\obj\tm_stm32f4_fatfs.o
 .text.TM_FATFS_Search
                0x080003d8       0x48 ..\obj\tm_stm32f4_fatfs.o
                0x080003d8                TM_FATFS_Search
 .text          0x08000420        0x0 ..\obj\unicode.o
 .text          0x08000420        0x0 ..\obj\stm32f4xx_syscfg.o
 .text.SYSCFG_DeInit
                0x08000420       0x18 ..\obj\stm32f4xx_syscfg.o
                0x08000420                SYSCFG_DeInit
 .text.SYSCFG_MemoryRemapConfig
                0x08000438        0xc ..\obj\stm32f4xx_syscfg.o
                0x08000438                SYSCFG_MemoryRemapConfig
 .text.SYSCFG_EXTILineConfig
                0x08000444       0x2c ..\obj\stm32f4xx_syscfg.o
                0x08000444                SYSCFG_EXTILineConfig
 .text.SYSCFG_ETH_MediaInterfaceConfig
                0x08000470        0xc ..\obj\stm32f4xx_syscfg.o
                0x08000470                SYSCFG_ETH_MediaInterfaceConfig
 .text.SYSCFG_CompensationCellCmd
                0x0800047c        0xc ..\obj\stm32f4xx_syscfg.o
                0x0800047c                SYSCFG_CompensationCellCmd
 .text.SYSCFG_GetCompensationCellStatus
                0x08000488       0x10 ..\obj\stm32f4xx_syscfg.o
                0x08000488                SYSCFG_GetCompensationCellStatus
 .text          0x08000498        0x0 ..\obj\usb_core.o
 .text.USB_OTG_CoreReset
                0x08000498       0x68 ..\obj\usb_core.o
 .text.USB_OTG_WritePacket
                0x08000500       0x28 ..\obj\usb_core.o
                0x08000500                USB_OTG_WritePacket
 .text.USB_OTG_ReadPacket
                0x08000528       0x28 ..\obj\usb_core.o
                0x08000528                USB_OTG_ReadPacket
 .text.USB_OTG_SelectCore
                0x08000550       0xd4 ..\obj\usb_core.o
                0x08000550                USB_OTG_SelectCore
 .text.USB_OTG_CoreInit
                0x08000624       0x90 ..\obj\usb_core.o
                0x08000624                USB_OTG_CoreInit
 .text.USB_OTG_EnableGlobalInt
                0x080006b4       0x10 ..\obj\usb_core.o
                0x080006b4                USB_OTG_EnableGlobalInt
 .text.USB_OTG_DisableGlobalInt
                0x080006c4       0x10 ..\obj\usb_core.o
                0x080006c4                USB_OTG_DisableGlobalInt
 .text.USB_OTG_FlushTxFifo
                0x080006d4       0x4c ..\obj\usb_core.o
                0x080006d4                USB_OTG_FlushTxFifo
 .text.USB_OTG_FlushRxFifo
                0x08000720       0x44 ..\obj\usb_core.o
                0x08000720                USB_OTG_FlushRxFifo
 .text.USB_OTG_SetCurrentMode
                0x08000764       0x2c ..\obj\usb_core.o
                0x08000764                USB_OTG_SetCurrentMode
 .text.USB_OTG_GetMode
                0x08000790        0xc ..\obj\usb_core.o
                0x08000790                USB_OTG_GetMode
 .text.USB_OTG_IsDeviceMode
                0x0800079c       0x10 ..\obj\usb_core.o
                0x0800079c                USB_OTG_IsDeviceMode
 .text.USB_OTG_IsHostMode
                0x080007ac        0xc ..\obj\usb_core.o
                0x080007ac                USB_OTG_IsHostMode
 .text.USB_OTG_ReadCoreItr
                0x080007b8        0xc ..\obj\usb_core.o
                0x080007b8                USB_OTG_ReadCoreItr
 .text.USB_OTG_ReadOtgItr
                0x080007c4        0x8 ..\obj\usb_core.o
                0x080007c4                USB_OTG_ReadOtgItr
 .text.USB_OTG_IsEvenFrame
                0x080007cc       0x10 ..\obj\usb_core.o
                0x080007cc                USB_OTG_IsEvenFrame
 .text.USB_OTG_EnableHostInt
                0x080007dc       0x44 ..\obj\usb_core.o
                0x080007dc                USB_OTG_EnableHostInt
 .text.USB_OTG_InitFSLSPClkSel
                0x08000820        0xc ..\obj\usb_core.o
                0x08000820                USB_OTG_InitFSLSPClkSel
 .text.USB_OTG_ReadHPRT0
                0x0800082c        0xc ..\obj\usb_core.o
                0x0800082c                USB_OTG_ReadHPRT0
 .text.USB_OTG_DriveVbus
                0x08000838       0x40 ..\obj\usb_core.o
                0x08000838                USB_OTG_DriveVbus
 .text.USB_OTG_ReadHostAllChannels_intr
                0x08000878        0x8 ..\obj\usb_core.o
                0x08000878                USB_OTG_ReadHostAllChannels_intr
 .text.USB_OTG_ResetPort
                0x08000880       0x2c ..\obj\usb_core.o
                0x08000880                USB_OTG_ResetPort
 .text.USB_OTG_CoreInitHost
                0x080008ac       0xa0 ..\obj\usb_core.o
                0x080008ac                USB_OTG_CoreInitHost
 .text.USB_OTG_HC_Init
                0x0800094c       0xf8 ..\obj\usb_core.o
                0x0800094c                USB_OTG_HC_Init
 .text.USB_OTG_HC_StartXfer
                0x08000a44      0x140 ..\obj\usb_core.o
                0x08000a44                USB_OTG_HC_StartXfer
 .text.USB_OTG_HC_Halt
                0x08000b84       0x3c ..\obj\usb_core.o
                0x08000b84                USB_OTG_HC_Halt
 .text.USB_OTG_HC_DoPing
                0x08000bc0       0x30 ..\obj\usb_core.o
                0x08000bc0                USB_OTG_HC_DoPing
 .text.USB_OTG_StopHost
                0x08000bf0       0x48 ..\obj\usb_core.o
                0x08000bf0                USB_OTG_StopHost
 .text          0x08000c38        0x0 ..\obj\dqchan.o
 .text.DequantBlock
                0x08000c38      0x168 ..\obj\dqchan.o
 .text.xmp3fixpt_DequantChannel
                0x08000da0      0x284 ..\obj\dqchan.o
                0x08000da0                xmp3fixpt_DequantChannel
 .text          0x08001024        0x0 ..\obj\scalfact.o
 .text.xmp3fixpt_UnpackScaleFactors
                0x08001024      0x708 ..\obj\scalfact.o
                0x08001024                xmp3fixpt_UnpackScaleFactors
 .text          0x0800172c        0x0 ..\obj\pcm.o
 .text          0x0800172c        0x0 ..\obj\i2c.o
 .text.I2C_Init_Amp
                0x0800172c       0x50 ..\obj\i2c.o
                0x0800172c                I2C_Init_Amp
 .text.I2C_start
                0x0800177c       0x6c ..\obj\i2c.o
                0x0800177c                I2C_start
 .text.I2C_write
                0x080017e8       0x1c ..\obj\i2c.o
                0x080017e8                I2C_write
 .text.I2C_stop
                0x08001804        0xc ..\obj\i2c.o
                0x08001804                I2C_stop
 .text          0x08001810        0x0 ..\obj\mp3.o
 .text.Mp3OpenFile
                0x08001810       0x2c ..\obj\mp3.o
                0x08001810                Mp3OpenFile
 .text.MP3_Debug
                0x0800183c        0x4 ..\obj\mp3.o
                0x0800183c                MP3_Debug
 .text.Mp3SendBuffer
                0x08001840       0x64 ..\obj\mp3.o
                0x08001840                Mp3SendBuffer
 .text.Mp3MountDevices
                0x080018a4       0x4c ..\obj\mp3.o
                0x080018a4                Mp3MountDevices
 .text.Mp3ChangeTrack
                0x080018f0       0x18 ..\obj\mp3.o
                0x080018f0                Mp3ChangeTrack
 .text.Mp3PauseTrack
                0x08001908        0xc ..\obj\mp3.o
                0x08001908                Mp3PauseTrack
 .text.Mp3StartResumeTrack
                0x08001914       0x20 ..\obj\mp3.o
                0x08001914                Mp3StartResumeTrack
 .text.Mp3GetActTrackInd
                0x08001934        0xc ..\obj\mp3.o
                0x08001934                Mp3GetActTrackInd
 .text.Mp3NextTrack
                0x08001940       0x28 ..\obj\mp3.o
                0x08001940                Mp3NextTrack
 .text.Mp3Play  0x08001968      0x1f8 ..\obj\mp3.o
                0x08001968                Mp3Play
 .text.Mp3PrevTrack
                0x08001b60        0x4 ..\obj\mp3.o
                0x08001b60                Mp3PrevTrack
 .text          0x08001b64        0x0 ..\obj\bitstream.o
 .text.xmp3fixpt_SetBitstreamPointer
                0x08001b64        0xc ..\obj\bitstream.o
                0x08001b64                xmp3fixpt_SetBitstreamPointer
 .text.xmp3fixpt_GetBits
                0x08001b70       0xb4 ..\obj\bitstream.o
                0x08001b70                xmp3fixpt_GetBits
 .text.xmp3fixpt_CalcBitsUsed
                0x08001c24       0x10 ..\obj\bitstream.o
                0x08001c24                xmp3fixpt_CalcBitsUsed
 .text.xmp3fixpt_CheckPadBit
                0x08001c34       0x1c ..\obj\bitstream.o
                0x08001c34                xmp3fixpt_CheckPadBit
 .text.xmp3fixpt_UnpackFrameHeader
                0x08001c50      0x1f8 ..\obj\bitstream.o
                0x08001c50                xmp3fixpt_UnpackFrameHeader
 .text.xmp3fixpt_UnpackSideInfo
                0x08001e48      0x250 ..\obj\bitstream.o
                0x08001e48                xmp3fixpt_UnpackSideInfo
 .text          0x08002098        0x0 ..\obj\dequant.o
 .text.xmp3fixpt_Dequantize
                0x08002098      0x278 ..\obj\dequant.o
                0x08002098                xmp3fixpt_Dequantize
 .text          0x08002310        0x0 ..\obj\tm_stm32f4_exti.o
 .text.TM_EXTI_Attach
                0x08002310      0x1d0 ..\obj\tm_stm32f4_exti.o
                0x08002310                TM_EXTI_Attach
 .text.TM_EXTI_Detach
                0x080024e0       0x24 ..\obj\tm_stm32f4_exti.o
                0x080024e0                TM_EXTI_Detach
 .text.TM_EXTI_DeInit
                0x08002504       0x30 ..\obj\tm_stm32f4_exti.o
                0x08002504                TM_EXTI_DeInit
 .text.EXTI0_IRQHandler
                0x08002534       0x1c ..\obj\tm_stm32f4_exti.o
                0x08002534                EXTI0_IRQHandler
 .text.EXTI1_IRQHandler
                0x08002550       0x1c ..\obj\tm_stm32f4_exti.o
                0x08002550                EXTI1_IRQHandler
 .text.EXTI2_IRQHandler
                0x0800256c       0x1c ..\obj\tm_stm32f4_exti.o
                0x0800256c                EXTI2_IRQHandler
 .text.EXTI3_IRQHandler
                0x08002588       0x1c ..\obj\tm_stm32f4_exti.o
                0x08002588                EXTI3_IRQHandler
 .text.EXTI4_IRQHandler
                0x080025a4       0x1c ..\obj\tm_stm32f4_exti.o
                0x080025a4                EXTI4_IRQHandler
 .text.EXTI9_5_IRQHandler
                0x080025c0       0x70 ..\obj\tm_stm32f4_exti.o
                0x080025c0                EXTI9_5_IRQHandler
 .text.EXTI15_10_IRQHandler
                0x08002630       0x8c ..\obj\tm_stm32f4_exti.o
                0x08002630                EXTI15_10_IRQHandler
 .text          0x080026bc        0x0 ..\obj\hufftabs.o
 .text          0x080026bc        0x0 ..\obj\imdct.o
 .text.WinPrevious
                0x080026bc      0x128 ..\obj\imdct.o
 .text.FreqInvertRescale
                0x080027e4      0x198 ..\obj\imdct.o
 .text.xmp3fixpt_IMDCT
                0x0800297c      0xd58 ..\obj\imdct.o
                0x0800297c                xmp3fixpt_IMDCT
 .text          0x080036d4        0x0 ..\obj\timer.o
 .text.Tim2Init
                0x080036d4       0x50 ..\obj\timer.o
                0x080036d4                Tim2Init
 .text.Tim2Start
                0x08003724       0x1c ..\obj\timer.o
                0x08003724                Tim2Start
 .text.Tim4Start
                0x08003740       0x1c ..\obj\timer.o
                0x08003740                Tim4Start
 .text.Tim2Stop
                0x0800375c       0x1c ..\obj\timer.o
                0x0800375c                Tim2Stop
 .text.Tim4Stop
                0x08003778       0x1c ..\obj\timer.o
                0x08003778                Tim4Stop
 .text.TIMER3_Configuration
                0x08003794       0x68 ..\obj\timer.o
                0x08003794                TIMER3_Configuration
 .text.Tim4Init
                0x080037fc       0x54 ..\obj\timer.o
                0x080037fc                Tim4Init
 .text          0x08003850        0x0 ..\obj\usbh_hcs.o
 .text.USBH_Open_Channel
                0x08003850       0x50 ..\obj\usbh_hcs.o
                0x08003850                USBH_Open_Channel
 .text.USBH_Modify_Channel
                0x080038a0       0x48 ..\obj\usbh_hcs.o
                0x080038a0                USBH_Modify_Channel
 .text.USBH_Alloc_Channel
                0x080038e8       0x44 ..\obj\usbh_hcs.o
                0x080038e8                USBH_Alloc_Channel
 .text.USBH_Free_Channel
                0x0800392c       0x18 ..\obj\usbh_hcs.o
                0x0800392c                USBH_Free_Channel
 .text.USBH_DeAllocate_AllChannel
                0x08003944       0x20 ..\obj\usbh_hcs.o
                0x08003944                USBH_DeAllocate_AllChannel
 .text          0x08003964        0x0 ..\obj\stm32f4xx_usart.o
 .text.USART_DeInit
                0x08003964       0xbc ..\obj\stm32f4xx_usart.o
                0x08003964                USART_DeInit
 .text.USART_Init
                0x08003a20       0xc0 ..\obj\stm32f4xx_usart.o
                0x08003a20                USART_Init
 .text.USART_StructInit
                0x08003ae0       0x18 ..\obj\stm32f4xx_usart.o
                0x08003ae0                USART_StructInit
 .text.USART_ClockInit
                0x08003af8       0x24 ..\obj\stm32f4xx_usart.o
                0x08003af8                USART_ClockInit
 .text.USART_ClockStructInit
                0x08003b1c        0xc ..\obj\stm32f4xx_usart.o
                0x08003b1c                USART_ClockStructInit
 .text.USART_Cmd
                0x08003b28       0x1c ..\obj\stm32f4xx_usart.o
                0x08003b28                USART_Cmd
 .text.USART_SetPrescaler
                0x08003b44       0x14 ..\obj\stm32f4xx_usart.o
                0x08003b44                USART_SetPrescaler
 .text.USART_OverSampling8Cmd
                0x08003b58       0x1c ..\obj\stm32f4xx_usart.o
                0x08003b58                USART_OverSampling8Cmd
 .text.USART_OneBitMethodCmd
                0x08003b74       0x1c ..\obj\stm32f4xx_usart.o
                0x08003b74                USART_OneBitMethodCmd
 .text.USART_SendData
                0x08003b90        0x8 ..\obj\stm32f4xx_usart.o
                0x08003b90                USART_SendData
 .text.USART_ReceiveData
                0x08003b98        0x8 ..\obj\stm32f4xx_usart.o
                0x08003b98                USART_ReceiveData
 .text.USART_SetAddress
                0x08003ba0       0x18 ..\obj\stm32f4xx_usart.o
                0x08003ba0                USART_SetAddress
 .text.USART_ReceiverWakeUpCmd
                0x08003bb8       0x1c ..\obj\stm32f4xx_usart.o
                0x08003bb8                USART_ReceiverWakeUpCmd
 .text.USART_WakeUpConfig
                0x08003bd4       0x18 ..\obj\stm32f4xx_usart.o
                0x08003bd4                USART_WakeUpConfig
 .text.USART_LINBreakDetectLengthConfig
                0x08003bec       0x18 ..\obj\stm32f4xx_usart.o
                0x08003bec                USART_LINBreakDetectLengthConfig
 .text.USART_LINCmd
                0x08003c04       0x1c ..\obj\stm32f4xx_usart.o
                0x08003c04                USART_LINCmd
 .text.USART_SendBreak
                0x08003c20        0xc ..\obj\stm32f4xx_usart.o
                0x08003c20                USART_SendBreak
 .text.USART_HalfDuplexCmd
                0x08003c2c       0x1c ..\obj\stm32f4xx_usart.o
                0x08003c2c                USART_HalfDuplexCmd
 .text.USART_SetGuardTime
                0x08003c48       0x14 ..\obj\stm32f4xx_usart.o
                0x08003c48                USART_SetGuardTime
 .text.USART_SmartCardCmd
                0x08003c5c       0x1c ..\obj\stm32f4xx_usart.o
                0x08003c5c                USART_SmartCardCmd
 .text.USART_SmartCardNACKCmd
                0x08003c78       0x1c ..\obj\stm32f4xx_usart.o
                0x08003c78                USART_SmartCardNACKCmd
 .text.USART_IrDAConfig
                0x08003c94       0x18 ..\obj\stm32f4xx_usart.o
                0x08003c94                USART_IrDAConfig
 .text.USART_IrDACmd
                0x08003cac       0x1c ..\obj\stm32f4xx_usart.o
                0x08003cac                USART_IrDACmd
 .text.USART_DMACmd
                0x08003cc8       0x18 ..\obj\stm32f4xx_usart.o
                0x08003cc8                USART_DMACmd
 .text.USART_ITConfig
                0x08003ce0       0x38 ..\obj\stm32f4xx_usart.o
                0x08003ce0                USART_ITConfig
 .text.USART_GetFlagStatus
                0x08003d18        0xc ..\obj\stm32f4xx_usart.o
                0x08003d18                USART_GetFlagStatus
 .text.USART_ClearFlag
                0x08003d24        0x8 ..\obj\stm32f4xx_usart.o
                0x08003d24                USART_ClearFlag
 .text.USART_GetITStatus
                0x08003d2c       0x44 ..\obj\stm32f4xx_usart.o
                0x08003d2c                USART_GetITStatus
 .text.USART_ClearITPendingBit
                0x08003d70       0x10 ..\obj\stm32f4xx_usart.o
                0x08003d70                USART_ClearITPendingBit
 .text          0x08003d80        0x0 ..\obj\usbh_stdreq.o
 .text.USBH_GetDescriptor
                0x08003d80       0x30 ..\obj\usbh_stdreq.o
                0x08003d80                USBH_GetDescriptor
 .text.USBH_Get_DevDesc
                0x08003db0       0xb4 ..\obj\usbh_stdreq.o
                0x08003db0                USBH_Get_DevDesc
 .text.USBH_Get_StringDesc
                0x08003e64       0x58 ..\obj\usbh_stdreq.o
                0x08003e64                USBH_Get_StringDesc
 .text.USBH_Get_CfgDesc
                0x08003ebc      0x1e8 ..\obj\usbh_stdreq.o
                0x08003ebc                USBH_Get_CfgDesc
 .text.USBH_SetAddress
                0x080040a4       0x1c ..\obj\usbh_stdreq.o
                0x080040a4                USBH_SetAddress
 .text.USBH_SetCfg
                0x080040c0       0x1c ..\obj\usbh_stdreq.o
                0x080040c0                USBH_SetCfg
 .text.USBH_SetInterface
                0x080040dc       0x1c ..\obj\usbh_stdreq.o
                0x080040dc                USBH_SetInterface
 .text.USBH_ClrFeature
                0x080040f8       0x34 ..\obj\usbh_stdreq.o
                0x080040f8                USBH_ClrFeature
 .text.USBH_GetNextDesc
                0x0800412c       0x10 ..\obj\usbh_stdreq.o
                0x0800412c                USBH_GetNextDesc
 .text          0x0800413c        0x0 ..\obj\mp3tabs.o
 .text          0x0800413c        0x0 ..\obj\str.o
 .text.StrCmp   0x0800413c       0x38 ..\obj\str.o
                0x0800413c                StrCmp
 .text.StrLen   0x08004174       0x18 ..\obj\str.o
                0x08004174                StrLen
 .text.StrCopy  0x0800418c       0x18 ..\obj\str.o
                0x0800418c                StrCopy
 .text.StrFillSpace
                0x080041a4       0x1c ..\obj\str.o
                0x080041a4                StrFillSpace
 .text          0x080041c0        0x0 ..\obj\subband.o
 .text.xmp3fixpt_Subband
                0x080041c0      0x128 ..\obj\subband.o
                0x080041c0                xmp3fixpt_Subband
 .text          0x080042e8        0x0 ..\obj\diskio.o
 .text.TM_FATFS_SD_disk_initialize
                0x080042e8        0x4 ..\obj\diskio.o
 .text.TM_FATFS_USB_disk_initialize
                0x080042ec        0x4 ..\obj\diskio.o
 .text.TM_FATFS_SDRAM_disk_initialize
                0x080042f0        0x4 ..\obj\diskio.o
                0x080042f0                TM_FATFS_SDRAM_disk_initialize
 .text.TM_FATFS_SPI_FLASH_disk_initialize
                0x080042f4        0x4 ..\obj\diskio.o
                0x080042f4                TM_FATFS_SPI_FLASH_disk_initialize
 .text.TM_FATFS_SD_disk_status
                0x080042f8        0x4 ..\obj\diskio.o
 .text.TM_FATFS_USB_disk_status
                0x080042fc        0x4 ..\obj\diskio.o
 .text.TM_FATFS_SDRAM_disk_status
                0x08004300        0x4 ..\obj\diskio.o
                0x08004300                TM_FATFS_SDRAM_disk_status
 .text.TM_FATFS_SPI_FLASH_disk_status
                0x08004304        0x4 ..\obj\diskio.o
                0x08004304                TM_FATFS_SPI_FLASH_disk_status
 .text.TM_FATFS_SD_disk_ioctl
                0x08004308        0x4 ..\obj\diskio.o
 .text.TM_FATFS_USB_disk_ioctl
                0x0800430c        0x4 ..\obj\diskio.o
 .text.TM_FATFS_SDRAM_disk_ioctl
                0x08004310        0x4 ..\obj\diskio.o
                0x08004310                TM_FATFS_SDRAM_disk_ioctl
 .text.TM_FATFS_SPI_FLASH_disk_ioctl
                0x08004314        0x4 ..\obj\diskio.o
                0x08004314                TM_FATFS_SPI_FLASH_disk_ioctl
 .text.TM_FATFS_SD_disk_read
                0x08004318        0x4 ..\obj\diskio.o
 .text.TM_FATFS_USB_disk_read
                0x0800431c        0x4 ..\obj\diskio.o
 .text.TM_FATFS_SDRAM_disk_read
                0x08004320        0x4 ..\obj\diskio.o
                0x08004320                TM_FATFS_SDRAM_disk_read
 .text.TM_FATFS_SPI_FLASH_disk_read
                0x08004324        0x4 ..\obj\diskio.o
                0x08004324                TM_FATFS_SPI_FLASH_disk_read
 .text.TM_FATFS_SD_disk_write
                0x08004328        0x4 ..\obj\diskio.o
 .text.TM_FATFS_USB_disk_write
                0x0800432c        0x4 ..\obj\diskio.o
 .text.TM_FATFS_SDRAM_disk_write
                0x08004330        0x4 ..\obj\diskio.o
                0x08004330                TM_FATFS_SDRAM_disk_write
 .text.TM_FATFS_SPI_FLASH_disk_write
                0x08004334        0x4 ..\obj\diskio.o
                0x08004334                TM_FATFS_SPI_FLASH_disk_write
 .text.TM_FATFS_AddDriver
                0x08004338       0x38 ..\obj\diskio.o
                0x08004338                TM_FATFS_AddDriver
 .text.disk_initialize
                0x08004370       0x1c ..\obj\diskio.o
                0x08004370                disk_initialize
 .text.disk_status
                0x0800438c       0x1c ..\obj\diskio.o
                0x0800438c                disk_status
 .text.disk_read
                0x080043a8       0x30 ..\obj\diskio.o
                0x080043a8                disk_read
 .text.disk_write
                0x080043d8       0x30 ..\obj\diskio.o
                0x080043d8                disk_write
 .text.disk_ioctl
                0x08004408       0x20 ..\obj\diskio.o
                0x08004408                disk_ioctl
 .text.get_fattime
                0x08004428        0x8 ..\obj\diskio.o
                0x08004428                get_fattime
 .text.TM_FATFS_SD_SDIO_disk_initialize
                0x08004430        0x4 ..\obj\diskio.o
                0x08004430                TM_FATFS_SD_SDIO_disk_initialize
 .text.TM_FATFS_SD_SDIO_disk_status
                0x08004434        0x4 ..\obj\diskio.o
                0x08004434                TM_FATFS_SD_SDIO_disk_status
 .text.TM_FATFS_SD_SDIO_disk_ioctl
                0x08004438        0x4 ..\obj\diskio.o
                0x08004438                TM_FATFS_SD_SDIO_disk_ioctl
 .text.TM_FATFS_SD_SDIO_disk_read
                0x0800443c        0x4 ..\obj\diskio.o
                0x0800443c                TM_FATFS_SD_SDIO_disk_read
 .text.TM_FATFS_SD_SDIO_disk_write
                0x08004440        0x4 ..\obj\diskio.o
                0x08004440                TM_FATFS_SD_SDIO_disk_write
 .text          0x08004444        0x0 ..\obj\startup_stm32f4xx.o
 .text.Default_Handler
                0x08004444        0x4 ..\obj\startup_stm32f4xx.o
                0x08004444                RTC_Alarm_IRQHandler
                0x08004444                HASH_RNG_IRQHandler
                0x08004444                TIM8_CC_IRQHandler
                0x08004444                DebugMon_Handler
                0x08004444                TIM1_CC_IRQHandler
                0x08004444                DMA2_Stream5_IRQHandler
                0x08004444                HardFault_Handler
                0x08004444                DMA1_Stream5_IRQHandler
                0x08004444                PVD_IRQHandler
                0x08004444                SDIO_IRQHandler
                0x08004444                TAMP_STAMP_IRQHandler
                0x08004444                PendSV_Handler
                0x08004444                NMI_Handler
                0x08004444                CAN2_RX1_IRQHandler
                0x08004444                TIM8_TRG_COM_TIM14_IRQHandler
                0x08004444                TIM1_UP_TIM10_IRQHandler
                0x08004444                TIM8_UP_TIM13_IRQHandler
                0x08004444                I2C3_ER_IRQHandler
                0x08004444                I2C2_EV_IRQHandler
                0x08004444                DMA1_Stream2_IRQHandler
                0x08004444                CAN1_RX0_IRQHandler
                0x08004444                FPU_IRQHandler
                0x08004444                OTG_HS_WKUP_IRQHandler
                0x08004444                UsageFault_Handler
                0x08004444                CAN2_SCE_IRQHandler
                0x08004444                DMA2_Stream2_IRQHandler
                0x08004444                SPI1_IRQHandler
                0x08004444                TIM6_DAC_IRQHandler
                0x08004444                TIM1_BRK_TIM9_IRQHandler
                0x08004444                DCMI_IRQHandler
                0x08004444                CAN2_RX0_IRQHandler
                0x08004444                DMA2_Stream3_IRQHandler
                0x08004444                CRYP_IRQHandler
                0x08004444                CAN1_RX1_IRQHandler
                0x08004444                DMA2_Stream0_IRQHandler
                0x08004444                I2C1_EV_IRQHandler
                0x08004444                DMA1_Stream6_IRQHandler
                0x08004444                DMA1_Stream1_IRQHandler
                0x08004444                TIM3_IRQHandler
                0x08004444                RCC_IRQHandler
                0x08004444                TIM8_BRK_TIM12_IRQHandler
                0x08004444                ADC_IRQHandler
                0x08004444                TIM7_IRQHandler
                0x08004444                CAN2_TX_IRQHandler
                0x08004444                TIM5_IRQHandler
                0x08004444                DMA2_Stream7_IRQHandler
                0x08004444                I2C3_EV_IRQHandler
                0x08004444                RTC_WKUP_IRQHandler
                0x08004444                ETH_WKUP_IRQHandler
                0x08004444                SPI2_IRQHandler
                0x08004444                OTG_HS_EP1_IN_IRQHandler
                0x08004444                MemManage_Handler
                0x08004444                DMA1_Stream0_IRQHandler
                0x08004444                CAN1_TX_IRQHandler
                0x08004444                SVC_Handler
                0x08004444                FSMC_IRQHandler
                0x08004444                ETH_IRQHandler
                0x08004444                OTG_HS_EP1_OUT_IRQHandler
                0x08004444                WWDG_IRQHandler
                0x08004444                OTG_FS_WKUP_IRQHandler
                0x08004444                TIM1_TRG_COM_TIM11_IRQHandler
                0x08004444                OTG_HS_IRQHandler
                0x08004444                I2C2_ER_IRQHandler
                0x08004444                DMA2_Stream1_IRQHandler
                0x08004444                CAN1_SCE_IRQHandler
                0x08004444                FLASH_IRQHandler
                0x08004444                DMA2_Stream4_IRQHandler
                0x08004444                BusFault_Handler
                0x08004444                SPI3_IRQHandler
                0x08004444                DMA1_Stream4_IRQHandler
                0x08004444                I2C1_ER_IRQHandler
                0x08004444                DMA2_Stream6_IRQHandler
                0x08004444                DMA1_Stream3_IRQHandler
 .text.Default_Reset_Handler
                0x08004448       0x50 ..\obj\startup_stm32f4xx.o
                0x08004448                Default_Reset_Handler
                0x08004448                Reset_Handler
 .text          0x08004498        0x0 ..\obj\fatfs_usb.o
 .text.TM_FATFS_USB_disk_initialize
                0x08004498       0x3c ..\obj\fatfs_usb.o
                0x08004498                TM_FATFS_USB_disk_initialize
 .text.TM_FATFS_USB_disk_status
                0x080044d4        0xc ..\obj\fatfs_usb.o
                0x080044d4                TM_FATFS_USB_disk_status
 .text.TM_FATFS_USB_disk_read
                0x080044e0       0x88 ..\obj\fatfs_usb.o
                0x080044e0                TM_FATFS_USB_disk_read
 .text.TM_FATFS_USB_disk_write
                0x08004568       0x94 ..\obj\fatfs_usb.o
                0x08004568                TM_FATFS_USB_disk_write
 .text.TM_FATFS_USB_disk_ioctl
                0x080045fc       0x48 ..\obj\fatfs_usb.o
                0x080045fc                TM_FATFS_USB_disk_ioctl
 .text          0x08004644        0x0 ..\obj\mp3dec.o
 .text.MP3ClearBadFrame
                0x08004644       0x48 ..\obj\mp3dec.o
 .text.MP3InitDecoder
                0x0800468c        0x8 ..\obj\mp3dec.o
                0x0800468c                MP3InitDecoder
 .text.MP3FreeDecoder
                0x08004694        0xc ..\obj\mp3dec.o
                0x08004694                MP3FreeDecoder
 .text.MP3FindSyncWord
                0x080046a0       0x34 ..\obj\mp3dec.o
                0x080046a0                MP3FindSyncWord
 .text.MP3GetLastFrameInfo
                0x080046d4       0x68 ..\obj\mp3dec.o
                0x080046d4                MP3GetLastFrameInfo
 .text.MP3GetNextFrameInfo
                0x0800473c       0x3c ..\obj\mp3dec.o
                0x0800473c                MP3GetNextFrameInfo
 .text.MP3Decode
                0x08004778      0x368 ..\obj\mp3dec.o
                0x08004778                MP3Decode
 .text          0x08004ae0        0x0 ..\obj\main.o
 .text.main     0x08004ae0       0x84 ..\obj\main.o
                0x08004ae0                main
 .text          0x08004b64        0x0 ..\obj\stm32f4xx_rcc.o
 .text.RCC_DeInit
                0x08004b64       0x34 ..\obj\stm32f4xx_rcc.o
                0x08004b64                RCC_DeInit
 .text.RCC_HSEConfig
                0x08004b98       0x10 ..\obj\stm32f4xx_rcc.o
                0x08004b98                RCC_HSEConfig
 .text.RCC_AdjustHSICalibrationValue
                0x08004ba8       0x14 ..\obj\stm32f4xx_rcc.o
                0x08004ba8                RCC_AdjustHSICalibrationValue
 .text.RCC_HSICmd
                0x08004bbc        0xc ..\obj\stm32f4xx_rcc.o
                0x08004bbc                RCC_HSICmd
 .text.RCC_LSEConfig
                0x08004bc8       0x28 ..\obj\stm32f4xx_rcc.o
                0x08004bc8                RCC_LSEConfig
 .text.RCC_LSICmd
                0x08004bf0        0xc ..\obj\stm32f4xx_rcc.o
                0x08004bf0                RCC_LSICmd
 .text.RCC_PLLConfig
                0x08004bfc       0x24 ..\obj\stm32f4xx_rcc.o
                0x08004bfc                RCC_PLLConfig
 .text.RCC_PLLCmd
                0x08004c20        0xc ..\obj\stm32f4xx_rcc.o
                0x08004c20                RCC_PLLCmd
 .text.RCC_PLLI2SConfig
                0x08004c2c       0x14 ..\obj\stm32f4xx_rcc.o
                0x08004c2c                RCC_PLLI2SConfig
 .text.RCC_PLLI2SCmd
                0x08004c40        0xc ..\obj\stm32f4xx_rcc.o
                0x08004c40                RCC_PLLI2SCmd
 .text.RCC_ClockSecuritySystemCmd
                0x08004c4c        0xc ..\obj\stm32f4xx_rcc.o
                0x08004c4c                RCC_ClockSecuritySystemCmd
 .text.RCC_MCO1Config
                0x08004c58       0x14 ..\obj\stm32f4xx_rcc.o
                0x08004c58                RCC_MCO1Config
 .text.RCC_MCO2Config
                0x08004c6c       0x14 ..\obj\stm32f4xx_rcc.o
                0x08004c6c                RCC_MCO2Config
 .text.RCC_SYSCLKConfig
                0x08004c80       0x14 ..\obj\stm32f4xx_rcc.o
                0x08004c80                RCC_SYSCLKConfig
 .text.RCC_GetSYSCLKSource
                0x08004c94       0x10 ..\obj\stm32f4xx_rcc.o
                0x08004c94                RCC_GetSYSCLKSource
 .text.RCC_HCLKConfig
                0x08004ca4       0x14 ..\obj\stm32f4xx_rcc.o
                0x08004ca4                RCC_HCLKConfig
 .text.RCC_PCLK1Config
                0x08004cb8       0x14 ..\obj\stm32f4xx_rcc.o
                0x08004cb8                RCC_PCLK1Config
 .text.RCC_PCLK2Config
                0x08004ccc       0x14 ..\obj\stm32f4xx_rcc.o
                0x08004ccc                RCC_PCLK2Config
 .text.RCC_GetClocksFreq
                0x08004ce0       0xa4 ..\obj\stm32f4xx_rcc.o
                0x08004ce0                RCC_GetClocksFreq
 .text.RCC_RTCCLKConfig
                0x08004d84       0x30 ..\obj\stm32f4xx_rcc.o
                0x08004d84                RCC_RTCCLKConfig
 .text.RCC_RTCCLKCmd
                0x08004db4        0xc ..\obj\stm32f4xx_rcc.o
                0x08004db4                RCC_RTCCLKCmd
 .text.RCC_BackupResetCmd
                0x08004dc0        0xc ..\obj\stm32f4xx_rcc.o
                0x08004dc0                RCC_BackupResetCmd
 .text.RCC_I2SCLKConfig
                0x08004dcc        0xc ..\obj\stm32f4xx_rcc.o
                0x08004dcc                RCC_I2SCLKConfig
 .text.RCC_AHB1PeriphClockCmd
                0x08004dd8       0x1c ..\obj\stm32f4xx_rcc.o
                0x08004dd8                RCC_AHB1PeriphClockCmd
 .text.RCC_AHB2PeriphClockCmd
                0x08004df4       0x1c ..\obj\stm32f4xx_rcc.o
                0x08004df4                RCC_AHB2PeriphClockCmd
 .text.RCC_AHB3PeriphClockCmd
                0x08004e10       0x1c ..\obj\stm32f4xx_rcc.o
                0x08004e10                RCC_AHB3PeriphClockCmd
 .text.RCC_APB1PeriphClockCmd
                0x08004e2c       0x1c ..\obj\stm32f4xx_rcc.o
                0x08004e2c                RCC_APB1PeriphClockCmd
 .text.RCC_APB2PeriphClockCmd
                0x08004e48       0x1c ..\obj\stm32f4xx_rcc.o
                0x08004e48                RCC_APB2PeriphClockCmd
 .text.RCC_AHB1PeriphResetCmd
                0x08004e64       0x1c ..\obj\stm32f4xx_rcc.o
                0x08004e64                RCC_AHB1PeriphResetCmd
 .text.RCC_AHB2PeriphResetCmd
                0x08004e80       0x1c ..\obj\stm32f4xx_rcc.o
                0x08004e80                RCC_AHB2PeriphResetCmd
 .text.RCC_AHB3PeriphResetCmd
                0x08004e9c       0x1c ..\obj\stm32f4xx_rcc.o
                0x08004e9c                RCC_AHB3PeriphResetCmd
 .text.RCC_APB1PeriphResetCmd
                0x08004eb8       0x1c ..\obj\stm32f4xx_rcc.o
                0x08004eb8                RCC_APB1PeriphResetCmd
 .text.RCC_APB2PeriphResetCmd
                0x08004ed4       0x1c ..\obj\stm32f4xx_rcc.o
                0x08004ed4                RCC_APB2PeriphResetCmd
 .text.RCC_AHB1PeriphClockLPModeCmd
                0x08004ef0       0x1c ..\obj\stm32f4xx_rcc.o
                0x08004ef0                RCC_AHB1PeriphClockLPModeCmd
 .text.RCC_AHB2PeriphClockLPModeCmd
                0x08004f0c       0x1c ..\obj\stm32f4xx_rcc.o
                0x08004f0c                RCC_AHB2PeriphClockLPModeCmd
 .text.RCC_AHB3PeriphClockLPModeCmd
                0x08004f28       0x1c ..\obj\stm32f4xx_rcc.o
                0x08004f28                RCC_AHB3PeriphClockLPModeCmd
 .text.RCC_APB1PeriphClockLPModeCmd
                0x08004f44       0x1c ..\obj\stm32f4xx_rcc.o
                0x08004f44                RCC_APB1PeriphClockLPModeCmd
 .text.RCC_APB2PeriphClockLPModeCmd
                0x08004f60       0x1c ..\obj\stm32f4xx_rcc.o
                0x08004f60                RCC_APB2PeriphClockLPModeCmd
 .text.RCC_ITConfig
                0x08004f7c       0x1c ..\obj\stm32f4xx_rcc.o
                0x08004f7c                RCC_ITConfig
 .text.RCC_GetFlagStatus
                0x08004f98       0x28 ..\obj\stm32f4xx_rcc.o
                0x08004f98                RCC_GetFlagStatus
 .text.RCC_WaitForHSEStartUp
                0x08004fc0       0x34 ..\obj\stm32f4xx_rcc.o
                0x08004fc0                RCC_WaitForHSEStartUp
 .text.RCC_ClearFlag
                0x08004ff4       0x10 ..\obj\stm32f4xx_rcc.o
                0x08004ff4                RCC_ClearFlag
 .text.RCC_GetITStatus
                0x08005004       0x14 ..\obj\stm32f4xx_rcc.o
                0x08005004                RCC_GetITStatus
 .text.RCC_ClearITPendingBit
                0x08005018        0xc ..\obj\stm32f4xx_rcc.o
                0x08005018                RCC_ClearITPendingBit
 .text          0x08005024        0x0 ..\obj\tm_stm32f4_usart.o
 .text.TM_USART_INT_InsertToBuffer
                0x08005024       0x28 ..\obj\tm_stm32f4_usart.o
                0x08005024                TM_USART_INT_InsertToBuffer
 .text.TM_USART_InitCustomPinsCallback
                0x0800504c        0x4 ..\obj\tm_stm32f4_usart.o
                0x0800504c                TM_USART_InitCustomPinsCallback
 .text.TM_USART_INT_GetUsart
                0x08005050       0x60 ..\obj\tm_stm32f4_usart.o
                0x08005050                TM_USART_INT_GetUsart
 .text.TM_USART_Getc
                0x080050b0       0x64 ..\obj\tm_stm32f4_usart.o
                0x080050b0                TM_USART_Getc
 .text.TM_USART_BufferEmpty
                0x08005114       0x1c ..\obj\tm_stm32f4_usart.o
                0x08005114                TM_USART_BufferEmpty
 .text.TM_USART_BufferFull
                0x08005130       0x14 ..\obj\tm_stm32f4_usart.o
                0x08005130                TM_USART_BufferFull
 .text.TM_USART_ClearBuffer
                0x08005144       0x10 ..\obj\tm_stm32f4_usart.o
                0x08005144                TM_USART_ClearBuffer
 .text.TM_USART_SetCustomStringEndCharacter
                0x08005154        0xc ..\obj\tm_stm32f4_usart.o
                0x08005154                TM_USART_SetCustomStringEndCharacter
 .text.TM_USART_FindCharacter
                0x08005160       0x38 ..\obj\tm_stm32f4_usart.o
                0x08005160                TM_USART_FindCharacter
 .text.TM_USART_Gets
                0x08005198       0x60 ..\obj\tm_stm32f4_usart.o
                0x08005198                TM_USART_Gets
 .text.TM_USART_Puts
                0x080051f8       0x38 ..\obj\tm_stm32f4_usart.o
                0x080051f8                TM_USART_Puts
 .text.TM_USART_Send
                0x08005230       0x40 ..\obj\tm_stm32f4_usart.o
                0x08005230                TM_USART_Send
 .text.TM_USART_INT_GetSubPriority
                0x08005270       0x44 ..\obj\tm_stm32f4_usart.o
                0x08005270                TM_USART_INT_GetSubPriority
 .text.TM_USART1_InitPins
                0x080052b4       0x58 ..\obj\tm_stm32f4_usart.o
                0x080052b4                TM_USART1_InitPins
 .text.TM_USART2_InitPins
                0x0800530c       0x54 ..\obj\tm_stm32f4_usart.o
                0x0800530c                TM_USART2_InitPins
 .text.TM_USART3_InitPins
                0x08005360       0x7c ..\obj\tm_stm32f4_usart.o
                0x08005360                TM_USART3_InitPins
 .text.TM_UART4_InitPins
                0x080053dc       0x54 ..\obj\tm_stm32f4_usart.o
                0x080053dc                TM_UART4_InitPins
 .text.TM_UART5_InitPins
                0x08005430       0x4c ..\obj\tm_stm32f4_usart.o
                0x08005430                TM_UART5_InitPins
 .text.TM_USART6_InitPins
                0x0800547c       0x58 ..\obj\tm_stm32f4_usart.o
                0x0800547c                TM_USART6_InitPins
 .text.TM_USART_INT_Init
                0x080054d4      0x15c ..\obj\tm_stm32f4_usart.o
 .text.TM_USART_Init
                0x08005630       0xd4 ..\obj\tm_stm32f4_usart.o
                0x08005630                TM_USART_Init
 .text.TM_USART_InitWithFlowControl
                0x08005704       0xdc ..\obj\tm_stm32f4_usart.o
                0x08005704                TM_USART_InitWithFlowControl
 .text.USART1_IRQHandler
                0x080057e0       0x24 ..\obj\tm_stm32f4_usart.o
                0x080057e0                USART1_IRQHandler
 .text.USART2_IRQHandler
                0x08005804       0x24 ..\obj\tm_stm32f4_usart.o
                0x08005804                USART2_IRQHandler
 .text.USART3_IRQHandler
                0x08005828       0x24 ..\obj\tm_stm32f4_usart.o
                0x08005828                USART3_IRQHandler
 .text.UART4_IRQHandler
                0x0800584c       0x24 ..\obj\tm_stm32f4_usart.o
                0x0800584c                UART4_IRQHandler
 .text.UART5_IRQHandler
                0x08005870       0x24 ..\obj\tm_stm32f4_usart.o
                0x08005870                UART5_IRQHandler
 .text.USART6_IRQHandler
                0x08005894       0x24 ..\obj\tm_stm32f4_usart.o
                0x08005894                USART6_IRQHandler
 .text          0x080058b8        0x0 ..\obj\tm_stm32f4_rotary_encoder.o
 .text.TM_RE_Init
                0x080058b8       0x40 ..\obj\tm_stm32f4_rotary_encoder.o
                0x080058b8                TM_RE_Init
 .text.TM_RE_Get
                0x080058f8       0x24 ..\obj\tm_stm32f4_rotary_encoder.o
                0x080058f8                TM_RE_Get
 .text.TM_RE_SetMode
                0x0800591c        0x4 ..\obj\tm_stm32f4_rotary_encoder.o
                0x0800591c                TM_RE_SetMode
 .text.TM_RE_Process
                0x08005920       0x4c ..\obj\tm_stm32f4_rotary_encoder.o
                0x08005920                TM_RE_Process
 .text          0x0800596c        0x0 ..\obj\fatfs_sd.o
 .text.wait_ready
                0x0800596c       0x68 ..\obj\fatfs_sd.o
 .text.deselect
                0x080059d4       0x58 ..\obj\fatfs_sd.o
 .text.select   0x08005a2c       0x70 ..\obj\fatfs_sd.o
 .text.xmit_datablock
                0x08005a9c      0x14c ..\obj\fatfs_sd.o
 .text.rcvr_datablock
                0x08005be8      0x100 ..\obj\fatfs_sd.o
 .text.send_cmd
                0x08005ce8      0x28c ..\obj\fatfs_sd.o
 .text.TM_FATFS_InitPins
                0x08005f74       0x20 ..\obj\fatfs_sd.o
                0x08005f74                TM_FATFS_InitPins
 .text.TM_FATFS_Detect
                0x08005f94        0x4 ..\obj\fatfs_sd.o
                0x08005f94                TM_FATFS_Detect
 .text.TM_FATFS_WriteEnabled
                0x08005f98        0x4 ..\obj\fatfs_sd.o
                0x08005f98                TM_FATFS_WriteEnabled
 .text.TM_FATFS_SD_disk_initialize
                0x08005f9c      0x250 ..\obj\fatfs_sd.o
                0x08005f9c                TM_FATFS_SD_disk_initialize
 .text.TM_FATFS_SD_disk_status
                0x080061ec       0x14 ..\obj\fatfs_sd.o
                0x080061ec                TM_FATFS_SD_disk_status
 .text.TM_FATFS_SD_disk_read
                0x08006200       0x78 ..\obj\fatfs_sd.o
                0x08006200                TM_FATFS_SD_disk_read
 .text.TM_FATFS_SD_disk_write
                0x08006278       0x9c ..\obj\fatfs_sd.o
                0x08006278                TM_FATFS_SD_disk_write
 .text.TM_FATFS_SD_disk_ioctl
                0x08006314      0x298 ..\obj\fatfs_sd.o
                0x08006314                TM_FATFS_SD_disk_ioctl
 .text          0x080065ac        0x0 ..\obj\usbh_msc_core.o
 .text.USBH_MSC_ClassRequest
                0x080065ac        0xc ..\obj\usbh_msc_core.o
 .text.USBH_MSC_InterfaceDeInit
                0x080065b8       0x3c ..\obj\usbh_msc_core.o
 .text.USBH_MSC_InterfaceInit
                0x080065f4       0xb0 ..\obj\usbh_msc_core.o
 .text.USBH_MSC_ErrorHandle
                0x080066a4       0x3c ..\obj\usbh_msc_core.o
                0x080066a4                USBH_MSC_ErrorHandle
 .text.USBH_MSC_Handle
                0x080066e0      0x1a8 ..\obj\usbh_msc_core.o
 .text          0x08006888        0x0 ..\obj\bt.o
 .text.BTBtnsProc
                0x08006888       0xd4 ..\obj\bt.o
                0x08006888                BTBtnsProc
 .text          0x0800695c        0x0 ..\obj\gpio.o
 .text.Gpio_Init
                0x0800695c      0x12c ..\obj\gpio.o
                0x0800695c                Gpio_Init
 .text.Gpio_BT_Enable_Cmd
                0x08006a88       0x38 ..\obj\gpio.o
                0x08006a88                Gpio_BT_Enable_Cmd
 .text.Gpio_BT_Disable_Cmd
                0x08006ac0       0x28 ..\obj\gpio.o
                0x08006ac0                Gpio_BT_Disable_Cmd
 .text          0x08006ae8        0x0 ..\obj\tm_stm32f4_delay.o
 .text.SysTick_Handler
                0x08006ae8       0x90 ..\obj\tm_stm32f4_delay.o
                0x08006ae8                SysTick_Handler
 .text.TM_DELAY_Init
                0x08006b78       0x58 ..\obj\tm_stm32f4_delay.o
                0x08006b78                TM_DELAY_Init
 .text.TM_DELAY_EnableDelayTimer
                0x08006bd0       0x1c ..\obj\tm_stm32f4_delay.o
                0x08006bd0                TM_DELAY_EnableDelayTimer
 .text.TM_DELAY_DisableDelayTimer
                0x08006bec       0x10 ..\obj\tm_stm32f4_delay.o
                0x08006bec                TM_DELAY_DisableDelayTimer
 .text.TM_DELAY_TimerCreate
                0x08006bfc       0x4c ..\obj\tm_stm32f4_delay.o
                0x08006bfc                TM_DELAY_TimerCreate
 .text.TM_DELAY_TimerDelete
                0x08006c48       0x70 ..\obj\tm_stm32f4_delay.o
                0x08006c48                TM_DELAY_TimerDelete
 .text.TM_DELAY_TimerStop
                0x08006cb8        0x8 ..\obj\tm_stm32f4_delay.o
                0x08006cb8                TM_DELAY_TimerStop
 .text.TM_DELAY_TimerStart
                0x08006cc0        0x8 ..\obj\tm_stm32f4_delay.o
                0x08006cc0                TM_DELAY_TimerStart
 .text.TM_DELAY_TimerReset
                0x08006cc8        0x8 ..\obj\tm_stm32f4_delay.o
                0x08006cc8                TM_DELAY_TimerReset
 .text.TM_DELAY_TimerAutoReload
                0x08006cd0        0x4 ..\obj\tm_stm32f4_delay.o
                0x08006cd0                TM_DELAY_TimerAutoReload
 .text.TM_DELAY_TimerAutoReloadValue
                0x08006cd4        0x4 ..\obj\tm_stm32f4_delay.o
                0x08006cd4                TM_DELAY_TimerAutoReloadValue
 .text          0x08006cd8        0x0 ..\obj\file.o
 .text.File_Cmp_Ext
                0x08006cd8       0x24 ..\obj\file.o
                0x08006cd8                File_Cmp_Ext
 .text.scan_files
                0x08006cfc      0x104 ..\obj\file.o
                0x08006cfc                scan_files
 .text          0x08006e00        0x0 ..\obj\syscall.o
 .text          0x08006e00        0x0 ..\obj\tm_stm32f4_spi.o
 .text.TM_SPI_GetPrescalerFromMaxFrequency
                0x08006e00       0x4c ..\obj\tm_stm32f4_spi.o
                0x08006e00                TM_SPI_GetPrescalerFromMaxFrequency
 .text.TM_SPI_SetDataSize
                0x08006e4c       0x3c ..\obj\tm_stm32f4_spi.o
                0x08006e4c                TM_SPI_SetDataSize
 .text.TM_SPI_SendMulti
                0x08006e88       0x50 ..\obj\tm_stm32f4_spi.o
                0x08006e88                TM_SPI_SendMulti
 .text.TM_SPI_WriteMulti
                0x08006ed8       0x4c ..\obj\tm_stm32f4_spi.o
                0x08006ed8                TM_SPI_WriteMulti
 .text.TM_SPI_ReadMulti
                0x08006f24       0x4c ..\obj\tm_stm32f4_spi.o
                0x08006f24                TM_SPI_ReadMulti
 .text.TM_SPI_SendMulti16
                0x08006f70       0x54 ..\obj\tm_stm32f4_spi.o
                0x08006f70                TM_SPI_SendMulti16
 .text.TM_SPI_WriteMulti16
                0x08006fc4       0x4c ..\obj\tm_stm32f4_spi.o
                0x08006fc4                TM_SPI_WriteMulti16
 .text.TM_SPI_ReadMulti16
                0x08007010       0x4c ..\obj\tm_stm32f4_spi.o
                0x08007010                TM_SPI_ReadMulti16
 .text.TM_SPI_InitCustomPinsCallback
                0x0800705c        0x4 ..\obj\tm_stm32f4_spi.o
                0x0800705c                TM_SPI_InitCustomPinsCallback
 .text.TM_SPI1_INT_InitPins
                0x08007060       0x54 ..\obj\tm_stm32f4_spi.o
                0x08007060                TM_SPI1_INT_InitPins
 .text.TM_SPIx_Init
                0x080070b4       0xbc ..\obj\tm_stm32f4_spi.o
 .text.TM_SPI_Init
                0x08007170       0x28 ..\obj\tm_stm32f4_spi.o
                0x08007170                TM_SPI_Init
 .text.TM_SPI_InitWithMode
                0x08007198       0x28 ..\obj\tm_stm32f4_spi.o
                0x08007198                TM_SPI_InitWithMode
 .text.TM_SPI_InitFull
                0x080071c0       0x2c ..\obj\tm_stm32f4_spi.o
                0x080071c0                TM_SPI_InitFull
 .text          0x080071ec        0x0 ..\obj\menu.o
 .text.MenuInit
                0x080071ec       0x40 ..\obj\menu.o
                0x080071ec                MenuInit
 .text.TM_EXTI_Handler
                0x0800722c       0x2c ..\obj\menu.o
                0x0800722c                TM_EXTI_Handler
 .text.RotSwPRessed
                0x08007258       0x14 ..\obj\menu.o
                0x08007258                RotSwPRessed
 .text.ButtonPRessed
                0x0800726c       0x14 ..\obj\menu.o
                0x0800726c                ButtonPRessed
 .text.TIM2_IRQHandler
                0x08007280       0x3c ..\obj\menu.o
                0x08007280                TIM2_IRQHandler
 .text.TIM4_IRQHandler
                0x080072bc       0x38 ..\obj\menu.o
                0x080072bc                TIM4_IRQHandler
 .text.RemoveId3
                0x080072f4       0x28 ..\obj\menu.o
                0x080072f4                RemoveId3
 .text.RemoveFromIndex
                0x0800731c       0xa4 ..\obj\menu.o
                0x0800731c                RemoveFromIndex
 .text.PutId3   0x080073c0       0x54 ..\obj\menu.o
                0x080073c0                PutId3
 .text.PutToIndex
                0x08007414       0x8c ..\obj\menu.o
                0x08007414                PutToIndex
 .text.ChangeToList
                0x080074a0       0x10 ..\obj\menu.o
                0x080074a0                ChangeToList
 .text.MainMenuProc
                0x080074b0      0x228 ..\obj\menu.o
                0x080074b0                MainMenuProc
 .text.ChangeToMain
                0x080076d8       0x10 ..\obj\menu.o
                0x080076d8                ChangeToMain
 .text.ListProc
                0x080076e8      0x1a0 ..\obj\menu.o
                0x080076e8                ListProc
 .text.MenuProc
                0x08007888       0x24 ..\obj\menu.o
                0x08007888                MenuProc
 .text.MenuChangeSetting
                0x080078ac       0x28 ..\obj\menu.o
                0x080078ac                MenuChangeSetting
 .text          0x080078d4        0x0 ..\obj\usbh_core.o
 .text.USBH_Connected
                0x080078d4        0xc ..\obj\usbh_core.o
                0x080078d4                USBH_Connected
 .text.USBH_Disconnected
                0x080078e0        0xc ..\obj\usbh_core.o
                0x080078e0                USBH_Disconnected
 .text.USBH_SOF
                0x080078ec        0x4 ..\obj\usbh_core.o
                0x080078ec                USBH_SOF
 .text.USBH_DeInit
                0x080078f0       0x34 ..\obj\usbh_core.o
                0x080078f0                USBH_DeInit
 .text.USBH_Init
                0x08007924       0x40 ..\obj\usbh_core.o
                0x08007924                USBH_Init
 .text.USBH_ErrorHandle
                0x08007964       0x2c ..\obj\usbh_core.o
                0x08007964                USBH_ErrorHandle
 .text.USBH_HandleControl
                0x08007990      0x234 ..\obj\usbh_core.o
                0x08007990                USBH_HandleControl
 .text.USBH_Process
                0x08007bc4      0x390 ..\obj\usbh_core.o
                0x08007bc4                USBH_Process
 .text          0x08007f54        0x0 ..\obj\stm32f4xx_gpio.o
 .text.GPIO_DeInit
                0x08007f54      0x104 ..\obj\stm32f4xx_gpio.o
                0x08007f54                GPIO_DeInit
 .text.GPIO_Init
                0x08008058       0x90 ..\obj\stm32f4xx_gpio.o
                0x08008058                GPIO_Init
 .text.GPIO_StructInit
                0x080080e8       0x14 ..\obj\stm32f4xx_gpio.o
                0x080080e8                GPIO_StructInit
 .text.GPIO_PinLockConfig
                0x080080fc       0x24 ..\obj\stm32f4xx_gpio.o
                0x080080fc                GPIO_PinLockConfig
 .text.GPIO_ReadInputDataBit
                0x08008120        0xc ..\obj\stm32f4xx_gpio.o
                0x08008120                GPIO_ReadInputDataBit
 .text.GPIO_ReadInputData
                0x0800812c        0x8 ..\obj\stm32f4xx_gpio.o
                0x0800812c                GPIO_ReadInputData
 .text.GPIO_ReadOutputDataBit
                0x08008134        0xc ..\obj\stm32f4xx_gpio.o
                0x08008134                GPIO_ReadOutputDataBit
 .text.GPIO_ReadOutputData
                0x08008140        0x8 ..\obj\stm32f4xx_gpio.o
                0x08008140                GPIO_ReadOutputData
 .text.GPIO_SetBits
                0x08008148        0x4 ..\obj\stm32f4xx_gpio.o
                0x08008148                GPIO_SetBits
 .text.GPIO_ResetBits
                0x0800814c        0x4 ..\obj\stm32f4xx_gpio.o
                0x0800814c                GPIO_ResetBits
 .text.GPIO_WriteBit
                0x08008150        0xc ..\obj\stm32f4xx_gpio.o
                0x08008150                GPIO_WriteBit
 .text.GPIO_Write
                0x0800815c        0x4 ..\obj\stm32f4xx_gpio.o
                0x0800815c                GPIO_Write
 .text.GPIO_ToggleBits
                0x08008160        0x8 ..\obj\stm32f4xx_gpio.o
                0x08008160                GPIO_ToggleBits
 .text.GPIO_PinAFConfig
                0x08008168       0x28 ..\obj\stm32f4xx_gpio.o
                0x08008168                GPIO_PinAFConfig
 .text          0x08008190        0x0 ..\obj\id3.o
 .text.Mp3ReadId3V2Text
                0x08008190       0xc0 ..\obj\id3.o
                0x08008190                Mp3ReadId3V2Text
 .text.Mp3ReadId3V2Tag
                0x08008250      0x1d0 ..\obj\id3.o
                0x08008250                Mp3ReadId3V2Tag
 .text          0x08008420        0x0 ..\obj\usbh_msc_scsi.o
 .text.USBH_MSC_TestUnitReady
                0x08008420       0xa0 ..\obj\usbh_msc_scsi.o
                0x08008420                USBH_MSC_TestUnitReady
 .text.USBH_MSC_ReadCapacity10
                0x080084c0       0xbc ..\obj\usbh_msc_scsi.o
                0x080084c0                USBH_MSC_ReadCapacity10
 .text.USBH_MSC_ModeSense6
                0x0800857c       0xb8 ..\obj\usbh_msc_scsi.o
                0x0800857c                USBH_MSC_ModeSense6
 .text.USBH_MSC_RequestSense
                0x08008634       0xc0 ..\obj\usbh_msc_scsi.o
                0x08008634                USBH_MSC_RequestSense
 .text.USBH_MSC_Write10
                0x080086f4       0xc0 ..\obj\usbh_msc_scsi.o
                0x080086f4                USBH_MSC_Write10
 .text.USBH_MSC_Read10
                0x080087b4       0xe4 ..\obj\usbh_msc_scsi.o
                0x080087b4                USBH_MSC_Read10
 .text          0x08008898        0x0 ..\obj\system_stm32f4xx.o
 .text.SystemInit
                0x08008898       0xf4 ..\obj\system_stm32f4xx.o
                0x08008898                SystemInit
 .text.SystemCoreClockUpdate
                0x0800898c       0x8c ..\obj\system_stm32f4xx.o
                0x0800898c                SystemCoreClockUpdate
 .text          0x08008a18        0x0 ..\obj\DMA.o
 .text.DMA_Audio_Init_Single
                0x08008a18       0x74 ..\obj\DMA.o
                0x08008a18                DMA_Audio_Init_Single
 .text.DMA_Audio_Send
                0x08008a8c       0x14 ..\obj\DMA.o
                0x08008a8c                DMA_Audio_Send
 .text.DMA1_Stream7_IRQHandler
                0x08008aa0       0x5c ..\obj\DMA.o
                0x08008aa0                DMA1_Stream7_IRQHandler
 .text          0x08008afc        0x0 ..\obj\syscalls.o
 .text._sbrk    0x08008afc       0x20 ..\obj\syscalls.o
                0x08008afc                _sbrk
 .text.link     0x08008b1c        0x8 ..\obj\syscalls.o
                0x08008b1c                link
 .text._close   0x08008b24        0x8 ..\obj\syscalls.o
                0x08008b24                _close
 .text._fstat   0x08008b2c        0xc ..\obj\syscalls.o
                0x08008b2c                _fstat
 .text._isatty  0x08008b38        0x4 ..\obj\syscalls.o
                0x08008b38                _isatty
 .text._lseek   0x08008b3c        0x4 ..\obj\syscalls.o
                0x08008b3c                _lseek
 .text._read    0x08008b40        0x4 ..\obj\syscalls.o
                0x08008b40                _read
 .text._write   0x08008b44        0x4 ..\obj\syscalls.o
                0x08008b44                _write
 .text.abort    0x08008b48        0x4 ..\obj\syscalls.o
                0x08008b48                abort
 .text          0x08008b4c        0x0 ..\obj\stm32f4xx_dma.o
 .text.DMA_DeInit
                0x08008b4c      0x154 ..\obj\stm32f4xx_dma.o
                0x08008b4c                DMA_DeInit
 .text.DMA_Init
                0x08008ca0       0x58 ..\obj\stm32f4xx_dma.o
                0x08008ca0                DMA_Init
 .text.DMA_StructInit
                0x08008cf8       0x24 ..\obj\stm32f4xx_dma.o
                0x08008cf8                DMA_StructInit
 .text.DMA_Cmd  0x08008d1c       0x18 ..\obj\stm32f4xx_dma.o
                0x08008d1c                DMA_Cmd
 .text.DMA_PeriphIncOffsetSizeConfig
                0x08008d34       0x18 ..\obj\stm32f4xx_dma.o
                0x08008d34                DMA_PeriphIncOffsetSizeConfig
 .text.DMA_FlowControllerConfig
                0x08008d4c       0x18 ..\obj\stm32f4xx_dma.o
                0x08008d4c                DMA_FlowControllerConfig
 .text.DMA_SetCurrDataCounter
                0x08008d64        0x4 ..\obj\stm32f4xx_dma.o
                0x08008d64                DMA_SetCurrDataCounter
 .text.DMA_GetCurrDataCounter
                0x08008d68        0x8 ..\obj\stm32f4xx_dma.o
                0x08008d68                DMA_GetCurrDataCounter
 .text.DMA_DoubleBufferModeConfig
                0x08008d70       0x18 ..\obj\stm32f4xx_dma.o
                0x08008d70                DMA_DoubleBufferModeConfig
 .text.DMA_DoubleBufferModeCmd
                0x08008d88       0x18 ..\obj\stm32f4xx_dma.o
                0x08008d88                DMA_DoubleBufferModeCmd
 .text.DMA_MemoryTargetConfig
                0x08008da0        0xc ..\obj\stm32f4xx_dma.o
                0x08008da0                DMA_MemoryTargetConfig
 .text.DMA_GetCurrentMemoryTarget
                0x08008dac        0x8 ..\obj\stm32f4xx_dma.o
                0x08008dac                DMA_GetCurrentMemoryTarget
 .text.DMA_GetCmdStatus
                0x08008db4        0x8 ..\obj\stm32f4xx_dma.o
                0x08008db4                DMA_GetCmdStatus
 .text.DMA_GetFIFOStatus
                0x08008dbc        0x8 ..\obj\stm32f4xx_dma.o
                0x08008dbc                DMA_GetFIFOStatus
 .text.DMA_GetFlagStatus
                0x08008dc4       0x3c ..\obj\stm32f4xx_dma.o
                0x08008dc4                DMA_GetFlagStatus
 .text.DMA_ClearFlag
                0x08008e00       0x34 ..\obj\stm32f4xx_dma.o
                0x08008e00                DMA_ClearFlag
 .text.DMA_ITConfig
                0x08008e34       0x44 ..\obj\stm32f4xx_dma.o
                0x08008e34                DMA_ITConfig
 .text.DMA_GetITStatus
                0x08008e78       0x5c ..\obj\stm32f4xx_dma.o
                0x08008e78                DMA_GetITStatus
 .text.DMA_ClearITPendingBit
                0x08008ed4       0x34 ..\obj\stm32f4xx_dma.o
                0x08008ed4                DMA_ClearITPendingBit
 .text          0x08008f08        0x0 ..\obj\usbh_usr.o
 .text.USBH_USR_Init
                0x08008f08       0x18 ..\obj\usbh_usr.o
                0x08008f08                USBH_USR_Init
 .text.USBH_USR_DeviceAttached
                0x08008f20       0x18 ..\obj\usbh_usr.o
                0x08008f20                USBH_USR_DeviceAttached
 .text.USBH_USR_UnrecoveredError
                0x08008f38       0x18 ..\obj\usbh_usr.o
                0x08008f38                USBH_USR_UnrecoveredError
 .text.USBH_USR_DeviceDisconnected
                0x08008f50       0x18 ..\obj\usbh_usr.o
                0x08008f50                USBH_USR_DeviceDisconnected
 .text.USBH_USR_ResetDevice
                0x08008f68        0xc ..\obj\usbh_usr.o
                0x08008f68                USBH_USR_ResetDevice
 .text.USBH_USR_DeviceSpeedDetected
                0x08008f74        0x4 ..\obj\usbh_usr.o
                0x08008f74                USBH_USR_DeviceSpeedDetected
 .text.USBH_USR_Device_DescAvailable
                0x08008f78        0x4 ..\obj\usbh_usr.o
                0x08008f78                USBH_USR_Device_DescAvailable
 .text.USBH_USR_DeviceAddressAssigned
                0x08008f7c        0x4 ..\obj\usbh_usr.o
                0x08008f7c                USBH_USR_DeviceAddressAssigned
 .text.USBH_USR_Configuration_DescAvailable
                0x08008f80        0x4 ..\obj\usbh_usr.o
                0x08008f80                USBH_USR_Configuration_DescAvailable
 .text.USBH_USR_Manufacturer_String
                0x08008f84        0x4 ..\obj\usbh_usr.o
                0x08008f84                USBH_USR_Manufacturer_String
 .text.USBH_USR_Product_String
                0x08008f88        0x4 ..\obj\usbh_usr.o
                0x08008f88                USBH_USR_Product_String
 .text.USBH_USR_SerialNum_String
                0x08008f8c        0x4 ..\obj\usbh_usr.o
                0x08008f8c                USBH_USR_SerialNum_String
 .text.USBH_USR_EnumerationDone
                0x08008f90        0x4 ..\obj\usbh_usr.o
                0x08008f90                USBH_USR_EnumerationDone
 .text.USBH_USR_DeviceNotSupported
                0x08008f94        0xc ..\obj\usbh_usr.o
                0x08008f94                USBH_USR_DeviceNotSupported
 .text.USBH_USR_UserInput
                0x08008fa0        0x4 ..\obj\usbh_usr.o
                0x08008fa0                USBH_USR_UserInput
 .text.USBH_USR_OverCurrentDetected
                0x08008fa4        0xc ..\obj\usbh_usr.o
                0x08008fa4                USBH_USR_OverCurrentDetected
 .text.USBH_USR_MSC_Application
                0x08008fb0       0x30 ..\obj\usbh_usr.o
                0x08008fb0                USBH_USR_MSC_Application
 .text.USBH_USR_DeInit
                0x08008fe0        0xc ..\obj\usbh_usr.o
                0x08008fe0                USBH_USR_DeInit
 .text          0x08008fec        0x0 ..\obj\i2s.o
 .text.Cs43InitGpios
                0x08008fec       0x90 ..\obj\i2s.o
                0x08008fec                Cs43InitGpios
 .text.Cs43Init
                0x0800907c       0x48 ..\obj\i2s.o
                0x0800907c                Cs43Init
 .text          0x080090c4        0x0 ..\obj\usb_bsp.o
 .text.BSP_Init
                0x080090c4        0x4 ..\obj\usb_bsp.o
                0x080090c4                BSP_Init
 .text.USB_OTG_BSP_Init
                0x080090c8       0x6c ..\obj\usb_bsp.o
                0x080090c8                USB_OTG_BSP_Init
 .text.USB_OTG_BSP_EnableInterrupt
                0x08009134       0x2c ..\obj\usb_bsp.o
                0x08009134                USB_OTG_BSP_EnableInterrupt
 .text.USB_OTG_BSP_DriveVBUS
                0x08009160       0x20 ..\obj\usb_bsp.o
                0x08009160                USB_OTG_BSP_DriveVBUS
 .text.USB_OTG_BSP_uDelay
                0x08009180       0x2c ..\obj\usb_bsp.o
                0x08009180                USB_OTG_BSP_uDelay
 .text.USB_OTG_BSP_ConfigVBUS
                0x080091ac       0x4c ..\obj\usb_bsp.o
                0x080091ac                USB_OTG_BSP_ConfigVBUS
 .text.USB_OTG_BSP_mDelay
                0x080091f8       0x10 ..\obj\usb_bsp.o
                0x080091f8                USB_OTG_BSP_mDelay
 .text.OTG_FS_IRQHandler
                0x08009208       0x10 ..\obj\usb_bsp.o
                0x08009208                OTG_FS_IRQHandler
 .text          0x08009218        0x0 ..\obj\tm_stm32f4_usb_msc_host.o
 .text.TM_USB_MSCHOST_DeInit
                0x08009218       0x18 ..\obj\tm_stm32f4_usb_msc_host.o
                0x08009218                TM_USB_MSCHOST_DeInit
 .text.TM_USB_MSCHOST_Process
                0x08009230       0x20 ..\obj\tm_stm32f4_usb_msc_host.o
                0x08009230                TM_USB_MSCHOST_Process
 .text.TM_USB_MSCHOST_Device
                0x08009250       0x18 ..\obj\tm_stm32f4_usb_msc_host.o
                0x08009250                TM_USB_MSCHOST_Device
 .text.TM_USB_MSCHOST_Init
                0x08009268       0x48 ..\obj\tm_stm32f4_usb_msc_host.o
                0x08009268                TM_USB_MSCHOST_Init
 .text          0x080092b0        0x0 ..\obj\stproc.o
 .text.xmp3fixpt_MidSideProc
                0x080092b0       0x68 ..\obj\stproc.o
                0x080092b0                xmp3fixpt_MidSideProc
 .text.xmp3fixpt_IntensityProcMPEG1
                0x08009318      0x330 ..\obj\stproc.o
                0x08009318                xmp3fixpt_IntensityProcMPEG1
 .text.xmp3fixpt_IntensityProcMPEG2
                0x08009648      0x2b0 ..\obj\stproc.o
                0x08009648                xmp3fixpt_IntensityProcMPEG2
 .text          0x080098f8        0x0 ..\obj\huffman.o
 .text.xmp3fixpt_DecodeHuffman
                0x080098f8      0x77c ..\obj\huffman.o
                0x080098f8                xmp3fixpt_DecodeHuffman
 .text          0x0800a074        0x0 ..\obj\trigtabs_fixpt.o
 .text          0x0800a074        0x0 ..\obj\preamp.o
 .text.PreampSetVol
                0x0800a074       0x4c ..\obj\preamp.o
                0x0800a074                PreampSetVol
 .text.PreampSetSpeakAtt
                0x0800a0c0       0x30 ..\obj\preamp.o
                0x0800a0c0                PreampSetSpeakAtt
 .text.PreampSetInputGain
                0x0800a0f0       0x34 ..\obj\preamp.o
                0x0800a0f0                PreampSetInputGain
 .text.PreampSetBass
                0x0800a124       0x58 ..\obj\preamp.o
                0x0800a124                PreampSetBass
 .text.PreampSetTreble
                0x0800a17c       0x58 ..\obj\preamp.o
                0x0800a17c                PreampSetTreble
 .text.PreampInit
                0x0800a1d4       0x54 ..\obj\preamp.o
                0x0800a1d4                PreampInit
 .text.PreampSetSourceWrapper
                0x0800a228       0x4c ..\obj\preamp.o
                0x0800a228                PreampSetSourceWrapper
 .text          0x0800a274        0x0 ..\obj\buffers.o
 .text.ClearBuffer
                0x0800a274       0x14 ..\obj\buffers.o
 .text.xmp3fixpt_AllocateBuffers
                0x0800a288       0x8c ..\obj\buffers.o
                0x0800a288                xmp3fixpt_AllocateBuffers
 .text.xmp3fixpt_FreeBuffers
                0x0800a314        0x4 ..\obj\buffers.o
                0x0800a314                xmp3fixpt_FreeBuffers
 .text          0x0800a318        0x0 ..\obj\ff.o
 .text.mem_cpy  0x0800a318       0x14 ..\obj\ff.o
 .text.mem_set  0x0800a32c       0x10 ..\obj\ff.o
 .text.ld_clust
                0x0800a33c       0x20 ..\obj\ff.o
 .text.get_fileinfo
                0x0800a35c       0x68 ..\obj\ff.o
 .text.get_achar
                0x0800a3c4       0x28 ..\obj\ff.o
 .text.pattern_matching
                0x0800a3ec       0xbc ..\obj\ff.o
 .text.get_ldnumber
                0x0800a4a8       0xb8 ..\obj\ff.o
 .text.sync_window
                0x0800a560       0x68 ..\obj\ff.o
 .text.move_window
                0x0800a5c8       0x38 ..\obj\ff.o
 .text.check_fs
                0x0800a600       0x8c ..\obj\ff.o
 .text.validate
                0x0800a68c       0x38 ..\obj\ff.o
 .text.find_volume
                0x0800a6c4      0x3cc ..\obj\ff.o
 .text.sync_fs  0x0800aa90       0xbc ..\obj\ff.o
 .text.clust2sect
                0x0800ab4c       0x18 ..\obj\ff.o
                0x0800ab4c                clust2sect
 .text.get_fat  0x0800ab64       0xe8 ..\obj\ff.o
                0x0800ab64                get_fat
 .text.dir_sdi  0x0800ac4c       0xa0 ..\obj\ff.o
 .text.dir_remove
                0x0800acec       0x34 ..\obj\ff.o
 .text.put_fat  0x0800ad20      0x13c ..\obj\ff.o
                0x0800ad20                put_fat
 .text.create_chain
                0x0800ae5c       0xc0 ..\obj\ff.o
 .text.dir_next
                0x0800af1c      0x124 ..\obj\ff.o
 .text.follow_path
                0x0800b040      0x268 ..\obj\ff.o
 .text.dir_alloc
                0x0800b2a8       0x4c ..\obj\ff.o
 .text.dir_register
                0x0800b2f4       0x38 ..\obj\ff.o
 .text.dir_read
                0x0800b32c       0x5c ..\obj\ff.o
 .text.remove_chain
                0x0800b388       0x6c ..\obj\ff.o
 .text.f_mount  0x0800b3f4       0x68 ..\obj\ff.o
                0x0800b3f4                f_mount
 .text.f_open   0x0800b45c      0x17c ..\obj\ff.o
                0x0800b45c                f_open
 .text.f_read   0x0800b5d8      0x178 ..\obj\ff.o
                0x0800b5d8                f_read
 .text.f_write  0x0800b750      0x1ac ..\obj\ff.o
                0x0800b750                f_write
 .text.putc_bfd
                0x0800b8fc       0x48 ..\obj\ff.o
 .text.f_sync   0x0800b944       0xac ..\obj\ff.o
                0x0800b944                f_sync
 .text.f_close  0x0800b9f0       0x20 ..\obj\ff.o
                0x0800b9f0                f_close
 .text.f_chdrive
                0x0800ba10       0x28 ..\obj\ff.o
                0x0800ba10                f_chdrive
 .text.f_chdir  0x0800ba38       0x58 ..\obj\ff.o
                0x0800ba38                f_chdir
 .text.f_getcwd
                0x0800ba90      0x16c ..\obj\ff.o
                0x0800ba90                f_getcwd
 .text.f_lseek  0x0800bbfc      0x168 ..\obj\ff.o
                0x0800bbfc                f_lseek
 .text.f_opendir
                0x0800bd64       0x7c ..\obj\ff.o
                0x0800bd64                f_opendir
 .text.f_closedir
                0x0800bde0       0x14 ..\obj\ff.o
                0x0800bde0                f_closedir
 .text.f_readdir
                0x0800bdf4       0x5c ..\obj\ff.o
                0x0800bdf4                f_readdir
 .text.f_findnext
                0x0800be50       0x38 ..\obj\ff.o
                0x0800be50                f_findnext
 .text.f_findfirst
                0x0800be88       0x20 ..\obj\ff.o
                0x0800be88                f_findfirst
 .text.f_stat   0x0800bea8       0x44 ..\obj\ff.o
                0x0800bea8                f_stat
 .text.f_getfree
                0x0800beec       0xe4 ..\obj\ff.o
                0x0800beec                f_getfree
 .text.f_truncate
                0x0800bfd0       0xc0 ..\obj\ff.o
                0x0800bfd0                f_truncate
 .text.f_unlink
                0x0800c090       0xcc ..\obj\ff.o
                0x0800c090                f_unlink
 .text.f_mkdir  0x0800c15c      0x1b8 ..\obj\ff.o
                0x0800c15c                f_mkdir
 .text.f_chmod  0x0800c314       0x68 ..\obj\ff.o
                0x0800c314                f_chmod
 .text.f_rename
                0x0800c37c      0x128 ..\obj\ff.o
                0x0800c37c                f_rename
 .text.f_utime  0x0800c4a4       0x6c ..\obj\ff.o
                0x0800c4a4                f_utime
 .text.f_getlabel
                0x0800c510       0xb0 ..\obj\ff.o
                0x0800c510                f_getlabel
 .text.f_setlabel
                0x0800c5c0      0x1d0 ..\obj\ff.o
                0x0800c5c0                f_setlabel
 .text.f_mkfs   0x0800c790      0x630 ..\obj\ff.o
                0x0800c790                f_mkfs
 .text.f_gets   0x0800cdc0       0x54 ..\obj\ff.o
                0x0800cdc0                f_gets
 .text.f_putc   0x0800ce14       0x48 ..\obj\ff.o
                0x0800ce14                f_putc
 .text.f_puts   0x0800ce5c       0x58 ..\obj\ff.o
                0x0800ce5c                f_puts
 .text.f_printf
                0x0800ceb4      0x31c ..\obj\ff.o
                0x0800ceb4                f_printf
 .text          0x0800d1d0        0x0 ..\obj\usb_hcd.o
 .text.HCD_Init
                0x0800d1d0       0x54 ..\obj\usb_hcd.o
                0x0800d1d0                HCD_Init
 .text.HCD_GetCurrentSpeed
                0x0800d224        0xc ..\obj\usb_hcd.o
                0x0800d224                HCD_GetCurrentSpeed
 .text.HCD_ResetPort
                0x0800d230        0xc ..\obj\usb_hcd.o
                0x0800d230                HCD_ResetPort
 .text.HCD_IsDeviceConnected
                0x0800d23c        0x8 ..\obj\usb_hcd.o
                0x0800d23c                HCD_IsDeviceConnected
 .text.HCD_GetCurrentFrame
                0x0800d244        0x8 ..\obj\usb_hcd.o
                0x0800d244                HCD_GetCurrentFrame
 .text.HCD_GetURB_State
                0x0800d24c        0x8 ..\obj\usb_hcd.o
                0x0800d24c                HCD_GetURB_State
 .text.HCD_GetXferCnt
                0x0800d254        0x8 ..\obj\usb_hcd.o
                0x0800d254                HCD_GetXferCnt
 .text.HCD_GetHCState
                0x0800d25c        0x8 ..\obj\usb_hcd.o
                0x0800d25c                HCD_GetHCState
 .text.HCD_HC_Init
                0x0800d264        0x8 ..\obj\usb_hcd.o
                0x0800d264                HCD_HC_Init
 .text.HCD_SubmitRequest
                0x0800d26c       0x18 ..\obj\usb_hcd.o
                0x0800d26c                HCD_SubmitRequest
 .text          0x0800d284        0x0 ..\obj\usbh_msc_bot.o
 .text.USBH_MSC_Init
                0x0800d284       0x40 ..\obj\usbh_msc_bot.o
                0x0800d284                USBH_MSC_Init
 .text.USBH_MSC_BOT_Abort
                0x0800d2c4       0x3c ..\obj\usbh_msc_bot.o
                0x0800d2c4                USBH_MSC_BOT_Abort
 .text.USBH_MSC_DecodeCSW
                0x0800d300       0x6c ..\obj\usbh_msc_bot.o
                0x0800d300                USBH_MSC_DecodeCSW
 .text.USBH_MSC_HandleBOTXfer
                0x0800d36c      0x2b8 ..\obj\usbh_msc_bot.o
                0x0800d36c                USBH_MSC_HandleBOTXfer
 .text          0x0800d624        0x0 ..\obj\stm32f4xx_spi.o
 .text.SPI_I2S_DeInit
                0x0800d624       0x64 ..\obj\stm32f4xx_spi.o
                0x0800d624                SPI_I2S_DeInit
 .text.SPI_Init
                0x0800d688       0x40 ..\obj\stm32f4xx_spi.o
                0x0800d688                SPI_Init
 .text.I2S_Init
                0x0800d6c8       0xec ..\obj\stm32f4xx_spi.o
                0x0800d6c8                I2S_Init
 .text.SPI_StructInit
                0x0800d7b4       0x18 ..\obj\stm32f4xx_spi.o
                0x0800d7b4                SPI_StructInit
 .text.I2S_StructInit
                0x0800d7cc       0x14 ..\obj\stm32f4xx_spi.o
                0x0800d7cc                I2S_StructInit
 .text.SPI_Cmd  0x0800d7e0       0x1c ..\obj\stm32f4xx_spi.o
                0x0800d7e0                SPI_Cmd
 .text.I2S_Cmd  0x0800d7fc       0x1c ..\obj\stm32f4xx_spi.o
                0x0800d7fc                I2S_Cmd
 .text.SPI_DataSizeConfig
                0x0800d818       0x18 ..\obj\stm32f4xx_spi.o
                0x0800d818                SPI_DataSizeConfig
 .text.SPI_BiDirectionalLineConfig
                0x0800d830       0x20 ..\obj\stm32f4xx_spi.o
                0x0800d830                SPI_BiDirectionalLineConfig
 .text.SPI_NSSInternalSoftwareConfig
                0x0800d850       0x24 ..\obj\stm32f4xx_spi.o
                0x0800d850                SPI_NSSInternalSoftwareConfig
 .text.SPI_SSOutputCmd
                0x0800d874       0x1c ..\obj\stm32f4xx_spi.o
                0x0800d874                SPI_SSOutputCmd
 .text.SPI_TIModeCmd
                0x0800d890       0x1c ..\obj\stm32f4xx_spi.o
                0x0800d890                SPI_TIModeCmd
 .text.I2S_FullDuplexConfig
                0x0800d8ac       0x4c ..\obj\stm32f4xx_spi.o
                0x0800d8ac                I2S_FullDuplexConfig
 .text.SPI_I2S_ReceiveData
                0x0800d8f8        0x8 ..\obj\stm32f4xx_spi.o
                0x0800d8f8                SPI_I2S_ReceiveData
 .text.SPI_I2S_SendData
                0x0800d900        0x4 ..\obj\stm32f4xx_spi.o
                0x0800d900                SPI_I2S_SendData
 .text.SPI_CalculateCRC
                0x0800d904       0x1c ..\obj\stm32f4xx_spi.o
                0x0800d904                SPI_CalculateCRC
 .text.SPI_TransmitCRC
                0x0800d920        0xc ..\obj\stm32f4xx_spi.o
                0x0800d920                SPI_TransmitCRC
 .text.SPI_GetCRC
                0x0800d92c        0xc ..\obj\stm32f4xx_spi.o
                0x0800d92c                SPI_GetCRC
 .text.SPI_GetCRCPolynomial
                0x0800d938        0x8 ..\obj\stm32f4xx_spi.o
                0x0800d938                SPI_GetCRCPolynomial
 .text.SPI_I2S_DMACmd
                0x0800d940       0x18 ..\obj\stm32f4xx_spi.o
                0x0800d940                SPI_I2S_DMACmd
 .text.SPI_I2S_ITConfig
                0x0800d958       0x24 ..\obj\stm32f4xx_spi.o
                0x0800d958                SPI_I2S_ITConfig
 .text.SPI_I2S_GetFlagStatus
                0x0800d97c        0xc ..\obj\stm32f4xx_spi.o
                0x0800d97c                SPI_I2S_GetFlagStatus
 .text.SPI_I2S_ClearFlag
                0x0800d988        0x8 ..\obj\stm32f4xx_spi.o
                0x0800d988                SPI_I2S_ClearFlag
 .text.SPI_I2S_GetITStatus
                0x0800d990       0x30 ..\obj\stm32f4xx_spi.o
                0x0800d990                SPI_I2S_GetITStatus
 .text.SPI_I2S_ClearITPendingBit
                0x0800d9c0       0x14 ..\obj\stm32f4xx_spi.o
                0x0800d9c0                SPI_I2S_ClearITPendingBit
 .text          0x0800d9d4        0x0 ..\obj\dct32.o
 .text.xmp3fixpt_FDCT32
                0x0800d9d4      0x674 ..\obj\dct32.o
                0x0800d9d4                xmp3fixpt_FDCT32
 .text          0x0800e048        0x0 ..\obj\stm32f4xx_i2c.o
 .text.I2C_DeInit
                0x0800e048       0x64 ..\obj\stm32f4xx_i2c.o
                0x0800e048                I2C_DeInit
 .text.I2C_Init
                0x0800e0ac       0xe0 ..\obj\stm32f4xx_i2c.o
                0x0800e0ac                I2C_Init
 .text.I2C_StructInit
                0x0800e18c       0x1c ..\obj\stm32f4xx_i2c.o
                0x0800e18c                I2C_StructInit
 .text.I2C_Cmd  0x0800e1a8       0x1c ..\obj\stm32f4xx_i2c.o
                0x0800e1a8                I2C_Cmd
 .text.I2C_GenerateSTART
                0x0800e1c4       0x1c ..\obj\stm32f4xx_i2c.o
                0x0800e1c4                I2C_GenerateSTART
 .text.I2C_GenerateSTOP
                0x0800e1e0       0x1c ..\obj\stm32f4xx_i2c.o
                0x0800e1e0                I2C_GenerateSTOP
 .text.I2C_Send7bitAddress
                0x0800e1fc       0x14 ..\obj\stm32f4xx_i2c.o
                0x0800e1fc                I2C_Send7bitAddress
 .text.I2C_AcknowledgeConfig
                0x0800e210       0x1c ..\obj\stm32f4xx_i2c.o
                0x0800e210                I2C_AcknowledgeConfig
 .text.I2C_OwnAddress2Config
                0x0800e22c       0x14 ..\obj\stm32f4xx_i2c.o
                0x0800e22c                I2C_OwnAddress2Config
 .text.I2C_DualAddressCmd
                0x0800e240       0x1c ..\obj\stm32f4xx_i2c.o
                0x0800e240                I2C_DualAddressCmd
 .text.I2C_GeneralCallCmd
                0x0800e25c       0x1c ..\obj\stm32f4xx_i2c.o
                0x0800e25c                I2C_GeneralCallCmd
 .text.I2C_SoftwareResetCmd
                0x0800e278       0x1c ..\obj\stm32f4xx_i2c.o
                0x0800e278                I2C_SoftwareResetCmd
 .text.I2C_StretchClockCmd
                0x0800e294       0x1c ..\obj\stm32f4xx_i2c.o
                0x0800e294                I2C_StretchClockCmd
 .text.I2C_FastModeDutyCycleConfig
                0x0800e2b0       0x20 ..\obj\stm32f4xx_i2c.o
                0x0800e2b0                I2C_FastModeDutyCycleConfig
 .text.I2C_NACKPositionConfig
                0x0800e2d0       0x20 ..\obj\stm32f4xx_i2c.o
                0x0800e2d0                I2C_NACKPositionConfig
 .text.I2C_SMBusAlertConfig
                0x0800e2f0       0x20 ..\obj\stm32f4xx_i2c.o
                0x0800e2f0                I2C_SMBusAlertConfig
 .text.I2C_ARPCmd
                0x0800e310       0x1c ..\obj\stm32f4xx_i2c.o
                0x0800e310                I2C_ARPCmd
 .text.I2C_SendData
                0x0800e32c        0x4 ..\obj\stm32f4xx_i2c.o
                0x0800e32c                I2C_SendData
 .text.I2C_ReceiveData
                0x0800e330        0x8 ..\obj\stm32f4xx_i2c.o
                0x0800e330                I2C_ReceiveData
 .text.I2C_TransmitPEC
                0x0800e338       0x1c ..\obj\stm32f4xx_i2c.o
                0x0800e338                I2C_TransmitPEC
 .text.I2C_PECPositionConfig
                0x0800e354       0x20 ..\obj\stm32f4xx_i2c.o
                0x0800e354                I2C_PECPositionConfig
 .text.I2C_CalculatePEC
                0x0800e374       0x1c ..\obj\stm32f4xx_i2c.o
                0x0800e374                I2C_CalculatePEC
 .text.I2C_GetPEC
                0x0800e390        0x8 ..\obj\stm32f4xx_i2c.o
                0x0800e390                I2C_GetPEC
 .text.I2C_DMACmd
                0x0800e398       0x1c ..\obj\stm32f4xx_i2c.o
                0x0800e398                I2C_DMACmd
 .text.I2C_DMALastTransferCmd
                0x0800e3b4       0x1c ..\obj\stm32f4xx_i2c.o
                0x0800e3b4                I2C_DMALastTransferCmd
 .text.I2C_ReadRegister
                0x0800e3d0       0x18 ..\obj\stm32f4xx_i2c.o
                0x0800e3d0                I2C_ReadRegister
 .text.I2C_ITConfig
                0x0800e3e8       0x18 ..\obj\stm32f4xx_i2c.o
                0x0800e3e8                I2C_ITConfig
 .text.I2C_CheckEvent
                0x0800e400       0x1c ..\obj\stm32f4xx_i2c.o
                0x0800e400                I2C_CheckEvent
 .text.I2C_GetLastEvent
                0x0800e41c       0x10 ..\obj\stm32f4xx_i2c.o
                0x0800e41c                I2C_GetLastEvent
 .text.I2C_GetFlagStatus
                0x0800e42c       0x38 ..\obj\stm32f4xx_i2c.o
                0x0800e42c                I2C_GetFlagStatus
 .text.I2C_ClearFlag
                0x0800e464        0x8 ..\obj\stm32f4xx_i2c.o
                0x0800e464                I2C_ClearFlag
 .text.I2C_GetITStatus
                0x0800e46c       0x20 ..\obj\stm32f4xx_i2c.o
                0x0800e46c                I2C_GetITStatus
 .text.I2C_ClearITPendingBit
                0x0800e48c        0x8 ..\obj\stm32f4xx_i2c.o
                0x0800e48c                I2C_ClearITPendingBit
 .text          0x0800e494        0x0 ..\obj\stm32f4xx_exti.o
 .text.EXTI_DeInit
                0x0800e494       0x1c ..\obj\stm32f4xx_exti.o
                0x0800e494                EXTI_DeInit
 .text.EXTI_Init
                0x0800e4b0       0x90 ..\obj\stm32f4xx_exti.o
                0x0800e4b0                EXTI_Init
 .text.EXTI_StructInit
                0x0800e540       0x10 ..\obj\stm32f4xx_exti.o
                0x0800e540                EXTI_StructInit
 .text.EXTI_GenerateSWInterrupt
                0x0800e550       0x10 ..\obj\stm32f4xx_exti.o
                0x0800e550                EXTI_GenerateSWInterrupt
 .text.EXTI_GetFlagStatus
                0x0800e560       0x14 ..\obj\stm32f4xx_exti.o
                0x0800e560                EXTI_GetFlagStatus
 .text.EXTI_ClearFlag
                0x0800e574        0xc ..\obj\stm32f4xx_exti.o
                0x0800e574                EXTI_ClearFlag
 .text.EXTI_GetITStatus
                0x0800e580       0x1c ..\obj\stm32f4xx_exti.o
                0x0800e580                EXTI_GetITStatus
 .text.EXTI_ClearITPendingBit
                0x0800e59c        0xc ..\obj\stm32f4xx_exti.o
                0x0800e59c                EXTI_ClearITPendingBit
 .text          0x0800e5a8        0x0 ..\obj\usbh_ioreq.o
 .text.USBH_CtlReq
                0x0800e5a8       0x54 ..\obj\usbh_ioreq.o
                0x0800e5a8                USBH_CtlReq
 .text.USBH_CtlSendSetup
                0x0800e5fc       0x30 ..\obj\usbh_ioreq.o
                0x0800e5fc                USBH_CtlSendSetup
 .text.USBH_CtlSendData
                0x0800e62c       0x4c ..\obj\usbh_ioreq.o
                0x0800e62c                USBH_CtlSendData
 .text.USBH_CtlReceiveData
                0x0800e678       0x2c ..\obj\usbh_ioreq.o
                0x0800e678                USBH_CtlReceiveData
 .text.USBH_BulkSendData
                0x0800e6a4       0x40 ..\obj\usbh_ioreq.o
                0x0800e6a4                USBH_BulkSendData
 .text.USBH_BulkReceiveData
                0x0800e6e4       0x40 ..\obj\usbh_ioreq.o
                0x0800e6e4                USBH_BulkReceiveData
 .text.USBH_InterruptReceiveData
                0x0800e724       0x4c ..\obj\usbh_ioreq.o
                0x0800e724                USBH_InterruptReceiveData
 .text.USBH_InterruptSendData
                0x0800e770       0x4c ..\obj\usbh_ioreq.o
                0x0800e770                USBH_InterruptSendData
 .text.USBH_IsocReceiveData
                0x0800e7bc       0x2c ..\obj\usbh_ioreq.o
                0x0800e7bc                USBH_IsocReceiveData
 .text.USBH_IsocSendData
                0x0800e7e8       0x2c ..\obj\usbh_ioreq.o
                0x0800e7e8                USBH_IsocSendData
 .text          0x0800e814        0x0 ..\obj\misc.o
 .text.NVIC_PriorityGroupConfig
                0x0800e814       0x14 ..\obj\misc.o
                0x0800e814                NVIC_PriorityGroupConfig
 .text.NVIC_Init
                0x0800e828       0x70 ..\obj\misc.o
                0x0800e828                NVIC_Init
 .text.NVIC_SetVectorTable
                0x0800e898       0x14 ..\obj\misc.o
                0x0800e898                NVIC_SetVectorTable
 .text.NVIC_SystemLPConfig
                0x0800e8ac       0x1c ..\obj\misc.o
                0x0800e8ac                NVIC_SystemLPConfig
 .text.SysTick_CLKSourceConfig
                0x0800e8c8       0x18 ..\obj\misc.o
                0x0800e8c8                SysTick_CLKSourceConfig
 .text          0x0800e8e0        0x0 ..\obj\glcd.o
 .text.Sys_DelayUs
                0x0800e8e0       0x14 ..\obj\glcd.o
                0x0800e8e0                Sys_DelayUs
 .text.GLCD_Delay
                0x0800e8f4        0x8 ..\obj\glcd.o
                0x0800e8f4                GLCD_Delay
 .text.GLCDEN   0x0800e8fc       0x18 ..\obj\glcd.o
                0x0800e8fc                GLCDEN
 .text.GLCD_Write
                0x0800e914       0xc4 ..\obj\glcd.o
                0x0800e914                GLCD_Write
 .text.GLCD_Clear
                0x0800e9d8       0x4c ..\obj\glcd.o
                0x0800e9d8                GLCD_Clear
 .text.GLCD_Init
                0x0800ea24       0x34 ..\obj\glcd.o
                0x0800ea24                GLCD_Init
 .text.GLCD_Write_Block
                0x0800ea58       0x38 ..\obj\glcd.o
                0x0800ea58                GLCD_Write_Block
 .text.GLCD_Write_Char
                0x0800ea90       0x88 ..\obj\glcd.o
                0x0800ea90                GLCD_Write_Char
 .text.GLCD_WriteString
                0x0800eb18       0x2c ..\obj\glcd.o
                0x0800eb18                GLCD_WriteString
 .text          0x0800eb44        0x0 ..\obj\tm_stm32f4_gpio.o
 .text.TM_GPIO_DeInit
                0x0800eb44       0x4c ..\obj\tm_stm32f4_gpio.o
                0x0800eb44                TM_GPIO_DeInit
 .text.TM_GPIO_SetPinAsInput
                0x0800eb90       0x28 ..\obj\tm_stm32f4_gpio.o
                0x0800eb90                TM_GPIO_SetPinAsInput
 .text.TM_GPIO_SetPinAsOutput
                0x0800ebb8       0x30 ..\obj\tm_stm32f4_gpio.o
                0x0800ebb8                TM_GPIO_SetPinAsOutput
 .text.TM_GPIO_SetPinAsAnalog
                0x0800ebe8       0x28 ..\obj\tm_stm32f4_gpio.o
                0x0800ebe8                TM_GPIO_SetPinAsAnalog
 .text.TM_GPIO_SetPinAsAlternate
                0x0800ec10       0x30 ..\obj\tm_stm32f4_gpio.o
                0x0800ec10                TM_GPIO_SetPinAsAlternate
 .text.TM_GPIO_SetPullResistor
                0x0800ec40       0x30 ..\obj\tm_stm32f4_gpio.o
                0x0800ec40                TM_GPIO_SetPullResistor
 .text.TM_GPIO_Lock
                0x0800ec70       0x10 ..\obj\tm_stm32f4_gpio.o
                0x0800ec70                TM_GPIO_Lock
 .text.TM_GPIO_GetPinSource
                0x0800ec80       0x18 ..\obj\tm_stm32f4_gpio.o
                0x0800ec80                TM_GPIO_GetPinSource
 .text.TM_GPIO_GetPortSource
                0x0800ec98       0x10 ..\obj\tm_stm32f4_gpio.o
                0x0800ec98                TM_GPIO_GetPortSource
 .text.TM_GPIO_INT_EnableClock
                0x0800eca8       0x20 ..\obj\tm_stm32f4_gpio.o
                0x0800eca8                TM_GPIO_INT_EnableClock
 .text.TM_GPIO_INT_DisableClock
                0x0800ecc8       0x24 ..\obj\tm_stm32f4_gpio.o
                0x0800ecc8                TM_GPIO_INT_DisableClock
 .text.TM_GPIO_INT_Init
                0x0800ecec       0xa4 ..\obj\tm_stm32f4_gpio.o
                0x0800ecec                TM_GPIO_INT_Init
 .text.TM_GPIO_Init
                0x0800ed90       0x30 ..\obj\tm_stm32f4_gpio.o
                0x0800ed90                TM_GPIO_Init
 .text.TM_GPIO_InitAlternate
                0x0800edc0       0x68 ..\obj\tm_stm32f4_gpio.o
                0x0800edc0                TM_GPIO_InitAlternate
 .text.TM_GPIO_GetUsedPins
                0x0800ee28       0x18 ..\obj\tm_stm32f4_gpio.o
                0x0800ee28                TM_GPIO_GetUsedPins
 .text.TM_GPIO_GetFreePins
                0x0800ee40       0x1c ..\obj\tm_stm32f4_gpio.o
                0x0800ee40                TM_GPIO_GetFreePins
 .text          0x0800ee5c        0x0 ..\obj\polyphase.o
 .text.xmp3fixpt_PolyphaseMono
                0x0800ee5c      0x2bc ..\obj\polyphase.o
                0x0800ee5c                xmp3fixpt_PolyphaseMono
 .text.xmp3fixpt_PolyphaseStereo
                0x0800f118      0x56c ..\obj\polyphase.o
                0x0800f118                xmp3fixpt_PolyphaseStereo
 .text          0x0800f684        0x0 ..\obj\tm_stm32f4_timer_properties.o
 .text.TM_TIMER_PROPERTIES_GetTimerProperties
                0x0800f684       0xbc ..\obj\tm_stm32f4_timer_properties.o
                0x0800f684                TM_TIMER_PROPERTIES_GetTimerProperties
 .text.TM_TIMER_PROPERTIES_GenerateDataForWorkingFrequency
                0x0800f740       0xb0 ..\obj\tm_stm32f4_timer_properties.o
                0x0800f740                TM_TIMER_PROPERTIES_GenerateDataForWorkingFrequency
 .text.TM_TIMER_PROPERTIES_EnableClock
                0x0800f7f0      0x120 ..\obj\tm_stm32f4_timer_properties.o
                0x0800f7f0                TM_TIMER_PROPERTIES_EnableClock
 .text.TM_TIMER_PROPERTIES_DisableClock
                0x0800f910      0x120 ..\obj\tm_stm32f4_timer_properties.o
                0x0800f910                TM_TIMER_PROPERTIES_DisableClock
 .text          0x0800fa30        0x0 ..\obj\stm32f4xx_tim.o
 .text.TI1_Config
                0x0800fa30       0x34 ..\obj\stm32f4xx_tim.o
 .text.TI2_Config
                0x0800fa64       0x3c ..\obj\stm32f4xx_tim.o
 .text.TIM_DeInit
                0x0800faa0      0x198 ..\obj\stm32f4xx_tim.o
                0x0800faa0                TIM_DeInit
 .text.TIM_TimeBaseInit
                0x0800fc38       0x88 ..\obj\stm32f4xx_tim.o
                0x0800fc38                TIM_TimeBaseInit
 .text.TIM_TimeBaseStructInit
                0x0800fcc0       0x14 ..\obj\stm32f4xx_tim.o
                0x0800fcc0                TIM_TimeBaseStructInit
 .text.TIM_PrescalerConfig
                0x0800fcd4        0x8 ..\obj\stm32f4xx_tim.o
                0x0800fcd4                TIM_PrescalerConfig
 .text.TIM_CounterModeConfig
                0x0800fcdc       0x10 ..\obj\stm32f4xx_tim.o
                0x0800fcdc                TIM_CounterModeConfig
 .text.TIM_SetCounter
                0x0800fcec        0x4 ..\obj\stm32f4xx_tim.o
                0x0800fcec                TIM_SetCounter
 .text.TIM_SetAutoreload
                0x0800fcf0        0x4 ..\obj\stm32f4xx_tim.o
                0x0800fcf0                TIM_SetAutoreload
 .text.TIM_GetCounter
                0x0800fcf4        0x4 ..\obj\stm32f4xx_tim.o
                0x0800fcf4                TIM_GetCounter
 .text.TIM_GetPrescaler
                0x0800fcf8        0x8 ..\obj\stm32f4xx_tim.o
                0x0800fcf8                TIM_GetPrescaler
 .text.TIM_UpdateDisableConfig
                0x0800fd00       0x1c ..\obj\stm32f4xx_tim.o