Archive member included to satisfy reference by file (symbol)

c:/program files (x86)/gnu tools arm embedded/5.4 2016q3/bin/../lib/gcc/arm-none-eabi/5.4.1/armv7e-m\libgcc.a(_arm_addsubdf3.o)
                              ..\obj\tm_stm32f4_fatfs.o (__aeabi_ui2d)
c:/program files (x86)/gnu tools arm embedded/5.4 2016q3/bin/../lib/gcc/arm-none-eabi/5.4.1/armv7e-m\libgcc.a(_arm_muldivdf3.o)
                              ..\obj\tm_stm32f4_fatfs.o (__aeabi_dmul)
c:/program files (x86)/gnu tools arm embedded/5.4 2016q3/bin/../lib/gcc/arm-none-eabi/5.4.1/armv7e-m\libgcc.a(_arm_cmpdf2.o)
                              ..\obj\tm_stm32f4_timer_properties.o (__aeabi_dcmpeq)
c:/program files (x86)/gnu tools arm embedded/5.4 2016q3/bin/../lib/gcc/arm-none-eabi/5.4.1/armv7e-m\libgcc.a(_arm_fixunsdfsi.o)
                              ..\obj\tm_stm32f4_fatfs.o (__aeabi_d2uiz)
c:/program files (x86)/gnu tools arm embedded/5.4 2016q3/bin/../lib/gcc/arm-none-eabi/5.4.1/../../../../arm-none-eabi/lib/armv7e-m\libg.a(lib_a-malloc.o)
                              ..\obj\tm_stm32f4_fatfs.o (malloc)
c:/program files (x86)/gnu tools arm embedded/5.4 2016q3/bin/../lib/gcc/arm-none-eabi/5.4.1/../../../../arm-none-eabi/lib/armv7e-m\libg.a(lib_a-mallocr.o)
                              c:/program files (x86)/gnu tools arm embedded/5.4 2016q3/bin/../lib/gcc/arm-none-eabi/5.4.1/../../../../arm-none-eabi/lib/armv7e-m\libg.a(lib_a-malloc.o) (_malloc_r)
c:/program files (x86)/gnu tools arm embedded/5.4 2016q3/bin/../lib/gcc/arm-none-eabi/5.4.1/../../../../arm-none-eabi/lib/armv7e-m\libg.a(lib_a-mlock.o)
                              c:/program files (x86)/gnu tools arm embedded/5.4 2016q3/bin/../lib/gcc/arm-none-eabi/5.4.1/../../../../arm-none-eabi/lib/armv7e-m\libg.a(lib_a-mallocr.o) (__malloc_lock)
c:/program files (x86)/gnu tools arm embedded/5.4 2016q3/bin/../lib/gcc/arm-none-eabi/5.4.1/../../../../arm-none-eabi/lib/armv7e-m\libg.a(lib_a-sbrkr.o)
                              c:/program files (x86)/gnu tools arm embedded/5.4 2016q3/bin/../lib/gcc/arm-none-eabi/5.4.1/../../../../arm-none-eabi/lib/armv7e-m\libg.a(lib_a-mallocr.o) (_sbrk_r)
c:/program files (x86)/gnu tools arm embedded/5.4 2016q3/bin/../lib/gcc/arm-none-eabi/5.4.1/../../../../arm-none-eabi/lib/armv7e-m\libg.a(lib_a-sprintf.o)
                              ..\obj\tm_stm32f4_fatfs.o (sprintf)
c:/program files (x86)/gnu tools arm embedded/5.4 2016q3/bin/../lib/gcc/arm-none-eabi/5.4.1/../../../../arm-none-eabi/lib/armv7e-m\libg.a(lib_a-strcpy.o)
                              ..\obj\tm_stm32f4_fatfs.o (strcpy)
c:/program files (x86)/gnu tools arm embedded/5.4 2016q3/bin/../lib/gcc/arm-none-eabi/5.4.1/../../../../arm-none-eabi/lib/armv7e-m\libg.a(lib_a-strlen.o)
                              ..\obj\tm_stm32f4_fatfs.o (strlen)
c:/program files (x86)/gnu tools arm embedded/5.4 2016q3/bin/../lib/gcc/arm-none-eabi/5.4.1/../../../../arm-none-eabi/lib/armv7e-m\libg.a(lib_a-svfprintf.o)
                              c:/program files (x86)/gnu tools arm embedded/5.4 2016q3/bin/../lib/gcc/arm-none-eabi/5.4.1/../../../../arm-none-eabi/lib/armv7e-m\libg.a(lib_a-sprintf.o) (_svfprintf_r)
c:/program files (x86)/gnu tools arm embedded/5.4 2016q3/bin/../lib/gcc/arm-none-eabi/5.4.1/../../../../arm-none-eabi/lib/armv7e-m\libg.a(lib_a-dtoa.o)
                              c:/program files (x86)/gnu tools arm embedded/5.4 2016q3/bin/../lib/gcc/arm-none-eabi/5.4.1/../../../../arm-none-eabi/lib/armv7e-m\libg.a(lib_a-svfprintf.o) (_dtoa_r)
c:/program files (x86)/gnu tools arm embedded/5.4 2016q3/bin/../lib/gcc/arm-none-eabi/5.4.1/../../../../arm-none-eabi/lib/armv7e-m\libg.a(lib_a-freer.o)
                              c:/program files (x86)/gnu tools arm embedded/5.4 2016q3/bin/../lib/gcc/arm-none-eabi/5.4.1/../../../../arm-none-eabi/lib/armv7e-m\libg.a(lib_a-malloc.o) (_free_r)
c:/program files (x86)/gnu tools arm embedded/5.4 2016q3/bin/../lib/gcc/arm-none-eabi/5.4.1/../../../../arm-none-eabi/lib/armv7e-m\libg.a(lib_a-impure.o)
                              c:/program files (x86)/gnu tools arm embedded/5.4 2016q3/bin/../lib/gcc/arm-none-eabi/5.4.1/../../../../arm-none-eabi/lib/armv7e-m\libg.a(lib_a-malloc.o) (_impure_ptr)
c:/program files (x86)/gnu tools arm embedded/5.4 2016q3/bin/../lib/gcc/arm-none-eabi/5.4.1/../../../../arm-none-eabi/lib/armv7e-m\libg.a(lib_a-localeconv.o)
                              c:/program files (x86)/gnu tools arm embedded/5.4 2016q3/bin/../lib/gcc/arm-none-eabi/5.4.1/../../../../arm-none-eabi/lib/armv7e-m\libg.a(lib_a-svfprintf.o) (_localeconv_r)
c:/program files (x86)/gnu tools arm embedded/5.4 2016q3/bin/../lib/gcc/arm-none-eabi/5.4.1/../../../../arm-none-eabi/lib/armv7e-m\libg.a(lib_a-memchr.o)
                              c:/program files (x86)/gnu tools arm embedded/5.4 2016q3/bin/../lib/gcc/arm-none-eabi/5.4.1/../../../../arm-none-eabi/lib/armv7e-m\libg.a(lib_a-svfprintf.o) (memchr)
[...]
Memory Configuration

Name             Origin             Length             Attributes
rom              0x08000000         0x00100000         xr
ram              0x20000000         0x00020000         xrw
ram1             0x10000000         0x00010000         xrw
*default*        0x00000000         0xffffffff

Linker script and memory map

                0x20020000                _eram = 0x20020000

.text           0x08000000     0x6106
 *(.isr_vector)
 .isr_vector    0x08000000      0x188 ..\obj\startup_stm32f4xx.o
                0x08000000                g_pfnVectors
 *(.text*)
 .text.PcmPlay  0x08000188       0xd4 ..\obj\pcm.o
                0x08000188                PcmPlay
 .text.I2C_Init_Amp
                0x0800025c       0x50 ..\obj\i2c.o
                0x0800025c                I2C_Init_Amp
 .text.I2C_start
                0x080002ac       0x88 ..\obj\i2c.o
                0x080002ac                I2C_start
 .text.I2C_write
                0x08000334       0x34 ..\obj\i2c.o
                0x08000334                I2C_write
 .text.I2C_stop
                0x08000368       0x18 ..\obj\i2c.o
                0x08000368                I2C_stop
 .text.TM_EXTI_Attach
                0x08000380      0x284 ..\obj\tm_stm32f4_exti.o
                0x08000380                TM_EXTI_Attach
 .text.EXTI0_IRQHandler
                0x08000604       0x24 ..\obj\tm_stm32f4_exti.o
                0x08000604                EXTI0_IRQHandler
 .text.EXTI1_IRQHandler
                0x08000628       0x24 ..\obj\tm_stm32f4_exti.o
                0x08000628                EXTI1_IRQHandler
 .text.EXTI2_IRQHandler
                0x0800064c       0x24 ..\obj\tm_stm32f4_exti.o
                0x0800064c                EXTI2_IRQHandler
 .text.EXTI3_IRQHandler
                0x08000670       0x24 ..\obj\tm_stm32f4_exti.o
                0x08000670                EXTI3_IRQHandler
 .text.EXTI4_IRQHandler
                0x08000694       0x24 ..\obj\tm_stm32f4_exti.o
                0x08000694                EXTI4_IRQHandler
 .text.EXTI9_5_IRQHandler
                0x080006b8       0x8c ..\obj\tm_stm32f4_exti.o
                0x080006b8                EXTI9_5_IRQHandler
 .text.EXTI15_10_IRQHandler
                0x08000744       0xb4 ..\obj\tm_stm32f4_exti.o
                0x08000744                EXTI15_10_IRQHandler
 .text.Tim2Init
                0x080007f8       0x58 ..\obj\timer.o
                0x080007f8                Tim2Init
 .text.Tim2Start
                0x08000850       0x20 ..\obj\timer.o
                0x08000850                Tim2Start
 .text.Tim2Stop
                0x08000870       0x20 ..\obj\timer.o
                0x08000870                Tim2Stop
 .text.USART_DeInit
                0x08000890       0xd4 ..\obj\stm32f4xx_usart.o
                0x08000890                USART_DeInit
 .text.USART_Init
                0x08000964      0x174 ..\obj\stm32f4xx_usart.o
                0x08000964                USART_Init
 .text.disk_initialize
                0x08000ad8       0x44 ..\obj\diskio.o
                0x08000ad8                disk_initialize
 .text.disk_status
                0x08000b1c       0x48 ..\obj\diskio.o
                0x08000b1c                disk_status
 .text.disk_read
                0x08000b64       0x5c ..\obj\diskio.o
                0x08000b64                disk_read
 .text.disk_write
                0x08000bc0       0x5c ..\obj\diskio.o
                0x08000bc0                disk_write
 .text.disk_ioctl
                0x08000c1c       0x54 ..\obj\diskio.o
                0x08000c1c                disk_ioctl
 .text.get_fattime
                0x08000c70       0x14 ..\obj\diskio.o
                0x08000c70                get_fattime
 .text.TM_FATFS_USB_disk_initialize
                0x08000c84       0x10 ..\obj\diskio.o
                0x08000c84                TM_FATFS_USB_disk_initialize
 .text.TM_FATFS_SDRAM_disk_initialize
                0x08000c94       0x10 ..\obj\diskio.o
                0x08000c94                TM_FATFS_SDRAM_disk_initialize
 .text.TM_FATFS_SPI_FLASH_disk_initialize
                0x08000ca4       0x10 ..\obj\diskio.o
                0x08000ca4                TM_FATFS_SPI_FLASH_disk_initialize
 .text.TM_FATFS_USB_disk_status
                0x08000cb4       0x10 ..\obj\diskio.o
                0x08000cb4                TM_FATFS_USB_disk_status
 .text.TM_FATFS_SDRAM_disk_status
                0x08000cc4       0x10 ..\obj\diskio.o
                0x08000cc4                TM_FATFS_SDRAM_disk_status
 .text.TM_FATFS_SPI_FLASH_disk_status
                0x08000cd4       0x10 ..\obj\diskio.o
                0x08000cd4                TM_FATFS_SPI_FLASH_disk_status
 .text.TM_FATFS_USB_disk_ioctl
                0x08000ce4       0x18 ..\obj\diskio.o
                0x08000ce4                TM_FATFS_USB_disk_ioctl
 .text.TM_FATFS_SDRAM_disk_ioctl
                0x08000cfc       0x18 ..\obj\diskio.o
                0x08000cfc                TM_FATFS_SDRAM_disk_ioctl
 .text.TM_FATFS_SPI_FLASH_disk_ioctl
                0x08000d14       0x18 ..\obj\diskio.o
                0x08000d14                TM_FATFS_SPI_FLASH_disk_ioctl
 .text.TM_FATFS_USB_disk_read
                0x08000d2c       0x18 ..\obj\diskio.o
                0x08000d2c                TM_FATFS_USB_disk_read
 .text.TM_FATFS_SDRAM_disk_read
                0x08000d44       0x18 ..\obj\diskio.o
                0x08000d44                TM_FATFS_SDRAM_disk_read
 .text.TM_FATFS_SPI_FLASH_disk_read
                0x08000d5c       0x18 ..\obj\diskio.o
                0x08000d5c                TM_FATFS_SPI_FLASH_disk_read
 .text.TM_FATFS_USB_disk_write
                0x08000d74       0x18 ..\obj\diskio.o
                0x08000d74                TM_FATFS_USB_disk_write
 .text.TM_FATFS_SDRAM_disk_write
                0x08000d8c       0x18 ..\obj\diskio.o
                0x08000d8c                TM_FATFS_SDRAM_disk_write
 .text.TM_FATFS_SPI_FLASH_disk_write
                0x08000da4       0x18 ..\obj\diskio.o
                0x08000da4                TM_FATFS_SPI_FLASH_disk_write
 .text.Default_Reset_Handler
                0x08000dbc       0x5c ..\obj\startup_stm32f4xx.o
                0x08000dbc                Default_Reset_Handler
                0x08000dbc                Reset_Handler
 .text.Default_Handler
                0x08000e18        0x8 ..\obj\startup_stm32f4xx.o
                0x08000e18                RTC_Alarm_IRQHandler
                0x08000e18                HASH_RNG_IRQHandler
                0x08000e18                TIM8_CC_IRQHandler
                0x08000e18                DebugMon_Handler
                0x08000e18                TIM1_CC_IRQHandler
                0x08000e18                DMA2_Stream5_IRQHandler
                0x08000e18                HardFault_Handler
                0x08000e18                DMA1_Stream5_IRQHandler
                0x08000e18                PVD_IRQHandler
                0x08000e18                SDIO_IRQHandler
                0x08000e18                TAMP_STAMP_IRQHandler
                0x08000e18                PendSV_Handler
                0x08000e18                NMI_Handler
                0x08000e18                CAN2_RX1_IRQHandler
                0x08000e18                TIM8_TRG_COM_TIM14_IRQHandler
                0x08000e18                TIM1_UP_TIM10_IRQHandler
                0x08000e18                TIM8_UP_TIM13_IRQHandler
                0x08000e18                I2C3_ER_IRQHandler
                0x08000e18                I2C2_EV_IRQHandler
                0x08000e18                DMA1_Stream2_IRQHandler
                0x08000e18                CAN1_RX0_IRQHandler
                0x08000e18                FPU_IRQHandler
                0x08000e18                OTG_HS_WKUP_IRQHandler
                0x08000e18                UsageFault_Handler
                0x08000e18                CAN2_SCE_IRQHandler
                0x08000e18                DMA2_Stream2_IRQHandler
                0x08000e18                SPI1_IRQHandler
                0x08000e18                TIM6_DAC_IRQHandler
                0x08000e18                TIM1_BRK_TIM9_IRQHandler
                0x08000e18                DCMI_IRQHandler
                0x08000e18                CAN2_RX0_IRQHandler
                0x08000e18                DMA2_Stream3_IRQHandler
                0x08000e18                CRYP_IRQHandler
                0x08000e18                CAN1_RX1_IRQHandler
                0x08000e18                DMA2_Stream0_IRQHandler
                0x08000e18                TIM4_IRQHandler
                0x08000e18                I2C1_EV_IRQHandler
                0x08000e18                DMA1_Stream6_IRQHandler
                0x08000e18                DMA1_Stream1_IRQHandler
                0x08000e18                TIM3_IRQHandler
                0x08000e18                RCC_IRQHandler
                0x08000e18                TIM8_BRK_TIM12_IRQHandler
                0x08000e18                ADC_IRQHandler
                0x08000e18                TIM7_IRQHandler
                0x08000e18                CAN2_TX_IRQHandler
                0x08000e18                TIM5_IRQHandler
                0x08000e18                DMA2_Stream7_IRQHandler
                0x08000e18                I2C3_EV_IRQHandler
                0x08000e18                RTC_WKUP_IRQHandler
                0x08000e18                ETH_WKUP_IRQHandler
                0x08000e18                SPI2_IRQHandler
                0x08000e18                OTG_HS_EP1_IN_IRQHandler
                0x08000e18                MemManage_Handler
                0x08000e18                DMA1_Stream0_IRQHandler
                0x08000e18                CAN1_TX_IRQHandler
                0x08000e18                SVC_Handler
                0x08000e18                FSMC_IRQHandler
                0x08000e18                ETH_IRQHandler
                0x08000e18                OTG_HS_EP1_OUT_IRQHandler
                0x08000e18                WWDG_IRQHandler
                0x08000e18                OTG_FS_WKUP_IRQHandler
                0x08000e18                TIM1_TRG_COM_TIM11_IRQHandler
                0x08000e18                OTG_HS_IRQHandler
                0x08000e18                I2C2_ER_IRQHandler
                0x08000e18                DMA2_Stream1_IRQHandler
                0x08000e18                CAN1_SCE_IRQHandler
                0x08000e18                FLASH_IRQHandler
                0x08000e18                DMA2_Stream4_IRQHandler
                0x08000e18                BusFault_Handler
                0x08000e18                OTG_FS_IRQHandler
                0x08000e18                SPI3_IRQHandler
                0x08000e18                DMA1_Stream4_IRQHandler
                0x08000e18                I2C1_ER_IRQHandler
                0x08000e18                DMA2_Stream6_IRQHandler
                0x08000e18                DMA1_Stream3_IRQHandler
 .text.main     0x08000e20       0x64 ..\obj\main.o
                0x08000e20                main
 .text.RCC_GetClocksFreq
                0x08000e84      0x154 ..\obj\stm32f4xx_rcc.o
                0x08000e84                RCC_GetClocksFreq
 .text.RCC_AHB1PeriphClockCmd
                0x08000fd8       0x3c ..\obj\stm32f4xx_rcc.o
                0x08000fd8                RCC_AHB1PeriphClockCmd
 .text.RCC_APB1PeriphClockCmd
                0x08001014       0x3c ..\obj\stm32f4xx_rcc.o
                0x08001014                RCC_APB1PeriphClockCmd
 .text.RCC_APB1PeriphResetCmd
                0x08001050       0x3c ..\obj\stm32f4xx_rcc.o
                0x08001050                RCC_APB1PeriphResetCmd
 .text.RCC_APB2PeriphResetCmd
                0x0800108c       0x3c ..\obj\stm32f4xx_rcc.o
                0x0800108c                RCC_APB2PeriphResetCmd
 .text.TM_USART_Init
                0x080010c8      0x108 ..\obj\tm_stm32f4_usart.o
                0x080010c8                TM_USART_Init
 .text.TM_USART_Getc
                0x080011d0       0x74 ..\obj\tm_stm32f4_usart.o
                0x080011d0                TM_USART_Getc
 .text.TM_USART_Gets
                0x08001244       0x94 ..\obj\tm_stm32f4_usart.o
                0x08001244                TM_USART_Gets
 .text.TM_USART_FindCharacter
                0x080012d8       0x60 ..\obj\tm_stm32f4_usart.o
                0x080012d8                TM_USART_FindCharacter
 .text.TM_USART_INT_InsertToBuffer
                0x08001338       0x5c ..\obj\tm_stm32f4_usart.o
                0x08001338                TM_USART_INT_InsertToBuffer
 .text.TM_USART_InitCustomPinsCallback
                0x08001394       0x18 ..\obj\tm_stm32f4_usart.o
                0x08001394                TM_USART_InitCustomPinsCallback
 .text.TM_USART_INT_GetUsart
                0x080013ac       0x8c ..\obj\tm_stm32f4_usart.o
                0x080013ac                TM_USART_INT_GetUsart
 .text.TM_USART_INT_GetSubPriority
                0x08001438       0x74 ..\obj\tm_stm32f4_usart.o
                0x08001438                TM_USART_INT_GetSubPriority
 .text.TM_USART1_InitPins
                0x080014ac       0x64 ..\obj\tm_stm32f4_usart.o
                0x080014ac                TM_USART1_InitPins
 .text.TM_USART2_InitPins
                0x08001510       0x60 ..\obj\tm_stm32f4_usart.o
                0x08001510                TM_USART2_InitPins
 .text.TM_USART3_InitPins
                0x08001570       0x84 ..\obj\tm_stm32f4_usart.o
                0x08001570                TM_USART3_InitPins
 .text.TM_UART4_InitPins
                0x080015f4       0x64 ..\obj\tm_stm32f4_usart.o
                0x080015f4                TM_UART4_InitPins
 .text.TM_UART5_InitPins
                0x08001658       0x5c ..\obj\tm_stm32f4_usart.o
                0x08001658                TM_UART5_InitPins
 .text.TM_USART6_InitPins
                0x080016b4       0x64 ..\obj\tm_stm32f4_usart.o
                0x080016b4                TM_USART6_InitPins
 .text.USART1_IRQHandler
                0x08001718       0x30 ..\obj\tm_stm32f4_usart.o
                0x08001718                USART1_IRQHandler
 .text.USART2_IRQHandler
                0x08001748       0x30 ..\obj\tm_stm32f4_usart.o
                0x08001748                USART2_IRQHandler
 .text.USART3_IRQHandler
                0x08001778       0x30 ..\obj\tm_stm32f4_usart.o
                0x08001778                USART3_IRQHandler
 .text.UART4_IRQHandler
                0x080017a8       0x30 ..\obj\tm_stm32f4_usart.o
                0x080017a8                UART4_IRQHandler
 .text.UART5_IRQHandler
                0x080017d8       0x30 ..\obj\tm_stm32f4_usart.o
                0x080017d8                UART5_IRQHandler
 .text.USART6_IRQHandler
                0x08001808       0x30 ..\obj\tm_stm32f4_usart.o
                0x08001808                USART6_IRQHandler
 .text.TM_USART_INT_Init
                0x08001838      0x18c ..\obj\tm_stm32f4_usart.o
 .text.TM_RE_Init
                0x080019c4       0x78 ..\obj\tm_stm32f4_rotary_encoder.o
                0x080019c4                TM_RE_Init
 .text.TM_RE_Get
                0x08001a3c       0x54 ..\obj\tm_stm32f4_rotary_encoder.o
                0x08001a3c                TM_RE_Get
 .text.TM_RE_Process
                0x08001a90       0x9c ..\obj\tm_stm32f4_rotary_encoder.o
                0x08001a90                TM_RE_Process
 .text.TM_SPI_Send
                0x08001b2c       0x74 ..\obj\fatfs_sd.o
 .text.Delayms  0x08001ba0       0x58 ..\obj\fatfs_sd.o
 .text.init_spi
                0x08001bf8       0x2c ..\obj\fatfs_sd.o
 .text.rcvr_spi_multi
                0x08001c24       0x24 ..\obj\fatfs_sd.o
 .text.xmit_spi_multi
                0x08001c48       0x20 ..\obj\fatfs_sd.o
 .text.wait_ready
                0x08001c68       0x44 ..\obj\fatfs_sd.o
 .text.deselect
                0x08001cac       0x20 ..\obj\fatfs_sd.o
 .text.select   0x08001ccc       0x38 ..\obj\fatfs_sd.o
 .text.rcvr_datablock
                0x08001d04       0x60 ..\obj\fatfs_sd.o
 .text.xmit_datablock
                0x08001d64       0x70 ..\obj\fatfs_sd.o
 .text.send_cmd
                0x08001dd4       0xf4 ..\obj\fatfs_sd.o
 .text.TM_FATFS_InitPins
                0x08001ec8       0x28 ..\obj\fatfs_sd.o
                0x08001ec8                TM_FATFS_InitPins
 .text.TM_FATFS_Detect
                0x08001ef0       0x10 ..\obj\fatfs_sd.o
                0x08001ef0                TM_FATFS_Detect
 .text.TM_FATFS_WriteEnabled
                0x08001f00       0x10 ..\obj\fatfs_sd.o
                0x08001f00                TM_FATFS_WriteEnabled
 .text.TM_FATFS_SD_disk_initialize
                0x08001f10      0x1d0 ..\obj\fatfs_sd.o
                0x08001f10                TM_FATFS_SD_disk_initialize
 .text.TM_FATFS_SD_disk_status
                0x080020e0       0x4c ..\obj\fatfs_sd.o
                0x080020e0                TM_FATFS_SD_disk_status
 .text.TM_FATFS_SD_disk_read
                0x0800212c       0xc4 ..\obj\fatfs_sd.o
                0x0800212c                TM_FATFS_SD_disk_read
 .text.TM_FATFS_SD_disk_write
                0x080021f0      0x100 ..\obj\fatfs_sd.o
                0x080021f0                TM_FATFS_SD_disk_write
 .text.TM_FATFS_SD_disk_ioctl
                0x080022f0      0x2e8 ..\obj\fatfs_sd.o
                0x080022f0                TM_FATFS_SD_disk_ioctl
 .text.BTBtnsProc
                0x080025d8       0x48 ..\obj\bt.o
                0x080025d8                BTBtnsProc
 .text.NVIC_SetPriority
                0x08002620       0x54 ..\obj\tm_stm32f4_delay.o
 .text.SysTick_Config
                0x08002674       0x44 ..\obj\tm_stm32f4_delay.o
 .text.SysTick_Handler
                0x080026b8       0xf0 ..\obj\tm_stm32f4_delay.o
                0x080026b8                SysTick_Handler
 .text.TM_DELAY_Init
                0x080027a8       0x50 ..\obj\tm_stm32f4_delay.o
                0x080027a8                TM_DELAY_Init
 .text.Gpio_Init
                0x080027f8       0xb4 ..\obj\gpio.o
                0x080027f8                Gpio_Init
 .text.TM_SPI_Init
                0x080028ac       0x38 ..\obj\tm_stm32f4_spi.o
                0x080028ac                TM_SPI_Init
 .text.TM_SPI_WriteMulti
                0x080028e4       0x88 ..\obj\tm_stm32f4_spi.o
                0x080028e4                TM_SPI_WriteMulti
 .text.TM_SPI_ReadMulti
                0x0800296c       0x94 ..\obj\tm_stm32f4_spi.o
                0x0800296c                TM_SPI_ReadMulti
 .text.TM_SPI_InitCustomPinsCallback
                0x08002a00       0x18 ..\obj\tm_stm32f4_spi.o
                0x08002a00                TM_SPI_InitCustomPinsCallback
 .text.TM_SPIx_Init
                0x08002a18       0xd4 ..\obj\tm_stm32f4_spi.o
 .text.TM_SPI1_INT_InitPins
                0x08002aec       0x60 ..\obj\tm_stm32f4_spi.o
                0x08002aec                TM_SPI1_INT_InitPins
 .text.MenuInit
                0x08002b4c       0x30 ..\obj\menu.o
                0x08002b4c                MenuInit
 .text.MenuProc
                0x08002b7c       0xac ..\obj\menu.o
                0x08002b7c                MenuProc
 .text.TM_EXTI_Handler
                0x08002c28       0x34 ..\obj\menu.o
                0x08002c28                TM_EXTI_Handler
 .text.RotSwPRessed
                0x08002c5c       0x2c ..\obj\menu.o
                0x08002c5c                RotSwPRessed
 .text.TIM2_IRQHandler
                0x08002c88       0x44 ..\obj\menu.o
                0x08002c88                TIM2_IRQHandler
 .text.GPIO_Init
                0x08002ccc      0x11c ..\obj\stm32f4xx_gpio.o
                0x08002ccc                GPIO_Init
 .text.GPIO_ReadInputDataBit
                0x08002de8       0x34 ..\obj\stm32f4xx_gpio.o
                0x08002de8                GPIO_ReadInputDataBit
 .text.GPIO_WriteBit
                0x08002e1c       0x30 ..\obj\stm32f4xx_gpio.o
                0x08002e1c                GPIO_WriteBit
 .text.GPIO_PinAFConfig
                0x08002e4c       0x90 ..\obj\stm32f4xx_gpio.o
                0x08002e4c                GPIO_PinAFConfig
 .text.SystemInit
                0x08002edc       0x5c ..\obj\system_stm32f4xx.o
                0x08002edc                SystemInit
 .text.SetSysClock
                0x08002f38       0xf4 ..\obj\system_stm32f4xx.o
 .text.DMA_Audio_Init_Single
                0x0800302c       0x84 ..\obj\DMA.o
                0x0800302c                DMA_Audio_Init_Single
 .text.DMA_Audio_Send
                0x080030b0       0x30 ..\obj\DMA.o
                0x080030b0                DMA_Audio_Send
 .text.DMA1_Stream7_IRQHandler
                0x080030e0       0x78 ..\obj\DMA.o
                0x080030e0                DMA1_Stream7_IRQHandler
 .text.DMA_ClearFlag
                0x08003158       0x5c ..\obj\stm32f4xx_dma.o
                0x08003158                DMA_ClearFlag
 .text.DMA_ITConfig
                0x080031b4       0x74 ..\obj\stm32f4xx_dma.o
                0x080031b4                DMA_ITConfig
 .text.DMA_GetITStatus
                0x08003228       0xac ..\obj\stm32f4xx_dma.o
                0x08003228                DMA_GetITStatus
 .text.DMA_ClearITPendingBit
                0x080032d4       0x5c ..\obj\stm32f4xx_dma.o
                0x080032d4                DMA_ClearITPendingBit
 .text.Cs43InitGpios
                0x08003330       0x94 ..\obj\i2s.o
                0x08003330                Cs43InitGpios
 .text.Cs43Init
                0x080033c4       0x5c ..\obj\i2s.o
                0x080033c4                Cs43Init
 .text.PreampInit
                0x08003420       0x5c ..\obj\preamp.o
                0x08003420                PreampInit
 .text.PreampSetVol
                0x0800347c       0x90 ..\obj\preamp.o
                0x0800347c                PreampSetVol
 .text.PreampSetSpeakAtt
                0x0800350c       0x4c ..\obj\preamp.o
                0x0800350c                PreampSetSpeakAtt
 .text.PreampSetInputGain
                0x08003558       0x4c ..\obj\preamp.o
                0x08003558                PreampSetInputGain
 .text.PreampSetBass
                0x080035a4       0xa8 ..\obj\preamp.o
                0x080035a4                PreampSetBass
 .text.PreampSetTreble
                0x0800364c       0xa8 ..\obj\preamp.o
                0x0800364c                PreampSetTreble
 .text.mem_cpy  0x080036f4       0x3c ..\obj\ff.o
 .text.mem_set  0x08003730       0x34 ..\obj\ff.o
 .text.mem_cmp  0x08003764       0x4c ..\obj\ff.o
 .text.chk_chr  0x080037b0       0x34 ..\obj\ff.o
 .text.sync_window
                0x080037e4       0x88 ..\obj\ff.o
 .text.move_window
                0x0800386c       0x5c ..\obj\ff.o
 .text.sync_fs  0x080038c8      0x144 ..\obj\ff.o
 .text.clust2sect
                0x08003a0c       0x3c ..\obj\ff.o
                0x08003a0c                clust2sect
 .text.get_fat  0x08003a48      0x174 ..\obj\ff.o
                0x08003a48                get_fat
 .text.put_fat  0x08003bbc      0x214 ..\obj\ff.o
                0x08003bbc                put_fat
 .text.remove_chain
                0x08003dd0       0xa8 ..\obj\ff.o
 .text.create_chain
                0x08003e78      0x128 ..\obj\ff.o
 .text.dir_sdi  0x08003fa0      0x100 ..\obj\ff.o
 .text.dir_next
                0x080040a0      0x1a8 ..\obj\ff.o
 .text.dir_alloc
                0x08004248       0x8c ..\obj\ff.o
 .text.ld_clust
                0x080042d4       0x58 ..\obj\ff.o
 .text.st_clust
                0x0800432c       0x4c ..\obj\ff.o
 .text.dir_find
                0x08004378       0x98 ..\obj\ff.o
 .text.dir_register
                0x08004410       0x64 ..\obj\ff.o
 .text.create_name
                0x08004474      0x1ec ..\obj\ff.o
 .text.follow_path
                0x08004660      0x108 ..\obj\ff.o
 .text.get_ldnumber
                0x08004768      0x10c ..\obj\ff.o
 .text.check_fs
                0x08004874       0xd0 ..\obj\ff.o
 .text.find_volume
                0x08004944      0x568 ..\obj\ff.o
 .text.validate
                0x08004eac       0x5c ..\obj\ff.o
 .text.f_mount  0x08004f08       0x88 ..\obj\ff.o
                0x08004f08                f_mount
 .text.f_open   0x08004f90      0x280 ..\obj\ff.o
                0x08004f90                f_open
 .text.f_read   0x08005210      0x270 ..\obj\ff.o
                0x08005210                f_read
 .text.f_sync   0x08005480      0x150 ..\obj\ff.o
                0x08005480                f_sync
 .text.f_close  0x080055d0       0x38 ..\obj\ff.o
                0x080055d0                f_close
 .text.SPI_Init
                0x08005608       0x88 ..\obj\stm32f4xx_spi.o
                0x08005608                SPI_Init
 .text.SPI_StructInit
                0x08005690       0x48 ..\obj\stm32f4xx_spi.o
                0x08005690                SPI_StructInit
 .text.SPI_I2S_DMACmd
                0x080056d8       0x48 ..\obj\stm32f4xx_spi.o
                0x080056d8                SPI_I2S_DMACmd
 .text.I2C_Init
                0x08005720      0x184 ..\obj\stm32f4xx_i2c.o
                0x08005720                I2C_Init
 .text.I2C_Cmd  0x080058a4       0x40 ..\obj\stm32f4xx_i2c.o
                0x080058a4                I2C_Cmd
 .text.I2C_GenerateSTART
                0x080058e4       0x40 ..\obj\stm32f4xx_i2c.o
                0x080058e4                I2C_GenerateSTART
 .text.I2C_GenerateSTOP
                0x08005924       0x40 ..\obj\stm32f4xx_i2c.o
                0x08005924                I2C_GenerateSTOP
 .text.I2C_Send7bitAddress
                0x08005964       0x3c ..\obj\stm32f4xx_i2c.o
                0x08005964                I2C_Send7bitAddress
 .text.I2C_SendData
                0x080059a0       0x20 ..\obj\stm32f4xx_i2c.o
                0x080059a0                I2C_SendData
 .text.I2C_CheckEvent
                0x080059c0       0x60 ..\obj\stm32f4xx_i2c.o
                0x080059c0                I2C_CheckEvent
 .text.I2C_GetFlagStatus
                0x08005a20       0x64 ..\obj\stm32f4xx_i2c.o
                0x08005a20                I2C_GetFlagStatus
 .text.NVIC_Init
                0x08005a84       0xc0 ..\obj\misc.o
                0x08005a84                NVIC_Init
 .text.TM_GPIO_Init
                0x08005b44       0x48 ..\obj\tm_stm32f4_gpio.o
                0x08005b44                TM_GPIO_Init
 .text.TM_GPIO_InitAlternate
                0x08005b8c       0xa8 ..\obj\tm_stm32f4_gpio.o
                0x08005b8c                TM_GPIO_InitAlternate
 .text.TM_GPIO_GetPinSource
                0x08005c34       0x30 ..\obj\tm_stm32f4_gpio.o
                0x08005c34                TM_GPIO_GetPinSource
 .text.TM_GPIO_GetPortSource
                0x08005c64       0x20 ..\obj\tm_stm32f4_gpio.o
                0x08005c64                TM_GPIO_GetPortSource
 .text.TM_GPIO_INT_EnableClock
                0x08005c84       0x30 ..\obj\tm_stm32f4_gpio.o
                0x08005c84                TM_GPIO_INT_EnableClock
 .text.TM_GPIO_INT_Init
                0x08005cb4      0x10c ..\obj\tm_stm32f4_gpio.o
                0x08005cb4                TM_GPIO_INT_Init
 .text.TIM_TimeBaseInit
                0x08005dc0       0xd4 ..\obj\stm32f4xx_tim.o
                0x08005dc0                TIM_TimeBaseInit
 .text.TIM_Cmd  0x08005e94       0x40 ..\obj\stm32f4xx_tim.o
                0x08005e94                TIM_Cmd
 .text.TIM_ITConfig
                0x08005ed4       0x48 ..\obj\stm32f4xx_tim.o
                0x08005ed4                TIM_ITConfig
 .text.TIM_GetITStatus
                0x08005f1c       0x54 ..\obj\stm32f4xx_tim.o
                0x08005f1c                TIM_GetITStatus
 .text.TIM_ClearITPendingBit
                0x08005f70       0x20 ..\obj\stm32f4xx_tim.o
                0x08005f70                TIM_ClearITPendingBit
 *(.init)
 *(.fini)
 *crtbegin.o(.ctors)
 *crtbegin?.o(.ctors)
 *(EXCLUDE_FILE(*crtend.o *crtend?.o) .ctors)
 *(SORT(.ctors.*))
 *(.ctors)
 *crtbegin.o(.dtors)
 *crtbegin?.o(.dtors)
 *(EXCLUDE_FILE(*crtend.o *crtend?.o) .dtors)
 *(SORT(.dtors.*))
 *(.dtors)
 *(.rodata*)
 .rodata        0x08005f90        0xa ..\obj\main.o
 *fill*         0x08005f9a        0x2 
 .rodata        0x08005f9c      0x16a ..\obj\ff.o
 *(.eh_fram e*)

.glue_7         0x08006108        0x0
 .glue_7        0x08006108        0x0 linker stubs

.glue_7t        0x08006108        0x0
 .glue_7t       0x08006108        0x0 linker stubs

.vfp11_veneer   0x08006108        0x0
 .vfp11_veneer  0x08006108        0x0 linker stubs

.v4_bx          0x08006108        0x0
 .v4_bx         0x08006108        0x0 linker stubs

.iplt           0x08006108        0x0
 .iplt          0x08006108        0x0 ..\obj\tm_stm32f4_fatfs.o

.rel.dyn        0x08006108        0x0
 .rel.iplt      0x08006108        0x0 ..\obj\tm_stm32f4_fatfs.o

.ARM.extab
 *(.ARM.extab* .gnu.linkonce.armextab.*)
                0x08006108                __exidx_start = .

.ARM.exidx
 *(.ARM.exidx* .gnu.linkonce.armexidx.*)
                0x08006108                __exidx_end = .
                0x08006108                __etext = .
                0x08006106                _sidata = __etext

.data           0x20000000      0x158 load address 0x08006106
                0x20000000                __data_start__ = .
                0x20000000                _sdata = __data_start__
 *(vtable)
 *(.data*)
 .data          0x20000000       0xb4 ..\obj\diskio.o
                0x20000000                FATFS_LowLevelDrivers
 .data          0x200000b4       0x10 ..\obj\stm32f4xx_rcc.o
 .data          0x200000c4       0x60 ..\obj\tm_stm32f4_usart.o
                0x200000c4                TM_USART1
                0x200000d4                TM_USART2
                0x200000e4                TM_USART3
                0x200000f4                TM_UART4
                0x20000104                TM_UART5
                0x20000114                TM_USART6
 .data          0x20000124        0x1 ..\obj\fatfs_sd.o
 *fill*         0x20000125        0x3 
 .data          0x20000128       0x18 ..\obj\menu.o
 .data          0x20000140       0x14 ..\obj\system_stm32f4xx.o
                0x20000140                SystemCoreClock
                0x20000144                AHBPrescTable
 .data          0x20000154        0x1 ..\obj\DMA.o
                0x20000154                DmaAudioDone
                0x20000158                . = ALIGN (0x4)
 *fill*         0x20000155        0x3 
                [!provide]                PROVIDE (__preinit_array_start, .)
 *(.preinit_array)
                [!provide]                PROVIDE (__preinit_array_end, .)
                0x20000158                . = ALIGN (0x4)
                [!provide]                PROVIDE (__init_array_start, .)
 *(SORT(.init_array.*))
 *(.init_array)
                [!provide]                PROVIDE (__init_array_end, .)
                0x20000158                . = ALIGN (0x4)
                [!provide]                PROVIDE (__fini_array_start, .)
 *(SORT(.fini_array.*))
 *(.fini_array)
                [!provide]                PROVIDE (__fini_array_end, .)
 *(.jcr*)
                0x20000158                . = ALIGN (0x4)
                0x20000158                __data_end__ = .
                0x20000158                _edata = __data_end__

.igot.plt       0x20000158        0x0 load address 0x08006260
 .igot.plt      0x20000158        0x0 ..\obj\tm_stm32f4_fatfs.o

.bss            0x20000158      0xda8 load address 0x08006260
                0x20000158                . = ALIGN (0x4)
                0x20000158                __bss_start__ = .
                0x20000158                _sbss = __bss_start__
 *(.bss*)
 .bss           0x20000158        0x1 ..\obj\fatfs_sd.o
 .bss           0x20000159        0x2 ..\obj\bt.o
                0x20000159                FlagVolUp
                0x2000015a                FlagVolDown
 *fill*         0x2000015b        0x1 
 .bss           0x2000015c       0x28 ..\obj\tm_stm32f4_delay.o
                0x2000015c                TM_TimingDelay
                0x20000160                TM_Time
                0x20000164                TM_Time2
                0x20000168                TM_DELAY_Initialized
 .bss           0x20000184       0x20 ..\obj\menu.o
                0x200001a2                presscnt
                0x200001a3                x
 .bss           0x200001a4       0x27 ..\obj\ff.o
 *fill*         0x200001cb        0x1 
 .bss           0x200001cc       0x16 ..\obj\tm_stm32f4_gpio.o
 *(COMMON)
 *fill*         0x200001e2        0x2 
 COMMON         0x200001e4      0xc58 ..\obj\pcm.o
                0x200001e4                FatFs
                0x20000418                dma_buff
                0x20000818                dma_buff2
                0x20000c18                fil
 COMMON         0x20000e3c       0xc0 ..\obj\tm_stm32f4_usart.o
                0x20000e3c                TM_UART5_Buffer
                0x20000e5c                TM_USART6_Buffer
                0x20000e7c                TM_USART3_Buffer
                0x20000e9c                TM_USART2_Buffer
                0x20000ebc                TM_USART1_Buffer
                0x20000edc                TM_UART4_Buffer
 COMMON         0x20000efc        0x4 ..\obj\tm_stm32f4_delay.o
                0x20000efc                mult
                0x20000f00                . = ALIGN (0x4)
                0x20000f00                __bss_end__ = .
                0x20000f00                _ebss = __bss_end__

.heap           0x20000f00        0x0
                0x20000f00                __end__ = .
                0x20000f00                _end = __end__
                0x20000f00                end = __end__
 *(.heap*)
                0x20000f00                __HeapLimit = .

.co_stack       0x20000f00      0x800 load address 0x08007008
                0x20000f00                . = ALIGN (0x8)
 *(.co_stack .co_stack.*)
 .co_stack      0x20000f00      0x800 ..\obj\startup_stm32f4xx.o
                0x20000f00                pulStack
                0x20020000                __StackTop = (ORIGIN (ram) + LENGTH (ram))
                0x2001f800                __StackLimit = (__StackTop - SIZEOF (.co_stack))
                [!provide]                PROVIDE (__stack, __StackTop)
                0x00000001                ASSERT ((__StackLimit >= __HeapLimit), region ram  overflowed with stack)
LOAD ..\obj\tm_stm32f4_fatfs.o
LOAD ..\obj\unicode.o
LOAD ..\obj\stm32f4xx_syscfg.o
LOAD ..\obj\pcm.o
LOAD ..\obj\i2c.o
LOAD ..\obj\tm_stm32f4_exti.o
LOAD ..\obj\timer.o
LOAD ..\obj\stm32f4xx_usart.o
LOAD ..\obj\diskio.o
LOAD ..\obj\startup_stm32f4xx.o
LOAD ..\obj\main.o
LOAD ..\obj\stm32f4xx_rcc.o
LOAD ..\obj\tm_stm32f4_usart.o
LOAD ..\obj\tm_stm32f4_rotary_encoder.o
LOAD ..\obj\fatfs_sd.o
LOAD ..\obj\bt.o
LOAD ..\obj\tm_stm32f4_delay.o
LOAD ..\obj\gpio.o
LOAD ..\obj\syscall.o
LOAD ..\obj\tm_stm32f4_spi.o
LOAD ..\obj\menu.o
LOAD ..\obj\stm32f4xx_gpio.o
LOAD ..\obj\system_stm32f4xx.o
LOAD ..\obj\DMA.o
LOAD ..\obj\stm32f4xx_dma.o
LOAD ..\obj\i2s.o
LOAD ..\obj\preamp.o
LOAD ..\obj\ff.o
LOAD ..\obj\stm32f4xx_spi.o
LOAD ..\obj\stm32f4xx_i2c.o
LOAD ..\obj\stm32f4xx_exti.o
LOAD ..\obj\misc.o
LOAD ..\obj\tm_stm32f4_gpio.o
LOAD ..\obj\tm_stm32f4_timer_properties.o
LOAD ..\obj\stm32f4xx_tim.o
START GROUP
LOAD c:/program files (x86)/gnu tools arm embedded/5.4 2016q3/bin/../lib/gcc/arm-none-eabi/5.4.1/armv7e-m\libgcc.a
LOAD c:/program files (x86)/gnu tools arm embedded/5.4 2016q3/bin/../lib/gcc/arm-none-eabi/5.4.1/../../../../arm-none-eabi/lib/armv7e-m\libg.a
LOAD c:/program files (x86)/gnu tools arm embedded/5.4 2016q3/bin/../lib/gcc/arm-none-eabi/5.4.1/../../../../arm-none-eabi/lib/armv7e-m\libc.a
END GROUP
OUTPUT(AmpNew.elf elf32-littlearm)

.debug_info     0x00000000     0xfa8b
 .debug_info    0x00000000      0x401 ..\obj\pcm.o
 .debug_info    0x00000401      0x312 ..\obj\i2c.o
 .debug_info    0x00000713      0x8d2 ..\obj\tm_stm32f4_exti.o
 .debug_info    0x00000fe5      0x613 ..\obj\timer.o
 .debug_info    0x000015f8      0x9ca ..\obj\stm32f4xx_usart.o
 .debug_info    0x00001fc2      0x8b5 ..\obj\diskio.o
 .debug_info    0x00002877       0xf2 ..\obj\startup_stm32f4xx.o
 .debug_info    0x00002969      0x3bd ..\obj\main.o
 .debug_info    0x00002d26      0xc63 ..\obj\stm32f4xx_rcc.o
 .debug_info    0x00003989      0xf35 ..\obj\tm_stm32f4_usart.o
 .debug_info    0x000048be      0x40c ..\obj\tm_stm32f4_rotary_encoder.o
 .debug_info    0x00004cca      0x8bd ..\obj\fatfs_sd.o
 .debug_info    0x00005587      0x212 ..\obj\bt.o
 .debug_info    0x00005799      0xa24 ..\obj\tm_stm32f4_delay.o
 .debug_info    0x000061bd      0x367 ..\obj\gpio.o
 .debug_info    0x00006524      0xa59 ..\obj\tm_stm32f4_spi.o
 .debug_info    0x00006f7d      0x62d ..\obj\menu.o
 .debug_info    0x000075aa      0x61a ..\obj\stm32f4xx_gpio.o
 .debug_info    0x00007bc4      0x5c5 ..\obj\system_stm32f4xx.o
 .debug_info    0x00008189      0x5e7 ..\obj\DMA.o
 .debug_info    0x00008770      0x741 ..\obj\stm32f4xx_dma.o
 .debug_info    0x00008eb1      0x593 ..\obj\i2s.o
 .debug_info    0x00009444      0x4d4 ..\obj\preamp.o
 .debug_info    0x00009918     0x2168 ..\obj\ff.o
 .debug_info    0x0000ba80      0xb0f ..\obj\stm32f4xx_spi.o
 .debug_info    0x0000c58f      0xb00 ..\obj\stm32f4xx_i2c.o
 .debug_info    0x0000d08f      0x556 ..\obj\misc.o
 .debug_info    0x0000d5e5      0x83d ..\obj\tm_stm32f4_gpio.o
 .debug_info    0x0000de22     0x1c69 ..\obj\stm32f4xx_tim.o

.debug_abbrev   0x00000000     0x2b19
 .debug_abbrev  0x00000000      0x150 ..\obj\pcm.o
 .debug_abbrev  0x00000150      0x112 ..\obj\i2c.o
 .debug_abbrev  0x00000262      0x1b3 ..\obj\tm_stm32f4_exti.o
 .debug_abbrev  0x00000415      0x121 ..\obj\timer.o
 .debug_abbrev  0x00000536      0x157 ..\obj\stm32f4xx_usart.o
 .debug_abbrev  0x0000068d      0x1ab ..\obj\diskio.o
 .debug_abbrev  0x00000838       0xb0 ..\obj\startup_stm32f4xx.o
 .debug_abbrev  0x000008e8      0x107 ..\obj\main.o
 .debug_abbrev  0x000009ef      0x1e5 ..\obj\stm32f4xx_rcc.o
 .debug_abbrev  0x00000bd4      0x25b ..\obj\tm_stm32f4_usart.o
 .debug_abbrev  0x00000e2f      0x142 ..\obj\tm_stm32f4_rotary_encoder.o
 .debug_abbrev  0x00000f71      0x28c ..\obj\fatfs_sd.o
 .debug_abbrev  0x000011fd       0xe7 ..\obj\bt.o
 .debug_abbrev  0x000012e4      0x2cf ..\obj\tm_stm32f4_delay.o
 .debug_abbrev  0x000015b3      0x101 ..\obj\gpio.o
 .debug_abbrev  0x000016b4      0x1e6 ..\obj\tm_stm32f4_spi.o
 .debug_abbrev  0x0000189a      0x1a6 ..\obj\menu.o
 .debug_abbrev  0x00001a40      0x1a7 ..\obj\stm32f4xx_gpio.o
 .debug_abbrev  0x00001be7      0x138 ..\obj\system_stm32f4xx.o
 .debug_abbrev  0x00001d1f      0x173 ..\obj\DMA.o
 .debug_abbrev  0x00001e92      0x157 ..\obj\stm32f4xx_dma.o
 .debug_abbrev  0x00001fe9      0x117 ..\obj\i2s.o
 .debug_abbrev  0x00002100      0x120 ..\obj\preamp.o
 .debug_abbrev  0x00002220      0x209 ..\obj\ff.o
 .debug_abbrev  0x00002429      0x169 ..\obj\stm32f4xx_spi.o
 .debug_abbrev  0x00002592      0x166 ..\obj\stm32f4xx_i2c.o
 .debug_abbrev  0x000026f8      0x147 ..\obj\misc.o
 .debug_abbrev  0x0000283f      0x151 ..\obj\tm_stm32f4_gpio.o
 .debug_abbrev  0x00002990      0x189 ..\obj\stm32f4xx_tim.o

.debug_aranges  0x00000000     0x1218
 .debug_aranges
                0x00000000       0x20 ..\obj\pcm.o
 .debug_aranges
                0x00000020       0x38 ..\obj\i2c.o
 .debug_aranges
                0x00000058       0x68 ..\obj\tm_stm32f4_exti.o
 .debug_aranges
                0x000000c0       0x30 ..\obj\timer.o
 .debug_aranges
                0x000000f0      0x100 ..\obj\stm32f4xx_usart.o
 .debug_aranges
                0x000001f0      0x118 ..\obj\diskio.o
 .debug_aranges
                0x00000308       0x28 ..\obj\startup_stm32f4xx.o
 .debug_aranges
                0x00000330       0x20 ..\obj\main.o
 .debug_aranges
                0x00000350      0x178 ..\obj\stm32f4xx_rcc.o
 .debug_aranges
                0x000004c8       0xf8 ..\obj\tm_stm32f4_usart.o
 .debug_aranges
                0x000005c0       0x38 ..\obj\tm_stm32f4_rotary_encoder.o
 .debug_aranges
                0x000005f8       0xb0 ..\obj\fatfs_sd.o
 .debug_aranges
                0x000006a8       0x20 ..\obj\bt.o
 .debug_aranges
                0x000006c8       0x80 ..\obj\tm_stm32f4_delay.o
 .debug_aranges
                0x00000748       0x30 ..\obj\gpio.o
 .debug_aranges
                0x00000778       0x88 ..\obj\tm_stm32f4_spi.o
 .debug_aranges
                0x00000800       0x40 ..\obj\menu.o
 .debug_aranges
                0x00000840       0x88 ..\obj\stm32f4xx_gpio.o
 .debug_aranges
                0x000008c8       0x30 ..\obj\system_stm32f4xx.o
 .debug_aranges
                0x000008f8       0x30 ..\obj\DMA.o
 .debug_aranges
                0x00000928       0xb0 ..\obj\stm32f4xx_dma.o
 .debug_aranges
                0x000009d8       0x28 ..\obj\i2s.o
 .debug_aranges
                0x00000a00       0x48 ..\obj\preamp.o
 .debug_aranges
                0x00000a48      0x200 ..\obj\ff.o
 .debug_aranges
                0x00000c48       0xe0 ..\obj\stm32f4xx_spi.o
 .debug_aranges
                0x00000d28      0x120 ..\obj\stm32f4xx_i2c.o
 .debug_aranges
                0x00000e48       0x40 ..\obj\misc.o
 .debug_aranges
                0x00000e88       0x98 ..\obj\tm_stm32f4_gpio.o
 .debug_aranges
                0x00000f20      0x2f8 ..\obj\stm32f4xx_tim.o

.debug_ranges   0x00000000     0x1048
 .debug_ranges  0x00000000       0x10 ..\obj\pcm.o
 .debug_ranges  0x00000010       0x28 ..\obj\i2c.o
 .debug_ranges  0x00000038       0x58 ..\obj\tm_stm32f4_exti.o
 .debug_ranges  0x00000090       0x20 ..\obj\timer.o
 .debug_ranges  0x000000b0       0xf0 ..\obj\stm32f4xx_usart.o
 .debug_ranges  0x000001a0      0x108 ..\obj\diskio.o
 .debug_ranges  0x000002a8       0x18 ..\obj\startup_stm32f4xx.o
 .debug_ranges  0x000002c0       0x10 ..\obj\main.o
 .debug_ranges  0x000002d0      0x168 ..\obj\stm32f4xx_rcc.o
 .debug_ranges  0x00000438       0xe8 ..\obj\tm_stm32f4_usart.o
 .debug_ranges  0x00000520       0x28 ..\obj\tm_stm32f4_rotary_encoder.o
 .debug_ranges  0x00000548       0xa0 ..\obj\fatfs_sd.o
 .debug_ranges  0x000005e8       0x10 ..\obj\bt.o
 .debug_ranges  0x000005f8       0x70 ..\obj\tm_stm32f4_delay.o
 .debug_ranges  0x00000668       0x20 ..\obj\gpio.o
 .debug_ranges  0x00000688       0x78 ..\obj\tm_stm32f4_spi.o
 .debug_ranges  0x00000700       0x30 ..\obj\menu.o
 .debug_ranges  0x00000730       0x78 ..\obj\stm32f4xx_gpio.o
 .debug_ranges  0x000007a8       0x20 ..\obj\system_stm32f4xx.o
 .debug_ranges  0x000007c8       0x20 ..\obj\DMA.o
 .debug_ranges  0x000007e8       0xa0 ..\obj\stm32f4xx_dma.o
 .debug_ranges  0x00000888       0x18 ..\obj\i2s.o
 .debug_ranges  0x000008a0       0x38 ..\obj\preamp.o
 .debug_ranges  0x000008d8      0x1f0 ..\obj\ff.o
 .debug_ranges  0x00000ac8       0xd0 ..\obj\stm32f4xx_spi.o
 .debug_ranges  0x00000b98      0x110 ..\obj\stm32f4xx_i2c.o
 .debug_ranges  0x00000ca8       0x30 ..\obj\misc.o
 .debug_ranges  0x00000cd8       0x88 ..\obj\tm_stm32f4_gpio.o
 .debug_ranges  0x00000d60      0x2e8 ..\obj\stm32f4xx_tim.o

.debug_line     0x00000000     0x7466
 .debug_line    0x00000000      0x1d7 ..\obj\pcm.o
 .debug_line    0x000001d7      0x23f ..\obj\i2c.o
 .debug_line    0x00000416      0x32c ..\obj\tm_stm32f4_exti.o
 .debug_line    0x00000742      0x212 ..\obj\timer.o
 .debug_line    0x00000954      0x4bd ..\obj\stm32f4xx_usart.o
 .debug_line    0x00000e11      0x422 ..\obj\diskio.o
 .debug_line    0x00001233       0x9a ..\obj\startup_stm32f4xx.o
 .debug_line    0x000012cd      0x232 ..\obj\main.o
 .debug_line    0x000014ff      0x5a9 ..\obj\stm32f4xx_rcc.o
 .debug_line    0x00001aa8      0x521 ..\obj\tm_stm32f4_usart.o
 .debug_line    0x00001fc9      0x24c ..\obj\tm_stm32f4_rotary_encoder.o
 .debug_line    0x00002215      0x5d9 ..\obj\fatfs_sd.o
 .debug_line    0x000027ee      0x1ac ..\obj\bt.o
 .debug_line    0x0000299a      0x367 ..\obj\tm_stm32f4_delay.o
 .debug_line    0x00002d01      0x231 ..\obj\gpio.o
 .debug_line    0x00002f32      0x47e ..\obj\tm_stm32f4_spi.o
 .debug_line    0x000033b0      0x291 ..\obj\menu.o
 .debug_line    0x00003641      0x364 ..\obj\stm32f4xx_gpio.o
 .debug_line    0x000039a5      0x1f4 ..\obj\system_stm32f4xx.o
 .debug_line    0x00003b99      0x21d ..\obj\DMA.o
 .debug_line    0x00003db6      0x42e ..\obj\stm32f4xx_dma.o
 .debug_line    0x000041e4      0x208 ..\obj\i2s.o
 .debug_line    0x000043ec      0x2c1 ..\obj\preamp.o
 .debug_line    0x000046ad     0x13f4 ..\obj\ff.o
 .debug_line    0x00005aa1      0x45d ..\obj\stm32f4xx_spi.o
 .debug_line    0x00005efe      0x4ef ..\obj\stm32f4xx_i2c.o
 .debug_line    0x000063ed      0x242 ..\obj\misc.o
 .debug_line    0x0000662f      0x372 ..\obj\tm_stm32f4_gpio.o
 .debug_line    0x000069a1      0xac5 ..\obj\stm32f4xx_tim.o

.debug_str      0x00000000     0x4c1d
 .debug_str     0x00000000      0x376 ..\obj\pcm.o
                                0x3d2 (size before relaxing)
 .debug_str     0x00000376      0x182 ..\obj\i2c.o
                                0x2c9 (size before relaxing)
 .debug_str     0x000004f8      0x963 ..\obj\tm_stm32f4_exti.o
                                0xb29 (size before relaxing)
 .debug_str     0x00000e5b      0x15c ..\obj\timer.o
                                0x8aa (size before relaxing)
 .debug_str     0x00000fb7      0x491 ..\obj\stm32f4xx_usart.o
                                0x688 (size before relaxing)
 .debug_str     0x00001448      0x3e3 ..\obj\diskio.o
                                0x5c7 (size before relaxing)
 .debug_str     0x0000182b       0xa9 ..\obj\startup_stm32f4xx.o
                                0x140 (size before relaxing)
 .debug_str     0x000018d4       0x7d ..\obj\main.o
                                0x445 (size before relaxing)
 .debug_str     0x00001951      0x525 ..\obj\stm32f4xx_rcc.o
                                0x849 (size before relaxing)
 .debug_str     0x00001e76      0x426 ..\obj\tm_stm32f4_usart.o
                                0xe57 (size before relaxing)
 .debug_str     0x0000229c      0x178 ..\obj\tm_stm32f4_rotary_encoder.o
                                0x456 (size before relaxing)
 .debug_str     0x00002414      0x1d6 ..\obj\fatfs_sd.o
                                0x60b (size before relaxing)
 .debug_str     0x000025ea       0x4f ..\obj\bt.o
                                0x20d (size before relaxing)
 .debug_str     0x00002639      0x28c ..\obj\tm_stm32f4_delay.o
                                0x9bd (size before relaxing)
 .debug_str     0x000028c5      0x17c ..\obj\gpio.o
                                0x3f2 (size before relaxing)
 .debug_str     0x00002a41      0x2af ..\obj\tm_stm32f4_spi.o
                                0x718 (size before relaxing)
 .debug_str     0x00002cf0       0xce ..\obj\menu.o
                                0x47f (size before relaxing)
 .debug_str     0x00002dbe      0x159 ..\obj\stm32f4xx_gpio.o
                                0x49c (size before relaxing)
 .debug_str     0x00002f17       0xad ..\obj\system_stm32f4xx.o
                                0x3a3 (size before relaxing)
 .debug_str     0x00002fc4       0xbb ..\obj\DMA.o
                                0x859 (size before relaxing)
 .debug_str     0x0000307f      0x34c ..\obj\stm32f4xx_dma.o
                                0x53b (size before relaxing)
 .debug_str     0x000033cb       0x5b ..\obj\i2s.o
                                0x48f (size before relaxing)
 .debug_str     0x00003426      0x118 ..\obj\preamp.o
                                0x37a (size before relaxing)
 .debug_str     0x0000353e      0x3b9 ..\obj\ff.o
                                0x740 (size before relaxing)
 .debug_str     0x000038f7      0x2cc ..\obj\stm32f4xx_spi.o
                                0x683 (size before relaxing)
 .debug_str     0x00003bc3      0x325 ..\obj\stm32f4xx_i2c.o
                                0x65e (size before relaxing)
 .debug_str     0x00003ee8       0xfc ..\obj\misc.o
                                0x3c7 (size before relaxing)
 .debug_str     0x00003fe4      0x1ba ..\obj\tm_stm32f4_gpio.o
                                0x59a (size before relaxing)
 .debug_str     0x0000419e      0xa7f ..\obj\stm32f4xx_tim.o
                                0xdc9 (size before relaxing)

.comment        0x00000000       0x6e
 .comment       0x00000000       0x6e ..\obj\pcm.o
                                 0x6f (size before relaxing)
 .comment       0x0000006e       0x6f ..\obj\i2c.o
 .comment       0x0000006e       0x6f ..\obj\tm_stm32f4_exti.o
 .comment       0x0000006e       0x6f ..\obj\timer.o
 .comment       0x0000006e       0x6f ..\obj\stm32f4xx_usart.o
 .comment       0x0000006e       0x6f ..\obj\diskio.o
 .comment       0x0000006e       0x6f ..\obj\startup_stm32f4xx.o
 .comment       0x0000006e       0x6f ..\obj\main.o
 .comment       0x0000006e       0x6f ..\obj\stm32f4xx_rcc.o
 .comment       0x0000006e       0x6f ..\obj\tm_stm32f4_usart.o
 .comment       0x0000006e       0x6f ..\obj\tm_stm32f4_rotary_encoder.o
 .comment       0x0000006e       0x6f ..\obj\fatfs_sd.o
 .comment       0x0000006e       0x6f ..\obj\bt.o
 .comment       0x0000006e       0x6f ..\obj\tm_stm32f4_delay.o
 .comment       0x0000006e       0x6f ..\obj\gpio.o
 .comment       0x0000006e       0x6f ..\obj\tm_stm32f4_spi.o
 .comment       0x0000006e       0x6f ..\obj\menu.o
 .comment       0x0000006e       0x6f ..\obj\stm32f4xx_gpio.o
 .comment       0x0000006e       0x6f ..\obj\system_stm32f4xx.o
 .comment       0x0000006e       0x6f ..\obj\DMA.o
 .comment       0x0000006e       0x6f ..\obj\stm32f4xx_dma.o
 .comment       0x0000006e       0x6f ..\obj\i2s.o
 .comment       0x0000006e       0x6f ..\obj\preamp.o
 .comment       0x0000006e       0x6f ..\obj\ff.o
 .comment       0x0000006e       0x6f ..\obj\stm32f4xx_spi.o
 .comment       0x0000006e       0x6f ..\obj\stm32f4xx_i2c.o
 .comment       0x0000006e       0x6f ..\obj\misc.o
 .comment       0x0000006e       0x6f ..\obj\tm_stm32f4_gpio.o
 .comment       0x0000006e       0x6f ..\obj\stm32f4xx_tim.o

.ARM.attributes
                0x00000000       0x31
 .ARM.attributes
                0x00000000       0x33 ..\obj\pcm.o
 .ARM.attributes
                0x00000033       0x33 ..\obj\i2c.o
 .ARM.attributes
                0x00000066       0x33 ..\obj\tm_stm32f4_exti.o
 .ARM.attributes
                0x00000099       0x33 ..\obj\timer.o
 .ARM.attributes
                0x000000cc       0x33 ..\obj\stm32f4xx_usart.o
 .ARM.attributes
                0x000000ff       0x33 ..\obj\diskio.o
 .ARM.attributes
                0x00000132       0x33 ..\obj\startup_stm32f4xx.o
 .ARM.attributes
                0x00000165       0x33 ..\obj\main.o
 .ARM.attributes
                0x00000198       0x33 ..\obj\stm32f4xx_rcc.o
 .ARM.attributes
                0x000001cb       0x33 ..\obj\tm_stm32f4_usart.o
 .ARM.attributes
                0x000001fe       0x33 ..\obj\tm_stm32f4_rotary_encoder.o
 .ARM.attributes
                0x00000231       0x33 ..\obj\fatfs_sd.o
 .ARM.attributes
                0x00000264       0x33 ..\obj\bt.o
 .ARM.attributes
                0x00000297       0x33 ..\obj\tm_stm32f4_delay.o
 .ARM.attributes
                0x000002ca       0x33 ..\obj\gpio.o
 .ARM.attributes
                0x000002fd       0x33 ..\obj\tm_stm32f4_spi.o
 .ARM.attributes
                0x00000330       0x33 ..\obj\menu.o
 .ARM.attributes
                0x00000363       0x33 ..\obj\stm32f4xx_gpio.o
 .ARM.attributes
                0x00000396       0x33 ..\obj\system_stm32f4xx.o
 .ARM.attributes
                0x000003c9       0x33 ..\obj\DMA.o
 .ARM.attributes
                0x000003fc       0x33 ..\obj\stm32f4xx_dma.o
 .ARM.attributes
                0x0000042f       0x33 ..\obj\i2s.o
 .ARM.attributes
                0x00000462       0x33 ..\obj\preamp.o
 .ARM.attributes
                0x00000495       0x33 ..\obj\ff.o
 .ARM.attributes
                0x000004c8       0x33 ..\obj\stm32f4xx_spi.o
 .ARM.attributes
                0x000004fb       0x33 ..\obj\stm32f4xx_i2c.o
 .ARM.attributes
                0x0000052e       0x33 ..\obj\misc.o
 .ARM.attributes
                0x00000561       0x33 ..\obj\tm_stm32f4_gpio.o
 .ARM.attributes
                0x00000594       0x33 ..\obj\stm32f4xx_tim.o

.debug_frame    0x00000000     0x4b10
 .debug_frame   0x00000000       0x34 ..\obj\pcm.o
 .debug_frame   0x00000034       0xa0 ..\obj\i2c.o
 .debug_frame   0x000000d4      0x144 ..\obj\tm_stm32f4_exti.o
 .debug_frame   0x00000218       0x6c ..\obj\timer.o
 .debug_frame   0x00000284      0x490 ..\obj\stm32f4xx_usart.o
 .debug_frame   0x00000714      0x4a4 ..\obj\diskio.o
 .debug_frame   0x00000bb8       0x4c ..\obj\startup_stm32f4xx.o
 .debug_frame   0x00000c04       0x2c ..\obj\main.o
 .debug_frame   0x00000c30      0x6d4 ..\obj\stm32f4xx_rcc.o
 .debug_frame   0x00001304      0x3ec ..\obj\tm_stm32f4_usart.o
 .debug_frame   0x000016f0       0xac ..\obj\tm_stm32f4_rotary_encoder.o
 .debug_frame   0x0000179c      0x2a4 ..\obj\fatfs_sd.o
 .debug_frame   0x00001a40       0x34 ..\obj\bt.o
 .debug_frame   0x00001a74      0x1ec ..\obj\tm_stm32f4_delay.o
 .debug_frame   0x00001c60       0x7c ..\obj\gpio.o
 .debug_frame   0x00001cdc      0x228 ..\obj\tm_stm32f4_spi.o
 .debug_frame   0x00001f04       0xb8 ..\obj\menu.o
 .debug_frame   0x00001fbc      0x23c ..\obj\stm32f4xx_gpio.o
 .debug_frame   0x000021f8       0x7c ..\obj\system_stm32f4xx.o
 .debug_frame   0x00002274       0x78 ..\obj\DMA.o
 .debug_frame   0x000022ec      0x308 ..\obj\stm32f4xx_dma.o
 .debug_frame   0x000025f4       0x50 ..\obj\i2s.o
 .debug_frame   0x00002644       0xe8 ..\obj\preamp.o
 .debug_frame   0x0000272c      0x920 ..\obj\ff.o
 .debug_frame   0x0000304c      0x3f4 ..\obj\stm32f4xx_spi.o
 .debug_frame   0x00003440      0x530 ..\obj\stm32f4xx_i2c.o
 .debug_frame   0x00003970       0xd8 ..\obj\misc.o
 .debug_frame   0x00003a48      0x274 ..\obj\tm_stm32f4_gpio.o
 .debug_frame   0x00003cbc      0xe54 ..\obj\stm32f4xx_tim.o
