Archive member included to satisfy reference by file (symbol)

c:/program files (x86)/gnu tools arm embedded/5.4 2016q3/bin/../lib/gcc/arm-none-eabi/5.4.1/armv7e-m\libgcc.a(_arm_addsubdf3.o)
                              ..\obj\tm_stm32f4_fatfs.o (__aeabi_ui2d)
c:/program files (x86)/gnu tools arm embedded/5.4 2016q3/bin/../lib/gcc/arm-none-eabi/5.4.1/armv7e-m\libgcc.a(_arm_muldivdf3.o)
                              ..\obj\tm_stm32f4_fatfs.o (__aeabi_dmul)
c:/program files (x86)/gnu tools arm embedded/5.4 2016q3/bin/../lib/gcc/arm-none-eabi/5.4.1/armv7e-m\libgcc.a(_arm_cmpdf2.o)
                              ..\obj\tm_stm32f4_timer_properties.o (__aeabi_dcmpeq)
c:/program files (x86)/gnu tools arm embedded/5.4 2016q3/bin/../lib/gcc/arm-none-eabi/5.4.1/armv7e-m\libgcc.a(_arm_fixunsdfsi.o)
                              ..\obj\tm_stm32f4_fatfs.o (__aeabi_d2uiz)
c:/program files (x86)/gnu tools arm embedded/5.4 2016q3/bin/../lib/gcc/arm-none-eabi/5.4.1/../../../../arm-none-eabi/lib/armv7e-m\libg.a(lib_a-malloc.o)
                              ..\obj\tm_stm32f4_fatfs.o (malloc)
c:/program files (x86)/gnu tools arm embedded/5.4 2016q3/bin/../lib/gcc/arm-none-eabi/5.4.1/../../../../arm-none-eabi/lib/armv7e-m\libg.a(lib_a-mallocr.o)
                              c:/program files (x86)/gnu tools arm embedded/5.4 2016q3/bin/../lib/gcc/arm-none-eabi/5.4.1/../../../../arm-none-eabi/lib/armv7e-m\libg.a(lib_a-malloc.o) (_malloc_r)
c:/program files (x86)/gnu tools arm embedded/5.4 2016q3/bin/../lib/gcc/arm-none-eabi/5.4.1/../../../../arm-none-eabi/lib/armv7e-m\libg.a(lib_a-memcpy.o)
                              ..\obj\mp3.o (memcpy)
c:/program files (x86)/gnu tools arm embedded/5.4 2016q3/bin/../lib/gcc/arm-none-eabi/5.4.1/../../../../arm-none-eabi/lib/armv7e-m\libg.a(lib_a-memmove.o)
                              ..\obj\mp3dec.o (memmove)
c:/program files (x86)/gnu tools arm embedded/5.4 2016q3/bin/../lib/gcc/arm-none-eabi/5.4.1/../../../../arm-none-eabi/lib/armv7e-m\libg.a(lib_a-memset.o)
                              ..\obj\str.o (memset)
c:/program files (x86)/gnu tools arm embedded/5.4 2016q3/bin/../lib/gcc/arm-none-eabi/5.4.1/../../../../arm-none-eabi/lib/armv7e-m\libg.a(lib_a-mlock.o)
                              c:/program files (x86)/gnu tools arm embedded/5.4 2016q3/bin/../lib/gcc/arm-none-eabi/5.4.1/../../../../arm-none-eabi/lib/armv7e-m\libg.a(lib_a-mallocr.o) (__malloc_lock)
c:/program files (x86)/gnu tools arm embedded/5.4 2016q3/bin/../lib/gcc/arm-none-eabi/5.4.1/../../../../arm-none-eabi/lib/armv7e-m\libg.a(lib_a-realloc.o)
                              ..\obj\file.o (realloc)
c:/program files (x86)/gnu tools arm embedded/5.4 2016q3/bin/../lib/gcc/arm-none-eabi/5.4.1/../../../../arm-none-eabi/lib/armv7e-m\libg.a(lib_a-reallocr.o)
                              c:/program files (x86)/gnu tools arm embedded/5.4 2016q3/bin/../lib/gcc/arm-none-eabi/5.4.1/../../../../arm-none-eabi/lib/armv7e-m\libg.a(lib_a-realloc.o) (_realloc_r)
c:/program files (x86)/gnu tools arm embedded/5.4 2016q3/bin/../lib/gcc/arm-none-eabi/5.4.1/../../../../arm-none-eabi/lib/armv7e-m\libg.a(lib_a-sbrkr.o)
                              c:/program files (x86)/gnu tools arm embedded/5.4 2016q3/bin/../lib/gcc/arm-none-eabi/5.4.1/../../../../arm-none-eabi/lib/armv7e-m\libg.a(lib_a-mallocr.o) (_sbrk_r)
c:/program files (x86)/gnu tools arm embedded/5.4 2016q3/bin/../lib/gcc/arm-none-eabi/5.4.1/../../../../arm-none-eabi/lib/armv7e-m\libg.a(lib_a-sprintf.o)
                              ..\obj\tm_stm32f4_fatfs.o (sprintf)
c:/program files (x86)/gnu tools arm embedded/5.4 2016q3/bin/../lib/gcc/arm-none-eabi/5.4.1/../../../../arm-none-eabi/lib/armv7e-m\libg.a(lib_a-strcpy.o)
                              ..\obj\tm_stm32f4_fatfs.o (strcpy)
c:/program files (x86)/gnu tools arm embedded/5.4 2016q3/bin/../lib/gcc/arm-none-eabi/5.4.1/../../../../arm-none-eabi/lib/armv7e-m\libg.a(lib_a-strlen.o)
                              ..\obj\tm_stm32f4_fatfs.o (strlen)
c:/program files (x86)/gnu tools arm embedded/5.4 2016q3/bin/../lib/gcc/arm-none-eabi/5.4.1/../../../../arm-none-eabi/lib/armv7e-m\libg.a(lib_a-svfprintf.o)
                              c:/program files (x86)/gnu tools arm embedded/5.4 2016q3/bin/../lib/gcc/arm-none-eabi/5.4.1/../../../../arm-none-eabi/lib/armv7e-m\libg.a(lib_a-sprintf.o) (_svfprintf_r)
c:/program files (x86)/gnu tools arm embedded/5.4 2016q3/bin/../lib/gcc/arm-none-eabi/5.4.1/../../../../arm-none-eabi/lib/armv7e-m\libg.a(lib_a-dtoa.o)
                              c:/program files (x86)/gnu tools arm embedded/5.4 2016q3/bin/../lib/gcc/arm-none-eabi/5.4.1/../../../../arm-none-eabi/lib/armv7e-m\libg.a(lib_a-svfprintf.o) (_dtoa_r)
c:/program files (x86)/gnu tools arm embedded/5.4 2016q3/bin/../lib/gcc/arm-none-eabi/5.4.1/../../../../arm-none-eabi/lib/armv7e-m\libg.a(lib_a-freer.o)
[...]
Memory Configuration

Name             Origin             Length             Attributes
rom              0x08000000         0x00100000         xr
ram              0x20000000         0x00020000         xrw
ram1             0x10000000         0x00010000         xrw
*default*        0x00000000         0xffffffff

Linker script and memory map

                0x20020000                _eram = 0x20020000

.text           0x08000000    0x1a459
 *(.isr_vector)
 .isr_vector    0x08000000      0x188 ..\obj\startup_stm32f4xx.o
                0x08000000                g_pfnVectors
 *(.text*)
 .text.USB_OTG_WritePacket
                0x08000188       0x28 ..\obj\usb_core.o
                0x08000188                USB_OTG_WritePacket
 .text.USB_OTG_ReadPacket
                0x080001b0       0x28 ..\obj\usb_core.o
                0x080001b0                USB_OTG_ReadPacket
 .text.USB_OTG_SelectCore
                0x080001d8      0x344 ..\obj\usb_core.o
                0x080001d8                USB_OTG_SelectCore
 .text.USB_OTG_CoreInit
                0x0800051c      0x138 ..\obj\usb_core.o
                0x0800051c                USB_OTG_CoreInit
 .text.USB_OTG_EnableGlobalInt
                0x08000654       0x10 ..\obj\usb_core.o
                0x08000654                USB_OTG_EnableGlobalInt
 .text.USB_OTG_DisableGlobalInt
                0x08000664       0x10 ..\obj\usb_core.o
                0x08000664                USB_OTG_DisableGlobalInt
 .text.USB_OTG_SetCurrentMode
                0x08000674       0x2c ..\obj\usb_core.o
                0x08000674                USB_OTG_SetCurrentMode
 .text.USB_OTG_IsHostMode
                0x080006a0        0xc ..\obj\usb_core.o
                0x080006a0                USB_OTG_IsHostMode
 .text.USB_OTG_ReadCoreItr
                0x080006ac        0xc ..\obj\usb_core.o
                0x080006ac                USB_OTG_ReadCoreItr
 .text.USB_OTG_CoreInitHost
                0x080006b8      0x240 ..\obj\usb_core.o
                0x080006b8                USB_OTG_CoreInitHost
 .text.USB_OTG_InitFSLSPClkSel
                0x080008f8        0xc ..\obj\usb_core.o
                0x080008f8                USB_OTG_InitFSLSPClkSel
 .text.USB_OTG_ReadHostAllChannels_intr
                0x08000904        0x8 ..\obj\usb_core.o
                0x08000904                USB_OTG_ReadHostAllChannels_intr
 .text.USB_OTG_ResetPort
                0x0800090c       0x3c ..\obj\usb_core.o
                0x0800090c                USB_OTG_ResetPort
 .text.USB_OTG_HC_Init
                0x08000948       0xec ..\obj\usb_core.o
                0x08000948                USB_OTG_HC_Init
 .text.USB_OTG_HC_StartXfer
                0x08000a34      0x12c ..\obj\usb_core.o
                0x08000a34                USB_OTG_HC_StartXfer
 .text.USB_OTG_HC_Halt
                0x08000b60       0x40 ..\obj\usb_core.o
                0x08000b60                USB_OTG_HC_Halt
 .text.USB_OTG_HC_DoPing
                0x08000ba0       0x24 ..\obj\usb_core.o
                0x08000ba0                USB_OTG_HC_DoPing
 .text.DequantBlock
                0x08000bc4      0x1c8 ..\obj\dqchan.o
 .text.xmp3fixpt_DequantChannel
                0x08000d8c      0x280 ..\obj\dqchan.o
                0x08000d8c                xmp3fixpt_DequantChannel
 .text.xmp3fixpt_UnpackScaleFactors
                0x0800100c      0x89c ..\obj\scalfact.o
                0x0800100c                xmp3fixpt_UnpackScaleFactors
 .text.I2C_Init_Amp
                0x080018a8       0x50 ..\obj\i2c.o
                0x080018a8                I2C_Init_Amp
 .text.I2C_start
                0x080018f8       0x70 ..\obj\i2c.o
                0x080018f8                I2C_start
 .text.I2C_write
                0x08001968       0x1c ..\obj\i2c.o
                0x08001968                I2C_write
 .text.I2C_stop
                0x08001984        0x8 ..\obj\i2c.o
                0x08001984                I2C_stop
 .text.Mp3Play  0x0800198c      0x1e8 ..\obj\mp3.o
                0x0800198c                Mp3Play
 .text.Mp3SendBuffer
                0x08001b74       0x5c ..\obj\mp3.o
                0x08001b74                Mp3SendBuffer
 .text.Mp3MountDevices
                0x08001bd0       0x4c ..\obj\mp3.o
                0x08001bd0                Mp3MountDevices
 .text.Mp3ChangeTrack
                0x08001c1c       0x1c ..\obj\mp3.o
                0x08001c1c                Mp3ChangeTrack
 .text.Mp3PauseTrack
                0x08001c38        0xc ..\obj\mp3.o
                0x08001c38                Mp3PauseTrack
 .text.Mp3StartResumeTrack
                0x08001c44       0x1c ..\obj\mp3.o
                0x08001c44                Mp3StartResumeTrack
 .text.xmp3fixpt_SetBitstreamPointer
                0x08001c60        0xc ..\obj\bitstream.o
                0x08001c60                xmp3fixpt_SetBitstreamPointer
 .text.xmp3fixpt_GetBits
                0x08001c6c       0xd4 ..\obj\bitstream.o
                0x08001c6c                xmp3fixpt_GetBits
 .text.xmp3fixpt_CalcBitsUsed
                0x08001d40       0x14 ..\obj\bitstream.o
                0x08001d40                xmp3fixpt_CalcBitsUsed
 .text.xmp3fixpt_CheckPadBit
                0x08001d54       0x18 ..\obj\bitstream.o
                0x08001d54                xmp3fixpt_CheckPadBit
 .text.xmp3fixpt_UnpackFrameHeader
                0x08001d6c      0x1ec ..\obj\bitstream.o
                0x08001d6c                xmp3fixpt_UnpackFrameHeader
 .text.xmp3fixpt_UnpackSideInfo
                0x08001f58     0x1358 ..\obj\bitstream.o
                0x08001f58                xmp3fixpt_UnpackSideInfo
 .text.xmp3fixpt_Dequantize
                0x080032b0      0x278 ..\obj\dequant.o
                0x080032b0                xmp3fixpt_Dequantize
 .text.TM_EXTI_Attach
                0x08003528      0x328 ..\obj\tm_stm32f4_exti.o
                0x08003528                TM_EXTI_Attach
 .text.EXTI0_IRQHandler
                0x08003850       0x18 ..\obj\tm_stm32f4_exti.o
                0x08003850                EXTI0_IRQHandler
 .text.EXTI1_IRQHandler
                0x08003868       0x18 ..\obj\tm_stm32f4_exti.o
                0x08003868                EXTI1_IRQHandler
 .text.EXTI2_IRQHandler
                0x08003880       0x18 ..\obj\tm_stm32f4_exti.o
                0x08003880                EXTI2_IRQHandler
 .text.EXTI3_IRQHandler
                0x08003898       0x18 ..\obj\tm_stm32f4_exti.o
                0x08003898                EXTI3_IRQHandler
 .text.EXTI4_IRQHandler
                0x080038b0       0x18 ..\obj\tm_stm32f4_exti.o
                0x080038b0                EXTI4_IRQHandler
 .text.EXTI9_5_IRQHandler
                0x080038c8       0x64 ..\obj\tm_stm32f4_exti.o
                0x080038c8                EXTI9_5_IRQHandler
 .text.EXTI15_10_IRQHandler
                0x0800392c       0x80 ..\obj\tm_stm32f4_exti.o
                0x0800392c                EXTI15_10_IRQHandler
 .text.WinPrevious.part.0
                0x080039ac       0xe0 ..\obj\imdct.o
 .text.FreqInvertRescale
                0x08003a8c      0x968 ..\obj\imdct.o
 .text.xmp3fixpt_IMDCT
                0x080043f4     0x1afc ..\obj\imdct.o
                0x080043f4                xmp3fixpt_IMDCT
 .text.Tim2Init
                0x08005ef0       0x50 ..\obj\timer.o
                0x08005ef0                Tim2Init
 .text.Tim2Start
                0x08005f40       0x1c ..\obj\timer.o
                0x08005f40                Tim2Start
 .text.Tim4Start
                0x08005f5c       0x20 ..\obj\timer.o
                0x08005f5c                Tim4Start
 .text.Tim2Stop
                0x08005f7c       0x1c ..\obj\timer.o
                0x08005f7c                Tim2Stop
 .text.Tim4Stop
                0x08005f98       0x20 ..\obj\timer.o
                0x08005f98                Tim4Stop
 .text.Tim4Init
                0x08005fb8       0x54 ..\obj\timer.o
                0x08005fb8                Tim4Init
 .text.USBH_Open_Channel
                0x0800600c       0x50 ..\obj\usbh_hcs.o
                0x0800600c                USBH_Open_Channel
 .text.USBH_Modify_Channel
                0x0800605c       0x3c ..\obj\usbh_hcs.o
                0x0800605c                USBH_Modify_Channel
 .text.USBH_Alloc_Channel
                0x08006098       0x88 ..\obj\usbh_hcs.o
                0x08006098                USBH_Alloc_Channel
 .text.USBH_Free_Channel
                0x08006120       0x18 ..\obj\usbh_hcs.o
                0x08006120                USBH_Free_Channel
 .text.USBH_DeAllocate_AllChannel
                0x08006138       0x14 ..\obj\usbh_hcs.o
                0x08006138                USBH_DeAllocate_AllChannel
 .text.USART_DeInit
                0x0800614c       0xc8 ..\obj\stm32f4xx_usart.o
                0x0800614c                USART_DeInit
 .text.USART_Init
                0x08006214       0xc4 ..\obj\stm32f4xx_usart.o
                0x08006214                USART_Init
 .text.USBH_Get_DevDesc
                0x080062d8       0xb8 ..\obj\usbh_stdreq.o
                0x080062d8                USBH_Get_DevDesc
 .text.USBH_Get_CfgDesc
                0x08006390      0x2c8 ..\obj\usbh_stdreq.o
                0x08006390                USBH_Get_CfgDesc
 .text.USBH_Get_StringDesc
                0x08006658       0x6c ..\obj\usbh_stdreq.o
                0x08006658                USBH_Get_StringDesc
 .text.USBH_SetAddress
                0x080066c4       0x18 ..\obj\usbh_stdreq.o
                0x080066c4                USBH_SetAddress
 .text.USBH_SetCfg
                0x080066dc       0x18 ..\obj\usbh_stdreq.o
                0x080066dc                USBH_SetCfg
 .text.USBH_ClrFeature
                0x080066f4       0x2c ..\obj\usbh_stdreq.o
                0x080066f4                USBH_ClrFeature
 .text.StrCmp   0x08006720       0x24 ..\obj\str.o
                0x08006720                StrCmp
 .text.StrLen   0x08006744       0x14 ..\obj\str.o
                0x08006744                StrLen
 .text.StrCopy  0x08006758       0x18 ..\obj\str.o
                0x08006758                StrCopy
 .text.StrFillSpace
                0x08006770       0x1c ..\obj\str.o
                0x08006770                StrFillSpace
 .text.xmp3fixpt_Subband
                0x0800678c      0x114 ..\obj\subband.o
                0x0800678c                xmp3fixpt_Subband
 .text.TM_FATFS_SPI_FLASH_disk_status
                0x080068a0        0x4 ..\obj\diskio.o
                0x080068a0                TM_FATFS_SPI_FLASH_disk_status
 .text.TM_FATFS_SPI_FLASH_disk_ioctl
                0x080068a4        0x4 ..\obj\diskio.o
                0x080068a4                TM_FATFS_SPI_FLASH_disk_ioctl
 .text.TM_FATFS_SPI_FLASH_disk_write
                0x080068a8        0x4 ..\obj\diskio.o
                0x080068a8                TM_FATFS_SPI_FLASH_disk_write
 .text.TM_FATFS_SDRAM_disk_write
                0x080068ac        0x4 ..\obj\diskio.o
                0x080068ac                TM_FATFS_SDRAM_disk_write
 .text.TM_FATFS_SDRAM_disk_read
                0x080068b0        0x4 ..\obj\diskio.o
                0x080068b0                TM_FATFS_SDRAM_disk_read
 .text.TM_FATFS_SPI_FLASH_disk_read
                0x080068b4        0x4 ..\obj\diskio.o
                0x080068b4                TM_FATFS_SPI_FLASH_disk_read
 .text.TM_FATFS_SDRAM_disk_ioctl
                0x080068b8        0x4 ..\obj\diskio.o
                0x080068b8                TM_FATFS_SDRAM_disk_ioctl
 .text.TM_FATFS_SDRAM_disk_initialize
                0x080068bc        0x4 ..\obj\diskio.o
                0x080068bc                TM_FATFS_SDRAM_disk_initialize
 .text.TM_FATFS_SPI_FLASH_disk_initialize
                0x080068c0        0x4 ..\obj\diskio.o
                0x080068c0                TM_FATFS_SPI_FLASH_disk_initialize
 .text.TM_FATFS_SDRAM_disk_status
                0x080068c4        0x4 ..\obj\diskio.o
                0x080068c4                TM_FATFS_SDRAM_disk_status
 .text.disk_initialize
                0x080068c8       0x18 ..\obj\diskio.o
                0x080068c8                disk_initialize
 .text.disk_status
                0x080068e0       0x18 ..\obj\diskio.o
                0x080068e0                disk_status
 .text.disk_read
                0x080068f8       0x30 ..\obj\diskio.o
                0x080068f8                disk_read
 .text.disk_write
                0x08006928       0x30 ..\obj\diskio.o
                0x08006928                disk_write
 .text.disk_ioctl
                0x08006958       0x1c ..\obj\diskio.o
                0x08006958                disk_ioctl
 .text.get_fattime
                0x08006974        0x8 ..\obj\diskio.o
                0x08006974                get_fattime
 .text.Default_Handler
                0x0800697c        0x4 ..\obj\startup_stm32f4xx.o
                0x0800697c                RTC_Alarm_IRQHandler
                0x0800697c                HASH_RNG_IRQHandler
                0x0800697c                TIM8_CC_IRQHandler
                0x0800697c                DebugMon_Handler
                0x0800697c                TIM1_CC_IRQHandler
                0x0800697c                DMA2_Stream5_IRQHandler
                0x0800697c                HardFault_Handler
                0x0800697c                DMA1_Stream5_IRQHandler
                0x0800697c                PVD_IRQHandler
                0x0800697c                SDIO_IRQHandler
                0x0800697c                TAMP_STAMP_IRQHandler
                0x0800697c                PendSV_Handler
                0x0800697c                NMI_Handler
                0x0800697c                CAN2_RX1_IRQHandler
                0x0800697c                TIM8_TRG_COM_TIM14_IRQHandler
                0x0800697c                TIM1_UP_TIM10_IRQHandler
                0x0800697c                TIM8_UP_TIM13_IRQHandler
                0x0800697c                I2C3_ER_IRQHandler
                0x0800697c                I2C2_EV_IRQHandler
                0x0800697c                DMA1_Stream2_IRQHandler
                0x0800697c                CAN1_RX0_IRQHandler
                0x0800697c                FPU_IRQHandler
                0x0800697c                OTG_HS_WKUP_IRQHandler
                0x0800697c                UsageFault_Handler
                0x0800697c                CAN2_SCE_IRQHandler
                0x0800697c                DMA2_Stream2_IRQHandler
                0x0800697c                SPI1_IRQHandler
                0x0800697c                TIM6_DAC_IRQHandler
                0x0800697c                TIM1_BRK_TIM9_IRQHandler
                0x0800697c                DCMI_IRQHandler
                0x0800697c                CAN2_RX0_IRQHandler
                0x0800697c                DMA2_Stream3_IRQHandler
                0x0800697c                CRYP_IRQHandler
                0x0800697c                CAN1_RX1_IRQHandler
                0x0800697c                DMA2_Stream0_IRQHandler
                0x0800697c                I2C1_EV_IRQHandler
                0x0800697c                DMA1_Stream6_IRQHandler
                0x0800697c                DMA1_Stream1_IRQHandler
                0x0800697c                TIM3_IRQHandler
                0x0800697c                RCC_IRQHandler
                0x0800697c                TIM8_BRK_TIM12_IRQHandler
                0x0800697c                ADC_IRQHandler
                0x0800697c                TIM7_IRQHandler
                0x0800697c                CAN2_TX_IRQHandler
                0x0800697c                TIM5_IRQHandler
                0x0800697c                DMA2_Stream7_IRQHandler
                0x0800697c                I2C3_EV_IRQHandler
                0x0800697c                RTC_WKUP_IRQHandler
                0x0800697c                ETH_WKUP_IRQHandler
                0x0800697c                SPI2_IRQHandler
                0x0800697c                OTG_HS_EP1_IN_IRQHandler
                0x0800697c                MemManage_Handler
                0x0800697c                DMA1_Stream0_IRQHandler
                0x0800697c                CAN1_TX_IRQHandler
                0x0800697c                SVC_Handler
                0x0800697c                FSMC_IRQHandler
                0x0800697c                ETH_IRQHandler
                0x0800697c                OTG_HS_EP1_OUT_IRQHandler
                0x0800697c                WWDG_IRQHandler
                0x0800697c                OTG_FS_WKUP_IRQHandler
                0x0800697c                TIM1_TRG_COM_TIM11_IRQHandler
                0x0800697c                OTG_HS_IRQHandler
                0x0800697c                I2C2_ER_IRQHandler
                0x0800697c                DMA2_Stream1_IRQHandler
                0x0800697c                CAN1_SCE_IRQHandler
                0x0800697c                FLASH_IRQHandler
                0x0800697c                DMA2_Stream4_IRQHandler
                0x0800697c                BusFault_Handler
                0x0800697c                SPI3_IRQHandler
                0x0800697c                DMA1_Stream4_IRQHandler
                0x0800697c                I2C1_ER_IRQHandler
                0x0800697c                DMA2_Stream6_IRQHandler
                0x0800697c                DMA1_Stream3_IRQHandler
 .text.Default_Reset_Handler
                0x08006980       0x48 ..\obj\startup_stm32f4xx.o
                0x08006980                Default_Reset_Handler
                0x08006980                Reset_Handler
 .text.TM_FATFS_USB_disk_initialize
                0x080069c8       0x38 ..\obj\fatfs_usb.o
                0x080069c8                TM_FATFS_USB_disk_initialize
 .text.TM_FATFS_USB_disk_status
                0x08006a00        0xc ..\obj\fatfs_usb.o
                0x08006a00                TM_FATFS_USB_disk_status
 .text.TM_FATFS_USB_disk_read
                0x08006a0c       0x74 ..\obj\fatfs_usb.o
                0x08006a0c                TM_FATFS_USB_disk_read
 .text.TM_FATFS_USB_disk_write
                0x08006a80       0x8c ..\obj\fatfs_usb.o
                0x08006a80                TM_FATFS_USB_disk_write
 .text.TM_FATFS_USB_disk_ioctl
                0x08006b0c       0x48 ..\obj\fatfs_usb.o
                0x08006b0c                TM_FATFS_USB_disk_ioctl
 .text.MP3InitDecoder
                0x08006b54        0x4 ..\obj\mp3dec.o
                0x08006b54                MP3InitDecoder
 .text.MP3FindSyncWord
                0x08006b58       0x2c ..\obj\mp3dec.o
                0x08006b58                MP3FindSyncWord
 .text.MP3GetLastFrameInfo
                0x08006b84       0x58 ..\obj\mp3dec.o
                0x08006b84                MP3GetLastFrameInfo
 .text.MP3Decode
                0x08006bdc      0x480 ..\obj\mp3dec.o
                0x08006bdc                MP3Decode
 .text.startup.main
                0x0800705c       0x7c ..\obj\main.o
                0x0800705c                main
 .text.RCC_GetClocksFreq
                0x080070d8       0x98 ..\obj\stm32f4xx_rcc.o
                0x080070d8                RCC_GetClocksFreq
 .text.RCC_AHB1PeriphClockCmd
                0x08007170       0x1c ..\obj\stm32f4xx_rcc.o
                0x08007170                RCC_AHB1PeriphClockCmd
 .text.RCC_AHB2PeriphClockCmd
                0x0800718c       0x1c ..\obj\stm32f4xx_rcc.o
                0x0800718c                RCC_AHB2PeriphClockCmd
 .text.RCC_APB1PeriphClockCmd
                0x080071a8       0x1c ..\obj\stm32f4xx_rcc.o
                0x080071a8                RCC_APB1PeriphClockCmd
 .text.RCC_APB2PeriphClockCmd
                0x080071c4       0x1c ..\obj\stm32f4xx_rcc.o
                0x080071c4                RCC_APB2PeriphClockCmd
 .text.RCC_APB1PeriphResetCmd
                0x080071e0       0x1c ..\obj\stm32f4xx_rcc.o
                0x080071e0                RCC_APB1PeriphResetCmd
 .text.RCC_APB2PeriphResetCmd
                0x080071fc       0x1c ..\obj\stm32f4xx_rcc.o
                0x080071fc                RCC_APB2PeriphResetCmd
 .text.TM_USART_Gets
                0x08007218      0x410 ..\obj\tm_stm32f4_usart.o
                0x08007218                TM_USART_Gets
 .text.TM_USART_InitCustomPinsCallback
                0x08007628        0x4 ..\obj\tm_stm32f4_usart.o
                0x08007628                TM_USART_InitCustomPinsCallback
 .text.TM_USART_INT_Init.constprop.7
                0x0800762c      0x3cc ..\obj\tm_stm32f4_usart.o
 .text.TM_USART_Init
                0x080079f8      0x134 ..\obj\tm_stm32f4_usart.o
                0x080079f8                TM_USART_Init
 .text.USART1_IRQHandler
                0x08007b2c       0x3c ..\obj\tm_stm32f4_usart.o
                0x08007b2c                USART1_IRQHandler
 .text.USART2_IRQHandler
                0x08007b68       0x4c ..\obj\tm_stm32f4_usart.o
                0x08007b68                USART2_IRQHandler
 .text.USART3_IRQHandler
                0x08007bb4       0x4c ..\obj\tm_stm32f4_usart.o
                0x08007bb4                USART3_IRQHandler
 .text.UART4_IRQHandler
                0x08007c00       0x3c ..\obj\tm_stm32f4_usart.o
                0x08007c00                UART4_IRQHandler
 .text.UART5_IRQHandler
                0x08007c3c       0x3c ..\obj\tm_stm32f4_usart.o
                0x08007c3c                UART5_IRQHandler
 .text.USART6_IRQHandler
                0x08007c78       0x3c ..\obj\tm_stm32f4_usart.o
                0x08007c78                USART6_IRQHandler
 .text.TM_RE_Init
                0x08007cb4       0x40 ..\obj\tm_stm32f4_rotary_encoder.o
                0x08007cb4                TM_RE_Init
 .text.TM_RE_Get
                0x08007cf4       0x24 ..\obj\tm_stm32f4_rotary_encoder.o
                0x08007cf4                TM_RE_Get
 .text.TM_RE_Process
                0x08007d18       0x40 ..\obj\tm_stm32f4_rotary_encoder.o
                0x08007d18                TM_RE_Process
 .text.rcvr_datablock
                0x08007d58       0xd4 ..\obj\fatfs_sd.o
 .text.select   0x08007e2c       0xdc ..\obj\fatfs_sd.o
 .text.xmit_datablock
                0x08007f08      0x140 ..\obj\fatfs_sd.o
 .text.send_cmd
                0x08008048      0x274 ..\obj\fatfs_sd.o
 .text.TM_FATFS_SD_disk_initialize
                0x080082bc      0x264 ..\obj\fatfs_sd.o
                0x080082bc                TM_FATFS_SD_disk_initialize
 .text.TM_FATFS_SD_disk_status
                0x08008520       0x14 ..\obj\fatfs_sd.o
                0x08008520                TM_FATFS_SD_disk_status
 .text.TM_FATFS_SD_disk_read
                0x08008534      0x184 ..\obj\fatfs_sd.o
                0x08008534                TM_FATFS_SD_disk_read
 .text.TM_FATFS_SD_disk_write
                0x080086b8       0xd8 ..\obj\fatfs_sd.o
                0x080086b8                TM_FATFS_SD_disk_write
 .text.TM_FATFS_SD_disk_ioctl
                0x08008790      0x2dc ..\obj\fatfs_sd.o
                0x08008790                TM_FATFS_SD_disk_ioctl
 .text.USBH_MSC_ClassRequest
                0x08008a6c        0xc ..\obj\usbh_msc_core.o
 .text.USBH_MSC_InterfaceDeInit
                0x08008a78       0x3c ..\obj\usbh_msc_core.o
 .text.USBH_MSC_InterfaceInit
                0x08008ab4       0xa0 ..\obj\usbh_msc_core.o
 .text.USBH_MSC_Handle
                0x08008b54      0x190 ..\obj\usbh_msc_core.o
 .text.BTBtnsProc
                0x08008ce4       0x3c ..\obj\bt.o
                0x08008ce4                BTBtnsProc
 .text.Gpio_Init
                0x08008d20      0x128 ..\obj\gpio.o
                0x08008d20                Gpio_Init
 .text.SysTick_Handler
                0x08008e48       0x98 ..\obj\tm_stm32f4_delay.o
                0x08008e48                SysTick_Handler
 .text.TM_DELAY_Init
                0x08008ee0       0x5c ..\obj\tm_stm32f4_delay.o
                0x08008ee0                TM_DELAY_Init
 .text.scan_files
                0x08008f3c      0x120 ..\obj\file.o
                0x08008f3c                scan_files
 .text.TM_SPI_WriteMulti
                0x0800905c       0x30 ..\obj\tm_stm32f4_spi.o
                0x0800905c                TM_SPI_WriteMulti
 .text.TM_SPI_ReadMulti
                0x0800908c       0x38 ..\obj\tm_stm32f4_spi.o
                0x0800908c                TM_SPI_ReadMulti
 .text.TM_SPI_InitCustomPinsCallback
                0x080090c4        0x4 ..\obj\tm_stm32f4_spi.o
                0x080090c4                TM_SPI_InitCustomPinsCallback
 .text.TM_SPI_Init
                0x080090c8       0xa8 ..\obj\tm_stm32f4_spi.o
                0x080090c8                TM_SPI_Init
 .text.MenuInit
                0x08009170       0x40 ..\obj\menu.o
                0x08009170                MenuInit
 .text.TM_EXTI_Handler
                0x080091b0       0x38 ..\obj\menu.o
                0x080091b0                TM_EXTI_Handler
 .text.TIM2_IRQHandler
                0x080091e8       0x40 ..\obj\menu.o
                0x080091e8                TIM2_IRQHandler
 .text.TIM4_IRQHandler
                0x08009228       0x3c ..\obj\menu.o
                0x08009228                TIM4_IRQHandler
 .text.ListProc
                0x08009264      0x17c ..\obj\menu.o
                0x08009264                ListProc
 .text.RemoveFromIndex
                0x080093e0       0xa4 ..\obj\menu.o
                0x080093e0                RemoveFromIndex
 .text.MainMenuProc
                0x08009484      0x27c ..\obj\menu.o
                0x08009484                MainMenuProc
 .text.MenuProc
                0x08009700       0x2c ..\obj\menu.o
                0x08009700                MenuProc
 .text.USBH_Connected
                0x0800972c        0xc ..\obj\usbh_core.o
                0x0800972c                USBH_Connected
 .text.USBH_Disconnected
                0x08009738        0xc ..\obj\usbh_core.o
                0x08009738                USBH_Disconnected
 .text.USBH_SOF
                0x08009744        0x4 ..\obj\usbh_core.o
                0x08009744                USBH_SOF
 .text.USBH_Init
                0x08009748       0x64 ..\obj\usbh_core.o
                0x08009748                USBH_Init
 .text.USBH_HandleControl
                0x080097ac      0x1e8 ..\obj\usbh_core.o
                0x080097ac                USBH_HandleControl
 .text.USBH_Process
                0x08009994      0x404 ..\obj\usbh_core.o
                0x08009994                USBH_Process
 .text.GPIO_Init
                0x08009d98       0xa4 ..\obj\stm32f4xx_gpio.o
                0x08009d98                GPIO_Init
 .text.GPIO_ReadInputDataBit
                0x08009e3c        0xc ..\obj\stm32f4xx_gpio.o
                0x08009e3c                GPIO_ReadInputDataBit
 .text.GPIO_SetBits
                0x08009e48        0x4 ..\obj\stm32f4xx_gpio.o
                0x08009e48                GPIO_SetBits
 .text.GPIO_ResetBits
                0x08009e4c        0x4 ..\obj\stm32f4xx_gpio.o
                0x08009e4c                GPIO_ResetBits
 .text.GPIO_WriteBit
                0x08009e50        0xc ..\obj\stm32f4xx_gpio.o
                0x08009e50                GPIO_WriteBit
 .text.GPIO_PinAFConfig
                0x08009e5c       0x28 ..\obj\stm32f4xx_gpio.o
                0x08009e5c                GPIO_PinAFConfig
 .text.Mp3ReadId3V2Text
                0x08009e84       0xb0 ..\obj\id3.o
                0x08009e84                Mp3ReadId3V2Text
 .text.Mp3ReadId3V2Tag
                0x08009f34      0x1e8 ..\obj\id3.o
                0x08009f34                Mp3ReadId3V2Tag
 .text.USBH_MSC_TestUnitReady
                0x0800a11c       0x6c ..\obj\usbh_msc_scsi.o
                0x0800a11c                USBH_MSC_TestUnitReady
 .text.USBH_MSC_ReadCapacity10
                0x0800a188       0x9c ..\obj\usbh_msc_scsi.o
                0x0800a188                USBH_MSC_ReadCapacity10
 .text.USBH_MSC_ModeSense6
                0x0800a224       0x88 ..\obj\usbh_msc_scsi.o
                0x0800a224                USBH_MSC_ModeSense6
 .text.USBH_MSC_RequestSense
                0x0800a2ac       0x98 ..\obj\usbh_msc_scsi.o
                0x0800a2ac                USBH_MSC_RequestSense
 .text.USBH_MSC_Write10
                0x0800a344       0x94 ..\obj\usbh_msc_scsi.o
                0x0800a344                USBH_MSC_Write10
 .text.USBH_MSC_Read10
                0x0800a3d8       0xcc ..\obj\usbh_msc_scsi.o
                0x0800a3d8                USBH_MSC_Read10
 .text.SystemInit
                0x0800a4a4       0xf4 ..\obj\system_stm32f4xx.o
                0x0800a4a4                SystemInit
 .text.DMA_Audio_Init_Single
                0x0800a598       0x74 ..\obj\DMA.o
                0x0800a598                DMA_Audio_Init_Single
 .text.DMA_Audio_Send
                0x0800a60c       0x14 ..\obj\DMA.o
                0x0800a60c                DMA_Audio_Send
 .text.DMA1_Stream7_IRQHandler
                0x0800a620       0x58 ..\obj\DMA.o
                0x0800a620                DMA1_Stream7_IRQHandler
 .text._sbrk    0x0800a678       0x1c ..\obj\syscalls.o
                0x0800a678                _sbrk
 .text.DMA_ClearFlag
                0x0800a694       0x34 ..\obj\stm32f4xx_dma.o
                0x0800a694                DMA_ClearFlag
 .text.DMA_ITConfig
                0x0800a6c8       0x40 ..\obj\stm32f4xx_dma.o
                0x0800a6c8                DMA_ITConfig
 .text.DMA_GetITStatus
                0x0800a708       0x50 ..\obj\stm32f4xx_dma.o
                0x0800a708                DMA_GetITStatus
 .text.DMA_ClearITPendingBit
                0x0800a758       0x34 ..\obj\stm32f4xx_dma.o
                0x0800a758                DMA_ClearITPendingBit
 .text.USBH_USR_DeviceDisconnected
                0x0800a78c       0x18 ..\obj\usbh_usr.o
                0x0800a78c                USBH_USR_DeviceDisconnected
 .text.USBH_USR_DeviceSpeedDetected
                0x0800a7a4        0x4 ..\obj\usbh_usr.o
                0x0800a7a4                USBH_USR_DeviceSpeedDetected
 .text.USBH_USR_Configuration_DescAvailable
                0x0800a7a8        0x4 ..\obj\usbh_usr.o
                0x0800a7a8                USBH_USR_Configuration_DescAvailable
 .text.USBH_USR_SerialNum_String
                0x0800a7ac        0x4 ..\obj\usbh_usr.o
                0x0800a7ac                USBH_USR_SerialNum_String
 .text.USBH_USR_EnumerationDone
                0x0800a7b0        0x4 ..\obj\usbh_usr.o
                0x0800a7b0                USBH_USR_EnumerationDone
 .text.USBH_USR_DeviceNotSupported
                0x0800a7b4        0xc ..\obj\usbh_usr.o
                0x0800a7b4                USBH_USR_DeviceNotSupported
 .text.USBH_USR_UserInput
                0x0800a7c0        0x4 ..\obj\usbh_usr.o
                0x0800a7c0                USBH_USR_UserInput
 .text.USBH_USR_OverCurrentDetected
                0x0800a7c4        0xc ..\obj\usbh_usr.o
                0x0800a7c4                USBH_USR_OverCurrentDetected
 .text.USBH_USR_DeInit
                0x0800a7d0        0xc ..\obj\usbh_usr.o
                0x0800a7d0                USBH_USR_DeInit
 .text.USBH_USR_MSC_Application
                0x0800a7dc       0x2c ..\obj\usbh_usr.o
                0x0800a7dc                USBH_USR_MSC_Application
 .text.USBH_USR_Product_String
                0x0800a808        0x4 ..\obj\usbh_usr.o
                0x0800a808                USBH_USR_Product_String
 .text.USBH_USR_Device_DescAvailable
                0x0800a80c        0x4 ..\obj\usbh_usr.o
                0x0800a80c                USBH_USR_Device_DescAvailable
 .text.USBH_USR_Manufacturer_String
                0x0800a810        0x4 ..\obj\usbh_usr.o
                0x0800a810                USBH_USR_Manufacturer_String
 .text.USBH_USR_DeviceAddressAssigned
                0x0800a814        0x4 ..\obj\usbh_usr.o
                0x0800a814                USBH_USR_DeviceAddressAssigned
 .text.USBH_USR_ResetDevice
                0x0800a818        0xc ..\obj\usbh_usr.o
                0x0800a818                USBH_USR_ResetDevice
 .text.USBH_USR_Init
                0x0800a824       0x18 ..\obj\usbh_usr.o
                0x0800a824                USBH_USR_Init
 .text.USBH_USR_DeviceAttached
                0x0800a83c       0x18 ..\obj\usbh_usr.o
                0x0800a83c                USBH_USR_DeviceAttached
 .text.USBH_USR_UnrecoveredError
                0x0800a854       0x18 ..\obj\usbh_usr.o
                0x0800a854                USBH_USR_UnrecoveredError
 .text.Cs43Init
                0x0800a86c       0xc8 ..\obj\i2s.o
                0x0800a86c                Cs43Init
 .text.USB_OTG_BSP_Init
                0x0800a934       0x6c ..\obj\usb_bsp.o
                0x0800a934                USB_OTG_BSP_Init
 .text.USB_OTG_BSP_EnableInterrupt
                0x0800a9a0       0x2c ..\obj\usb_bsp.o
                0x0800a9a0                USB_OTG_BSP_EnableInterrupt
 .text.USB_OTG_BSP_DriveVBUS
                0x0800a9cc       0x1c ..\obj\usb_bsp.o
                0x0800a9cc                USB_OTG_BSP_DriveVBUS
 .text.USB_OTG_BSP_ConfigVBUS
                0x0800a9e8       0x54 ..\obj\usb_bsp.o
                0x0800a9e8                USB_OTG_BSP_ConfigVBUS
 .text.USB_OTG_BSP_uDelay
                0x0800aa3c       0x2c ..\obj\usb_bsp.o
                0x0800aa3c                USB_OTG_BSP_uDelay
 .text.USB_OTG_BSP_mDelay
                0x0800aa68       0x30 ..\obj\usb_bsp.o
                0x0800aa68                USB_OTG_BSP_mDelay
 .text.OTG_FS_IRQHandler
                0x0800aa98        0xc ..\obj\usb_bsp.o
                0x0800aa98                OTG_FS_IRQHandler
 .text.TM_USB_MSCHOST_Init
                0x0800aaa4       0x50 ..\obj\tm_stm32f4_usb_msc_host.o
                0x0800aaa4                TM_USB_MSCHOST_Init
 .text.TM_USB_MSCHOST_Process
                0x0800aaf4       0x1c ..\obj\tm_stm32f4_usb_msc_host.o
                0x0800aaf4                TM_USB_MSCHOST_Process
 .text.xmp3fixpt_MidSideProc
                0x0800ab10       0x64 ..\obj\stproc.o
                0x0800ab10                xmp3fixpt_MidSideProc
 .text.xmp3fixpt_IntensityProcMPEG1
                0x0800ab74      0x358 ..\obj\stproc.o
                0x0800ab74                xmp3fixpt_IntensityProcMPEG1
 .text.xmp3fixpt_IntensityProcMPEG2
                0x0800aecc      0x2d4 ..\obj\stproc.o
                0x0800aecc                xmp3fixpt_IntensityProcMPEG2
 .text.xmp3fixpt_DecodeHuffman
                0x0800b1a0      0x7b4 ..\obj\huffman.o
                0x0800b1a0                xmp3fixpt_DecodeHuffman
 .text.PreampInit
                0x0800b954       0xe0 ..\obj\preamp.o
                0x0800b954                PreampInit
 .text.PreampSetVol
                0x0800ba34       0x50 ..\obj\preamp.o
                0x0800ba34                PreampSetVol
 .text.PreampSetBass
                0x0800ba84       0x60 ..\obj\preamp.o
                0x0800ba84                PreampSetBass
 .text.PreampSetTreble
                0x0800bae4       0x60 ..\obj\preamp.o
                0x0800bae4                PreampSetTreble
 .text.PreampSetSourceWrapper
                0x0800bb44       0x7c ..\obj\preamp.o
                0x0800bb44                PreampSetSourceWrapper
 .text.xmp3fixpt_AllocateBuffers
                0x0800bbc0       0x9c ..\obj\buffers.o
                0x0800bbc0                xmp3fixpt_AllocateBuffers
 .text.get_ldnumber
                0x0800bc5c       0x9c ..\obj\ff.o
 .text.unlikely.sync_window.part.3
                0x0800bcf8       0x48 ..\obj\ff.o
 .text.unlikely.move_window
                0x0800bd40       0x80 ..\obj\ff.o
 .text.find_volume
                0x0800bdc0      0x46c ..\obj\ff.o
 .text.sync_fs  0x0800c22c       0xfc ..\obj\ff.o
 .text.put_fat.part.7
                0x0800c328      0x2c0 ..\obj\ff.o
 .text.remove_chain.part.9
                0x0800c5e8      0x298 ..\obj\ff.o
 .text.get_fat.part.5
                0x0800c880      0x26c ..\obj\ff.o
 .text.dir_sdi  0x0800caec       0xa0 ..\obj\ff.o
 .text.create_chain
                0x0800cb8c      0x328 ..\obj\ff.o
 .text.f_read.part.10
                0x0800ceb4      0x258 ..\obj\ff.o
 .text.dir_next.constprop.18
                0x0800d10c       0x88 ..\obj\ff.o
 .text.dir_alloc.constprop.17
                0x0800d194      0x1c0 ..\obj\ff.o
 .text.follow_path
                0x0800d354      0x388 ..\obj\ff.o
 .text.dir_read.constprop.16
                0x0800d6dc      0x140 ..\obj\ff.o
 .text.f_mount  0x0800d81c       0x5c ..\obj\ff.o
                0x0800d81c                f_mount
 .text.f_open   0x0800d878      0x744 ..\obj\ff.o
                0x0800d878                f_open
 .text.f_read   0x0800dfbc       0x5c ..\obj\ff.o
                0x0800dfbc                f_read
 .text.f_close  0x0800e018      0x154 ..\obj\ff.o
                0x0800e018                f_close
 .text.f_lseek  0x0800e16c      0x188 ..\obj\ff.o
                0x0800e16c                f_lseek
 .text.f_opendir
                0x0800e2f4      0x4dc ..\obj\ff.o
                0x0800e2f4                f_opendir
 .text.f_closedir
                0x0800e7d0       0x30 ..\obj\ff.o
                0x0800e7d0                f_closedir
 .text.f_readdir
                0x0800e800      0x160 ..\obj\ff.o
                0x0800e800                f_readdir
 .text.HCD_Init
                0x0800e960       0xec ..\obj\usb_hcd.o
                0x0800e960                HCD_Init
 .text.HCD_GetCurrentSpeed
                0x0800ea4c        0xc ..\obj\usb_hcd.o
                0x0800ea4c                HCD_GetCurrentSpeed
 .text.HCD_ResetPort
                0x0800ea58        0xc ..\obj\usb_hcd.o
                0x0800ea58                HCD_ResetPort
 .text.HCD_IsDeviceConnected
                0x0800ea64        0x8 ..\obj\usb_hcd.o
                0x0800ea64                HCD_IsDeviceConnected
 .text.HCD_GetCurrentFrame
                0x0800ea6c        0x8 ..\obj\usb_hcd.o
                0x0800ea6c                HCD_GetCurrentFrame
 .text.HCD_GetURB_State
                0x0800ea74        0x8 ..\obj\usb_hcd.o
                0x0800ea74                HCD_GetURB_State
 .text.HCD_GetXferCnt
                0x0800ea7c        0x8 ..\obj\usb_hcd.o
                0x0800ea7c                HCD_GetXferCnt
 .text.HCD_SubmitRequest
                0x0800ea84       0x18 ..\obj\usb_hcd.o
                0x0800ea84                HCD_SubmitRequest
 .text.USBH_MSC_Init
                0x0800ea9c       0x40 ..\obj\usbh_msc_bot.o
                0x0800ea9c                USBH_MSC_Init
 .text.USBH_MSC_HandleBOTXfer
                0x0800eadc      0x2d4 ..\obj\usbh_msc_bot.o
                0x0800eadc                USBH_MSC_HandleBOTXfer
 .text.SPI_Init
                0x0800edb0       0x40 ..\obj\stm32f4xx_spi.o
                0x0800edb0                SPI_Init
 .text.SPI_StructInit
                0x0800edf0       0x18 ..\obj\stm32f4xx_spi.o
                0x0800edf0                SPI_StructInit
 .text.SPI_I2S_DMACmd
                0x0800ee08       0x14 ..\obj\stm32f4xx_spi.o
                0x0800ee08                SPI_I2S_DMACmd
 .text.xmp3fixpt_FDCT32
                0x0800ee1c      0xa7c ..\obj\dct32.o
                0x0800ee1c                xmp3fixpt_FDCT32
 .text.I2C_Init
                0x0800f898       0xe8 ..\obj\stm32f4xx_i2c.o
                0x0800f898                I2C_Init
 .text.I2C_Cmd  0x0800f980       0x1c ..\obj\stm32f4xx_i2c.o
                0x0800f980                I2C_Cmd
 .text.I2C_GenerateSTART
                0x0800f99c       0x1c ..\obj\stm32f4xx_i2c.o
                0x0800f99c                I2C_GenerateSTART
 .text.I2C_GenerateSTOP
                0x0800f9b8       0x1c ..\obj\stm32f4xx_i2c.o
                0x0800f9b8                I2C_GenerateSTOP
 .text.I2C_Send7bitAddress
                0x0800f9d4       0x18 ..\obj\stm32f4xx_i2c.o
                0x0800f9d4                I2C_Send7bitAddress
 .text.I2C_SendData
                0x0800f9ec        0x4 ..\obj\stm32f4xx_i2c.o
                0x0800f9ec                I2C_SendData
 .text.I2C_CheckEvent
                0x0800f9f0       0x1c ..\obj\stm32f4xx_i2c.o
                0x0800f9f0                I2C_CheckEvent
 .text.I2C_GetFlagStatus
                0x0800fa0c       0x38 ..\obj\stm32f4xx_i2c.o
                0x0800fa0c                I2C_GetFlagStatus
 .text.USBH_CtlReq
                0x0800fa44       0x4c ..\obj\usbh_ioreq.o
                0x0800fa44                USBH_CtlReq
 .text.USBH_CtlSendSetup
                0x0800fa90       0x30 ..\obj\usbh_ioreq.o
                0x0800fa90                USBH_CtlSendSetup
 .text.USBH_CtlSendData
                0x0800fac0       0x48 ..\obj\usbh_ioreq.o
                0x0800fac0                USBH_CtlSendData
 .text.USBH_CtlReceiveData
                0x0800fb08       0x2c ..\obj\usbh_ioreq.o
                0x0800fb08                USBH_CtlReceiveData
 .text.USBH_BulkSendData
                0x0800fb34       0x34 ..\obj\usbh_ioreq.o
                0x0800fb34                USBH_BulkSendData
 .text.USBH_BulkReceiveData
                0x0800fb68       0x34 ..\obj\usbh_ioreq.o
                0x0800fb68                USBH_BulkReceiveData
 .text.NVIC_PriorityGroupConfig
                0x0800fb9c       0x14 ..\obj\misc.o
                0x0800fb9c                NVIC_PriorityGroupConfig
 .text.NVIC_Init
                0x0800fbb0       0x70 ..\obj\misc.o
                0x0800fbb0                NVIC_Init
 .text.GLCD_Write.constprop.0
                0x0800fc20       0xb8 ..\obj\glcd.o
 .text.GLCD_Write.constprop.1
                0x0800fcd8       0x98 ..\obj\glcd.o
 .text.GLCD_Write.constprop.2
                0x0800fd70       0xb8 ..\obj\glcd.o
 .text.GLCD_Init
                0x0800fe28       0x5c ..\obj\glcd.o
                0x0800fe28                GLCD_Init
 .text.GLCD_Write
                0x0800fe84       0xd0 ..\obj\glcd.o
                0x0800fe84                GLCD_Write
 .text.GLCD_Clear
                0x0800ff54       0x34 ..\obj\glcd.o
                0x0800ff54                GLCD_Clear
 .text.GLCD_WriteString
                0x0800ff88       0x94 ..\obj\glcd.o
                0x0800ff88                GLCD_WriteString
 .text.TM_GPIO_Init
                0x0801001c      0x140 ..\obj\tm_stm32f4_gpio.o
                0x0801001c                TM_GPIO_Init
 .text.TM_GPIO_InitAlternate
                0x0801015c      0x25c ..\obj\tm_stm32f4_gpio.o
                0x0801015c                TM_GPIO_InitAlternate
 .text.TM_GPIO_GetPinSource
                0x080103b8       0x18 ..\obj\tm_stm32f4_gpio.o
                0x080103b8                TM_GPIO_GetPinSource
 .text.TM_GPIO_GetPortSource
                0x080103d0       0x10 ..\obj\tm_stm32f4_gpio.o
                0x080103d0                TM_GPIO_GetPortSource
 .text.xmp3fixpt_PolyphaseMono
                0x080103e0      0x2e8 ..\obj\polyphase.o
                0x080103e0                xmp3fixpt_PolyphaseMono
 .text.xmp3fixpt_PolyphaseStereo
                0x080106c8      0x570 ..\obj\polyphase.o
                0x080106c8                xmp3fixpt_PolyphaseStereo
 .text.TIM_TimeBaseInit
                0x08010c38       0x98 ..\obj\stm32f4xx_tim.o
                0x08010c38                TIM_TimeBaseInit
 .text.TIM_Cmd  0x08010cd0       0x1c ..\obj\stm32f4xx_tim.o
                0x08010cd0                TIM_Cmd
 .text.TIM_ITConfig
                0x08010cec       0x14 ..\obj\stm32f4xx_tim.o
                0x08010cec                TIM_ITConfig
 .text.TIM_GetITStatus
                0x08010d00       0x18 ..\obj\stm32f4xx_tim.o
                0x08010d00                TIM_GetITStatus
 .text.TIM_ClearITPendingBit
                0x08010d18        0x8 ..\obj\stm32f4xx_tim.o
                0x08010d18                TIM_ClearITPendingBit
 .text.USBH_OTG_ISR_Handler
                0x08010d20      0x10c ..\obj\usb_hcd_int.o
                0x08010d20                USBH_OTG_ISR_Handler
 .text.USB_OTG_USBH_handle_hc_ISR
                0x08010e2c       0x8c ..\obj\usb_hcd_int.o
 .text.USB_OTG_USBH_handle_sof_ISR
                0x08010eb8       0x34 ..\obj\usb_hcd_int.o
 .text.USB_OTG_USBH_handle_Disconnect_ISR
                0x08010eec       0x34 ..\obj\usb_hcd_int.o
 .text.USB_OTG_USBH_handle_nptxfempty_ISR
                0x08010f20      0x188 ..\obj\usb_hcd_int.o
 .text.USB_OTG_USBH_handle_ptxfempty_ISR
                0x080110a8      0x188 ..\obj\usb_hcd_int.o
 .text.USB_OTG_USBH_handle_port_ISR
                0x08011230      0x164 ..\obj\usb_hcd_int.o
 .text.USB_OTG_USBH_handle_hc_n_Out_ISR
                0x08011394      0x550 ..\obj\usb_hcd_int.o
 .text.USB_OTG_USBH_handle_hc_n_In_ISR
                0x080118e4      0x5b0 ..\obj\usb_hcd_int.o
 .text.USB_OTG_USBH_handle_rx_qlvl_ISR
                0x08011e94      0x198 ..\obj\usb_hcd_int.o
 .text.USB_OTG_USBH_handle_IncompletePeriodicXfer_ISR
                0x0801202c       0x4c ..\obj\usb_hcd_int.o
 .text          0x08012078      0x370 c:/program files (x86)/gnu tools arm embedded/5.4 2016q3/bin/../lib/gcc/arm-none-eabi/5.4.1/armv7e-m\libgcc.a(_arm_addsubdf3.o)
                0x08012078                __aeabi_drsub
                0x08012080                __aeabi_dsub
                0x08012080                __subdf3
                0x08012084                __aeabi_dadd
                0x08012084                __adddf3
                0x080122fc                __floatunsidf
                0x080122fc                __aeabi_ui2d
                0x0801231c                __floatsidf
                0x0801231c                __aeabi_i2d
                0x08012340                __aeabi_f2d
                0x08012340                __extendsfdf2
                0x0801237c                __floatundidf
                0x0801237c                __aeabi_ul2d
                0x0801238c                __floatdidf
                0x0801238c                __aeabi_l2d
 .text          0x080123e8      0x424 c:/program files (x86)/gnu tools arm embedded/5.4 2016q3/bin/../lib/gcc/arm-none-eabi/5.4.1/armv7e-m\libgcc.a(_arm_muldivdf3.o)
                0x080123e8                __aeabi_dmul
                0x080123e8                __muldf3
                0x0801263c                __divdf3
                0x0801263c                __aeabi_ddiv
 .text          0x0801280c      0x110 c:/program files (x86)/gnu tools arm embedded/5.4 2016q3/bin/../lib/gcc/arm-none-eabi/5.4.1/armv7e-m\libgcc.a(_arm_cmpdf2.o)
                0x0801280c                __gtdf2
                0x0801280c                __gedf2
                0x08012814                __ltdf2
                0x08012814                __ledf2
                0x0801281c                __nedf2
                0x0801281c                __eqdf2
                0x0801281c                __cmpdf2
                0x08012898                __aeabi_cdrcmple
                0x080128a8                __aeabi_cdcmpeq
                0x080128a8                __aeabi_cdcmple
                0x080128b8                __aeabi_dcmpeq
                0x080128cc                __aeabi_dcmplt
                0x080128e0                __aeabi_dcmple
                0x080128f4                __aeabi_dcmpge
                0x08012908                __aeabi_dcmpgt
 .text._malloc_r
                0x0801291c      0x570 c:/program files (x86)/gnu tools arm embedded/5.4 2016q3/bin/../lib/gcc/arm-none-eabi/5.4.1/../../../../arm-none-eabi/lib/armv7e-m\libg.a(lib_a-mallocr.o)
                0x0801291c                _malloc_r
 .text          0x08012e8c      0x134 c:/program files (x86)/gnu tools arm embedded/5.4 2016q3/bin/../lib/gcc/arm-none-eabi/5.4.1/../../../../arm-none-eabi/lib/armv7e-m\libg.a(lib_a-memcpy.o)
                0x08012e8c                memcpy
 .text.memmove  0x08012fc0       0xc8 c:/program files (x86)/gnu tools arm embedded/5.4 2016q3/bin/../lib/gcc/arm-none-eabi/5.4.1/../../../../arm-none-eabi/lib/armv7e-m\libg.a(lib_a-memmove.o)
                0x08012fc0                memmove
 .text.memset   0x08013088       0x9c c:/program files (x86)/gnu tools arm embedded/5.4 2016q3/bin/../lib/gcc/arm-none-eabi/5.4.1/../../../../arm-none-eabi/lib/armv7e-m\libg.a(lib_a-memset.o)
                0x08013088                memset
 .text.__malloc_lock
                0x08013124        0x4 c:/program files (x86)/gnu tools arm embedded/5.4 2016q3/bin/../lib/gcc/arm-none-eabi/5.4.1/../../../../arm-none-eabi/lib/armv7e-m\libg.a(lib_a-mlock.o)
                0x08013124                __malloc_lock
 .text.__malloc_unlock
                0x08013128        0x4 c:/program files (x86)/gnu tools arm embedded/5.4 2016q3/bin/../lib/gcc/arm-none-eabi/5.4.1/../../../../arm-none-eabi/lib/armv7e-m\libg.a(lib_a-mlock.o)
                0x08013128                __malloc_unlock
 .text.realloc  0x0801312c       0x10 c:/program files (x86)/gnu tools arm embedded/5.4 2016q3/bin/../lib/gcc/arm-none-eabi/5.4.1/../../../../arm-none-eabi/lib/armv7e-m\libg.a(lib_a-realloc.o)
                0x0801312c                realloc
 .text._realloc_r
                0x0801313c      0x3e0 c:/program files (x86)/gnu tools arm embedded/5.4 2016q3/bin/../lib/gcc/arm-none-eabi/5.4.1/../../../../arm-none-eabi/lib/armv7e-m\libg.a(lib_a-reallocr.o)
                0x0801313c                _realloc_r
 .text._sbrk_r  0x0801351c       0x24 c:/program files (x86)/gnu tools arm embedded/5.4 2016q3/bin/../lib/gcc/arm-none-eabi/5.4.1/../../../../arm-none-eabi/lib/armv7e-m\libg.a(lib_a-sbrkr.o)
                0x0801351c                _sbrk_r
 .text.sprintf  0x08013540       0x4c c:/program files (x86)/gnu tools arm embedded/5.4 2016q3/bin/../lib/gcc/arm-none-eabi/5.4.1/../../../../arm-none-eabi/lib/armv7e-m\libg.a(lib_a-sprintf.o)
                0x08013540                sprintf
 .text.strcpy   0x0801358c       0xbc c:/program files (x86)/gnu tools arm embedded/5.4 2016q3/bin/../lib/gcc/arm-none-eabi/5.4.1/../../../../arm-none-eabi/lib/armv7e-m\libg.a(lib_a-strcpy.o)
                0x0801358c                strcpy
 *fill*         0x08013648       0x38 
 .text          0x08013680       0xdc c:/program files (x86)/gnu tools arm embedded/5.4 2016q3/bin/../lib/gcc/arm-none-eabi/5.4.1/../../../../arm-none-eabi/lib/armv7e-m\libg.a(lib_a-strlen.o)
                0x08013680                strlen
 .text._svfprintf_r
                0x0801375c     0x16b0 c:/program files (x86)/gnu tools arm embedded/5.4 2016q3/bin/../lib/gcc/arm-none-eabi/5.4.1/../../../../arm-none-eabi/lib/armv7e-m\libg.a(lib_a-svfprintf.o)
                0x0801375c                _svfprintf_r
 .text.quorem   0x08014e0c      0x128 c:/program files (x86)/gnu tools arm embedded/5.4 2016q3/bin/../lib/gcc/arm-none-eabi/5.4.1/../../../../arm-none-eabi/lib/armv7e-m\libg.a(lib_a-dtoa.o)
 *fill*         0x08014f34        0x4 
 .text._dtoa_r  0x08014f38      0xe58 c:/program files (x86)/gnu tools arm embedded/5.4 2016q3/bin/../lib/gcc/arm-none-eabi/5.4.1/../../../../arm-none-eabi/lib/armv7e-m\libg.a(lib_a-dtoa.o)
                0x08014f38                _dtoa_r
 .text._malloc_trim_r
                0x08015d90       0x9c c:/program files (x86)/gnu tools arm embedded/5.4 2016q3/bin/../lib/gcc/arm-none-eabi/5.4.1/../../../../arm-none-eabi/lib/armv7e-m\libg.a(lib_a-freer.o)
                0x08015d90                _malloc_trim_r
 .text._free_r  0x08015e2c      0x1d0 c:/program files (x86)/gnu tools arm embedded/5.4 2016q3/bin/../lib/gcc/arm-none-eabi/5.4.1/../../../../arm-none-eabi/lib/armv7e-m\libg.a(lib_a-freer.o)
                0x08015e2c                _free_r
 .text._localeconv_r
                0x08015ffc       0x1c c:/program files (x86)/gnu tools arm embedded/5.4 2016q3/bin/../lib/gcc/arm-none-eabi/5.4.1/../../../../arm-none-eabi/lib/armv7e-m\libg.a(lib_a-localeconv.o)
                0x08015ffc                _localeconv_r
 *fill*         0x08016018        0x8 
 .text          0x08016020       0xa0 c:/program files (x86)/gnu tools arm embedded/5.4 2016q3/bin/../lib/gcc/arm-none-eabi/5.4.1/../../../../arm-none-eabi/lib/armv7e-m\libg.a(lib_a-memchr.o)
                0x08016020                memchr
 .text._Balloc  0x080160c0       0x4c c:/program files (x86)/gnu tools arm embedded/5.4 2016q3/bin/../lib/gcc/arm-none-eabi/5.4.1/../../../../arm-none-eabi/lib/armv7e-m\libg.a(lib_a-mprec.o)
                0x080160c0                _Balloc
 .text._Bfree   0x0801610c       0x14 c:/program files (x86)/gnu tools arm embedded/5.4 2016q3/bin/../lib/gcc/arm-none-eabi/5.4.1/../../../../arm-none-eabi/lib/armv7e-m\libg.a(lib_a-mprec.o)
                0x0801610c                _Bfree
 .text.__multadd
                0x08016120       0x80 c:/program files (x86)/gnu tools arm embedded/5.4 2016q3/bin/../lib/gcc/arm-none-eabi/5.4.1/../../../../arm-none-eabi/lib/armv7e-m\libg.a(lib_a-mprec.o)
                0x08016120                __multadd
 .text.__hi0bits
                0x080161a0       0x40 c:/program files (x86)/gnu tools arm embedded/5.4 2016q3/bin/../lib/gcc/arm-none-eabi/5.4.1/../../../../arm-none-eabi/lib/armv7e-m\libg.a(lib_a-mprec.o)
                0x080161a0                __hi0bits
 .text.__lo0bits
                0x080161e0       0x5c c:/program files (x86)/gnu tools arm embedded/5.4 2016q3/bin/../lib/gcc/arm-none-eabi/5.4.1/../../../../arm-none-eabi/lib/armv7e-m\libg.a(lib_a-mprec.o)
                0x080161e0                __lo0bits
 .text.__i2b    0x0801623c       0x14 c:/program files (x86)/gnu tools arm embedded/5.4 2016q3/bin/../lib/gcc/arm-none-eabi/5.4.1/../../../../arm-none-eabi/lib/armv7e-m\libg.a(lib_a-mprec.o)
                0x0801623c                __i2b
 .text.__multiply
                0x08016250      0x130 c:/program files (x86)/gnu tools arm embedded/5.4 2016q3/bin/../lib/gcc/arm-none-eabi/5.4.1/../../../../arm-none-eabi/lib/armv7e-m\libg.a(lib_a-mprec.o)
                0x08016250                __multiply
 .text.__pow5mult
                0x08016380       0xa0 c:/program files (x86)/gnu tools arm embedded/5.4 2016q3/bin/../lib/gcc/arm-none-eabi/5.4.1/../../../../arm-none-eabi/lib/armv7e-m\libg.a(lib_a-mprec.o)
                0x08016380                __pow5mult
 .text.__lshift
                0x08016420       0xb0 c:/program files (x86)/gnu tools arm embedded/5.4 2016q3/bin/../lib/gcc/arm-none-eabi/5.4.1/../../../../arm-none-eabi/lib/armv7e-m\libg.a(lib_a-mprec.o)
                0x08016420                __lshift
 .text.__mcmp   0x080164d0       0x40 c:/program files (x86)/gnu tools arm embedded/5.4 2016q3/bin/../lib/gcc/arm-none-eabi/5.4.1/../../../../arm-none-eabi/lib/armv7e-m\libg.a(lib_a-mprec.o)
                0x080164d0                __mcmp
 .text.__mdiff  0x08016510      0x114 c:/program files (x86)/gnu tools arm embedded/5.4 2016q3/bin/../lib/gcc/arm-none-eabi/5.4.1/../../../../arm-none-eabi/lib/armv7e-m\libg.a(lib_a-mprec.o)
                0x08016510                __mdiff
 .text.__d2b    0x08016624       0xb8 c:/program files (x86)/gnu tools arm embedded/5.4 2016q3/bin/../lib/gcc/arm-none-eabi/5.4.1/../../../../arm-none-eabi/lib/armv7e-m\libg.a(lib_a-mprec.o)
                0x08016624                __d2b
 .text.__ssprint_r
                0x080166dc      0x100 c:/program files (x86)/gnu tools arm embedded/5.4 2016q3/bin/../lib/gcc/arm-none-eabi/5.4.1/../../../../arm-none-eabi/lib/armv7e-m\libg.a(lib_a-svfiprintf.o)
                0x080166dc                __ssprint_r
 .text._calloc_r
                0x080167dc       0x60 c:/program files (x86)/gnu tools arm embedded/5.4 2016q3/bin/../lib/gcc/arm-none-eabi/5.4.1/../../../../arm-none-eabi/lib/armv7e-m\libg.a(lib_a-callocr.o)
                0x080167dc                _calloc_r
 .text.__ascii_mbtowc
                0x0801683c       0x2c c:/program files (x86)/gnu tools arm embedded/5.4 2016q3/bin/../lib/gcc/arm-none-eabi/5.4.1/../../../../arm-none-eabi/lib/armv7e-m\libg.a(lib_a-mbtowc_r.o)
                0x0801683c                __ascii_mbtowc
 .text.__ascii_wctomb
                0x08016868       0x1c c:/program files (x86)/gnu tools arm embedded/5.4 2016q3/bin/../lib/gcc/arm-none-eabi/5.4.1/../../../../arm-none-eabi/lib/armv7e-m\libg.a(lib_a-wctomb_r.o)
                0x08016868                __ascii_wctomb
 .text          0x08016884       0x2c c:/program files (x86)/gnu tools arm embedded/5.4 2016q3/bin/../lib/gcc/arm-none-eabi/5.4.1/armv7e-m\libgcc.a(_arm_unorddf2.o)
                0x08016884                __unorddf2
                0x08016884                __aeabi_dcmpun
 .text          0x080168b0       0x50 c:/program files (x86)/gnu tools arm embedded/5.4 2016q3/bin/../lib/gcc/arm-none-eabi/5.4.1/armv7e-m\libgcc.a(_arm_fixdfsi.o)
                0x080168b0                __aeabi_d2iz
                0x080168b0                __fixdfsi
 .text          0x08016900       0x30 c:/program files (x86)/gnu tools arm embedded/5.4 2016q3/bin/../lib/gcc/arm-none-eabi/5.4.1/armv7e-m\libgcc.a(_aeabi_uldivmod.o)
                0x08016900                __aeabi_uldivmod
 .text          0x08016930      0x2e4 c:/program files (x86)/gnu tools arm embedded/5.4 2016q3/bin/../lib/gcc/arm-none-eabi/5.4.1/armv7e-m\libgcc.a(_udivmoddi4.o)
                0x08016930                __udivmoddi4
 .text          0x08016c14        0x4 c:/program files (x86)/gnu tools arm embedded/5.4 2016q3/bin/../lib/gcc/arm-none-eabi/5.4.1/armv7e-m\libgcc.a(_dvmd_tls.o)
                0x08016c14                __aeabi_idiv0
                0x08016c14                __aeabi_ldiv0
 *(.init)
 *(.fini)
 *crtbegin.o(.ctors)
 *crtbegin?.o(.ctors)
 *(EXCLUDE_FILE(*crtend.o *crtend?.o) .ctors)
 *(SORT(.ctors.*))
 *(.ctors)
 *crtbegin.o(.dtors)
 *crtbegin?.o(.dtors)
 *(EXCLUDE_FILE(*crtend.o *crtend?.o) .dtors)
 *(SORT(.dtors.*))
 *(.dtors)
 *(.rodata*)
 .rodata        0x08016c18      0x226 ..\obj\dqchan.o
 *fill*         0x08016e3e        0x2 
 .rodata        0x08016e40       0x68 ..\obj\scalfact.o
 .rodata.str1.4
                0x08016ea8        0x7 ..\obj\mp3.o
 *fill*         0x08016eaf        0x1 
 .rodata        0x08016eb0     0x2304 ..\obj\hufftabs.o
                0x08016eb0                xmp3fixpt_quadTabMaxBits
                0x08016eb8                xmp3fixpt_quadTabOffset
                0x08016ec0                xmp3fixpt_quadTable
                0x08016f10                xmp3fixpt_huffTabLookup
                0x08017010                xmp3fixpt_huffTabOffset
                0x08017090                xmp3fixpt_huffTable
 .rodata        0x080191b4      0x508 ..\obj\mp3tabs.o
                0x080191b4                xmp3fixpt_sfBandTable
                0x08019450                xmp3fixpt_slotTab
                0x08019560                xmp3fixpt_sideBytesTab
                0x0801956c                xmp3fixpt_bitsPerSlotTab
                0x08019574                xmp3fixpt_samplesPerFrameTab
                0x08019588                xmp3fixpt_bitrateTab
                0x08019698                xmp3fixpt_samplerateTab
 .rodata.str1.4
                0x080196bc        0x3 ..\obj\main.o
 .rodata.str1.4
                0x080196bc        0x4 ..\obj\file.o
 .rodata        0x080196c0       0x20 ..\obj\menu.o
 .rodata.str1.4
                0x080196e0       0x58 ..\obj\menu.o
 .rodata.str1.4
                0x08019738        0x4 ..\obj\usbh_core.o
 .rodata.str1.4
                0x0801973c       0x11 ..\obj\id3.o
 *fill*         0x0801974d        0x3 
 .rodata        0x08019750      0x86c ..\obj\trigtabs_fixpt.o
                0x08019750                xmp3fixpt_polyCoef
                0x08019b70                xmp3fixpt_coef32
                0x08019bec                xmp3fixpt_csa
                0x08019c2c                xmp3fixpt_uniqueIDTab
                0x08019c34                xmp3fixpt_ISFIIP
                0x08019c44                xmp3fixpt_ISFMpeg2
                0x08019d44                xmp3fixpt_ISFMpeg1
                0x08019d7c                xmp3fixpt_imdctWin
 .rodata        0x08019fbc       0xba ..\obj\ff.o
 *fill*         0x0801a076        0x2 
 .rodata.str1.4
                0x0801a078       0x96 ..\obj\ff.o
 *fill*         0x0801a10e        0x2 
 .rodata        0x0801a110       0xc0 ..\obj\dct32.o
 .rodata.zeroes.7256
                0x0801a1d0       0x10 c:/program files (x86)/gnu tools arm embedded/5.4 2016q3/bin/../lib/gcc/arm-none-eabi/5.4.1/../../../../arm-none-eabi/lib/armv7e-m\libg.a(lib_a-svfprintf.o)
 .rodata.str1.4
                0x0801a1e0       0x42 c:/program files (x86)/gnu tools arm embedded/5.4 2016q3/bin/../lib/gcc/arm-none-eabi/5.4.1/../../../../arm-none-eabi/lib/armv7e-m\libg.a(lib_a-svfprintf.o)
 *fill*         0x0801a222        0x2 
 .rodata.blanks.7255
                0x0801a224       0x10 c:/program files (x86)/gnu tools arm embedded/5.4 2016q3/bin/../lib/gcc/arm-none-eabi/5.4.1/../../../../arm-none-eabi/lib/armv7e-m\libg.a(lib_a-svfprintf.o)
 .rodata.str1.4
                0x0801a234       0x10 c:/program files (x86)/gnu tools arm embedded/5.4 2016q3/bin/../lib/gcc/arm-none-eabi/5.4.1/../../../../arm-none-eabi/lib/armv7e-m\libg.a(lib_a-dtoa.o)
                                 0x12 (size before relaxing)
 *fill*         0x0801a244        0x4 
 .rodata.__mprec_tens
                0x0801a248       0xc8 c:/program files (x86)/gnu tools arm embedded/5.4 2016q3/bin/../lib/gcc/arm-none-eabi/5.4.1/../../../../arm-none-eabi/lib/armv7e-m\libg.a(lib_a-mprec.o)
                0x0801a248                __mprec_tens
 .rodata.p05.6085
                0x0801a310        0xc c:/program files (x86)/gnu tools arm embedded/5.4 2016q3/bin/../lib/gcc/arm-none-eabi/5.4.1/../../../../arm-none-eabi/lib/armv7e-m\libg.a(lib_a-mprec.o)
 *fill*         0x0801a31c        0x4 
 .rodata.__mprec_bigtens
                0x0801a320       0x28 c:/program files (x86)/gnu tools arm embedded/5.4 2016q3/bin/../lib/gcc/arm-none-eabi/5.4.1/../../../../arm-none-eabi/lib/armv7e-m\libg.a(lib_a-mprec.o)
                0x0801a320                __mprec_bigtens
 .rodata.str1.4
                0x0801a348       0x10 c:/program files (x86)/gnu tools arm embedded/5.4 2016q3/bin/../lib/gcc/arm-none-eabi/5.4.1/../../../../arm-none-eabi/lib/armv7e-m\libg.a(lib_a-locale.o)
                                 0x12 (size before relaxing)
 .rodata._ctype_
                0x0801a358      0x101 c:/program files (x86)/gnu tools arm embedded/5.4 2016q3/bin/../lib/gcc/arm-none-eabi/5.4.1/../../../../arm-none-eabi/lib/armv7e-m\libg.a(lib_a-ctype_.o)
                0x0801a358                _ctype_
 *(.eh_fram e*)

.glue_7         0x0801a45c        0x0
 .glue_7        0x0801a45c        0x0 linker stubs

.glue_7t        0x0801a45c        0x0
 .glue_7t       0x0801a45c        0x0 linker stubs

.vfp11_veneer   0x0801a45c        0x0
 .vfp11_veneer  0x0801a45c        0x0 linker stubs

.v4_bx          0x0801a45c        0x0
 .v4_bx         0x0801a45c        0x0 linker stubs

.iplt           0x0801a45c        0x0
 .iplt          0x0801a45c        0x0 ..\obj\tm_stm32f4_fatfs.o

.ARM.extab
 *(.ARM.extab* .gnu.linkonce.armextab.*)
                0x0801a45c                __exidx_start = .

.ARM.exidx      0x0801a45c        0x8
 *(.ARM.exidx* .gnu.linkonce.armexidx.*)
 .ARM.exidx     0x0801a45c        0x8 c:/program files (x86)/gnu tools arm embedded/5.4 2016q3/bin/../lib/gcc/arm-none-eabi/5.4.1/armv7e-m\libgcc.a(_udivmoddi4.o)
                0x0801a464                __exidx_end = .
                0x0801a464                __etext = .
                0x0801a464                _sidata = __etext

.rel.dyn        0x0801a464        0x0
 .rel.iplt      0x0801a464        0x0 ..\obj\tm_stm32f4_fatfs.o

.data           0x20000000      0xdb0 load address 0x0801a464
                0x20000000                __data_start__ = .
                0x20000000                _sdata = __data_start__
 *(vtable)
 *(.data*)
 .data          0x20000000        0x2 ..\obj\mp3.o
                0x20000000                Mp3_Status
                0x20000001                loadneeded
 *fill*         0x20000002        0x2 
 .data          0x20000004       0xb4 ..\obj\diskio.o
                0x20000004                FATFS_LowLevelDrivers
 .data          0x200000b8        0x1 ..\obj\fatfs_usb.o
 *fill*         0x200000b9        0x3 
 .data          0x200000bc       0x10 ..\obj\stm32f4xx_rcc.o
 .data          0x200000cc       0x60 ..\obj\tm_stm32f4_usart.o
                0x200000cc                TM_USART1
                0x200000dc                TM_USART6
                0x200000ec                TM_UART5
                0x200000fc                TM_UART4
                0x2000010c                TM_USART3
                0x2000011c                TM_USART2
 .data          0x2000012c        0x1 ..\obj\fatfs_sd.o
 *fill*         0x2000012d        0x3 
 .data          0x20000130       0x10 ..\obj\usbh_msc_core.o
                0x20000130                USBH_MSC_cb
 .data          0x20000140       0x24 ..\obj\menu.o
                0x20000144                SourceStrings
                0x20000150                MenuStrings
 .data          0x20000164       0x10 ..\obj\usbh_core.o
                0x20000164                USBH_HCD_INT_fops
                0x20000168                USBH_HCD_INT_cb
 .data          0x20000174        0x1 ..\obj\usbh_msc_scsi.o
 *fill*         0x20000175        0x3 
 .data          0x20000178       0x14 ..\obj\system_stm32f4xx.o
                0x20000178                AHBPrescTable
                0x20000188                SystemCoreClock
 .data          0x2000018c        0x1 ..\obj\DMA.o
                0x2000018c                DmaAudioDone
 *fill*         0x2000018d        0x3 
 .data          0x20000190       0x48 ..\obj\usbh_usr.o
                0x20000190                USR_Callbacks
 .data          0x200001d8      0x229 ..\obj\glcd.o
                0x200001d8                LCDPort
                0x200001f8                LCDPin
                0x20000208                fontdata
 *fill*         0x20000401        0x3 
 .data.__malloc_av_
                0x20000404      0x408 c:/program files (x86)/gnu tools arm embedded/5.4 2016q3/bin/../lib/gcc/arm-none-eabi/5.4.1/../../../../arm-none-eabi/lib/armv7e-m\libg.a(lib_a-mallocr.o)
                0x20000404                __malloc_av_
 .data.__malloc_trim_threshold
                0x2000080c        0x4 c:/program files (x86)/gnu tools arm embedded/5.4 2016q3/bin/../lib/gcc/arm-none-eabi/5.4.1/../../../../arm-none-eabi/lib/armv7e-m\libg.a(lib_a-mallocr.o)
                0x2000080c                __malloc_trim_threshold
 .data.__malloc_sbrk_base
                0x20000810        0x4 c:/program files (x86)/gnu tools arm embedded/5.4 2016q3/bin/../lib/gcc/arm-none-eabi/5.4.1/../../../../arm-none-eabi/lib/armv7e-m\libg.a(lib_a-mallocr.o)
                0x20000810                __malloc_sbrk_base
 *fill*         0x20000814        0x4 
 .data.impure_data
                0x20000818      0x428 c:/program files (x86)/gnu tools arm embedded/5.4 2016q3/bin/../lib/gcc/arm-none-eabi/5.4.1/../../../../arm-none-eabi/lib/armv7e-m\libg.a(lib_a-impure.o)
 .data._impure_ptr
                0x20000c40        0x4 c:/program files (x86)/gnu tools arm embedded/5.4 2016q3/bin/../lib/gcc/arm-none-eabi/5.4.1/../../../../arm-none-eabi/lib/armv7e-m\libg.a(lib_a-impure.o)
                0x20000c40                _impure_ptr
 .data.__global_locale
                0x20000c44      0x16c c:/program files (x86)/gnu tools arm embedded/5.4 2016q3/bin/../lib/gcc/arm-none-eabi/5.4.1/../../../../arm-none-eabi/lib/armv7e-m\libg.a(lib_a-locale.o)
                0x20000c44                __global_locale
                0x20000db0                . = ALIGN (0x4)
                [!provide]                PROVIDE (__preinit_array_start, .)
 *(.preinit_array)
                [!provide]                PROVIDE (__preinit_array_end, .)
                0x20000db0                . = ALIGN (0x4)
                [!provide]                PROVIDE (__init_array_start, .)
 *(SORT(.init_array.*))
 *(.init_array)
                [!provide]                PROVIDE (__init_array_end, .)
                0x20000db0                . = ALIGN (0x4)
                [!provide]                PROVIDE (__fini_array_start, .)
 *(SORT(.fini_array.*))
 *(.fini_array)
                [!provide]                PROVIDE (__fini_array_end, .)
 *(.jcr*)
                0x20000db0                . = ALIGN (0x4)
                0x20000db0                __data_end__ = .
                0x20000db0                _edata = __data_end__

.igot.plt       0x20000db0        0x0 load address 0x0801b214
 .igot.plt      0x20000db0        0x0 ..\obj\tm_stm32f4_fatfs.o

.bss            0x20000db0    0x141a8 load address 0x0801b214
                0x20000db0                . = ALIGN (0x4)
                0x20000db0                __bss_start__ = .
                0x20000db0                _sbss = __bss_start__
 *(.bss*)
 .bss           0x20000db0       0x20 ..\obj\mp3.o
                0x20000db8                Mp3ActIndex
                0x20000dbc                Mp3TrackChanged
                0x20000dc0                Mp3ActTrack
                0x20000dc4                tMp3Array
                0x20000dc8                Mp3Array
                0x20000dcc                Mp3Count
 .bss           0x20000dd0        0x4 ..\obj\usbh_stdreq.o
 .bss           0x20000dd4        0x1 ..\obj\fatfs_sd.o
 .bss           0x20000dd5        0x2 ..\obj\usbh_msc_core.o
                0x20000dd6                MSCErrorCount
 .bss           0x20000dd7        0x2 ..\obj\bt.o
                0x20000dd7                FlagVolUp
                0x20000dd8                FlagVolDown
 *fill*         0x20000dd9        0x3 
 .bss           0x20000ddc       0x2c ..\obj\tm_stm32f4_delay.o
                0x20000ddc                prescaler
                0x20000de0                TM_Time
                0x20000de4                TM_Time2
                0x20000e00                TM_DELAY_Initialized
                0x20000e04                TM_TimingDelay
 .bss           0x20000e08       0x28 ..\obj\menu.o
                0x20000e2e                x
                0x20000e2f                presscnt
 .bss           0x20000e30        0x2 ..\obj\usbh_core.o
 *fill*         0x20000e32        0x2 
 .bss           0x20000e34        0x4 ..\obj\syscalls.o
 .bss           0x20000e38        0x1 ..\obj\usbh_usr.o
                0x20000e38                Application
 .bss           0x20000e39        0x1 ..\obj\tm_stm32f4_usb_msc_host.o
                0x20000e39                TM_USB_MSCHOST_INT_Initialized
 *fill*         0x20000e3a        0x2 
 .bss           0x20000e3c     0x5d08 ..\obj\buffers.o
 .bss           0x20006b44       0x2a ..\obj\ff.o
 *fill*         0x20006b6e        0x2 
 .bss           0x20006b70       0x11 ..\obj\usbh_msc_bot.o
 *fill*         0x20006b81        0x3 
 .bss           0x20006b84       0x16 ..\obj\tm_stm32f4_gpio.o
 *fill*         0x20006b9a        0x2 
 .bss.__malloc_max_total_mem
                0x20006b9c        0x4 c:/program files (x86)/gnu tools arm embedded/5.4 2016q3/bin/../lib/gcc/arm-none-eabi/5.4.1/../../../../arm-none-eabi/lib/armv7e-m\libg.a(lib_a-mallocr.o)
                0x20006b9c                __malloc_max_total_mem
 .bss.__malloc_max_sbrked_mem
                0x20006ba0        0x4 c:/program files (x86)/gnu tools arm embedded/5.4 2016q3/bin/../lib/gcc/arm-none-eabi/5.4.1/../../../../arm-none-eabi/lib/armv7e-m\libg.a(lib_a-mallocr.o)
                0x20006ba0                __malloc_max_sbrked_mem
 .bss.__malloc_top_pad
                0x20006ba4        0x4 c:/program files (x86)/gnu tools arm embedded/5.4 2016q3/bin/../lib/gcc/arm-none-eabi/5.4.1/../../../../arm-none-eabi/lib/armv7e-m\libg.a(lib_a-mallocr.o)
                0x20006ba4                __malloc_top_pad
 .bss.__malloc_current_mallinfo
                0x20006ba8       0x28 c:/program files (x86)/gnu tools arm embedded/5.4 2016q3/bin/../lib/gcc/arm-none-eabi/5.4.1/../../../../arm-none-eabi/lib/armv7e-m\libg.a(lib_a-mallocr.o)
                0x20006ba8                __malloc_current_mallinfo
 *(COMMON)
 COMMON         0x20006bd0     0xd35c ..\obj\mp3.o
                0x20006bd0                mp3_buffer
                0x2000b3d0                SD_Fs
                0x2000b604                USB_Fs
                0x2000b838                hMP3Decoder
                0x2000b83c                audio_help_buff
                0x2000d68c                mp3_buffer2
                0x20011e8c                act_buff
                0x20011e90                audio_buffer
                0x20013ce0                errbr
                0x20013ce4                bytes_left
                0x20013ce8                read_ptr
                0x20013cec                fil
                0x20013f10                mp3FrameInfo
 COMMON         0x20013f2c      0x200 ..\obj\usbh_stdreq.o
                0x20013f2c                USBH_CfgDesc
 COMMON         0x2001412c       0xc0 ..\obj\tm_stm32f4_usart.o
                0x2001412c                TM_UART5_Buffer
                0x2001414c                TM_USART6_Buffer
                0x2001416c                TM_USART3_Buffer
                0x2001418c                TM_USART2_Buffer
                0x200141ac                TM_USART1_Buffer
                0x200141cc                TM_UART4_Buffer
 COMMON         0x200141ec      0x214 ..\obj\usbh_msc_core.o
                0x200141ec                MSC_Machine
                0x200143f8                MSC_Setup
 COMMON         0x20014400        0x8 ..\obj\tm_stm32f4_delay.o
                0x20014400                sys_delay
                0x20014404                mult
 COMMON         0x20014408      0x410 ..\obj\usbh_msc_scsi.o
                0x20014408                USBH_DataInBuffer
                0x20014608                USBH_MSC_Param
                0x20014618                USBH_DataOutBuffer
 COMMON         0x20014818      0x6f8 ..\obj\tm_stm32f4_usb_msc_host.o
                0x20014818                USB_OTG_MSC_Core
                0x20014dc4                TM_USB_MSCHOST_INT_Result
                0x20014dc8                USB_Host
 COMMON         0x20014f10        0x4 ..\obj\preamp.o
                0x20014f10                AudioSettings
 COMMON         0x20014f14       0x40 ..\obj\usbh_msc_bot.o
                0x20014f14                USBH_MSC_CSWData
                0x20014f24                USBH_MSC_BOTXferParam
                0x20014f34                USBH_MSC_CBWData
 COMMON         0x20014f54        0x4 c:/program files (x86)/gnu tools arm embedded/5.4 2016q3/bin/../lib/gcc/arm-none-eabi/5.4.1/../../../../arm-none-eabi/lib/armv7e-m\libg.a(lib_a-reent.o)
                0x20014f54                errno
                0x20014f58                . = ALIGN (0x4)
                0x20014f58                __bss_end__ = .
                0x20014f58                _ebss = __bss_end__

.heap           0x20014f58        0x0
                0x20014f58                __end__ = .
                0x20014f58                _end = __end__
                0x20014f58                end = __end__
 *(.heap*)
                0x20014f58                __HeapLimit = .

.co_stack       0x20014f58      0x800 load address 0x0802f3bc
                0x20014f58                . = ALIGN (0x8)
 *(.co_stack .co_stack.*)
 .co_stack      0x20014f58      0x800 ..\obj\startup_stm32f4xx.o
                0x20014f58                pulStack
                0x20020000                __StackTop = (ORIGIN (ram) + LENGTH (ram))
                0x2001f800                __StackLimit = (__StackTop - SIZEOF (.co_stack))
                [!provide]                PROVIDE (__stack, __StackTop)
                0x00000001                ASSERT ((__StackLimit >= __HeapLimit), region ram  overflowed with stack)
LOAD ..\obj\tm_stm32f4_fatfs.o
LOAD ..\obj\unicode.o
LOAD ..\obj\stm32f4xx_syscfg.o
LOAD ..\obj\usb_core.o
LOAD ..\obj\dqchan.o
LOAD ..\obj\scalfact.o
LOAD ..\obj\pcm.o
LOAD ..\obj\i2c.o
LOAD ..\obj\mp3.o
LOAD ..\obj\bitstream.o
LOAD ..\obj\dequant.o
LOAD ..\obj\tm_stm32f4_exti.o
LOAD ..\obj\hufftabs.o
LOAD ..\obj\imdct.o
LOAD ..\obj\timer.o
LOAD ..\obj\usbh_hcs.o
LOAD ..\obj\stm32f4xx_usart.o
LOAD ..\obj\usbh_stdreq.o
LOAD ..\obj\mp3tabs.o
LOAD ..\obj\str.o
LOAD ..\obj\subband.o
LOAD ..\obj\diskio.o
LOAD ..\obj\startup_stm32f4xx.o
LOAD ..\obj\fatfs_usb.o
LOAD ..\obj\mp3dec.o
LOAD ..\obj\main.o
LOAD ..\obj\stm32f4xx_rcc.o
LOAD ..\obj\tm_stm32f4_usart.o
LOAD ..\obj\tm_stm32f4_rotary_encoder.o
LOAD ..\obj\fatfs_sd.o
LOAD ..\obj\usbh_msc_core.o
LOAD ..\obj\bt.o
LOAD ..\obj\gpio.o
LOAD ..\obj\tm_stm32f4_delay.o
LOAD ..\obj\file.o
LOAD ..\obj\syscall.o
LOAD ..\obj\tm_stm32f4_spi.o
LOAD ..\obj\menu.o
LOAD ..\obj\usbh_core.o
LOAD ..\obj\stm32f4xx_gpio.o
LOAD ..\obj\id3.o
LOAD ..\obj\usbh_msc_scsi.o
LOAD ..\obj\system_stm32f4xx.o
LOAD ..\obj\DMA.o
LOAD ..\obj\syscalls.o
LOAD ..\obj\stm32f4xx_dma.o
LOAD ..\obj\usbh_usr.o
LOAD ..\obj\i2s.o
LOAD ..\obj\usb_bsp.o
LOAD ..\obj\tm_stm32f4_usb_msc_host.o
LOAD ..\obj\stproc.o
LOAD ..\obj\huffman.o
LOAD ..\obj\trigtabs_fixpt.o
LOAD ..\obj\preamp.o
LOAD ..\obj\buffers.o
LOAD ..\obj\ff.o
LOAD ..\obj\usb_hcd.o
LOAD ..\obj\usbh_msc_bot.o
LOAD ..\obj\stm32f4xx_spi.o
LOAD ..\obj\dct32.o
LOAD ..\obj\stm32f4xx_i2c.o
LOAD ..\obj\stm32f4xx_exti.o
LOAD ..\obj\usbh_ioreq.o
LOAD ..\obj\misc.o
LOAD ..\obj\glcd.o
LOAD ..\obj\tm_stm32f4_gpio.o
LOAD ..\obj\polyphase.o
LOAD ..\obj\tm_stm32f4_timer_properties.o
LOAD ..\obj\stm32f4xx_tim.o
LOAD ..\obj\usb_hcd_int.o
START GROUP
LOAD c:/program files (x86)/gnu tools arm embedded/5.4 2016q3/bin/../lib/gcc/arm-none-eabi/5.4.1/armv7e-m\libgcc.a
LOAD c:/program files (x86)/gnu tools arm embedded/5.4 2016q3/bin/../lib/gcc/arm-none-eabi/5.4.1/../../../../arm-none-eabi/lib/armv7e-m\libg.a
LOAD c:/program files (x86)/gnu tools arm embedded/5.4 2016q3/bin/../lib/gcc/arm-none-eabi/5.4.1/../../../../arm-none-eabi/lib/armv7e-m\libc.a
END GROUP
OUTPUT(AmpNew.elf elf32-littlearm)

.debug_info     0x00000000    0x3f881
 .debug_info    0x00000000     0x2695 ..\obj\usb_core.o
 .debug_info    0x00002695      0x94d ..\obj\dqchan.o
 .debug_info    0x00002fe2      0xbe3 ..\obj\scalfact.o
 .debug_info    0x00003bc5      0x4d4 ..\obj\i2c.o
 .debug_info    0x00004099      0xab0 ..\obj\mp3.o
 .debug_info    0x00004b49     0x11c5 ..\obj\bitstream.o
 .debug_info    0x00005d0e      0x8c3 ..\obj\dequant.o
 .debug_info    0x000065d1      0xcc0 ..\obj\tm_stm32f4_exti.o
 .debug_info    0x00007291      0x1d2 ..\obj\hufftabs.o
 .debug_info    0x00007463     0x3212 ..\obj\imdct.o
 .debug_info    0x0000a675      0x992 ..\obj\timer.o
 .debug_info    0x0000b007      0xb1c ..\obj\usbh_hcs.o
 .debug_info    0x0000bb23      0xb2d ..\obj\stm32f4xx_usart.o
 .debug_info    0x0000c650     0x1b40 ..\obj\usbh_stdreq.o
 .debug_info    0x0000e190      0x1e0 ..\obj\mp3tabs.o
 .debug_info    0x0000e370      0x158 ..\obj\str.o
 .debug_info    0x0000e4c8      0x48b ..\obj\subband.o
 .debug_info    0x0000e953      0x509 ..\obj\diskio.o
 .debug_info    0x0000ee5c      0x112 ..\obj\startup_stm32f4xx.o
 .debug_info    0x0000ef6e     0x1523 ..\obj\fatfs_usb.o
 .debug_info    0x00010491      0xbf7 ..\obj\mp3dec.o
 .debug_info    0x00011088      0x48d ..\obj\main.o
 .debug_info    0x00011515      0xd0d ..\obj\stm32f4xx_rcc.o
 .debug_info    0x00012222     0x1fd8 ..\obj\tm_stm32f4_usart.o
 .debug_info    0x000141fa      0x464 ..\obj\tm_stm32f4_rotary_encoder.o
 .debug_info    0x0001465e     0x167e ..\obj\fatfs_sd.o
 .debug_info    0x00015cdc     0x1907 ..\obj\usbh_msc_core.o
 .debug_info    0x000175e3      0x23c ..\obj\bt.o
 .debug_info    0x0001781f      0x5ba ..\obj\gpio.o
 .debug_info    0x00017dd9      0xacf ..\obj\tm_stm32f4_delay.o
 .debug_info    0x000188a8      0x75b ..\obj\file.o
 .debug_info    0x00019003      0xe8b ..\obj\tm_stm32f4_spi.o
 .debug_info    0x00019e8e     0x1295 ..\obj\menu.o
 .debug_info    0x0001b123     0x1c8b ..\obj\usbh_core.o
 .debug_info    0x0001cdae      0x7db ..\obj\stm32f4xx_gpio.o
 .debug_info    0x0001d589      0x6b7 ..\obj\id3.o
 .debug_info    0x0001dc40      0xec2 ..\obj\usbh_msc_scsi.o
 .debug_info    0x0001eb02      0x5e6 ..\obj\system_stm32f4xx.o
 .debug_info    0x0001f0e8      0x755 ..\obj\DMA.o
 .debug_info    0x0001f83d      0x432 ..\obj\syscalls.o
 .debug_info    0x0001fc6f      0x718 ..\obj\stm32f4xx_dma.o
 .debug_info    0x00020387      0x5d9 ..\obj\usbh_usr.o
 .debug_info    0x00020960      0x7c9 ..\obj\i2s.o
 .debug_info    0x00021129     0x111e ..\obj\usb_bsp.o
 .debug_info    0x00022247     0x13b0 ..\obj\tm_stm32f4_usb_msc_host.o
 .debug_info    0x000235f7      0xcb8 ..\obj\stproc.o
 .debug_info    0x000242af      0xbfd ..\obj\huffman.o
 .debug_info    0x00024eac      0x1ce ..\obj\trigtabs_fixpt.o
 .debug_info    0x0002507a      0xc68 ..\obj\preamp.o
 .debug_info    0x00025ce2      0x9eb ..\obj\buffers.o
 .debug_info    0x000266cd     0xa29b ..\obj\ff.o
 .debug_info    0x00030968      0xd56 ..\obj\usb_hcd.o
 .debug_info    0x000316be     0x1924 ..\obj\usbh_msc_bot.o
 .debug_info    0x00032fe2      0xbc4 ..\obj\stm32f4xx_spi.o
 .debug_info    0x00033ba6      0xb10 ..\obj\dct32.o
 .debug_info    0x000346b6      0xb6d ..\obj\stm32f4xx_i2c.o
 .debug_info    0x00035223     0x1646 ..\obj\usbh_ioreq.o
 .debug_info    0x00036869      0x55c ..\obj\misc.o
 .debug_info    0x00036dc5      0xf2b ..\obj\glcd.o
 .debug_info    0x00037cf0      0x9df ..\obj\tm_stm32f4_gpio.o
 .debug_info    0x000386cf     0x2be4 ..\obj\polyphase.o
 .debug_info    0x0003b2b3     0x249e ..\obj\stm32f4xx_tim.o
 .debug_info    0x0003d751     0x2130 ..\obj\usb_hcd_int.o

.debug_abbrev   0x00000000     0x8755
 .debug_abbrev  0x00000000      0x442 ..\obj\usb_core.o
 .debug_abbrev  0x00000442      0x22d ..\obj\dqchan.o
 .debug_abbrev  0x0000066f      0x1ed ..\obj\scalfact.o
 .debug_abbrev  0x0000085c      0x155 ..\obj\i2c.o
 .debug_abbrev  0x000009b1      0x302 ..\obj\mp3.o
 .debug_abbrev  0x00000cb3      0x290 ..\obj\bitstream.o
 .debug_abbrev  0x00000f43      0x1e0 ..\obj\dequant.o
 .debug_abbrev  0x00001123      0x1f0 ..\obj\tm_stm32f4_exti.o
 .debug_abbrev  0x00001313       0xad ..\obj\hufftabs.o
 .debug_abbrev  0x000013c0      0x350 ..\obj\imdct.o
 .debug_abbrev  0x00001710      0x177 ..\obj\timer.o
 .debug_abbrev  0x00001887      0x211 ..\obj\usbh_hcs.o
 .debug_abbrev  0x00001a98      0x1d7 ..\obj\stm32f4xx_usart.o
 .debug_abbrev  0x00001c6f      0x392 ..\obj\usbh_stdreq.o
 .debug_abbrev  0x00002001       0x79 ..\obj\mp3tabs.o
 .debug_abbrev  0x0000207a       0xc9 ..\obj\str.o
 .debug_abbrev  0x00002143      0x148 ..\obj\subband.o
 .debug_abbrev  0x0000228b      0x1fe ..\obj\diskio.o
 .debug_abbrev  0x00002489       0xe8 ..\obj\startup_stm32f4xx.o
 .debug_abbrev  0x00002571      0x284 ..\obj\fatfs_usb.o
 .debug_abbrev  0x000027f5      0x30f ..\obj\mp3dec.o
 .debug_abbrev  0x00002b04      0x180 ..\obj\main.o
 .debug_abbrev  0x00002c84      0x297 ..\obj\stm32f4xx_rcc.o
 .debug_abbrev  0x00002f1b      0x3b5 ..\obj\tm_stm32f4_usart.o
 .debug_abbrev  0x000032d0      0x16c ..\obj\tm_stm32f4_rotary_encoder.o
 .debug_abbrev  0x0000343c      0x398 ..\obj\fatfs_sd.o
 .debug_abbrev  0x000037d4      0x38d ..\obj\usbh_msc_core.o
 .debug_abbrev  0x00003b61      0x10f ..\obj\bt.o
 .debug_abbrev  0x00003c70      0x147 ..\obj\gpio.o
 .debug_abbrev  0x00003db7      0x329 ..\obj\tm_stm32f4_delay.o
 .debug_abbrev  0x000040e0      0x239 ..\obj\file.o
 .debug_abbrev  0x00004319      0x28b ..\obj\tm_stm32f4_spi.o
 .debug_abbrev  0x000045a4      0x3aa ..\obj\menu.o
 .debug_abbrev  0x0000494e      0x39f ..\obj\usbh_core.o
 .debug_abbrev  0x00004ced      0x1f3 ..\obj\stm32f4xx_gpio.o
 .debug_abbrev  0x00004ee0      0x151 ..\obj\id3.o
 .debug_abbrev  0x00005031      0x222 ..\obj\usbh_msc_scsi.o
 .debug_abbrev  0x00005253      0x15f ..\obj\system_stm32f4xx.o
 .debug_abbrev  0x000053b2      0x1cf ..\obj\DMA.o
 .debug_abbrev  0x00005581      0x147 ..\obj\syscalls.o
 .debug_abbrev  0x000056c8      0x1b7 ..\obj\stm32f4xx_dma.o
 .debug_abbrev  0x0000587f      0x1cc ..\obj\usbh_usr.o
 .debug_abbrev  0x00005a4b      0x176 ..\obj\i2s.o
 .debug_abbrev  0x00005bc1      0x2f4 ..\obj\usb_bsp.o
 .debug_abbrev  0x00005eb5      0x281 ..\obj\tm_stm32f4_usb_msc_host.o
 .debug_abbrev  0x00006136      0x20e ..\obj\stproc.o
 .debug_abbrev  0x00006344      0x251 ..\obj\huffman.o
 .debug_abbrev  0x00006595       0x68 ..\obj\trigtabs_fixpt.o
 .debug_abbrev  0x000065fd      0x256 ..\obj\preamp.o
 .debug_abbrev  0x00006853      0x1d1 ..\obj\buffers.o
 .debug_abbrev  0x00006a24      0x377 ..\obj\ff.o
 .debug_abbrev  0x00006d9b      0x1e6 ..\obj\usb_hcd.o
 .debug_abbrev  0x00006f81      0x30b ..\obj\usbh_msc_bot.o
 .debug_abbrev  0x0000728c      0x1c0 ..\obj\stm32f4xx_spi.o
 .debug_abbrev  0x0000744c      0x13d ..\obj\dct32.o
 .debug_abbrev  0x00007589      0x240 ..\obj\stm32f4xx_i2c.o
 .debug_abbrev  0x000077c9      0x279 ..\obj\usbh_ioreq.o
 .debug_abbrev  0x00007a42      0x156 ..\obj\misc.o
 .debug_abbrev  0x00007b98      0x273 ..\obj\glcd.o
 .debug_abbrev  0x00007e0b      0x1ea ..\obj\tm_stm32f4_gpio.o
 .debug_abbrev  0x00007ff5      0x20d ..\obj\polyphase.o
 .debug_abbrev  0x00008202      0x286 ..\obj\stm32f4xx_tim.o
 .debug_abbrev  0x00008488      0x2cd ..\obj\usb_hcd_int.o

.debug_loc      0x00000000    0x3fe4a
 .debug_loc     0x00000000     0x15a4 ..\obj\usb_core.o
 .debug_loc     0x000015a4      0x98c ..\obj\dqchan.o
 .debug_loc     0x00001f30     0x1627 ..\obj\scalfact.o
 .debug_loc     0x00003557       0xce ..\obj\i2c.o
 .debug_loc     0x00003625      0x26a ..\obj\mp3.o
 .debug_loc     0x0000388f     0x764b ..\obj\bitstream.o
 .debug_loc     0x0000aeda      0x28e ..\obj\dequant.o
 .debug_loc     0x0000b168      0x381 ..\obj\tm_stm32f4_exti.o
 .debug_loc     0x0000b4e9     0x6973 ..\obj\imdct.o
 .debug_loc     0x00011e5c       0x6e ..\obj\timer.o
 .debug_loc     0x00011eca      0x328 ..\obj\usbh_hcs.o
 .debug_loc     0x000121f2      0x8e7 ..\obj\stm32f4xx_usart.o
 .debug_loc     0x00012ad9      0xa7c ..\obj\usbh_stdreq.o
 .debug_loc     0x00013555      0x153 ..\obj\str.o
 .debug_loc     0x000136a8      0x175 ..\obj\subband.o
 .debug_loc     0x0001381d      0x361 ..\obj\diskio.o
 .debug_loc     0x00013b7e      0x28d ..\obj\fatfs_usb.o
 .debug_loc     0x00013e0b      0x9cf ..\obj\mp3dec.o
 .debug_loc     0x000147da       0x20 ..\obj\main.o
 .debug_loc     0x000147fa      0xb54 ..\obj\stm32f4xx_rcc.o
 .debug_loc     0x0001534e     0x1dc6 ..\obj\tm_stm32f4_usart.o
 .debug_loc     0x00017114      0x11d ..\obj\tm_stm32f4_rotary_encoder.o
 .debug_loc     0x00017231     0x1389 ..\obj\fatfs_sd.o
 .debug_loc     0x000185ba      0x39b ..\obj\usbh_msc_core.o
 .debug_loc     0x00018955      0x26a ..\obj\tm_stm32f4_delay.o
 .debug_loc     0x00018bbf      0x246 ..\obj\file.o
 .debug_loc     0x00018e05      0x6cd ..\obj\tm_stm32f4_spi.o
 .debug_loc     0x000194d2      0x33e ..\obj\menu.o
 .debug_loc     0x00019810      0x7b3 ..\obj\usbh_core.o
 .debug_loc     0x00019fc3      0x3a0 ..\obj\stm32f4xx_gpio.o
 .debug_loc     0x0001a363      0x427 ..\obj\id3.o
 .debug_loc     0x0001a78a      0x416 ..\obj\usbh_msc_scsi.o
 .debug_loc     0x0001aba0      0x13b ..\obj\system_stm32f4xx.o
 .debug_loc     0x0001acdb       0x58 ..\obj\DMA.o
 .debug_loc     0x0001ad33       0xe7 ..\obj\syscalls.o
 .debug_loc     0x0001ae1a      0x424 ..\obj\stm32f4xx_dma.o
 .debug_loc     0x0001b23e      0x144 ..\obj\usb_bsp.o
 .debug_loc     0x0001b382     0x17d3 ..\obj\stproc.o
 .debug_loc     0x0001cb55     0x14b4 ..\obj\huffman.o
 .debug_loc     0x0001e009      0x622 ..\obj\preamp.o
 .debug_loc     0x0001e62b    0x168b2 ..\obj\ff.o
 .debug_loc     0x00034edd      0x2d5 ..\obj\usb_hcd.o
 .debug_loc     0x000351b2      0x607 ..\obj\usbh_msc_bot.o
 .debug_loc     0x000357b9      0x644 ..\obj\stm32f4xx_spi.o
 .debug_loc     0x00035dfd     0x228b ..\obj\dct32.o
 .debug_loc     0x00038088      0x674 ..\obj\stm32f4xx_i2c.o
 .debug_loc     0x000386fc      0x613 ..\obj\usbh_ioreq.o
 .debug_loc     0x00038d0f      0x186 ..\obj\misc.o
 .debug_loc     0x00038e95      0x789 ..\obj\glcd.o
 .debug_loc     0x0003961e      0xdba ..\obj\tm_stm32f4_gpio.o
 .debug_loc     0x0003a3d8     0x2ea1 ..\obj\polyphase.o
 .debug_loc     0x0003d279     0x2055 ..\obj\stm32f4xx_tim.o
 .debug_loc     0x0003f2ce      0xb7c ..\obj\usb_hcd_int.o

.debug_aranges  0x00000000     0x19f0
 .debug_aranges
                0x00000000       0xf0 ..\obj\usb_core.o
 .debug_aranges
                0x000000f0       0x28 ..\obj\dqchan.o
 .debug_aranges
                0x00000118       0x20 ..\obj\scalfact.o
 .debug_aranges
                0x00000138       0x38 ..\obj\i2c.o
 .debug_aranges
                0x00000170       0x60 ..\obj\mp3.o
 .debug_aranges
                0x000001d0       0x48 ..\obj\bitstream.o
 .debug_aranges
                0x00000218       0x20 ..\obj\dequant.o
 .debug_aranges
                0x00000238       0x68 ..\obj\tm_stm32f4_exti.o
 .debug_aranges
                0x000002a0       0x18 ..\obj\hufftabs.o
 .debug_aranges
                0x000002b8       0x30 ..\obj\imdct.o
 .debug_aranges
                0x000002e8       0x50 ..\obj\timer.o
 .debug_aranges
                0x00000338       0x40 ..\obj\usbh_hcs.o
 .debug_aranges
                0x00000378      0x100 ..\obj\stm32f4xx_usart.o
 .debug_aranges
                0x00000478       0x60 ..\obj\usbh_stdreq.o
 .debug_aranges
                0x000004d8       0x18 ..\obj\mp3tabs.o
 .debug_aranges
                0x000004f0       0x38 ..\obj\str.o
 .debug_aranges
                0x00000528       0x20 ..\obj\subband.o
 .debug_aranges
                0x00000548       0x68 ..\obj\diskio.o
 .debug_aranges
                0x000005b0       0x28 ..\obj\startup_stm32f4xx.o
 .debug_aranges
                0x000005d8       0x40 ..\obj\fatfs_usb.o
 .debug_aranges
                0x00000618       0x48 ..\obj\mp3dec.o
 .debug_aranges
                0x00000660       0x20 ..\obj\main.o
 .debug_aranges
                0x00000680      0x178 ..\obj\stm32f4xx_rcc.o
 .debug_aranges
                0x000007f8       0xf8 ..\obj\tm_stm32f4_usart.o
 .debug_aranges
                0x000008f0       0x38 ..\obj\tm_stm32f4_rotary_encoder.o
 .debug_aranges
                0x00000928       0x70 ..\obj\fatfs_sd.o
 .debug_aranges
                0x00000998       0x40 ..\obj\usbh_msc_core.o
 .debug_aranges
                0x000009d8       0x20 ..\obj\bt.o
 .debug_aranges
                0x000009f8       0x30 ..\obj\gpio.o
 .debug_aranges
                0x00000a28       0x70 ..\obj\tm_stm32f4_delay.o
 .debug_aranges
                0x00000a98       0x28 ..\obj\file.o
 .debug_aranges
                0x00000ac0       0x80 ..\obj\tm_stm32f4_spi.o
 .debug_aranges
                0x00000b40       0x90 ..\obj\menu.o
 .debug_aranges
                0x00000bd0       0x58 ..\obj\usbh_core.o
 .debug_aranges
                0x00000c28       0x88 ..\obj\stm32f4xx_gpio.o
 .debug_aranges
                0x00000cb0       0x28 ..\obj\id3.o
 .debug_aranges
                0x00000cd8       0x48 ..\obj\usbh_msc_scsi.o
 .debug_aranges
                0x00000d20       0x28 ..\obj\system_stm32f4xx.o
 .debug_aranges
                0x00000d48       0x30 ..\obj\DMA.o
 .debug_aranges
                0x00000d78       0x58 ..\obj\syscalls.o
 .debug_aranges
                0x00000dd0       0xa8 ..\obj\stm32f4xx_dma.o
 .debug_aranges
                0x00000e78       0x68 ..\obj\usbh_usr.o
 .debug_aranges
                0x00000ee0       0x28 ..\obj\i2s.o
 .debug_aranges
                0x00000f08       0x58 ..\obj\usb_bsp.o
 .debug_aranges
                0x00000f60       0x38 ..\obj\tm_stm32f4_usb_msc_host.o
 .debug_aranges
                0x00000f98       0x30 ..\obj\stproc.o
 .debug_aranges
                0x00000fc8       0x20 ..\obj\huffman.o
 .debug_aranges
                0x00000fe8       0x18 ..\obj\trigtabs_fixpt.o
 .debug_aranges
                0x00001000       0x50 ..\obj\preamp.o
 .debug_aranges
                0x00001050       0x28 ..\obj\buffers.o
 .debug_aranges
                0x00001078      0x1b0 ..\obj\ff.o
 .debug_aranges
                0x00001228       0x68 ..\obj\usb_hcd.o
 .debug_aranges
                0x00001290       0x38 ..\obj\usbh_msc_bot.o
 .debug_aranges
                0x000012c8       0xe0 ..\obj\stm32f4xx_spi.o
 .debug_aranges
                0x000013a8       0x20 ..\obj\dct32.o
 .debug_aranges
                0x000013c8      0x110 ..\obj\stm32f4xx_i2c.o
 .debug_aranges
                0x000014d8       0x68 ..\obj\usbh_ioreq.o
 .debug_aranges
                0x00001540       0x40 ..\obj\misc.o
 .debug_aranges
                0x00001580       0x78 ..\obj\glcd.o
 .debug_aranges
                0x000015f8       0x98 ..\obj\tm_stm32f4_gpio.o
 .debug_aranges
                0x00001690       0x28 ..\obj\polyphase.o
 .debug_aranges
                0x000016b8      0x2c8 ..\obj\stm32f4xx_tim.o
 .debug_aranges
                0x00001980       0x70 ..\obj\usb_hcd_int.o

.debug_ranges   0x00000000     0x84d0
 .debug_ranges  0x00000000      0x208 ..\obj\usb_core.o
 .debug_ranges  0x00000208       0x30 ..\obj\dqchan.o
 .debug_ranges  0x00000238       0x90 ..\obj\scalfact.o
 .debug_ranges  0x000002c8       0x28 ..\obj\i2c.o
 .debug_ranges  0x000002f0       0x50 ..\obj\mp3.o
 .debug_ranges  0x00000340      0x960 ..\obj\bitstream.o
 .debug_ranges  0x00000ca0       0x10 ..\obj\dequant.o
 .debug_ranges  0x00000cb0       0x78 ..\obj\tm_stm32f4_exti.o
 .debug_ranges  0x00000d28     0x16b8 ..\obj\imdct.o
 .debug_ranges  0x000023e0       0x40 ..\obj\timer.o
 .debug_ranges  0x00002420       0x50 ..\obj\usbh_hcs.o
 .debug_ranges  0x00002470       0xf0 ..\obj\stm32f4xx_usart.o
 .debug_ranges  0x00002560      0x160 ..\obj\usbh_stdreq.o
 .debug_ranges  0x000026c0       0x28 ..\obj\str.o
 .debug_ranges  0x000026e8       0x10 ..\obj\subband.o
 .debug_ranges  0x000026f8       0x58 ..\obj\diskio.o
 .debug_ranges  0x00002750       0x18 ..\obj\startup_stm32f4xx.o
 .debug_ranges  0x00002768       0x30 ..\obj\fatfs_usb.o
 .debug_ranges  0x00002798       0x80 ..\obj\mp3dec.o
 .debug_ranges  0x00002818       0x10 ..\obj\main.o
 .debug_ranges  0x00002828      0x188 ..\obj\stm32f4xx_rcc.o
 .debug_ranges  0x000029b0      0x618 ..\obj\tm_stm32f4_usart.o
 .debug_ranges  0x00002fc8       0x28 ..\obj\tm_stm32f4_rotary_encoder.o
 .debug_ranges  0x00002ff0      0x728 ..\obj\fatfs_sd.o
 .debug_ranges  0x00003718       0x98 ..\obj\usbh_msc_core.o
 .debug_ranges  0x000037b0       0x10 ..\obj\bt.o
 .debug_ranges  0x000037c0       0x20 ..\obj\gpio.o
 .debug_ranges  0x000037e0       0xc8 ..\obj\tm_stm32f4_delay.o
 .debug_ranges  0x000038a8       0x18 ..\obj\file.o
 .debug_ranges  0x000038c0      0x110 ..\obj\tm_stm32f4_spi.o
 .debug_ranges  0x000039d0      0x108 ..\obj\menu.o
 .debug_ranges  0x00003ad8       0x80 ..\obj\usbh_core.o
 .debug_ranges  0x00003b58       0x78 ..\obj\stm32f4xx_gpio.o