Archive member included to satisfy reference by file (symbol)

c:/program files (x86)/gnu tools arm embedded/5.4 2016q3/bin/../lib/gcc/arm-none-eabi/5.4.1/armv7e-m\libgcc.a(_arm_addsubdf3.o)
                              ..\obj\tm_stm32f4_fatfs.o (__aeabi_ui2d)
c:/program files (x86)/gnu tools arm embedded/5.4 2016q3/bin/../lib/gcc/arm-none-eabi/5.4.1/armv7e-m\libgcc.a(_arm_muldivdf3.o)
                              ..\obj\tm_stm32f4_fatfs.o (__aeabi_dmul)
c:/program files (x86)/gnu tools arm embedded/5.4 2016q3/bin/../lib/gcc/arm-none-eabi/5.4.1/armv7e-m\libgcc.a(_arm_cmpdf2.o)
                              ..\obj\tm_stm32f4_timer_properties.o (__aeabi_dcmpeq)
c:/program files (x86)/gnu tools arm embedded/5.4 2016q3/bin/../lib/gcc/arm-none-eabi/5.4.1/armv7e-m\libgcc.a(_arm_fixunsdfsi.o)
                              ..\obj\tm_stm32f4_fatfs.o (__aeabi_d2uiz)
c:/program files (x86)/gnu tools arm embedded/5.4 2016q3/bin/../lib/gcc/arm-none-eabi/5.4.1/../../../../arm-none-eabi/lib/armv7e-m\libg.a(lib_a-malloc.o)
                              ..\obj\tm_stm32f4_fatfs.o (malloc)
c:/program files (x86)/gnu tools arm embedded/5.4 2016q3/bin/../lib/gcc/arm-none-eabi/5.4.1/../../../../arm-none-eabi/lib/armv7e-m\libg.a(lib_a-mallocr.o)
                              c:/program files (x86)/gnu tools arm embedded/5.4 2016q3/bin/../lib/gcc/arm-none-eabi/5.4.1/../../../../arm-none-eabi/lib/armv7e-m\libg.a(lib_a-malloc.o) (_malloc_r)
c:/program files (x86)/gnu tools arm embedded/5.4 2016q3/bin/../lib/gcc/arm-none-eabi/5.4.1/../../../../arm-none-eabi/lib/armv7e-m\libg.a(lib_a-memcpy.o)
                              ..\obj\pcm.o (memcpy)
c:/program files (x86)/gnu tools arm embedded/5.4 2016q3/bin/../lib/gcc/arm-none-eabi/5.4.1/../../../../arm-none-eabi/lib/armv7e-m\libg.a(lib_a-mlock.o)
                              c:/program files (x86)/gnu tools arm embedded/5.4 2016q3/bin/../lib/gcc/arm-none-eabi/5.4.1/../../../../arm-none-eabi/lib/armv7e-m\libg.a(lib_a-mallocr.o) (__malloc_lock)
c:/program files (x86)/gnu tools arm embedded/5.4 2016q3/bin/../lib/gcc/arm-none-eabi/5.4.1/../../../../arm-none-eabi/lib/armv7e-m\libg.a(lib_a-sbrkr.o)
                              c:/program files (x86)/gnu tools arm embedded/5.4 2016q3/bin/../lib/gcc/arm-none-eabi/5.4.1/../../../../arm-none-eabi/lib/armv7e-m\libg.a(lib_a-mallocr.o) (_sbrk_r)
c:/program files (x86)/gnu tools arm embedded/5.4 2016q3/bin/../lib/gcc/arm-none-eabi/5.4.1/../../../../arm-none-eabi/lib/armv7e-m\libg.a(lib_a-sprintf.o)
                              ..\obj\tm_stm32f4_fatfs.o (sprintf)
c:/program files (x86)/gnu tools arm embedded/5.4 2016q3/bin/../lib/gcc/arm-none-eabi/5.4.1/../../../../arm-none-eabi/lib/armv7e-m\libg.a(lib_a-strcpy.o)
                              ..\obj\tm_stm32f4_fatfs.o (strcpy)
c:/program files (x86)/gnu tools arm embedded/5.4 2016q3/bin/../lib/gcc/arm-none-eabi/5.4.1/../../../../arm-none-eabi/lib/armv7e-m\libg.a(lib_a-strlen.o)
                              ..\obj\tm_stm32f4_fatfs.o (strlen)
c:/program files (x86)/gnu tools arm embedded/5.4 2016q3/bin/../lib/gcc/arm-none-eabi/5.4.1/../../../../arm-none-eabi/lib/armv7e-m\libg.a(lib_a-svfprintf.o)
                              c:/program files (x86)/gnu tools arm embedded/5.4 2016q3/bin/../lib/gcc/arm-none-eabi/5.4.1/../../../../arm-none-eabi/lib/armv7e-m\libg.a(lib_a-sprintf.o) (_svfprintf_r)
c:/program files (x86)/gnu tools arm embedded/5.4 2016q3/bin/../lib/gcc/arm-none-eabi/5.4.1/../../../../arm-none-eabi/lib/armv7e-m\libg.a(lib_a-dtoa.o)
                              c:/program files (x86)/gnu tools arm embedded/5.4 2016q3/bin/../lib/gcc/arm-none-eabi/5.4.1/../../../../arm-none-eabi/lib/armv7e-m\libg.a(lib_a-svfprintf.o) (_dtoa_r)
c:/program files (x86)/gnu tools arm embedded/5.4 2016q3/bin/../lib/gcc/arm-none-eabi/5.4.1/../../../../arm-none-eabi/lib/armv7e-m\libg.a(lib_a-freer.o)
                              c:/program files (x86)/gnu tools arm embedded/5.4 2016q3/bin/../lib/gcc/arm-none-eabi/5.4.1/../../../../arm-none-eabi/lib/armv7e-m\libg.a(lib_a-malloc.o) (_free_r)
c:/program files (x86)/gnu tools arm embedded/5.4 2016q3/bin/../lib/gcc/arm-none-eabi/5.4.1/../../../../arm-none-eabi/lib/armv7e-m\libg.a(lib_a-impure.o)
                              c:/program files (x86)/gnu tools arm embedded/5.4 2016q3/bin/../lib/gcc/arm-none-eabi/5.4.1/../../../../arm-none-eabi/lib/armv7e-m\libg.a(lib_a-malloc.o) (_impure_ptr)
c:/program files (x86)/gnu tools arm embedded/5.4 2016q3/bin/../lib/gcc/arm-none-eabi/5.4.1/../../../../arm-none-eabi/lib/armv7e-m\libg.a(lib_a-localeconv.o)
                              c:/program files (x86)/gnu tools arm embedded/5.4 2016q3/bin/../lib/gcc/arm-none-eabi/5.4.1/../../../../arm-none-eabi/lib/armv7e-m\libg.a(lib_a-svfprintf.o) (_localeconv_r)
c:/program files (x86)/gnu tools arm embedded/5.4 2016q3/bin/../lib/gcc/arm-none-eabi/5.4.1/../../../../arm-none-eabi/lib/armv7e-m\libg.a(lib_a-memchr.o)
[...]
Memory Configuration

Name             Origin             Length             Attributes
rom              0x08000000         0x00100000         xr
ram              0x20000000         0x00020000         xrw
ram1             0x10000000         0x00010000         xrw
*default*        0x00000000         0xffffffff

Linker script and memory map

                0x20020000                _eram = 0x20020000

.text           0x08000000     0xb616
 *(.isr_vector)
 .isr_vector    0x08000000      0x188 ..\obj\startup_stm32f4xx.o
                0x08000000                g_pfnVectors
 *(.text*)
 .text.USB_OTG_EnableCommonInt
                0x08000188       0x44 ..\obj\usb_core.o
 .text.USB_OTG_CoreReset
                0x080001cc       0x90 ..\obj\usb_core.o
 .text.USB_OTG_WritePacket
                0x0800025c       0x74 ..\obj\usb_core.o
                0x0800025c                USB_OTG_WritePacket
 .text.USB_OTG_ReadPacket
                0x080002d0       0x58 ..\obj\usb_core.o
                0x080002d0                USB_OTG_ReadPacket
 .text.USB_OTG_SelectCore
                0x08000328      0x174 ..\obj\usb_core.o
                0x08000328                USB_OTG_SelectCore
 .text.USB_OTG_CoreInit
                0x0800049c      0x13c ..\obj\usb_core.o
                0x0800049c                USB_OTG_CoreInit
 .text.USB_OTG_EnableGlobalInt
                0x080005d8       0x34 ..\obj\usb_core.o
                0x080005d8                USB_OTG_EnableGlobalInt
 .text.USB_OTG_DisableGlobalInt
                0x0800060c       0x38 ..\obj\usb_core.o
                0x0800060c                USB_OTG_DisableGlobalInt
 .text.USB_OTG_FlushTxFifo
                0x08000644       0x74 ..\obj\usb_core.o
                0x08000644                USB_OTG_FlushTxFifo
 .text.USB_OTG_FlushRxFifo
                0x080006b8       0x60 ..\obj\usb_core.o
                0x080006b8                USB_OTG_FlushRxFifo
 .text.USB_OTG_SetCurrentMode
                0x08000718       0x60 ..\obj\usb_core.o
                0x08000718                USB_OTG_SetCurrentMode
 .text.USB_OTG_GetMode
                0x08000778       0x1c ..\obj\usb_core.o
                0x08000778                USB_OTG_GetMode
 .text.USB_OTG_IsHostMode
                0x08000794       0x24 ..\obj\usb_core.o
                0x08000794                USB_OTG_IsHostMode
 .text.USB_OTG_ReadCoreItr
                0x080007b8       0x2c ..\obj\usb_core.o
                0x080007b8                USB_OTG_ReadCoreItr
 .text.USB_OTG_CoreInitHost
                0x080007e4       0xf8 ..\obj\usb_core.o
                0x080007e4                USB_OTG_CoreInitHost
 .text.USB_OTG_IsEvenFrame
                0x080008dc       0x28 ..\obj\usb_core.o
                0x080008dc                USB_OTG_IsEvenFrame
 .text.USB_OTG_DriveVbus
                0x08000904       0x7c ..\obj\usb_core.o
                0x08000904                USB_OTG_DriveVbus
 .text.USB_OTG_EnableHostInt
                0x08000980       0x80 ..\obj\usb_core.o
                0x08000980                USB_OTG_EnableHostInt
 .text.USB_OTG_InitFSLSPClkSel
                0x08000a00       0x38 ..\obj\usb_core.o
                0x08000a00                USB_OTG_InitFSLSPClkSel
 .text.USB_OTG_ReadHPRT0
                0x08000a38       0x40 ..\obj\usb_core.o
                0x08000a38                USB_OTG_ReadHPRT0
 .text.USB_OTG_ReadHostAllChannels_intr
                0x08000a78       0x18 ..\obj\usb_core.o
                0x08000a78                USB_OTG_ReadHostAllChannels_intr
 .text.USB_OTG_ResetPort
                0x08000a90       0x4c ..\obj\usb_core.o
                0x08000a90                USB_OTG_ResetPort
 .text.USB_OTG_HC_Init
                0x08000adc      0x298 ..\obj\usb_core.o
                0x08000adc                USB_OTG_HC_Init
 .text.USB_OTG_HC_StartXfer
                0x08000d74      0x2c0 ..\obj\usb_core.o
                0x08000d74                USB_OTG_HC_StartXfer
 .text.USB_OTG_HC_Halt
                0x08001034       0xa0 ..\obj\usb_core.o
                0x08001034                USB_OTG_HC_Halt
 .text.USB_OTG_HC_DoPing
                0x080010d4       0x74 ..\obj\usb_core.o
                0x080010d4                USB_OTG_HC_DoPing
 .text.PcmOpenFile
                0x08001148       0x80 ..\obj\pcm.o
                0x08001148                PcmOpenFile
 .text.PcmPlay  0x080011c8      0x130 ..\obj\pcm.o
                0x080011c8                PcmPlay
 .text.I2C_Init_Amp
                0x080012f8       0x50 ..\obj\i2c.o
                0x080012f8                I2C_Init_Amp
 .text.I2C_start
                0x08001348       0x88 ..\obj\i2c.o
                0x08001348                I2C_start
 .text.I2C_write
                0x080013d0       0x34 ..\obj\i2c.o
                0x080013d0                I2C_write
 .text.I2C_stop
                0x08001404       0x18 ..\obj\i2c.o
                0x08001404                I2C_stop
 .text.TM_EXTI_Attach
                0x0800141c      0x284 ..\obj\tm_stm32f4_exti.o
                0x0800141c                TM_EXTI_Attach
 .text.EXTI0_IRQHandler
                0x080016a0       0x24 ..\obj\tm_stm32f4_exti.o
                0x080016a0                EXTI0_IRQHandler
 .text.EXTI1_IRQHandler
                0x080016c4       0x24 ..\obj\tm_stm32f4_exti.o
                0x080016c4                EXTI1_IRQHandler
 .text.EXTI2_IRQHandler
                0x080016e8       0x24 ..\obj\tm_stm32f4_exti.o
                0x080016e8                EXTI2_IRQHandler
 .text.EXTI3_IRQHandler
                0x0800170c       0x24 ..\obj\tm_stm32f4_exti.o
                0x0800170c                EXTI3_IRQHandler
 .text.EXTI4_IRQHandler
                0x08001730       0x24 ..\obj\tm_stm32f4_exti.o
                0x08001730                EXTI4_IRQHandler
 .text.EXTI9_5_IRQHandler
                0x08001754       0x8c ..\obj\tm_stm32f4_exti.o
                0x08001754                EXTI9_5_IRQHandler
 .text.EXTI15_10_IRQHandler
                0x080017e0       0xb4 ..\obj\tm_stm32f4_exti.o
                0x080017e0                EXTI15_10_IRQHandler
 .text.Tim2Init
                0x08001894       0x58 ..\obj\timer.o
                0x08001894                Tim2Init
 .text.Tim2Start
                0x080018ec       0x20 ..\obj\timer.o
                0x080018ec                Tim2Start
 .text.Tim2Stop
                0x0800190c       0x20 ..\obj\timer.o
                0x0800190c                Tim2Stop
 .text.USBH_Open_Channel
                0x0800192c       0xf8 ..\obj\usbh_hcs.o
                0x0800192c                USBH_Open_Channel
 .text.USBH_Modify_Channel
                0x08001a24       0x98 ..\obj\usbh_hcs.o
                0x08001a24                USBH_Modify_Channel
 .text.USBH_Alloc_Channel
                0x08001abc       0x4c ..\obj\usbh_hcs.o
                0x08001abc                USBH_Alloc_Channel
 .text.USBH_Free_Channel
                0x08001b08       0x44 ..\obj\usbh_hcs.o
                0x08001b08                USBH_Free_Channel
 .text.USBH_DeAllocate_AllChannel
                0x08001b4c       0x38 ..\obj\usbh_hcs.o
                0x08001b4c                USBH_DeAllocate_AllChannel
 .text.USBH_GetFreeChannel
                0x08001b84       0x48 ..\obj\usbh_hcs.o
 .text.USART_DeInit
                0x08001bcc       0xd4 ..\obj\stm32f4xx_usart.o
                0x08001bcc                USART_DeInit
 .text.USART_Init
                0x08001ca0      0x174 ..\obj\stm32f4xx_usart.o
                0x08001ca0                USART_Init
 .text.USBH_Get_DevDesc
                0x08001e14       0x54 ..\obj\usbh_stdreq.o
                0x08001e14                USBH_Get_DevDesc
 .text.USBH_Get_CfgDesc
                0x08001e68       0x88 ..\obj\usbh_stdreq.o
                0x08001e68                USBH_Get_CfgDesc
 .text.USBH_Get_StringDesc
                0x08001ef0       0x58 ..\obj\usbh_stdreq.o
                0x08001ef0                USBH_Get_StringDesc
 .text.USBH_GetDescriptor
                0x08001f48       0x68 ..\obj\usbh_stdreq.o
                0x08001f48                USBH_GetDescriptor
 .text.USBH_SetAddress
                0x08001fb0       0x44 ..\obj\usbh_stdreq.o
                0x08001fb0                USBH_SetAddress
 .text.USBH_SetCfg
                0x08001ff4       0x44 ..\obj\usbh_stdreq.o
                0x08001ff4                USBH_SetCfg
 .text.USBH_ClrFeature
                0x08002038       0x78 ..\obj\usbh_stdreq.o
                0x08002038                USBH_ClrFeature
 .text.USBH_ParseDevDesc
                0x080020b0       0xe0 ..\obj\usbh_stdreq.o
 .text.USBH_ParseCfgDesc
                0x08002190      0x1cc ..\obj\usbh_stdreq.o
 .text.USBH_ParseInterfaceDesc
                0x0800235c       0x5c ..\obj\usbh_stdreq.o
 .text.USBH_ParseEPDesc
                0x080023b8       0x58 ..\obj\usbh_stdreq.o
 .text.USBH_ParseStringDesc
                0x08002410       0x64 ..\obj\usbh_stdreq.o
 .text.USBH_GetNextDesc
                0x08002474       0x34 ..\obj\usbh_stdreq.o
                0x08002474                USBH_GetNextDesc
 .text.disk_initialize
                0x080024a8       0x44 ..\obj\diskio.o
                0x080024a8                disk_initialize
 .text.disk_status
                0x080024ec       0x48 ..\obj\diskio.o
                0x080024ec                disk_status
 .text.disk_read
                0x08002534       0x5c ..\obj\diskio.o
                0x08002534                disk_read
 .text.disk_write
                0x08002590       0x5c ..\obj\diskio.o
                0x08002590                disk_write
 .text.disk_ioctl
                0x080025ec       0x54 ..\obj\diskio.o
                0x080025ec                disk_ioctl
 .text.get_fattime
                0x08002640       0x14 ..\obj\diskio.o
                0x08002640                get_fattime
 .text.TM_FATFS_SDRAM_disk_initialize
                0x08002654       0x10 ..\obj\diskio.o
                0x08002654                TM_FATFS_SDRAM_disk_initialize
 .text.TM_FATFS_SPI_FLASH_disk_initialize
                0x08002664       0x10 ..\obj\diskio.o
                0x08002664                TM_FATFS_SPI_FLASH_disk_initialize
 .text.TM_FATFS_SDRAM_disk_status
                0x08002674       0x10 ..\obj\diskio.o
                0x08002674                TM_FATFS_SDRAM_disk_status
 .text.TM_FATFS_SPI_FLASH_disk_status
                0x08002684       0x10 ..\obj\diskio.o
                0x08002684                TM_FATFS_SPI_FLASH_disk_status
 .text.TM_FATFS_SDRAM_disk_ioctl
                0x08002694       0x18 ..\obj\diskio.o
                0x08002694                TM_FATFS_SDRAM_disk_ioctl
 .text.TM_FATFS_SPI_FLASH_disk_ioctl
                0x080026ac       0x18 ..\obj\diskio.o
                0x080026ac                TM_FATFS_SPI_FLASH_disk_ioctl
 .text.TM_FATFS_SDRAM_disk_read
                0x080026c4       0x18 ..\obj\diskio.o
                0x080026c4                TM_FATFS_SDRAM_disk_read
 .text.TM_FATFS_SPI_FLASH_disk_read
                0x080026dc       0x18 ..\obj\diskio.o
                0x080026dc                TM_FATFS_SPI_FLASH_disk_read
 .text.TM_FATFS_SDRAM_disk_write
                0x080026f4       0x18 ..\obj\diskio.o
                0x080026f4                TM_FATFS_SDRAM_disk_write
 .text.TM_FATFS_SPI_FLASH_disk_write
                0x0800270c       0x18 ..\obj\diskio.o
                0x0800270c                TM_FATFS_SPI_FLASH_disk_write
 .text.Default_Reset_Handler
                0x08002724       0x5c ..\obj\startup_stm32f4xx.o
                0x08002724                Default_Reset_Handler
                0x08002724                Reset_Handler
 .text.Default_Handler
                0x08002780        0x8 ..\obj\startup_stm32f4xx.o
                0x08002780                RTC_Alarm_IRQHandler
                0x08002780                HASH_RNG_IRQHandler
                0x08002780                TIM8_CC_IRQHandler
                0x08002780                DebugMon_Handler
                0x08002780                TIM1_CC_IRQHandler
                0x08002780                DMA2_Stream5_IRQHandler
                0x08002780                HardFault_Handler
                0x08002780                DMA1_Stream5_IRQHandler
                0x08002780                PVD_IRQHandler
                0x08002780                SDIO_IRQHandler
                0x08002780                TAMP_STAMP_IRQHandler
                0x08002780                PendSV_Handler
                0x08002780                NMI_Handler
                0x08002780                CAN2_RX1_IRQHandler
                0x08002780                TIM8_TRG_COM_TIM14_IRQHandler
                0x08002780                TIM1_UP_TIM10_IRQHandler
                0x08002780                TIM8_UP_TIM13_IRQHandler
                0x08002780                I2C3_ER_IRQHandler
                0x08002780                I2C2_EV_IRQHandler
                0x08002780                DMA1_Stream2_IRQHandler
                0x08002780                CAN1_RX0_IRQHandler
                0x08002780                FPU_IRQHandler
                0x08002780                OTG_HS_WKUP_IRQHandler
                0x08002780                UsageFault_Handler
                0x08002780                CAN2_SCE_IRQHandler
                0x08002780                DMA2_Stream2_IRQHandler
                0x08002780                SPI1_IRQHandler
                0x08002780                TIM6_DAC_IRQHandler
                0x08002780                TIM1_BRK_TIM9_IRQHandler
                0x08002780                DCMI_IRQHandler
                0x08002780                CAN2_RX0_IRQHandler
                0x08002780                DMA2_Stream3_IRQHandler
                0x08002780                CRYP_IRQHandler
                0x08002780                CAN1_RX1_IRQHandler
                0x08002780                DMA2_Stream0_IRQHandler
                0x08002780                TIM4_IRQHandler
                0x08002780                I2C1_EV_IRQHandler
                0x08002780                DMA1_Stream6_IRQHandler
                0x08002780                DMA1_Stream1_IRQHandler
                0x08002780                TIM3_IRQHandler
                0x08002780                RCC_IRQHandler
                0x08002780                TIM8_BRK_TIM12_IRQHandler
                0x08002780                ADC_IRQHandler
                0x08002780                TIM7_IRQHandler
                0x08002780                CAN2_TX_IRQHandler
                0x08002780                TIM5_IRQHandler
                0x08002780                DMA2_Stream7_IRQHandler
                0x08002780                I2C3_EV_IRQHandler
                0x08002780                RTC_WKUP_IRQHandler
                0x08002780                ETH_WKUP_IRQHandler
                0x08002780                SPI2_IRQHandler
                0x08002780                OTG_HS_EP1_IN_IRQHandler
                0x08002780                MemManage_Handler
                0x08002780                DMA1_Stream0_IRQHandler
                0x08002780                CAN1_TX_IRQHandler
                0x08002780                SVC_Handler
                0x08002780                FSMC_IRQHandler
                0x08002780                ETH_IRQHandler
                0x08002780                OTG_HS_EP1_OUT_IRQHandler
                0x08002780                WWDG_IRQHandler
                0x08002780                OTG_FS_WKUP_IRQHandler
                0x08002780                TIM1_TRG_COM_TIM11_IRQHandler
                0x08002780                OTG_HS_IRQHandler
                0x08002780                I2C2_ER_IRQHandler
                0x08002780                DMA2_Stream1_IRQHandler
                0x08002780                CAN1_SCE_IRQHandler
                0x08002780                FLASH_IRQHandler
                0x08002780                DMA2_Stream4_IRQHandler
                0x08002780                BusFault_Handler
                0x08002780                SPI3_IRQHandler
                0x08002780                DMA1_Stream4_IRQHandler
                0x08002780                I2C1_ER_IRQHandler
                0x08002780                DMA2_Stream6_IRQHandler
                0x08002780                DMA1_Stream3_IRQHandler
 .text.TM_FATFS_USB_disk_initialize
                0x08002788       0x50 ..\obj\fatfs_usb.o
                0x08002788                TM_FATFS_USB_disk_initialize
 .text.TM_FATFS_USB_disk_status
                0x080027d8       0x18 ..\obj\fatfs_usb.o
                0x080027d8                TM_FATFS_USB_disk_status
 .text.TM_FATFS_USB_disk_read
                0x080027f0       0x94 ..\obj\fatfs_usb.o
                0x080027f0                TM_FATFS_USB_disk_read
 .text.TM_FATFS_USB_disk_write
                0x08002884       0xa0 ..\obj\fatfs_usb.o
                0x08002884                TM_FATFS_USB_disk_write
 .text.TM_FATFS_USB_disk_ioctl
                0x08002924       0x84 ..\obj\fatfs_usb.o
                0x08002924                TM_FATFS_USB_disk_ioctl
 .text.main     0x080029a8       0x9c ..\obj\main.o
                0x080029a8                main
 .text.RCC_GetClocksFreq
                0x08002a44      0x154 ..\obj\stm32f4xx_rcc.o
                0x08002a44                RCC_GetClocksFreq
 .text.RCC_AHB1PeriphClockCmd
                0x08002b98       0x3c ..\obj\stm32f4xx_rcc.o
                0x08002b98                RCC_AHB1PeriphClockCmd
 .text.RCC_AHB2PeriphClockCmd
                0x08002bd4       0x3c ..\obj\stm32f4xx_rcc.o
                0x08002bd4                RCC_AHB2PeriphClockCmd
 .text.RCC_APB1PeriphClockCmd
                0x08002c10       0x3c ..\obj\stm32f4xx_rcc.o
                0x08002c10                RCC_APB1PeriphClockCmd
 .text.RCC_APB2PeriphClockCmd
                0x08002c4c       0x3c ..\obj\stm32f4xx_rcc.o
                0x08002c4c                RCC_APB2PeriphClockCmd
 .text.RCC_APB1PeriphResetCmd
                0x08002c88       0x3c ..\obj\stm32f4xx_rcc.o
                0x08002c88                RCC_APB1PeriphResetCmd
 .text.RCC_APB2PeriphResetCmd
                0x08002cc4       0x3c ..\obj\stm32f4xx_rcc.o
                0x08002cc4                RCC_APB2PeriphResetCmd
 .text.TM_USART_Init
                0x08002d00      0x108 ..\obj\tm_stm32f4_usart.o
                0x08002d00                TM_USART_Init
 .text.TM_USART_Getc
                0x08002e08       0x74 ..\obj\tm_stm32f4_usart.o
                0x08002e08                TM_USART_Getc
 .text.TM_USART_Gets
                0x08002e7c       0x94 ..\obj\tm_stm32f4_usart.o
                0x08002e7c                TM_USART_Gets
 .text.TM_USART_FindCharacter
                0x08002f10       0x60 ..\obj\tm_stm32f4_usart.o
                0x08002f10                TM_USART_FindCharacter
 .text.TM_USART_INT_InsertToBuffer
                0x08002f70       0x5c ..\obj\tm_stm32f4_usart.o
                0x08002f70                TM_USART_INT_InsertToBuffer
 .text.TM_USART_InitCustomPinsCallback
                0x08002fcc       0x18 ..\obj\tm_stm32f4_usart.o
                0x08002fcc                TM_USART_InitCustomPinsCallback
 .text.TM_USART_INT_GetUsart
                0x08002fe4       0x8c ..\obj\tm_stm32f4_usart.o
                0x08002fe4                TM_USART_INT_GetUsart
 .text.TM_USART_INT_GetSubPriority
                0x08003070       0x74 ..\obj\tm_stm32f4_usart.o
                0x08003070                TM_USART_INT_GetSubPriority
 .text.TM_USART1_InitPins
                0x080030e4       0x64 ..\obj\tm_stm32f4_usart.o
                0x080030e4                TM_USART1_InitPins
 .text.TM_USART2_InitPins
                0x08003148       0x60 ..\obj\tm_stm32f4_usart.o
                0x08003148                TM_USART2_InitPins
 .text.TM_USART3_InitPins
                0x080031a8       0x84 ..\obj\tm_stm32f4_usart.o
                0x080031a8                TM_USART3_InitPins
 .text.TM_UART4_InitPins
                0x0800322c       0x64 ..\obj\tm_stm32f4_usart.o
                0x0800322c                TM_UART4_InitPins
 .text.TM_UART5_InitPins
                0x08003290       0x5c ..\obj\tm_stm32f4_usart.o
                0x08003290                TM_UART5_InitPins
 .text.TM_USART6_InitPins
                0x080032ec       0x64 ..\obj\tm_stm32f4_usart.o
                0x080032ec                TM_USART6_InitPins
 .text.USART1_IRQHandler
                0x08003350       0x30 ..\obj\tm_stm32f4_usart.o
                0x08003350                USART1_IRQHandler
 .text.USART2_IRQHandler
                0x08003380       0x30 ..\obj\tm_stm32f4_usart.o
                0x08003380                USART2_IRQHandler
 .text.USART3_IRQHandler
                0x080033b0       0x30 ..\obj\tm_stm32f4_usart.o
                0x080033b0                USART3_IRQHandler
 .text.UART4_IRQHandler
                0x080033e0       0x30 ..\obj\tm_stm32f4_usart.o
                0x080033e0                UART4_IRQHandler
 .text.UART5_IRQHandler
                0x08003410       0x30 ..\obj\tm_stm32f4_usart.o
                0x08003410                UART5_IRQHandler
 .text.USART6_IRQHandler
                0x08003440       0x30 ..\obj\tm_stm32f4_usart.o
                0x08003440                USART6_IRQHandler
 .text.TM_USART_INT_Init
                0x08003470      0x18c ..\obj\tm_stm32f4_usart.o
 .text.TM_RE_Init
                0x080035fc       0x78 ..\obj\tm_stm32f4_rotary_encoder.o
                0x080035fc                TM_RE_Init
 .text.TM_RE_Get
                0x08003674       0x54 ..\obj\tm_stm32f4_rotary_encoder.o
                0x08003674                TM_RE_Get
 .text.TM_RE_Process
                0x080036c8       0x9c ..\obj\tm_stm32f4_rotary_encoder.o
                0x080036c8                TM_RE_Process
 .text.TM_SPI_Send
                0x08003764       0x74 ..\obj\fatfs_sd.o
 .text.Delayms  0x080037d8       0x58 ..\obj\fatfs_sd.o
 .text.init_spi
                0x08003830       0x2c ..\obj\fatfs_sd.o
 .text.rcvr_spi_multi
                0x0800385c       0x24 ..\obj\fatfs_sd.o
 .text.xmit_spi_multi
                0x08003880       0x20 ..\obj\fatfs_sd.o
 .text.wait_ready
                0x080038a0       0x44 ..\obj\fatfs_sd.o
 .text.deselect
                0x080038e4       0x20 ..\obj\fatfs_sd.o
 .text.select   0x08003904       0x38 ..\obj\fatfs_sd.o
 .text.rcvr_datablock
                0x0800393c       0x60 ..\obj\fatfs_sd.o
 .text.xmit_datablock
                0x0800399c       0x70 ..\obj\fatfs_sd.o
 .text.send_cmd
                0x08003a0c       0xf4 ..\obj\fatfs_sd.o
 .text.TM_FATFS_InitPins
                0x08003b00       0x28 ..\obj\fatfs_sd.o
                0x08003b00                TM_FATFS_InitPins
 .text.TM_FATFS_Detect
                0x08003b28       0x10 ..\obj\fatfs_sd.o
                0x08003b28                TM_FATFS_Detect
 .text.TM_FATFS_WriteEnabled
                0x08003b38       0x10 ..\obj\fatfs_sd.o
                0x08003b38                TM_FATFS_WriteEnabled
 .text.TM_FATFS_SD_disk_initialize
                0x08003b48      0x1d0 ..\obj\fatfs_sd.o
                0x08003b48                TM_FATFS_SD_disk_initialize
 .text.TM_FATFS_SD_disk_status
                0x08003d18       0x4c ..\obj\fatfs_sd.o
                0x08003d18                TM_FATFS_SD_disk_status
 .text.TM_FATFS_SD_disk_read
                0x08003d64       0xc4 ..\obj\fatfs_sd.o
                0x08003d64                TM_FATFS_SD_disk_read
 .text.TM_FATFS_SD_disk_write
                0x08003e28      0x100 ..\obj\fatfs_sd.o
                0x08003e28                TM_FATFS_SD_disk_write
 .text.TM_FATFS_SD_disk_ioctl
                0x08003f28      0x2e8 ..\obj\fatfs_sd.o
                0x08003f28                TM_FATFS_SD_disk_ioctl
 .text.USBH_MSC_InterfaceInit
                0x08004210      0x114 ..\obj\usbh_msc_core.o
 .text.USBH_MSC_InterfaceDeInit
                0x08004324       0x64 ..\obj\usbh_msc_core.o
 .text.USBH_MSC_ClassRequest
                0x08004388       0x24 ..\obj\usbh_msc_core.o
 .text.USBH_MSC_Handle
                0x080043ac      0x238 ..\obj\usbh_msc_core.o
 .text.USBH_MSC_BOTReset
                0x080045e4       0x40 ..\obj\usbh_msc_core.o
 .text.USBH_MSC_GETMaxLUN
                0x08004624       0x44 ..\obj\usbh_msc_core.o
 .text.USBH_MSC_ErrorHandle
                0x08004668       0x58 ..\obj\usbh_msc_core.o
                0x08004668                USBH_MSC_ErrorHandle
 .text.BTBtnsProc
                0x080046c0       0x48 ..\obj\bt.o
                0x080046c0                BTBtnsProc
 .text.NVIC_SetPriority
                0x08004708       0x54 ..\obj\tm_stm32f4_delay.o
 .text.SysTick_Config
                0x0800475c       0x44 ..\obj\tm_stm32f4_delay.o
 .text.SysTick_Handler
                0x080047a0       0xf0 ..\obj\tm_stm32f4_delay.o
                0x080047a0                SysTick_Handler
 .text.TM_DELAY_Init
                0x08004890       0x50 ..\obj\tm_stm32f4_delay.o
                0x08004890                TM_DELAY_Init
 .text.Gpio_Init
                0x080048e0       0xb4 ..\obj\gpio.o
                0x080048e0                Gpio_Init
 .text.TM_SPI_Init
                0x08004994       0x38 ..\obj\tm_stm32f4_spi.o
                0x08004994                TM_SPI_Init
 .text.TM_SPI_WriteMulti
                0x080049cc       0x88 ..\obj\tm_stm32f4_spi.o
                0x080049cc                TM_SPI_WriteMulti
 .text.TM_SPI_ReadMulti
                0x08004a54       0x94 ..\obj\tm_stm32f4_spi.o
                0x08004a54                TM_SPI_ReadMulti
 .text.TM_SPI_InitCustomPinsCallback
                0x08004ae8       0x18 ..\obj\tm_stm32f4_spi.o
                0x08004ae8                TM_SPI_InitCustomPinsCallback
 .text.TM_SPIx_Init
                0x08004b00       0xd4 ..\obj\tm_stm32f4_spi.o
 .text.TM_SPI1_INT_InitPins
                0x08004bd4       0x60 ..\obj\tm_stm32f4_spi.o
                0x08004bd4                TM_SPI1_INT_InitPins
 .text.MenuInit
                0x08004c34       0x30 ..\obj\menu.o
                0x08004c34                MenuInit
 .text.MenuProc
                0x08004c64       0xac ..\obj\menu.o
                0x08004c64                MenuProc
 .text.TM_EXTI_Handler
                0x08004d10       0x34 ..\obj\menu.o
                0x08004d10                TM_EXTI_Handler
 .text.RotSwPRessed
                0x08004d44       0x2c ..\obj\menu.o
                0x08004d44                RotSwPRessed
 .text.TIM2_IRQHandler
                0x08004d70       0x44 ..\obj\menu.o
                0x08004d70                TIM2_IRQHandler
 .text.USBH_Connected
                0x08004db4       0x1c ..\obj\usbh_core.o
                0x08004db4                USBH_Connected
 .text.USBH_Disconnected
                0x08004dd0       0x1c ..\obj\usbh_core.o
                0x08004dd0                USBH_Disconnected
 .text.USBH_SOF
                0x08004dec       0x14 ..\obj\usbh_core.o
                0x08004dec                USBH_SOF
 .text.USBH_Init
                0x08004e00       0x58 ..\obj\usbh_core.o
                0x08004e00                USBH_Init
 .text.USBH_DeInit
                0x08004e58       0x60 ..\obj\usbh_core.o
                0x08004e58                USBH_DeInit
 .text.USBH_Process
                0x08004eb8      0x260 ..\obj\usbh_core.o
                0x08004eb8                USBH_Process
 .text.USBH_ErrorHandle
                0x08005118       0x48 ..\obj\usbh_core.o
                0x08005118                USBH_ErrorHandle
 .text.USBH_HandleEnum
                0x08005160      0x2e4 ..\obj\usbh_core.o
 .text.USBH_HandleControl
                0x08005444      0x344 ..\obj\usbh_core.o
                0x08005444                USBH_HandleControl
 .text.GPIO_Init
                0x08005788      0x11c ..\obj\stm32f4xx_gpio.o
                0x08005788                GPIO_Init
 .text.GPIO_ReadInputDataBit
                0x080058a4       0x34 ..\obj\stm32f4xx_gpio.o
                0x080058a4                GPIO_ReadInputDataBit
 .text.GPIO_SetBits
                0x080058d8       0x1c ..\obj\stm32f4xx_gpio.o
                0x080058d8                GPIO_SetBits
 .text.GPIO_ResetBits
                0x080058f4       0x1c ..\obj\stm32f4xx_gpio.o
                0x080058f4                GPIO_ResetBits
 .text.GPIO_WriteBit
                0x08005910       0x30 ..\obj\stm32f4xx_gpio.o
                0x08005910                GPIO_WriteBit
 .text.GPIO_PinAFConfig
                0x08005940       0x90 ..\obj\stm32f4xx_gpio.o
                0x08005940                GPIO_PinAFConfig
 .text.USBH_MSC_TestUnitReady
                0x080059d0       0xdc ..\obj\usbh_msc_scsi.o
                0x080059d0                USBH_MSC_TestUnitReady
 .text.USBH_MSC_ReadCapacity10
                0x08005aac      0x120 ..\obj\usbh_msc_scsi.o
                0x08005aac                USBH_MSC_ReadCapacity10
 .text.USBH_MSC_ModeSense6
                0x08005bcc      0x100 ..\obj\usbh_msc_scsi.o
                0x08005bcc                USBH_MSC_ModeSense6
 .text.USBH_MSC_RequestSense
                0x08005ccc      0x11c ..\obj\usbh_msc_scsi.o
                0x08005ccc                USBH_MSC_RequestSense
 .text.USBH_MSC_Write10
                0x08005de8      0x100 ..\obj\usbh_msc_scsi.o
                0x08005de8                USBH_MSC_Write10
 .text.USBH_MSC_Read10
                0x08005ee8      0x128 ..\obj\usbh_msc_scsi.o
                0x08005ee8                USBH_MSC_Read10
 .text.SystemInit
                0x08006010       0x5c ..\obj\system_stm32f4xx.o
                0x08006010                SystemInit
 .text.SetSysClock
                0x0800606c       0xf4 ..\obj\system_stm32f4xx.o
 .text.DMA_Audio_Init_Single
                0x08006160       0x84 ..\obj\DMA.o
                0x08006160                DMA_Audio_Init_Single
 .text.DMA_Audio_Send
                0x080061e4       0x30 ..\obj\DMA.o
                0x080061e4                DMA_Audio_Send
 .text.DMA1_Stream7_IRQHandler
                0x08006214       0x78 ..\obj\DMA.o
                0x08006214                DMA1_Stream7_IRQHandler
 .text.DMA_ClearFlag
                0x0800628c       0x5c ..\obj\stm32f4xx_dma.o
                0x0800628c                DMA_ClearFlag
 .text.DMA_ITConfig
                0x080062e8       0x74 ..\obj\stm32f4xx_dma.o
                0x080062e8                DMA_ITConfig
 .text.DMA_GetITStatus
                0x0800635c       0xac ..\obj\stm32f4xx_dma.o
                0x0800635c                DMA_GetITStatus
 .text.DMA_ClearITPendingBit
                0x08006408       0x5c ..\obj\stm32f4xx_dma.o
                0x08006408                DMA_ClearITPendingBit
 .text.USBH_USR_Init
                0x08006464       0x20 ..\obj\usbh_usr.o
                0x08006464                USBH_USR_Init
 .text.USBH_USR_DeviceAttached
                0x08006484       0x20 ..\obj\usbh_usr.o
                0x08006484                USBH_USR_DeviceAttached
 .text.USBH_USR_UnrecoveredError
                0x080064a4       0x20 ..\obj\usbh_usr.o
                0x080064a4                USBH_USR_UnrecoveredError
 .text.USBH_USR_DeviceDisconnected
                0x080064c4       0x20 ..\obj\usbh_usr.o
                0x080064c4                USBH_USR_DeviceDisconnected
 .text.USBH_USR_ResetDevice
                0x080064e4       0x18 ..\obj\usbh_usr.o
                0x080064e4                USBH_USR_ResetDevice
 .text.USBH_USR_DeviceSpeedDetected
                0x080064fc       0x14 ..\obj\usbh_usr.o
                0x080064fc                USBH_USR_DeviceSpeedDetected
 .text.USBH_USR_Device_DescAvailable
                0x08006510       0x14 ..\obj\usbh_usr.o
                0x08006510                USBH_USR_Device_DescAvailable
 .text.USBH_USR_DeviceAddressAssigned
                0x08006524        0xc ..\obj\usbh_usr.o
                0x08006524                USBH_USR_DeviceAddressAssigned
 .text.USBH_USR_Configuration_DescAvailable
                0x08006530       0x18 ..\obj\usbh_usr.o
                0x08006530                USBH_USR_Configuration_DescAvailable
 .text.USBH_USR_Manufacturer_String
                0x08006548       0x14 ..\obj\usbh_usr.o
                0x08006548                USBH_USR_Manufacturer_String
 .text.USBH_USR_Product_String
                0x0800655c       0x14 ..\obj\usbh_usr.o
                0x0800655c                USBH_USR_Product_String
 .text.USBH_USR_SerialNum_String
                0x08006570       0x14 ..\obj\usbh_usr.o
                0x08006570                USBH_USR_SerialNum_String
 .text.USBH_USR_EnumerationDone
                0x08006584        0xc ..\obj\usbh_usr.o
                0x08006584                USBH_USR_EnumerationDone
 .text.USBH_USR_DeviceNotSupported
                0x08006590       0x18 ..\obj\usbh_usr.o
                0x08006590                USBH_USR_DeviceNotSupported
 .text.USBH_USR_UserInput
                0x080065a8       0x10 ..\obj\usbh_usr.o
                0x080065a8                USBH_USR_UserInput
 .text.USBH_USR_OverCurrentDetected
                0x080065b8       0x18 ..\obj\usbh_usr.o
                0x080065b8                USBH_USR_OverCurrentDetected
 .text.USBH_USR_MSC_Application
                0x080065d0       0x3c ..\obj\usbh_usr.o
                0x080065d0                USBH_USR_MSC_Application
 .text.USBH_USR_DeInit
                0x0800660c       0x18 ..\obj\usbh_usr.o
                0x0800660c                USBH_USR_DeInit
 .text.Cs43InitGpios
                0x08006624       0x94 ..\obj\i2s.o
                0x08006624                Cs43InitGpios
 .text.Cs43Init
                0x080066b8       0x5c ..\obj\i2s.o
                0x080066b8                Cs43Init
 .text.USB_OTG_BSP_Init
                0x08006714       0x78 ..\obj\usb_bsp.o
                0x08006714                USB_OTG_BSP_Init
 .text.USB_OTG_BSP_EnableInterrupt
                0x0800678c       0x34 ..\obj\usb_bsp.o
                0x0800678c                USB_OTG_BSP_EnableInterrupt
 .text.USB_OTG_BSP_DriveVBUS
                0x080067c0       0x34 ..\obj\usb_bsp.o
                0x080067c0                USB_OTG_BSP_DriveVBUS
 .text.USB_OTG_BSP_ConfigVBUS
                0x080067f4       0x50 ..\obj\usb_bsp.o
                0x080067f4                USB_OTG_BSP_ConfigVBUS
 .text.USB_OTG_BSP_uDelay
                0x08006844       0x44 ..\obj\usb_bsp.o
                0x08006844                USB_OTG_BSP_uDelay
 .text.USB_OTG_BSP_mDelay
                0x08006888       0x20 ..\obj\usb_bsp.o
                0x08006888                USB_OTG_BSP_mDelay
 .text.OTG_FS_IRQHandler
                0x080068a8       0x14 ..\obj\usb_bsp.o
                0x080068a8                OTG_FS_IRQHandler
 .text.TM_USB_MSCHOST_Init
                0x080068bc       0x4c ..\obj\tm_stm32f4_usb_msc_host.o
                0x080068bc                TM_USB_MSCHOST_Init
 .text.TM_USB_MSCHOST_Process
                0x08006908       0x24 ..\obj\tm_stm32f4_usb_msc_host.o
                0x08006908                TM_USB_MSCHOST_Process
 .text.TM_USB_MSCHOST_Device
                0x0800692c       0x24 ..\obj\tm_stm32f4_usb_msc_host.o
                0x0800692c                TM_USB_MSCHOST_Device
 .text.PreampInit
                0x08006950       0x5c ..\obj\preamp.o
                0x08006950                PreampInit
 .text.PreampSetVol
                0x080069ac       0x90 ..\obj\preamp.o
                0x080069ac                PreampSetVol
 .text.PreampSetSpeakAtt
                0x08006a3c       0x4c ..\obj\preamp.o
                0x08006a3c                PreampSetSpeakAtt
 .text.PreampSetInputGain
                0x08006a88       0x4c ..\obj\preamp.o
                0x08006a88                PreampSetInputGain
 .text.PreampSetBass
                0x08006ad4       0xa8 ..\obj\preamp.o
                0x08006ad4                PreampSetBass
 .text.PreampSetTreble
                0x08006b7c       0xa8 ..\obj\preamp.o
                0x08006b7c                PreampSetTreble
 .text.mem_cpy  0x08006c24       0x3c ..\obj\ff.o
 .text.mem_set  0x08006c60       0x34 ..\obj\ff.o
 .text.mem_cmp  0x08006c94       0x4c ..\obj\ff.o
 .text.chk_chr  0x08006ce0       0x34 ..\obj\ff.o
 .text.sync_window
                0x08006d14       0x88 ..\obj\ff.o
 .text.move_window
                0x08006d9c       0x5c ..\obj\ff.o
 .text.sync_fs  0x08006df8      0x144 ..\obj\ff.o
 .text.clust2sect
                0x08006f3c       0x3c ..\obj\ff.o
                0x08006f3c                clust2sect
 .text.get_fat  0x08006f78      0x174 ..\obj\ff.o
                0x08006f78                get_fat
 .text.put_fat  0x080070ec      0x214 ..\obj\ff.o
                0x080070ec                put_fat
 .text.remove_chain
                0x08007300       0xa8 ..\obj\ff.o
 .text.create_chain
                0x080073a8      0x128 ..\obj\ff.o
 .text.dir_sdi  0x080074d0      0x100 ..\obj\ff.o
 .text.dir_next
                0x080075d0      0x1a8 ..\obj\ff.o
 .text.dir_alloc
                0x08007778       0x8c ..\obj\ff.o
 .text.ld_clust
                0x08007804       0x58 ..\obj\ff.o
 .text.st_clust
                0x0800785c       0x4c ..\obj\ff.o
 .text.dir_find
                0x080078a8       0x98 ..\obj\ff.o
 .text.dir_register
                0x08007940       0x64 ..\obj\ff.o
 .text.create_name
                0x080079a4      0x1ec ..\obj\ff.o
 .text.follow_path
                0x08007b90      0x108 ..\obj\ff.o
 .text.get_ldnumber
                0x08007c98      0x10c ..\obj\ff.o
 .text.check_fs
                0x08007da4       0xd0 ..\obj\ff.o
 .text.find_volume
                0x08007e74      0x568 ..\obj\ff.o
 .text.validate
                0x080083dc       0x5c ..\obj\ff.o
 .text.f_mount  0x08008438       0x88 ..\obj\ff.o
                0x08008438                f_mount
 .text.f_open   0x080084c0      0x280 ..\obj\ff.o
                0x080084c0                f_open
 .text.f_read   0x08008740      0x270 ..\obj\ff.o
                0x08008740                f_read
 .text.f_sync   0x080089b0      0x150 ..\obj\ff.o
                0x080089b0                f_sync
 .text.f_close  0x08008b00       0x38 ..\obj\ff.o
                0x08008b00                f_close
 .text.HCD_Init
                0x08008b38       0x8c ..\obj\usb_hcd.o
                0x08008b38                HCD_Init
 .text.HCD_GetCurrentSpeed
                0x08008bc4       0x24 ..\obj\usb_hcd.o
                0x08008bc4                HCD_GetCurrentSpeed
 .text.HCD_ResetPort
                0x08008be8       0x18 ..\obj\usb_hcd.o
                0x08008be8                HCD_ResetPort
 .text.HCD_IsDeviceConnected
                0x08008c00       0x18 ..\obj\usb_hcd.o
                0x08008c00                HCD_IsDeviceConnected
 .text.HCD_GetCurrentFrame
                0x08008c18       0x1c ..\obj\usb_hcd.o
                0x08008c18                HCD_GetCurrentFrame
 .text.HCD_GetURB_State
                0x08008c34       0x24 ..\obj\usb_hcd.o
                0x08008c34                HCD_GetURB_State
 .text.HCD_GetXferCnt
                0x08008c58       0x20 ..\obj\usb_hcd.o
                0x08008c58                HCD_GetXferCnt
 .text.HCD_SubmitRequest
                0x08008c78       0x3c ..\obj\usb_hcd.o
                0x08008c78                HCD_SubmitRequest
 .text.USBH_MSC_Init
                0x08008cb4       0x58 ..\obj\usbh_msc_bot.o
                0x08008cb4                USBH_MSC_Init
 .text.USBH_MSC_HandleBOTXfer
                0x08008d0c      0x3f8 ..\obj\usbh_msc_bot.o
                0x08008d0c                USBH_MSC_HandleBOTXfer
 .text.USBH_MSC_BOT_Abort
                0x08009104       0x74 ..\obj\usbh_msc_bot.o
                0x08009104                USBH_MSC_BOT_Abort
 .text.USBH_MSC_DecodeCSW
                0x08009178       0xa0 ..\obj\usbh_msc_bot.o
                0x08009178                USBH_MSC_DecodeCSW
 .text.SPI_Init
                0x08009218       0x88 ..\obj\stm32f4xx_spi.o
                0x08009218                SPI_Init
 .text.SPI_StructInit
                0x080092a0       0x48 ..\obj\stm32f4xx_spi.o
                0x080092a0                SPI_StructInit
 .text.SPI_I2S_DMACmd
                0x080092e8       0x48 ..\obj\stm32f4xx_spi.o
                0x080092e8                SPI_I2S_DMACmd
 .text.I2C_Init
                0x08009330      0x184 ..\obj\stm32f4xx_i2c.o
                0x08009330                I2C_Init
 .text.I2C_Cmd  0x080094b4       0x40 ..\obj\stm32f4xx_i2c.o
                0x080094b4                I2C_Cmd
 .text.I2C_GenerateSTART
                0x080094f4       0x40 ..\obj\stm32f4xx_i2c.o
                0x080094f4                I2C_GenerateSTART
 .text.I2C_GenerateSTOP
                0x08009534       0x40 ..\obj\stm32f4xx_i2c.o
                0x08009534                I2C_GenerateSTOP
 .text.I2C_Send7bitAddress
                0x08009574       0x3c ..\obj\stm32f4xx_i2c.o
                0x08009574                I2C_Send7bitAddress
 .text.I2C_SendData
                0x080095b0       0x20 ..\obj\stm32f4xx_i2c.o
                0x080095b0                I2C_SendData
 .text.I2C_CheckEvent
                0x080095d0       0x60 ..\obj\stm32f4xx_i2c.o
                0x080095d0                I2C_CheckEvent
 .text.I2C_GetFlagStatus
                0x08009630       0x64 ..\obj\stm32f4xx_i2c.o
                0x08009630                I2C_GetFlagStatus
 .text.USBH_CtlReq
                0x08009694       0x84 ..\obj\usbh_ioreq.o
                0x08009694                USBH_CtlReq
 .text.USBH_CtlSendSetup
                0x08009718       0x68 ..\obj\usbh_ioreq.o
                0x08009718                USBH_CtlSendSetup
 .text.USBH_CtlSendData
                0x08009780       0xac ..\obj\usbh_ioreq.o
                0x08009780                USBH_CtlSendData
 .text.USBH_CtlReceiveData
                0x0800982c       0x70 ..\obj\usbh_ioreq.o
                0x0800982c                USBH_CtlReceiveData
 .text.USBH_BulkSendData
                0x0800989c       0x94 ..\obj\usbh_ioreq.o
                0x0800989c                USBH_BulkSendData
 .text.USBH_BulkReceiveData
                0x08009930       0x94 ..\obj\usbh_ioreq.o
                0x08009930                USBH_BulkReceiveData
 .text.USBH_SubmitSetupRequest
                0x080099c4       0x3c ..\obj\usbh_ioreq.o
 .text.NVIC_PriorityGroupConfig
                0x08009a00       0x24 ..\obj\misc.o
                0x08009a00                NVIC_PriorityGroupConfig
 .text.NVIC_Init
                0x08009a24       0xc0 ..\obj\misc.o
                0x08009a24                NVIC_Init
 .text.TM_GPIO_Init
                0x08009ae4       0x48 ..\obj\tm_stm32f4_gpio.o
                0x08009ae4                TM_GPIO_Init
 .text.TM_GPIO_InitAlternate
                0x08009b2c       0xa8 ..\obj\tm_stm32f4_gpio.o
                0x08009b2c                TM_GPIO_InitAlternate
 .text.TM_GPIO_GetPinSource
                0x08009bd4       0x30 ..\obj\tm_stm32f4_gpio.o
                0x08009bd4                TM_GPIO_GetPinSource
 .text.TM_GPIO_GetPortSource
                0x08009c04       0x20 ..\obj\tm_stm32f4_gpio.o
                0x08009c04                TM_GPIO_GetPortSource
 .text.TM_GPIO_INT_EnableClock
                0x08009c24       0x30 ..\obj\tm_stm32f4_gpio.o
                0x08009c24                TM_GPIO_INT_EnableClock
 .text.TM_GPIO_INT_Init
                0x08009c54      0x10c ..\obj\tm_stm32f4_gpio.o
                0x08009c54                TM_GPIO_INT_Init
 .text.TIM_TimeBaseInit
                0x08009d60       0xd4 ..\obj\stm32f4xx_tim.o
                0x08009d60                TIM_TimeBaseInit
 .text.TIM_Cmd  0x08009e34       0x40 ..\obj\stm32f4xx_tim.o
                0x08009e34                TIM_Cmd
 .text.TIM_ITConfig
                0x08009e74       0x48 ..\obj\stm32f4xx_tim.o
                0x08009e74                TIM_ITConfig
 .text.TIM_GetITStatus
                0x08009ebc       0x54 ..\obj\stm32f4xx_tim.o
                0x08009ebc                TIM_GetITStatus
 .text.TIM_ClearITPendingBit
                0x08009f10       0x20 ..\obj\stm32f4xx_tim.o
                0x08009f10                TIM_ClearITPendingBit
 .text.USBH_OTG_ISR_Handler
                0x08009f30      0x10c ..\obj\usb_hcd_int.o
                0x08009f30                USBH_OTG_ISR_Handler
 .text.USB_OTG_USBH_handle_hc_ISR
                0x0800a03c       0x8c ..\obj\usb_hcd_int.o
 .text.USB_OTG_USBH_handle_sof_ISR
                0x0800a0c8       0x34 ..\obj\usb_hcd_int.o
 .text.USB_OTG_USBH_handle_Disconnect_ISR
                0x0800a0fc       0x34 ..\obj\usb_hcd_int.o
 .text.USB_OTG_USBH_handle_nptxfempty_ISR
                0x0800a130      0x188 ..\obj\usb_hcd_int.o
 .text.USB_OTG_USBH_handle_ptxfempty_ISR
                0x0800a2b8      0x188 ..\obj\usb_hcd_int.o
 .text.USB_OTG_USBH_handle_port_ISR
                0x0800a440      0x164 ..\obj\usb_hcd_int.o
 .text.USB_OTG_USBH_handle_hc_n_Out_ISR
                0x0800a5a4      0x550 ..\obj\usb_hcd_int.o
 .text.USB_OTG_USBH_handle_hc_n_In_ISR
                0x0800aaf4      0x5b0 ..\obj\usb_hcd_int.o
 .text.USB_OTG_USBH_handle_rx_qlvl_ISR
                0x0800b0a4      0x198 ..\obj\usb_hcd_int.o
 .text.USB_OTG_USBH_handle_IncompletePeriodicXfer_ISR
                0x0800b23c       0x4c ..\obj\usb_hcd_int.o
 .text          0x0800b288      0x134 c:/program files (x86)/gnu tools arm embedded/5.4 2016q3/bin/../lib/gcc/arm-none-eabi/5.4.1/../../../../arm-none-eabi/lib/armv7e-m\libg.a(lib_a-memcpy.o)
                0x0800b288                memcpy
 *fill*         0x0800b3bc        0x4 
 .text          0x0800b3c0       0xdc c:/program files (x86)/gnu tools arm embedded/5.4 2016q3/bin/../lib/gcc/arm-none-eabi/5.4.1/../../../../arm-none-eabi/lib/armv7e-m\libg.a(lib_a-strlen.o)
                0x0800b3c0                strlen
 *(.init)
 *(.fini)
 *crtbegin.o(.ctors)
 *crtbegin?.o(.ctors)
 *(EXCLUDE_FILE(*crtend.o *crtend?.o) .ctors)
 *(SORT(.ctors.*))
 *(.ctors)
 *crtbegin.o(.dtors)
 *crtbegin?.o(.dtors)
 *(EXCLUDE_FILE(*crtend.o *crtend?.o) .dtors)
 *(SORT(.dtors.*))
 *(.dtors)
 *(.rodata*)
 .rodata        0x0800b49c        0xa ..\obj\main.o
 *fill*         0x0800b4a6        0x2 
 .rodata        0x0800b4a8        0x4 ..\obj\usbh_core.o
 .rodata        0x0800b4ac      0x16a ..\obj\ff.o
 *(.eh_fram e*)

.glue_7         0x0800b618        0x0
 .glue_7        0x0800b618        0x0 linker stubs

.glue_7t        0x0800b618        0x0
 .glue_7t       0x0800b618        0x0 linker stubs

.vfp11_veneer   0x0800b618        0x0
 .vfp11_veneer  0x0800b618        0x0 linker stubs

.v4_bx          0x0800b618        0x0
 .v4_bx         0x0800b618        0x0 linker stubs

.iplt           0x0800b618        0x0
 .iplt          0x0800b618        0x0 ..\obj\tm_stm32f4_fatfs.o

.rel.dyn        0x0800b618        0x0
 .rel.iplt      0x0800b618        0x0 ..\obj\tm_stm32f4_fatfs.o

.ARM.extab
 *(.ARM.extab* .gnu.linkonce.armextab.*)
                0x0800b618                __exidx_start = .

.ARM.exidx
 *(.ARM.exidx* .gnu.linkonce.armexidx.*)
                0x0800b618                __exidx_end = .
                0x0800b618                __etext = .
                0x0800b616                _sidata = __etext

.data           0x20000000      0x1c8 load address 0x0800b616
                0x20000000                __data_start__ = .
                0x20000000                _sdata = __data_start__
 *(vtable)
 *(.data*)
 .data          0x20000000       0xb4 ..\obj\diskio.o
                0x20000000                FATFS_LowLevelDrivers
 .data          0x200000b4        0x1 ..\obj\fatfs_usb.o
 *fill*         0x200000b5        0x3 
 .data          0x200000b8       0x10 ..\obj\stm32f4xx_rcc.o
 .data          0x200000c8       0x60 ..\obj\tm_stm32f4_usart.o
                0x200000c8                TM_USART1
                0x200000d8                TM_USART2
                0x200000e8                TM_USART3
                0x200000f8                TM_UART4
                0x20000108                TM_UART5
                0x20000118                TM_USART6
 .data          0x20000128        0x1 ..\obj\fatfs_sd.o
 *fill*         0x20000129        0x3 
 .data          0x2000012c       0x10 ..\obj\usbh_msc_core.o
                0x2000012c                USBH_MSC_cb
 .data          0x2000013c       0x18 ..\obj\menu.o
 .data          0x20000154       0x10 ..\obj\usbh_core.o
                0x20000154                USBH_HCD_INT_cb
                0x20000160                USBH_HCD_INT_fops
 .data          0x20000164        0x1 ..\obj\usbh_msc_scsi.o
 *fill*         0x20000165        0x3 
 .data          0x20000168       0x14 ..\obj\system_stm32f4xx.o
                0x20000168                SystemCoreClock
                0x2000016c                AHBPrescTable
 .data          0x2000017c        0x1 ..\obj\DMA.o
                0x2000017c                DmaAudioDone
 *fill*         0x2000017d        0x3 
 .data          0x20000180       0x48 ..\obj\usbh_usr.o
                0x20000180                USR_Callbacks
                0x200001c8                . = ALIGN (0x4)
                [!provide]                PROVIDE (__preinit_array_start, .)
 *(.preinit_array)
                [!provide]                PROVIDE (__preinit_array_end, .)
                0x200001c8                . = ALIGN (0x4)
                [!provide]                PROVIDE (__init_array_start, .)
 *(SORT(.init_array.*))
 *(.init_array)
                [!provide]                PROVIDE (__init_array_end, .)
                0x200001c8                . = ALIGN (0x4)
                [!provide]                PROVIDE (__fini_array_start, .)
 *(SORT(.fini_array.*))
 *(.fini_array)
                [!provide]                PROVIDE (__fini_array_end, .)
 *(.jcr*)
                0x200001c8                . = ALIGN (0x4)
                0x200001c8                __data_end__ = .
                0x200001c8                _edata = __data_end__

.igot.plt       0x200001c8        0x0 load address 0x0800b7e0
 .igot.plt      0x200001c8        0x0 ..\obj\tm_stm32f4_fatfs.o

.bss            0x200001c8     0x1d34 load address 0x0800b7e0
                0x200001c8                . = ALIGN (0x4)
                0x200001c8                __bss_start__ = .
                0x200001c8                _sbss = __bss_start__
 *(.bss*)
 .bss           0x200001c8        0xd ..\obj\pcm.o
                0x200001c8                state
 *fill*         0x200001d5        0x1 
 .bss           0x200001d6        0x4 ..\obj\usbh_stdreq.o
 .bss           0x200001da        0x1 ..\obj\fatfs_sd.o
 .bss           0x200001db        0x2 ..\obj\usbh_msc_core.o
                0x200001db                MSCErrorCount
 .bss           0x200001dd        0x2 ..\obj\bt.o
                0x200001dd                FlagVolUp
                0x200001de                FlagVolDown
 *fill*         0x200001df        0x1 
 .bss           0x200001e0       0x28 ..\obj\tm_stm32f4_delay.o
                0x200001e0                TM_TimingDelay
                0x200001e4                TM_Time
                0x200001e8                TM_Time2
                0x200001ec                TM_DELAY_Initialized
 .bss           0x20000208       0x20 ..\obj\menu.o
                0x20000226                presscnt
                0x20000227                x
 .bss           0x20000228        0x2 ..\obj\usbh_core.o
 .bss           0x2000022a        0x1 ..\obj\usbh_usr.o
                0x2000022a                Application
 .bss           0x2000022b        0x1 ..\obj\tm_stm32f4_usb_msc_host.o
                0x2000022b                TM_USB_MSCHOST_INT_Initialized
 .bss           0x2000022c       0x27 ..\obj\ff.o
 *fill*         0x20000253        0x1 
 .bss           0x20000254       0x11 ..\obj\usbh_msc_bot.o
 *fill*         0x20000265        0x3 
 .bss           0x20000268       0x16 ..\obj\tm_stm32f4_gpio.o
 *(COMMON)
 *fill*         0x2000027e        0x2 
 COMMON         0x20000280      0xc5c ..\obj\pcm.o
                0x20000280                FatFs
                0x200004b4                dma_buff
                0x200008b4                partition
                0x200008b8                dma_buff2
                0x20000cb8                fil
 COMMON         0x20000edc      0x200 ..\obj\usbh_stdreq.o
                0x20000edc                USBH_CfgDesc
 COMMON         0x200010dc       0xc0 ..\obj\tm_stm32f4_usart.o
                0x200010dc                TM_UART5_Buffer
                0x200010fc                TM_USART6_Buffer
                0x2000111c                TM_USART3_Buffer
                0x2000113c                TM_USART2_Buffer
                0x2000115c                TM_USART1_Buffer
                0x2000117c                TM_UART4_Buffer
 COMMON         0x2000119c      0x214 ..\obj\usbh_msc_core.o
                0x2000119c                MSC_Machine
                0x200013a8                MSC_Setup
 COMMON         0x200013b0        0x4 ..\obj\tm_stm32f4_delay.o
                0x200013b0                mult
 COMMON         0x200013b4      0x410 ..\obj\usbh_msc_scsi.o
                0x200013b4                USBH_DataInBuffer
                0x200015b4                USBH_MSC_Param
                0x200015c4                USBH_DataOutBuffer
 COMMON         0x200017c4      0x6f8 ..\obj\tm_stm32f4_usb_msc_host.o
                0x200017c4                USB_OTG_MSC_Core
                0x20001d70                TM_USB_MSCHOST_INT_Result
                0x20001d74                USB_Host
 COMMON         0x20001ebc       0x40 ..\obj\usbh_msc_bot.o
                0x20001ebc                USBH_MSC_CSWData
                0x20001ecc                USBH_MSC_BOTXferParam
                0x20001edc                USBH_MSC_CBWData
                0x20001efc                . = ALIGN (0x4)
                0x20001efc                __bss_end__ = .
                0x20001efc                _ebss = __bss_end__

.heap           0x20001efc        0x0
                0x20001efc                __end__ = .
                0x20001efc                _end = __end__
                0x20001efc                end = __end__
 *(.heap*)
                0x20001efc                __HeapLimit = .

.co_stack       0x20001efc      0x804 load address 0x0800d514
                0x20001f00                . = ALIGN (0x8)
 *fill*         0x20001efc        0x4 
 *(.co_stack .co_stack.*)
 .co_stack      0x20001f00      0x800 ..\obj\startup_stm32f4xx.o
                0x20001f00                pulStack
                0x20020000                __StackTop = (ORIGIN (ram) + LENGTH (ram))
                0x2001f7fc                __StackLimit = (__StackTop - SIZEOF (.co_stack))
                [!provide]                PROVIDE (__stack, __StackTop)
                0x00000001                ASSERT ((__StackLimit >= __HeapLimit), region ram  overflowed with stack)
LOAD ..\obj\tm_stm32f4_fatfs.o
LOAD ..\obj\unicode.o
LOAD ..\obj\stm32f4xx_syscfg.o
LOAD ..\obj\usb_core.o
LOAD ..\obj\pcm.o
LOAD ..\obj\i2c.o
LOAD ..\obj\tm_stm32f4_exti.o
LOAD ..\obj\timer.o
LOAD ..\obj\usbh_hcs.o
LOAD ..\obj\stm32f4xx_usart.o
LOAD ..\obj\usbh_stdreq.o
LOAD ..\obj\diskio.o
LOAD ..\obj\startup_stm32f4xx.o
LOAD ..\obj\fatfs_usb.o
LOAD ..\obj\main.o
LOAD ..\obj\stm32f4xx_rcc.o
LOAD ..\obj\tm_stm32f4_usart.o
LOAD ..\obj\tm_stm32f4_rotary_encoder.o
LOAD ..\obj\fatfs_sd.o
LOAD ..\obj\usbh_msc_core.o
LOAD ..\obj\bt.o
LOAD ..\obj\tm_stm32f4_delay.o
LOAD ..\obj\gpio.o
LOAD ..\obj\syscall.o
LOAD ..\obj\tm_stm32f4_spi.o
LOAD ..\obj\menu.o
LOAD ..\obj\usbh_core.o
LOAD ..\obj\stm32f4xx_gpio.o
LOAD ..\obj\usbh_msc_scsi.o
LOAD ..\obj\system_stm32f4xx.o
LOAD ..\obj\DMA.o
LOAD ..\obj\stm32f4xx_dma.o
LOAD ..\obj\usbh_usr.o
LOAD ..\obj\i2s.o
LOAD ..\obj\usb_bsp.o
LOAD ..\obj\tm_stm32f4_usb_msc_host.o
LOAD ..\obj\preamp.o
LOAD ..\obj\ff.o
LOAD ..\obj\usb_hcd.o
LOAD ..\obj\usbh_msc_bot.o
LOAD ..\obj\stm32f4xx_spi.o
LOAD ..\obj\stm32f4xx_i2c.o
LOAD ..\obj\stm32f4xx_exti.o
LOAD ..\obj\usbh_ioreq.o
LOAD ..\obj\misc.o
LOAD ..\obj\tm_stm32f4_gpio.o
LOAD ..\obj\tm_stm32f4_timer_properties.o
LOAD ..\obj\stm32f4xx_tim.o
LOAD ..\obj\usb_hcd_int.o
START GROUP
LOAD c:/program files (x86)/gnu tools arm embedded/5.4 2016q3/bin/../lib/gcc/arm-none-eabi/5.4.1/armv7e-m\libgcc.a
LOAD c:/program files (x86)/gnu tools arm embedded/5.4 2016q3/bin/../lib/gcc/arm-none-eabi/5.4.1/../../../../arm-none-eabi/lib/armv7e-m\libg.a
LOAD c:/program files (x86)/gnu tools arm embedded/5.4 2016q3/bin/../lib/gcc/arm-none-eabi/5.4.1/../../../../arm-none-eabi/lib/armv7e-m\libc.a
END GROUP
OUTPUT(AmpNew.elf elf32-littlearm)

.debug_info     0x00000000    0x206d8
 .debug_info    0x00000000     0x1f0f ..\obj\usb_core.o
 .debug_info    0x00001f0f      0x4e8 ..\obj\pcm.o
 .debug_info    0x000023f7      0x312 ..\obj\i2c.o
 .debug_info    0x00002709      0x8d2 ..\obj\tm_stm32f4_exti.o
 .debug_info    0x00002fdb      0x613 ..\obj\timer.o
 .debug_info    0x000035ee      0xadd ..\obj\usbh_hcs.o
 .debug_info    0x000040cb      0x9ca ..\obj\stm32f4xx_usart.o
 .debug_info    0x00004a95     0x1777 ..\obj\usbh_stdreq.o
 .debug_info    0x0000620c      0x8b5 ..\obj\diskio.o
 .debug_info    0x00006ac1       0xf2 ..\obj\startup_stm32f4xx.o
 .debug_info    0x00006bb3     0x146d ..\obj\fatfs_usb.o
 .debug_info    0x00008020      0x40e ..\obj\main.o
 .debug_info    0x0000842e      0xc63 ..\obj\stm32f4xx_rcc.o
 .debug_info    0x00009091      0xf35 ..\obj\tm_stm32f4_usart.o
 .debug_info    0x00009fc6      0x40c ..\obj\tm_stm32f4_rotary_encoder.o
 .debug_info    0x0000a3d2      0x8bd ..\obj\fatfs_sd.o
 .debug_info    0x0000ac8f     0x1597 ..\obj\usbh_msc_core.o
 .debug_info    0x0000c226      0x212 ..\obj\bt.o
 .debug_info    0x0000c438      0xa24 ..\obj\tm_stm32f4_delay.o
 .debug_info    0x0000ce5c      0x367 ..\obj\gpio.o
 .debug_info    0x0000d1c3      0xa59 ..\obj\tm_stm32f4_spi.o
 .debug_info    0x0000dc1c      0x62d ..\obj\menu.o
 .debug_info    0x0000e249     0x14d1 ..\obj\usbh_core.o
 .debug_info    0x0000f71a      0x61a ..\obj\stm32f4xx_gpio.o
 .debug_info    0x0000fd34      0xe13 ..\obj\usbh_msc_scsi.o
 .debug_info    0x00010b47      0x5c5 ..\obj\system_stm32f4xx.o
 .debug_info    0x0001110c      0x5e7 ..\obj\DMA.o
 .debug_info    0x000116f3      0x741 ..\obj\stm32f4xx_dma.o
 .debug_info    0x00011e34      0x677 ..\obj\usbh_usr.o
 .debug_info    0x000124ab      0x593 ..\obj\i2s.o
 .debug_info    0x00012a3e      0xe89 ..\obj\usb_bsp.o
 .debug_info    0x000138c7     0x12d9 ..\obj\tm_stm32f4_usb_msc_host.o
 .debug_info    0x00014ba0      0x4d4 ..\obj\preamp.o
 .debug_info    0x00015074     0x2168 ..\obj\ff.o
 .debug_info    0x000171dc      0xc30 ..\obj\usb_hcd.o
 .debug_info    0x00017e0c     0x1620 ..\obj\usbh_msc_bot.o
 .debug_info    0x0001942c      0xb0f ..\obj\stm32f4xx_spi.o
 .debug_info    0x00019f3b      0xb00 ..\obj\stm32f4xx_i2c.o
 .debug_info    0x0001aa3b     0x1563 ..\obj\usbh_ioreq.o
 .debug_info    0x0001bf9e      0x556 ..\obj\misc.o
 .debug_info    0x0001c4f4      0x83d ..\obj\tm_stm32f4_gpio.o
 .debug_info    0x0001cd31     0x1c69 ..\obj\stm32f4xx_tim.o
 .debug_info    0x0001e99a     0x1d3e ..\obj\usb_hcd_int.o

.debug_abbrev   0x00000000     0x4a2d
 .debug_abbrev  0x00000000      0x2c1 ..\obj\usb_core.o
 .debug_abbrev  0x000002c1      0x18f ..\obj\pcm.o
 .debug_abbrev  0x00000450      0x112 ..\obj\i2c.o
 .debug_abbrev  0x00000562      0x1b3 ..\obj\tm_stm32f4_exti.o
 .debug_abbrev  0x00000715      0x121 ..\obj\timer.o
 .debug_abbrev  0x00000836      0x1ba ..\obj\usbh_hcs.o
 .debug_abbrev  0x000009f0      0x157 ..\obj\stm32f4xx_usart.o
 .debug_abbrev  0x00000b47      0x2a1 ..\obj\usbh_stdreq.o
 .debug_abbrev  0x00000de8      0x1ab ..\obj\diskio.o
 .debug_abbrev  0x00000f93       0xb0 ..\obj\startup_stm32f4xx.o
 .debug_abbrev  0x00001043      0x267 ..\obj\fatfs_usb.o
 .debug_abbrev  0x000012aa      0x127 ..\obj\main.o
 .debug_abbrev  0x000013d1      0x1e5 ..\obj\stm32f4xx_rcc.o
 .debug_abbrev  0x000015b6      0x25b ..\obj\tm_stm32f4_usart.o
 .debug_abbrev  0x00001811      0x142 ..\obj\tm_stm32f4_rotary_encoder.o
 .debug_abbrev  0x00001953      0x28c ..\obj\fatfs_sd.o
 .debug_abbrev  0x00001bdf      0x283 ..\obj\usbh_msc_core.o
 .debug_abbrev  0x00001e62       0xe7 ..\obj\bt.o
 .debug_abbrev  0x00001f49      0x2cf ..\obj\tm_stm32f4_delay.o
 .debug_abbrev  0x00002218      0x101 ..\obj\gpio.o
 .debug_abbrev  0x00002319      0x1e6 ..\obj\tm_stm32f4_spi.o
 .debug_abbrev  0x000024ff      0x1a6 ..\obj\menu.o
 .debug_abbrev  0x000026a5      0x294 ..\obj\usbh_core.o
 .debug_abbrev  0x00002939      0x1a7 ..\obj\stm32f4xx_gpio.o
 .debug_abbrev  0x00002ae0      0x1de ..\obj\usbh_msc_scsi.o
 .debug_abbrev  0x00002cbe      0x138 ..\obj\system_stm32f4xx.o
 .debug_abbrev  0x00002df6      0x173 ..\obj\DMA.o
 .debug_abbrev  0x00002f69      0x157 ..\obj\stm32f4xx_dma.o
 .debug_abbrev  0x000030c0      0x15d ..\obj\usbh_usr.o
 .debug_abbrev  0x0000321d      0x117 ..\obj\i2s.o
 .debug_abbrev  0x00003334      0x209 ..\obj\usb_bsp.o
 .debug_abbrev  0x0000353d      0x215 ..\obj\tm_stm32f4_usb_msc_host.o
 .debug_abbrev  0x00003752      0x120 ..\obj\preamp.o
 .debug_abbrev  0x00003872      0x209 ..\obj\ff.o
 .debug_abbrev  0x00003a7b      0x1cf ..\obj\usb_hcd.o
 .debug_abbrev  0x00003c4a      0x246 ..\obj\usbh_msc_bot.o
 .debug_abbrev  0x00003e90      0x169 ..\obj\stm32f4xx_spi.o
 .debug_abbrev  0x00003ff9      0x166 ..\obj\stm32f4xx_i2c.o
 .debug_abbrev  0x0000415f      0x224 ..\obj\usbh_ioreq.o
 .debug_abbrev  0x00004383      0x147 ..\obj\misc.o
 .debug_abbrev  0x000044ca      0x151 ..\obj\tm_stm32f4_gpio.o
 .debug_abbrev  0x0000461b      0x189 ..\obj\stm32f4xx_tim.o
 .debug_abbrev  0x000047a4      0x289 ..\obj\usb_hcd_int.o

.debug_aranges  0x00000000     0x17e0
 .debug_aranges
                0x00000000      0x100 ..\obj\usb_core.o
 .debug_aranges
                0x00000100       0x28 ..\obj\pcm.o
 .debug_aranges
                0x00000128       0x38 ..\obj\i2c.o
 .debug_aranges
                0x00000160       0x68 ..\obj\tm_stm32f4_exti.o
 .debug_aranges
                0x000001c8       0x30 ..\obj\timer.o
 .debug_aranges
                0x000001f8       0x48 ..\obj\usbh_hcs.o
 .debug_aranges
                0x00000240      0x100 ..\obj\stm32f4xx_usart.o
 .debug_aranges
                0x00000340       0x88 ..\obj\usbh_stdreq.o
 .debug_aranges
                0x000003c8      0x118 ..\obj\diskio.o
 .debug_aranges
                0x000004e0       0x28 ..\obj\startup_stm32f4xx.o
 .debug_aranges
                0x00000508       0x40 ..\obj\fatfs_usb.o
 .debug_aranges
                0x00000548       0x20 ..\obj\main.o
 .debug_aranges
                0x00000568      0x178 ..\obj\stm32f4xx_rcc.o
 .debug_aranges
                0x000006e0       0xf8 ..\obj\tm_stm32f4_usart.o
 .debug_aranges
                0x000007d8       0x38 ..\obj\tm_stm32f4_rotary_encoder.o
 .debug_aranges
                0x00000810       0xb0 ..\obj\fatfs_sd.o
 .debug_aranges
                0x000008c0       0x50 ..\obj\usbh_msc_core.o
 .debug_aranges
                0x00000910       0x20 ..\obj\bt.o
 .debug_aranges
                0x00000930       0x80 ..\obj\tm_stm32f4_delay.o
 .debug_aranges
                0x000009b0       0x30 ..\obj\gpio.o
 .debug_aranges
                0x000009e0       0x88 ..\obj\tm_stm32f4_spi.o
 .debug_aranges
                0x00000a68       0x40 ..\obj\menu.o
 .debug_aranges
                0x00000aa8       0x60 ..\obj\usbh_core.o
 .debug_aranges
                0x00000b08       0x88 ..\obj\stm32f4xx_gpio.o
 .debug_aranges
                0x00000b90       0x48 ..\obj\usbh_msc_scsi.o
 .debug_aranges
                0x00000bd8       0x30 ..\obj\system_stm32f4xx.o
 .debug_aranges
                0x00000c08       0x30 ..\obj\DMA.o
 .debug_aranges
                0x00000c38       0xb0 ..\obj\stm32f4xx_dma.o
 .debug_aranges
                0x00000ce8       0xa8 ..\obj\usbh_usr.o
 .debug_aranges
                0x00000d90       0x28 ..\obj\i2s.o
 .debug_aranges
                0x00000db8       0x58 ..\obj\usb_bsp.o
 .debug_aranges
                0x00000e10       0x38 ..\obj\tm_stm32f4_usb_msc_host.o
 .debug_aranges
                0x00000e48       0x48 ..\obj\preamp.o
 .debug_aranges
                0x00000e90      0x200 ..\obj\ff.o
 .debug_aranges
                0x00001090       0x68 ..\obj\usb_hcd.o
 .debug_aranges
                0x000010f8       0x38 ..\obj\usbh_msc_bot.o
 .debug_aranges
                0x00001130       0xe0 ..\obj\stm32f4xx_spi.o
 .debug_aranges
                0x00001210      0x120 ..\obj\stm32f4xx_i2c.o
 .debug_aranges
                0x00001330       0x70 ..\obj\usbh_ioreq.o
 .debug_aranges
                0x000013a0       0x40 ..\obj\misc.o
 .debug_aranges
                0x000013e0       0x98 ..\obj\tm_stm32f4_gpio.o
 .debug_aranges
                0x00001478      0x2f8 ..\obj\stm32f4xx_tim.o
 .debug_aranges
                0x00001770       0x70 ..\obj\usb_hcd_int.o

.debug_ranges   0x00000000     0x1530
 .debug_ranges  0x00000000       0xf0 ..\obj\usb_core.o
 .debug_ranges  0x000000f0       0x18 ..\obj\pcm.o
 .debug_ranges  0x00000108       0x28 ..\obj\i2c.o
 .debug_ranges  0x00000130       0x58 ..\obj\tm_stm32f4_exti.o
 .debug_ranges  0x00000188       0x20 ..\obj\timer.o
 .debug_ranges  0x000001a8       0x38 ..\obj\usbh_hcs.o
 .debug_ranges  0x000001e0       0xf0 ..\obj\stm32f4xx_usart.o
 .debug_ranges  0x000002d0       0x78 ..\obj\usbh_stdreq.o
 .debug_ranges  0x00000348      0x108 ..\obj\diskio.o
 .debug_ranges  0x00000450       0x18 ..\obj\startup_stm32f4xx.o
 .debug_ranges  0x00000468       0x30 ..\obj\fatfs_usb.o
 .debug_ranges  0x00000498       0x10 ..\obj\main.o
 .debug_ranges  0x000004a8      0x168 ..\obj\stm32f4xx_rcc.o
 .debug_ranges  0x00000610       0xe8 ..\obj\tm_stm32f4_usart.o
 .debug_ranges  0x000006f8       0x28 ..\obj\tm_stm32f4_rotary_encoder.o
 .debug_ranges  0x00000720       0xa0 ..\obj\fatfs_sd.o
 .debug_ranges  0x000007c0       0x40 ..\obj\usbh_msc_core.o
 .debug_ranges  0x00000800       0x10 ..\obj\bt.o
 .debug_ranges  0x00000810       0x70 ..\obj\tm_stm32f4_delay.o
 .debug_ranges  0x00000880       0x20 ..\obj\gpio.o
 .debug_ranges  0x000008a0       0x78 ..\obj\tm_stm32f4_spi.o
 .debug_ranges  0x00000918       0x30 ..\obj\menu.o
 .debug_ranges  0x00000948       0x50 ..\obj\usbh_core.o
 .debug_ranges  0x00000998       0x78 ..\obj\stm32f4xx_gpio.o
 .debug_ranges  0x00000a10       0x38 ..\obj\usbh_msc_scsi.o
 .debug_ranges  0x00000a48       0x20 ..\obj\system_stm32f4xx.o
 .debug_ranges  0x00000a68       0x20 ..\obj\DMA.o
 .debug_ranges  0x00000a88       0xa0 ..\obj\stm32f4xx_dma.o
 .debug_ranges  0x00000b28       0x98 ..\obj\usbh_usr.o
 .debug_ranges  0x00000bc0       0x18 ..\obj\i2s.o
 .debug_ranges  0x00000bd8       0x48 ..\obj\usb_bsp.o
 .debug_ranges  0x00000c20       0x28 ..\obj\tm_stm32f4_usb_msc_host.o
 .debug_ranges  0x00000c48       0x38 ..\obj\preamp.o
 .debug_ranges  0x00000c80      0x1f0 ..\obj\ff.o
 .debug_ranges  0x00000e70       0x58 ..\obj\usb_hcd.o
 .debug_ranges  0x00000ec8       0x28 ..\obj\usbh_msc_bot.o
 .debug_ranges  0x00000ef0       0xd0 ..\obj\stm32f4xx_spi.o
 .debug_ranges  0x00000fc0      0x110 ..\obj\stm32f4xx_i2c.o
 .debug_ranges  0x000010d0       0x60 ..\obj\usbh_ioreq.o
 .debug_ranges  0x00001130       0x30 ..\obj\misc.o
 .debug_ranges  0x00001160       0x88 ..\obj\tm_stm32f4_gpio.o
 .debug_ranges  0x000011e8      0x2e8 ..\obj\stm32f4xx_tim.o
 .debug_ranges  0x000014d0       0x60 ..\obj\usb_hcd_int.o

.debug_line     0x00000000     0xa1c4
 .debug_line    0x00000000      0x5dd ..\obj\usb_core.o
 .debug_line    0x000005dd      0x1fd ..\obj\pcm.o
 .debug_line    0x000007da      0x23f ..\obj\i2c.o
 .debug_line    0x00000a19      0x32c ..\obj\tm_stm32f4_exti.o
 .debug_line    0x00000d45      0x212 ..\obj\timer.o
 .debug_line    0x00000f57      0x23a ..\obj\usbh_hcs.o
 .debug_line    0x00001191      0x4bd ..\obj\stm32f4xx_usart.o
 .debug_line    0x0000164e      0x374 ..\obj\usbh_stdreq.o
 .debug_line    0x000019c2      0x422 ..\obj\diskio.o
 .debug_line    0x00001de4       0x9a ..\obj\startup_stm32f4xx.o
 .debug_line    0x00001e7e      0x2ed ..\obj\fatfs_usb.o
 .debug_line    0x0000216b      0x254 ..\obj\main.o
 .debug_line    0x000023bf      0x5a9 ..\obj\stm32f4xx_rcc.o
 .debug_line    0x00002968      0x521 ..\obj\tm_stm32f4_usart.o
 .debug_line    0x00002e89      0x24c ..\obj\tm_stm32f4_rotary_encoder.o
 .debug_line    0x000030d5      0x5d9 ..\obj\fatfs_sd.o
 .debug_line    0x000036ae      0x2f4 ..\obj\usbh_msc_core.o
 .debug_line    0x000039a2      0x1ac ..\obj\bt.o
 .debug_line    0x00003b4e      0x367 ..\obj\tm_stm32f4_delay.o
 .debug_line    0x00003eb5      0x231 ..\obj\gpio.o
 .debug_line    0x000040e6      0x47e ..\obj\tm_stm32f4_spi.o
 .debug_line    0x00004564      0x291 ..\obj\menu.o
 .debug_line    0x000047f5      0x3c8 ..\obj\usbh_core.o
 .debug_line    0x00004bbd      0x364 ..\obj\stm32f4xx_gpio.o
 .debug_line    0x00004f21      0x395 ..\obj\usbh_msc_scsi.o
 .debug_line    0x000052b6      0x1f4 ..\obj\system_stm32f4xx.o
 .debug_line    0x000054aa      0x21d ..\obj\DMA.o
 .debug_line    0x000056c7      0x42e ..\obj\stm32f4xx_dma.o
 .debug_line    0x00005af5      0x306 ..\obj\usbh_usr.o
 .debug_line    0x00005dfb      0x208 ..\obj\i2s.o
 .debug_line    0x00006003      0x2b1 ..\obj\usb_bsp.o
 .debug_line    0x000062b4      0x260 ..\obj\tm_stm32f4_usb_msc_host.o
 .debug_line    0x00006514      0x2c1 ..\obj\preamp.o
 .debug_line    0x000067d5     0x13f4 ..\obj\ff.o
 .debug_line    0x00007bc9      0x262 ..\obj\usb_hcd.o
 .debug_line    0x00007e2b      0x31e ..\obj\usbh_msc_bot.o
 .debug_line    0x00008149      0x45d ..\obj\stm32f4xx_spi.o
 .debug_line    0x000085a6      0x4ef ..\obj\stm32f4xx_i2c.o
 .debug_line    0x00008a95      0x2b9 ..\obj\usbh_ioreq.o
 .debug_line    0x00008d4e      0x242 ..\obj\misc.o
 .debug_line    0x00008f90      0x372 ..\obj\tm_stm32f4_gpio.o
 .debug_line    0x00009302      0xac5 ..\obj\stm32f4xx_tim.o
 .debug_line    0x00009dc7      0x3fd ..\obj\usb_hcd_int.o

.debug_str      0x00000000     0x78d2
 .debug_str     0x00000000      0xfa8 ..\obj\usb_core.o
                               0x124a (size before relaxing)
 .debug_str     0x00000fa8      0x30c ..\obj\pcm.o
                                0x464 (size before relaxing)
 .debug_str     0x000012b4      0x150 ..\obj\i2c.o
                                0x2c9 (size before relaxing)
 .debug_str     0x00001404      0x963 ..\obj\tm_stm32f4_exti.o
                                0xb29 (size before relaxing)
 .debug_str     0x00001d67      0x15c ..\obj\timer.o
                                0x8aa (size before relaxing)
 .debug_str     0x00001ec3      0x138 ..\obj\usbh_hcs.o
                                0x7fa (size before relaxing)
 .debug_str     0x00001ffb      0x491 ..\obj\stm32f4xx_usart.o
                                0x688 (size before relaxing)
 .debug_str     0x0000248c      0xa6f ..\obj\usbh_stdreq.o
                               0x129c (size before relaxing)
 .debug_str     0x00002efb      0x3dd ..\obj\diskio.o
                                0x5c7 (size before relaxing)
 .debug_str     0x000032d8       0xa9 ..\obj\startup_stm32f4xx.o
                                0x140 (size before relaxing)
 .debug_str     0x00003381      0x232 ..\obj\fatfs_usb.o
                               0x1397 (size before relaxing)
 .debug_str     0x000035b3       0x82 ..\obj\main.o
                                0x475 (size before relaxing)
 .debug_str     0x00003635      0x525 ..\obj\stm32f4xx_rcc.o
                                0x849 (size before relaxing)
 .debug_str     0x00003b5a      0x41d ..\obj\tm_stm32f4_usart.o
                                0xe57 (size before relaxing)
 .debug_str     0x00003f77      0x178 ..\obj\tm_stm32f4_rotary_encoder.o
                                0x456 (size before relaxing)
 .debug_str     0x000040ef      0x1ca ..\obj\fatfs_sd.o
                                0x60b (size before relaxing)
 .debug_str     0x000042b9      0x359 ..\obj\usbh_msc_core.o
                               0x1405 (size before relaxing)
 .debug_str     0x00004612       0x4f ..\obj\bt.o
                                0x20d (size before relaxing)
 .debug_str     0x00004661      0x28c ..\obj\tm_stm32f4_delay.o
                                0x9bd (size before relaxing)
 .debug_str     0x000048ed      0x17c ..\obj\gpio.o
                                0x3f2 (size before relaxing)
 .debug_str     0x00004a69      0x2af ..\obj\tm_stm32f4_spi.o
                                0x718 (size before relaxing)
 .debug_str     0x00004d18       0xc7 ..\obj\menu.o
                                0x47f (size before relaxing)
 .debug_str     0x00004ddf      0x148 ..\obj\usbh_core.o
                               0x11e4 (size before relaxing)
 .debug_str     0x00004f27      0x159 ..\obj\stm32f4xx_gpio.o
                                0x49c (size before relaxing)
 .debug_str     0x00005080      0x213 ..\obj\usbh_msc_scsi.o
                                0xba1 (size before relaxing)
 .debug_str     0x00005293       0xad ..\obj\system_stm32f4xx.o
                                0x3a3 (size before relaxing)
 .debug_str     0x00005340       0xbb ..\obj\DMA.o
                                0x859 (size before relaxing)
 .debug_str     0x000053fb      0x346 ..\obj\stm32f4xx_dma.o
                                0x53b (size before relaxing)
 .debug_str     0x00005741      0x242 ..\obj\usbh_usr.o
                                0x895 (size before relaxing)
 .debug_str     0x00005983       0x5b ..\obj\i2s.o
                                0x48f (size before relaxing)
 .debug_str     0x000059de       0xe7 ..\obj\usb_bsp.o
                                0xef8 (size before relaxing)
 .debug_str     0x00005ac5       0xb1 ..\obj\tm_stm32f4_usb_msc_host.o
                               0x129b (size before relaxing)
 .debug_str     0x00005b76      0x118 ..\obj\preamp.o
                                0x37a (size before relaxing)
 .debug_str     0x00005c8e      0x3b9 ..\obj\ff.o
                                0x740 (size before relaxing)
 .debug_str     0x00006047       0xe1 ..\obj\usb_hcd.o
                                0x897 (size before relaxing)
 .debug_str     0x00006128       0xf8 ..\obj\usbh_msc_bot.o
                               0x13fe (size before relaxing)
 .debug_str     0x00006220      0x2cc ..\obj\stm32f4xx_spi.o
                                0x683 (size before relaxing)
 .debug_str     0x000064ec      0x325 ..\obj\stm32f4xx_i2c.o
                                0x65e (size before relaxing)
 .debug_str     0x00006811      0x115 ..\obj\usbh_ioreq.o
                               0x1169 (size before relaxing)
 .debug_str     0x00006926       0xfc ..\obj\misc.o
                                0x3c7 (size before relaxing)
 .debug_str     0x00006a22      0x1ba ..\obj\tm_stm32f4_gpio.o
                                0x59a (size before relaxing)
 .debug_str     0x00006bdc      0xa7f ..\obj\stm32f4xx_tim.o
                                0xdc9 (size before relaxing)
 .debug_str     0x0000765b      0x277 ..\obj\usb_hcd_int.o
                                0xe9e (size before relaxing)

.comment        0x00000000       0x6e
 .comment       0x00000000       0x6e ..\obj\usb_core.o
                                 0x6f (size before relaxing)
 .comment       0x0000006e       0x6f ..\obj\pcm.o
 .comment       0x0000006e       0x6f ..\obj\i2c.o
 .comment       0x0000006e       0x6f ..\obj\tm_stm32f4_exti.o
 .comment       0x0000006e       0x6f ..\obj\timer.o
 .comment       0x0000006e       0x6f ..\obj\usbh_hcs.o
 .comment       0x0000006e       0x6f ..\obj\stm32f4xx_usart.o
 .comment       0x0000006e       0x6f ..\obj\usbh_stdreq.o
 .comment       0x0000006e       0x6f ..\obj\diskio.o
 .comment       0x0000006e       0x6f ..\obj\startup_stm32f4xx.o
 .comment       0x0000006e       0x6f ..\obj\fatfs_usb.o
 .comment       0x0000006e       0x6f ..\obj\main.o
 .comment       0x0000006e       0x6f ..\obj\stm32f4xx_rcc.o
 .comment       0x0000006e       0x6f ..\obj\tm_stm32f4_usart.o
 .comment       0x0000006e       0x6f ..\obj\tm_stm32f4_rotary_encoder.o
 .comment       0x0000006e       0x6f ..\obj\fatfs_sd.o
 .comment       0x0000006e       0x6f ..\obj\usbh_msc_core.o
 .comment       0x0000006e       0x6f ..\obj\bt.o
 .comment       0x0000006e       0x6f ..\obj\tm_stm32f4_delay.o
 .comment       0x0000006e       0x6f ..\obj\gpio.o
 .comment       0x0000006e       0x6f ..\obj\tm_stm32f4_spi.o
 .comment       0x0000006e       0x6f ..\obj\menu.o
 .comment       0x0000006e       0x6f ..\obj\usbh_core.o
 .comment       0x0000006e       0x6f ..\obj\stm32f4xx_gpio.o
 .comment       0x0000006e       0x6f ..\obj\usbh_msc_scsi.o
 .comment       0x0000006e       0x6f ..\obj\system_stm32f4xx.o
 .comment       0x0000006e       0x6f ..\obj\DMA.o
 .comment       0x0000006e       0x6f ..\obj\stm32f4xx_dma.o
 .comment       0x0000006e       0x6f ..\obj\usbh_usr.o
 .comment       0x0000006e       0x6f ..\obj\i2s.o
 .comment       0x0000006e       0x6f ..\obj\usb_bsp.o
 .comment       0x0000006e       0x6f ..\obj\tm_stm32f4_usb_msc_host.o
 .comment       0x0000006e       0x6f ..\obj\preamp.o
 .comment       0x0000006e       0x6f ..\obj\ff.o
 .comment       0x0000006e       0x6f ..\obj\usb_hcd.o
 .comment       0x0000006e       0x6f ..\obj\usbh_msc_bot.o
 .comment       0x0000006e       0x6f ..\obj\stm32f4xx_spi.o
 .comment       0x0000006e       0x6f ..\obj\stm32f4xx_i2c.o
 .comment       0x0000006e       0x6f ..\obj\usbh_ioreq.o
 .comment       0x0000006e       0x6f ..\obj\misc.o
 .comment       0x0000006e       0x6f ..\obj\tm_stm32f4_gpio.o
 .comment       0x0000006e       0x6f ..\obj\stm32f4xx_tim.o
 .comment       0x0000006e       0x6f ..\obj\usb_hcd_int.o

.ARM.attributes
                0x00000000       0x31
 .ARM.attributes
                0x00000000       0x33 ..\obj\usb_core.o
 .ARM.attributes
                0x00000033       0x33 ..\obj\pcm.o
 .ARM.attributes
                0x00000066       0x33 ..\obj\i2c.o
 .ARM.attributes
                0x00000099       0x33 ..\obj\tm_stm32f4_exti.o
 .ARM.attributes
                0x000000cc       0x33 ..\obj\timer.o
 .ARM.attributes
                0x000000ff       0x33 ..\obj\usbh_hcs.o
 .ARM.attributes
                0x00000132       0x33 ..\obj\stm32f4xx_usart.o
 .ARM.attributes
                0x00000165       0x33 ..\obj\usbh_stdreq.o
 .ARM.attributes
                0x00000198       0x33 ..\obj\diskio.o
 .ARM.attributes
                0x000001cb       0x33 ..\obj\startup_stm32f4xx.o
 .ARM.attributes
                0x000001fe       0x33 ..\obj\fatfs_usb.o
 .ARM.attributes
                0x00000231       0x33 ..\obj\main.o
 .ARM.attributes
                0x00000264       0x33 ..\obj\stm32f4xx_rcc.o
 .ARM.attributes
                0x00000297       0x33 ..\obj\tm_stm32f4_usart.o
 .ARM.attributes
                0x000002ca       0x33 ..\obj\tm_stm32f4_rotary_encoder.o
 .ARM.attributes
                0x000002fd       0x33 ..\obj\fatfs_sd.o
 .ARM.attributes
                0x00000330       0x33 ..\obj\usbh_msc_core.o
 .ARM.attributes
                0x00000363       0x33 ..\obj\bt.o
 .ARM.attributes
                0x00000396       0x33 ..\obj\tm_stm32f4_delay.o
 .ARM.attributes
                0x000003c9       0x33 ..\obj\gpio.o
 .ARM.attributes
                0x000003fc       0x33 ..\obj\tm_stm32f4_spi.o
 .ARM.attributes
                0x0000042f       0x33 ..\obj\menu.o
 .ARM.attributes
                0x00000462       0x33 ..\obj\usbh_core.o
 .ARM.attributes
                0x00000495       0x33 ..\obj\stm32f4xx_gpio.o
 .ARM.attributes
                0x000004c8       0x33 ..\obj\usbh_msc_scsi.o
 .ARM.attributes
                0x000004fb       0x33 ..\obj\system_stm32f4xx.o
 .ARM.attributes
                0x0000052e       0x33 ..\obj\DMA.o
 .ARM.attributes
                0x00000561       0x33 ..\obj\stm32f4xx_dma.o
 .ARM.attributes
                0x00000594       0x33 ..\obj\usbh_usr.o
 .ARM.attributes
                0x000005c7       0x33 ..\obj\i2s.o
 .ARM.attributes
                0x000005fa       0x33 ..\obj\usb_bsp.o
 .ARM.attributes
                0x0000062d       0x33 ..\obj\tm_stm32f4_usb_msc_host.o
 .ARM.attributes
                0x00000660       0x33 ..\obj\preamp.o
 .ARM.attributes
                0x00000693       0x33 ..\obj\ff.o
 .ARM.attributes
                0x000006c6       0x33 ..\obj\usb_hcd.o
 .ARM.attributes
                0x000006f9       0x33 ..\obj\usbh_msc_bot.o
 .ARM.attributes
                0x0000072c       0x33 ..\obj\stm32f4xx_spi.o
 .ARM.attributes
                0x0000075f       0x33 ..\obj\stm32f4xx_i2c.o
 .ARM.attributes
                0x00000792       0x33 ..\obj\usbh_ioreq.o
 .ARM.attributes
                0x000007c5       0x33 ..\obj\misc.o
 .ARM.attributes
                0x000007f8       0x33 ..\obj\tm_stm32f4_gpio.o
 .ARM.attributes
                0x0000082b       0x33 ..\obj\stm32f4xx_tim.o
 .ARM.attributes
                0x0000085e       0x33 ..\obj\usb_hcd_int.o
 .ARM.attributes
                0x00000891       0x1c c:/program files (x86)/gnu tools arm embedded/5.4 2016q3/bin/../lib/gcc/arm-none-eabi/5.4.1/../../../../arm-none-eabi/lib/armv7e-m\libg.a(lib_a-memcpy.o)
 .ARM.attributes
                0x000008ad       0x1c c:/program files (x86)/gnu tools arm embedded/5.4 2016q3/bin/../lib/gcc/arm-none-eabi/5.4.1/../../../../arm-none-eabi/lib/armv7e-m\libg.a(lib_a-strlen.o)

.debug_frame    0x00000000     0x6090
 .debug_frame   0x00000000      0x468 ..\obj\usb_core.o
 .debug_frame   0x00000468       0x58 ..\obj\pcm.o
 .debug_frame   0x000004c0       0xa0 ..\obj\i2c.o
 .debug_frame   0x00000560      0x144 ..\obj\tm_stm32f4_exti.o
 .debug_frame   0x000006a4       0x6c ..\obj\timer.o
 .debug_frame   0x00000710       0xf4 ..\obj\usbh_hcs.o
 .debug_frame   0x00000804      0x490 ..\obj\stm32f4xx_usart.o
 .debug_frame   0x00000c94      0x220 ..\obj\usbh_stdreq.o
 .debug_frame   0x00000eb4      0x4a4 ..\obj\diskio.o
 .debug_frame   0x00001358       0x4c ..\obj\startup_stm32f4xx.o
 .debug_frame   0x000013a4       0xbc ..\obj\fatfs_usb.o
 .debug_frame   0x00001460       0x30 ..\obj\main.o
 .debug_frame   0x00001490      0x6d4 ..\obj\stm32f4xx_rcc.o
 .debug_frame   0x00001b64      0x3ec ..\obj\tm_stm32f4_usart.o
 .debug_frame   0x00001f50       0xac ..\obj\tm_stm32f4_rotary_encoder.o
 .debug_frame   0x00001ffc      0x2a4 ..\obj\fatfs_sd.o
 .debug_frame   0x000022a0      0x11c ..\obj\usbh_msc_core.o
 .debug_frame   0x000023bc       0x34 ..\obj\bt.o
 .debug_frame   0x000023f0      0x1ec ..\obj\tm_stm32f4_delay.o
 .debug_frame   0x000025dc       0x7c ..\obj\gpio.o
 .debug_frame   0x00002658      0x228 ..\obj\tm_stm32f4_spi.o
 .debug_frame   0x00002880       0xb8 ..\obj\menu.o
 .debug_frame   0x00002938      0x16c ..\obj\usbh_core.o
 .debug_frame   0x00002aa4      0x23c ..\obj\stm32f4xx_gpio.o
 .debug_frame   0x00002ce0       0xe8 ..\obj\usbh_msc_scsi.o
 .debug_frame   0x00002dc8       0x7c ..\obj\system_stm32f4xx.o
 .debug_frame   0x00002e44       0x78 ..\obj\DMA.o
 .debug_frame   0x00002ebc      0x308 ..\obj\stm32f4xx_dma.o
 .debug_frame   0x000031c4      0x280 ..\obj\usbh_usr.o
 .debug_frame   0x00003444       0x50 ..\obj\i2s.o
 .debug_frame   0x00003494      0x128 ..\obj\usb_bsp.o
 .debug_frame   0x000035bc       0x8c ..\obj\tm_stm32f4_usb_msc_host.o
 .debug_frame   0x00003648       0xe8 ..\obj\preamp.o
 .debug_frame   0x00003730      0x920 ..\obj\ff.o
 .debug_frame   0x00004050      0x190 ..\obj\usb_hcd.o
 .debug_frame   0x000041e0       0xa4 ..\obj\usbh_msc_bot.o
 .debug_frame   0x00004284      0x3f4 ..\obj\stm32f4xx_spi.o
 .debug_frame   0x00004678      0x530 ..\obj\stm32f4xx_i2c.o
 .debug_frame   0x00004ba8      0x1a0 ..\obj\usbh_ioreq.o
 .debug_frame   0x00004d48       0xd8 ..\obj\misc.o
 .debug_frame   0x00004e20      0x274 ..\obj\tm_stm32f4_gpio.o
 .debug_frame   0x00005094      0xe54 ..\obj\stm32f4xx_tim.o
 .debug_frame   0x00005ee8      0x1a8 ..\obj\usb_hcd_int.o
