Archive member included to satisfy reference by file (symbol)

c:/program files (x86)/gnu tools arm embedded/5.4 2016q3/bin/../lib/gcc/arm-none-eabi/5.4.1/armv7e-m\libgcc.a(_arm_addsubdf3.o)
                              ..\obj\tm_stm32f4_fatfs.o (__aeabi_ui2d)
c:/program files (x86)/gnu tools arm embedded/5.4 2016q3/bin/../lib/gcc/arm-none-eabi/5.4.1/armv7e-m\libgcc.a(_arm_muldivdf3.o)
                              ..\obj\tm_stm32f4_fatfs.o (__aeabi_dmul)
c:/program files (x86)/gnu tools arm embedded/5.4 2016q3/bin/../lib/gcc/arm-none-eabi/5.4.1/armv7e-m\libgcc.a(_arm_cmpdf2.o)
                              ..\obj\tm_stm32f4_timer_properties.o (__aeabi_dcmpeq)
c:/program files (x86)/gnu tools arm embedded/5.4 2016q3/bin/../lib/gcc/arm-none-eabi/5.4.1/armv7e-m\libgcc.a(_arm_fixunsdfsi.o)
                              ..\obj\tm_stm32f4_fatfs.o (__aeabi_d2uiz)
c:/program files (x86)/gnu tools arm embedded/5.4 2016q3/bin/../lib/gcc/arm-none-eabi/5.4.1/../../../../arm-none-eabi/lib/armv7e-m\libg.a(lib_a-malloc.o)
                              ..\obj\tm_stm32f4_fatfs.o (malloc)
c:/program files (x86)/gnu tools arm embedded/5.4 2016q3/bin/../lib/gcc/arm-none-eabi/5.4.1/../../../../arm-none-eabi/lib/armv7e-m\libg.a(lib_a-mallocr.o)
                              c:/program files (x86)/gnu tools arm embedded/5.4 2016q3/bin/../lib/gcc/arm-none-eabi/5.4.1/../../../../arm-none-eabi/lib/armv7e-m\libg.a(lib_a-malloc.o) (_malloc_r)
c:/program files (x86)/gnu tools arm embedded/5.4 2016q3/bin/../lib/gcc/arm-none-eabi/5.4.1/../../../../arm-none-eabi/lib/armv7e-m\libg.a(lib_a-memcpy.o)
                              ..\obj\pcm.o (memcpy)
c:/program files (x86)/gnu tools arm embedded/5.4 2016q3/bin/../lib/gcc/arm-none-eabi/5.4.1/../../../../arm-none-eabi/lib/armv7e-m\libg.a(lib_a-mlock.o)
                              c:/program files (x86)/gnu tools arm embedded/5.4 2016q3/bin/../lib/gcc/arm-none-eabi/5.4.1/../../../../arm-none-eabi/lib/armv7e-m\libg.a(lib_a-mallocr.o) (__malloc_lock)
c:/program files (x86)/gnu tools arm embedded/5.4 2016q3/bin/../lib/gcc/arm-none-eabi/5.4.1/../../../../arm-none-eabi/lib/armv7e-m\libg.a(lib_a-sbrkr.o)
                              c:/program files (x86)/gnu tools arm embedded/5.4 2016q3/bin/../lib/gcc/arm-none-eabi/5.4.1/../../../../arm-none-eabi/lib/armv7e-m\libg.a(lib_a-mallocr.o) (_sbrk_r)
c:/program files (x86)/gnu tools arm embedded/5.4 2016q3/bin/../lib/gcc/arm-none-eabi/5.4.1/../../../../arm-none-eabi/lib/armv7e-m\libg.a(lib_a-sprintf.o)
                              ..\obj\tm_stm32f4_fatfs.o (sprintf)
c:/program files (x86)/gnu tools arm embedded/5.4 2016q3/bin/../lib/gcc/arm-none-eabi/5.4.1/../../../../arm-none-eabi/lib/armv7e-m\libg.a(lib_a-strcpy.o)
                              ..\obj\tm_stm32f4_fatfs.o (strcpy)
c:/program files (x86)/gnu tools arm embedded/5.4 2016q3/bin/../lib/gcc/arm-none-eabi/5.4.1/../../../../arm-none-eabi/lib/armv7e-m\libg.a(lib_a-strlen.o)
                              ..\obj\tm_stm32f4_fatfs.o (strlen)
c:/program files (x86)/gnu tools arm embedded/5.4 2016q3/bin/../lib/gcc/arm-none-eabi/5.4.1/../../../../arm-none-eabi/lib/armv7e-m\libg.a(lib_a-svfprintf.o)
                              c:/program files (x86)/gnu tools arm embedded/5.4 2016q3/bin/../lib/gcc/arm-none-eabi/5.4.1/../../../../arm-none-eabi/lib/armv7e-m\libg.a(lib_a-sprintf.o) (_svfprintf_r)
c:/program files (x86)/gnu tools arm embedded/5.4 2016q3/bin/../lib/gcc/arm-none-eabi/5.4.1/../../../../arm-none-eabi/lib/armv7e-m\libg.a(lib_a-dtoa.o)
                              c:/program files (x86)/gnu tools arm embedded/5.4 2016q3/bin/../lib/gcc/arm-none-eabi/5.4.1/../../../../arm-none-eabi/lib/armv7e-m\libg.a(lib_a-svfprintf.o) (_dtoa_r)
c:/program files (x86)/gnu tools arm embedded/5.4 2016q3/bin/../lib/gcc/arm-none-eabi/5.4.1/../../../../arm-none-eabi/lib/armv7e-m\libg.a(lib_a-freer.o)
                              c:/program files (x86)/gnu tools arm embedded/5.4 2016q3/bin/../lib/gcc/arm-none-eabi/5.4.1/../../../../arm-none-eabi/lib/armv7e-m\libg.a(lib_a-malloc.o) (_free_r)
c:/program files (x86)/gnu tools arm embedded/5.4 2016q3/bin/../lib/gcc/arm-none-eabi/5.4.1/../../../../arm-none-eabi/lib/armv7e-m\libg.a(lib_a-impure.o)
                              c:/program files (x86)/gnu tools arm embedded/5.4 2016q3/bin/../lib/gcc/arm-none-eabi/5.4.1/../../../../arm-none-eabi/lib/armv7e-m\libg.a(lib_a-malloc.o) (_impure_ptr)
c:/program files (x86)/gnu tools arm embedded/5.4 2016q3/bin/../lib/gcc/arm-none-eabi/5.4.1/../../../../arm-none-eabi/lib/armv7e-m\libg.a(lib_a-localeconv.o)
                              c:/program files (x86)/gnu tools arm embedded/5.4 2016q3/bin/../lib/gcc/arm-none-eabi/5.4.1/../../../../arm-none-eabi/lib/armv7e-m\libg.a(lib_a-svfprintf.o) (_localeconv_r)
c:/program files (x86)/gnu tools arm embedded/5.4 2016q3/bin/../lib/gcc/arm-none-eabi/5.4.1/../../../../arm-none-eabi/lib/armv7e-m\libg.a(lib_a-memchr.o)
[...]
Memory Configuration

Name             Origin             Length             Attributes
rom              0x08000000         0x00100000         xr
ram              0x20000000         0x00020000         xrw
ram1             0x10000000         0x00010000         xrw
*default*        0x00000000         0xffffffff

Linker script and memory map

                0x20020000                _eram = 0x20020000

.text           0x08000000     0xbc22
 *(.isr_vector)
 .isr_vector    0x08000000      0x188 ..\obj\startup_stm32f4xx.o
                0x08000000                g_pfnVectors
 *(.text*)
 .text.USB_OTG_EnableCommonInt
                0x08000188       0x44 ..\obj\usb_core.o
 .text.USB_OTG_CoreReset
                0x080001cc       0x90 ..\obj\usb_core.o
 .text.USB_OTG_WritePacket
                0x0800025c       0x74 ..\obj\usb_core.o
                0x0800025c                USB_OTG_WritePacket
 .text.USB_OTG_ReadPacket
                0x080002d0       0x58 ..\obj\usb_core.o
                0x080002d0                USB_OTG_ReadPacket
 .text.USB_OTG_SelectCore
                0x08000328      0x174 ..\obj\usb_core.o
                0x08000328                USB_OTG_SelectCore
 .text.USB_OTG_CoreInit
                0x0800049c      0x13c ..\obj\usb_core.o
                0x0800049c                USB_OTG_CoreInit
 .text.USB_OTG_EnableGlobalInt
                0x080005d8       0x34 ..\obj\usb_core.o
                0x080005d8                USB_OTG_EnableGlobalInt
 .text.USB_OTG_DisableGlobalInt
                0x0800060c       0x38 ..\obj\usb_core.o
                0x0800060c                USB_OTG_DisableGlobalInt
 .text.USB_OTG_FlushTxFifo
                0x08000644       0x74 ..\obj\usb_core.o
                0x08000644                USB_OTG_FlushTxFifo
 .text.USB_OTG_FlushRxFifo
                0x080006b8       0x60 ..\obj\usb_core.o
                0x080006b8                USB_OTG_FlushRxFifo
 .text.USB_OTG_SetCurrentMode
                0x08000718       0x60 ..\obj\usb_core.o
                0x08000718                USB_OTG_SetCurrentMode
 .text.USB_OTG_GetMode
                0x08000778       0x1c ..\obj\usb_core.o
                0x08000778                USB_OTG_GetMode
 .text.USB_OTG_IsHostMode
                0x08000794       0x24 ..\obj\usb_core.o
                0x08000794                USB_OTG_IsHostMode
 .text.USB_OTG_ReadCoreItr
                0x080007b8       0x2c ..\obj\usb_core.o
                0x080007b8                USB_OTG_ReadCoreItr
 .text.USB_OTG_CoreInitHost
                0x080007e4       0xf8 ..\obj\usb_core.o
                0x080007e4                USB_OTG_CoreInitHost
 .text.USB_OTG_IsEvenFrame
                0x080008dc       0x28 ..\obj\usb_core.o
                0x080008dc                USB_OTG_IsEvenFrame
 .text.USB_OTG_DriveVbus
                0x08000904       0x7c ..\obj\usb_core.o
                0x08000904                USB_OTG_DriveVbus
 .text.USB_OTG_EnableHostInt
                0x08000980       0x80 ..\obj\usb_core.o
                0x08000980                USB_OTG_EnableHostInt
 .text.USB_OTG_InitFSLSPClkSel
                0x08000a00       0x38 ..\obj\usb_core.o
                0x08000a00                USB_OTG_InitFSLSPClkSel
 .text.USB_OTG_ReadHPRT0
                0x08000a38       0x40 ..\obj\usb_core.o
                0x08000a38                USB_OTG_ReadHPRT0
 .text.USB_OTG_ReadHostAllChannels_intr
                0x08000a78       0x18 ..\obj\usb_core.o
                0x08000a78                USB_OTG_ReadHostAllChannels_intr
 .text.USB_OTG_ResetPort
                0x08000a90       0x4c ..\obj\usb_core.o
                0x08000a90                USB_OTG_ResetPort
 .text.USB_OTG_HC_Init
                0x08000adc      0x298 ..\obj\usb_core.o
                0x08000adc                USB_OTG_HC_Init
 .text.USB_OTG_HC_StartXfer
                0x08000d74      0x2c0 ..\obj\usb_core.o
                0x08000d74                USB_OTG_HC_StartXfer
 .text.USB_OTG_HC_Halt
                0x08001034       0xa0 ..\obj\usb_core.o
                0x08001034                USB_OTG_HC_Halt
 .text.USB_OTG_HC_DoPing
                0x080010d4       0x74 ..\obj\usb_core.o
                0x080010d4                USB_OTG_HC_DoPing
 .text.PcmOpenFile
                0x08001148       0x80 ..\obj\pcm.o
                0x08001148                PcmOpenFile
 .text.PcmPlay  0x080011c8      0x130 ..\obj\pcm.o
                0x080011c8                PcmPlay
 .text.I2C_Init_Amp
                0x080012f8       0x50 ..\obj\i2c.o
                0x080012f8                I2C_Init_Amp
 .text.I2C_start
                0x08001348       0x88 ..\obj\i2c.o
                0x08001348                I2C_start
 .text.I2C_write
                0x080013d0       0x34 ..\obj\i2c.o
                0x080013d0                I2C_write
 .text.I2C_stop
                0x08001404       0x18 ..\obj\i2c.o
                0x08001404                I2C_stop
 .text.TM_EXTI_Attach
                0x0800141c      0x284 ..\obj\tm_stm32f4_exti.o
                0x0800141c                TM_EXTI_Attach
 .text.EXTI0_IRQHandler
                0x080016a0       0x24 ..\obj\tm_stm32f4_exti.o
                0x080016a0                EXTI0_IRQHandler
 .text.EXTI1_IRQHandler
                0x080016c4       0x24 ..\obj\tm_stm32f4_exti.o
                0x080016c4                EXTI1_IRQHandler
 .text.EXTI2_IRQHandler
                0x080016e8       0x24 ..\obj\tm_stm32f4_exti.o
                0x080016e8                EXTI2_IRQHandler
 .text.EXTI3_IRQHandler
                0x0800170c       0x24 ..\obj\tm_stm32f4_exti.o
                0x0800170c                EXTI3_IRQHandler
 .text.EXTI4_IRQHandler
                0x08001730       0x24 ..\obj\tm_stm32f4_exti.o
                0x08001730                EXTI4_IRQHandler
 .text.EXTI9_5_IRQHandler
                0x08001754       0x8c ..\obj\tm_stm32f4_exti.o
                0x08001754                EXTI9_5_IRQHandler
 .text.EXTI15_10_IRQHandler
                0x080017e0       0xb4 ..\obj\tm_stm32f4_exti.o
                0x080017e0                EXTI15_10_IRQHandler
 .text.Tim2Init
                0x08001894       0x58 ..\obj\timer.o
                0x08001894                Tim2Init
 .text.Tim2Start
                0x080018ec       0x20 ..\obj\timer.o
                0x080018ec                Tim2Start
 .text.Tim2Stop
                0x0800190c       0x20 ..\obj\timer.o
                0x0800190c                Tim2Stop
 .text.TIMER3_Configuration
                0x0800192c       0x70 ..\obj\timer.o
                0x0800192c                TIMER3_Configuration
 .text.USBH_Open_Channel
                0x0800199c       0xf8 ..\obj\usbh_hcs.o
                0x0800199c                USBH_Open_Channel
 .text.USBH_Modify_Channel
                0x08001a94       0x98 ..\obj\usbh_hcs.o
                0x08001a94                USBH_Modify_Channel
 .text.USBH_Alloc_Channel
                0x08001b2c       0x4c ..\obj\usbh_hcs.o
                0x08001b2c                USBH_Alloc_Channel
 .text.USBH_Free_Channel
                0x08001b78       0x44 ..\obj\usbh_hcs.o
                0x08001b78                USBH_Free_Channel
 .text.USBH_DeAllocate_AllChannel
                0x08001bbc       0x38 ..\obj\usbh_hcs.o
                0x08001bbc                USBH_DeAllocate_AllChannel
 .text.USBH_GetFreeChannel
                0x08001bf4       0x48 ..\obj\usbh_hcs.o
 .text.USART_DeInit
                0x08001c3c       0xd4 ..\obj\stm32f4xx_usart.o
                0x08001c3c                USART_DeInit
 .text.USART_Init
                0x08001d10      0x174 ..\obj\stm32f4xx_usart.o
                0x08001d10                USART_Init
 .text.USBH_Get_DevDesc
                0x08001e84       0x54 ..\obj\usbh_stdreq.o
                0x08001e84                USBH_Get_DevDesc
 .text.USBH_Get_CfgDesc
                0x08001ed8       0x88 ..\obj\usbh_stdreq.o
                0x08001ed8                USBH_Get_CfgDesc
 .text.USBH_Get_StringDesc
                0x08001f60       0x58 ..\obj\usbh_stdreq.o
                0x08001f60                USBH_Get_StringDesc
 .text.USBH_GetDescriptor
                0x08001fb8       0x68 ..\obj\usbh_stdreq.o
                0x08001fb8                USBH_GetDescriptor
 .text.USBH_SetAddress
                0x08002020       0x44 ..\obj\usbh_stdreq.o
                0x08002020                USBH_SetAddress
 .text.USBH_SetCfg
                0x08002064       0x44 ..\obj\usbh_stdreq.o
                0x08002064                USBH_SetCfg
 .text.USBH_ClrFeature
                0x080020a8       0x78 ..\obj\usbh_stdreq.o
                0x080020a8                USBH_ClrFeature
 .text.USBH_ParseDevDesc
                0x08002120       0xe0 ..\obj\usbh_stdreq.o
 .text.USBH_ParseCfgDesc
                0x08002200      0x1cc ..\obj\usbh_stdreq.o
 .text.USBH_ParseInterfaceDesc
                0x080023cc       0x5c ..\obj\usbh_stdreq.o
 .text.USBH_ParseEPDesc
                0x08002428       0x58 ..\obj\usbh_stdreq.o
 .text.USBH_ParseStringDesc
                0x08002480       0x64 ..\obj\usbh_stdreq.o
 .text.USBH_GetNextDesc
                0x080024e4       0x34 ..\obj\usbh_stdreq.o
                0x080024e4                USBH_GetNextDesc
 .text.disk_initialize
                0x08002518       0x44 ..\obj\diskio.o
                0x08002518                disk_initialize
 .text.disk_status
                0x0800255c       0x48 ..\obj\diskio.o
                0x0800255c                disk_status
 .text.disk_read
                0x080025a4       0x5c ..\obj\diskio.o
                0x080025a4                disk_read
 .text.disk_write
                0x08002600       0x5c ..\obj\diskio.o
                0x08002600                disk_write
 .text.disk_ioctl
                0x0800265c       0x54 ..\obj\diskio.o
                0x0800265c                disk_ioctl
 .text.get_fattime
                0x080026b0       0x14 ..\obj\diskio.o
                0x080026b0                get_fattime
 .text.TM_FATFS_SDRAM_disk_initialize
                0x080026c4       0x10 ..\obj\diskio.o
                0x080026c4                TM_FATFS_SDRAM_disk_initialize
 .text.TM_FATFS_SPI_FLASH_disk_initialize
                0x080026d4       0x10 ..\obj\diskio.o
                0x080026d4                TM_FATFS_SPI_FLASH_disk_initialize
 .text.TM_FATFS_SDRAM_disk_status
                0x080026e4       0x10 ..\obj\diskio.o
                0x080026e4                TM_FATFS_SDRAM_disk_status
 .text.TM_FATFS_SPI_FLASH_disk_status
                0x080026f4       0x10 ..\obj\diskio.o
                0x080026f4                TM_FATFS_SPI_FLASH_disk_status
 .text.TM_FATFS_SDRAM_disk_ioctl
                0x08002704       0x18 ..\obj\diskio.o
                0x08002704                TM_FATFS_SDRAM_disk_ioctl
 .text.TM_FATFS_SPI_FLASH_disk_ioctl
                0x0800271c       0x18 ..\obj\diskio.o
                0x0800271c                TM_FATFS_SPI_FLASH_disk_ioctl
 .text.TM_FATFS_SDRAM_disk_read
                0x08002734       0x18 ..\obj\diskio.o
                0x08002734                TM_FATFS_SDRAM_disk_read
 .text.TM_FATFS_SPI_FLASH_disk_read
                0x0800274c       0x18 ..\obj\diskio.o
                0x0800274c                TM_FATFS_SPI_FLASH_disk_read
 .text.TM_FATFS_SDRAM_disk_write
                0x08002764       0x18 ..\obj\diskio.o
                0x08002764                TM_FATFS_SDRAM_disk_write
 .text.TM_FATFS_SPI_FLASH_disk_write
                0x0800277c       0x18 ..\obj\diskio.o
                0x0800277c                TM_FATFS_SPI_FLASH_disk_write
 .text.Default_Reset_Handler
                0x08002794       0x5c ..\obj\startup_stm32f4xx.o
                0x08002794                Default_Reset_Handler
                0x08002794                Reset_Handler
 .text.Default_Handler
                0x080027f0        0x8 ..\obj\startup_stm32f4xx.o
                0x080027f0                RTC_Alarm_IRQHandler
                0x080027f0                HASH_RNG_IRQHandler
                0x080027f0                TIM8_CC_IRQHandler
                0x080027f0                DebugMon_Handler
                0x080027f0                TIM1_CC_IRQHandler
                0x080027f0                DMA2_Stream5_IRQHandler
                0x080027f0                HardFault_Handler
                0x080027f0                DMA1_Stream5_IRQHandler
                0x080027f0                PVD_IRQHandler
                0x080027f0                SDIO_IRQHandler
                0x080027f0                TAMP_STAMP_IRQHandler
                0x080027f0                PendSV_Handler
                0x080027f0                NMI_Handler
                0x080027f0                CAN2_RX1_IRQHandler
                0x080027f0                TIM8_TRG_COM_TIM14_IRQHandler
                0x080027f0                TIM1_UP_TIM10_IRQHandler
                0x080027f0                TIM8_UP_TIM13_IRQHandler
                0x080027f0                I2C3_ER_IRQHandler
                0x080027f0                I2C2_EV_IRQHandler
                0x080027f0                DMA1_Stream2_IRQHandler
                0x080027f0                CAN1_RX0_IRQHandler
                0x080027f0                FPU_IRQHandler
                0x080027f0                OTG_HS_WKUP_IRQHandler
                0x080027f0                UsageFault_Handler
                0x080027f0                CAN2_SCE_IRQHandler
                0x080027f0                DMA2_Stream2_IRQHandler
                0x080027f0                SPI1_IRQHandler
                0x080027f0                TIM6_DAC_IRQHandler
                0x080027f0                TIM1_BRK_TIM9_IRQHandler
                0x080027f0                DCMI_IRQHandler
                0x080027f0                CAN2_RX0_IRQHandler
                0x080027f0                DMA2_Stream3_IRQHandler
                0x080027f0                CRYP_IRQHandler
                0x080027f0                CAN1_RX1_IRQHandler
                0x080027f0                DMA2_Stream0_IRQHandler
                0x080027f0                TIM4_IRQHandler
                0x080027f0                I2C1_EV_IRQHandler
                0x080027f0                DMA1_Stream6_IRQHandler
                0x080027f0                DMA1_Stream1_IRQHandler
                0x080027f0                TIM3_IRQHandler
                0x080027f0                RCC_IRQHandler
                0x080027f0                TIM8_BRK_TIM12_IRQHandler
                0x080027f0                ADC_IRQHandler
                0x080027f0                TIM7_IRQHandler
                0x080027f0                CAN2_TX_IRQHandler
                0x080027f0                TIM5_IRQHandler
                0x080027f0                DMA2_Stream7_IRQHandler
                0x080027f0                I2C3_EV_IRQHandler
                0x080027f0                RTC_WKUP_IRQHandler
                0x080027f0                ETH_WKUP_IRQHandler
                0x080027f0                SPI2_IRQHandler
                0x080027f0                OTG_HS_EP1_IN_IRQHandler
                0x080027f0                MemManage_Handler
                0x080027f0                DMA1_Stream0_IRQHandler
                0x080027f0                CAN1_TX_IRQHandler
                0x080027f0                SVC_Handler
                0x080027f0                FSMC_IRQHandler
                0x080027f0                ETH_IRQHandler
                0x080027f0                OTG_HS_EP1_OUT_IRQHandler
                0x080027f0                WWDG_IRQHandler
                0x080027f0                OTG_FS_WKUP_IRQHandler
                0x080027f0                TIM1_TRG_COM_TIM11_IRQHandler
                0x080027f0                OTG_HS_IRQHandler
                0x080027f0                I2C2_ER_IRQHandler
                0x080027f0                DMA2_Stream1_IRQHandler
                0x080027f0                CAN1_SCE_IRQHandler
                0x080027f0                FLASH_IRQHandler
                0x080027f0                DMA2_Stream4_IRQHandler
                0x080027f0                BusFault_Handler
                0x080027f0                SPI3_IRQHandler
                0x080027f0                DMA1_Stream4_IRQHandler
                0x080027f0                I2C1_ER_IRQHandler
                0x080027f0                DMA2_Stream6_IRQHandler
                0x080027f0                DMA1_Stream3_IRQHandler
 .text.TM_FATFS_USB_disk_initialize
                0x080027f8       0x50 ..\obj\fatfs_usb.o
                0x080027f8                TM_FATFS_USB_disk_initialize
 .text.TM_FATFS_USB_disk_status
                0x08002848       0x18 ..\obj\fatfs_usb.o
                0x08002848                TM_FATFS_USB_disk_status
 .text.TM_FATFS_USB_disk_read
                0x08002860       0x94 ..\obj\fatfs_usb.o
                0x08002860                TM_FATFS_USB_disk_read
 .text.TM_FATFS_USB_disk_write
                0x080028f4       0xa0 ..\obj\fatfs_usb.o
                0x080028f4                TM_FATFS_USB_disk_write
 .text.TM_FATFS_USB_disk_ioctl
                0x08002994       0x84 ..\obj\fatfs_usb.o
                0x08002994                TM_FATFS_USB_disk_ioctl
 .text.main     0x08002a18       0xe0 ..\obj\main.o
                0x08002a18                main
 .text.RCC_GetClocksFreq
                0x08002af8      0x154 ..\obj\stm32f4xx_rcc.o
                0x08002af8                RCC_GetClocksFreq
 .text.RCC_AHB1PeriphClockCmd
                0x08002c4c       0x3c ..\obj\stm32f4xx_rcc.o
                0x08002c4c                RCC_AHB1PeriphClockCmd
 .text.RCC_AHB2PeriphClockCmd
                0x08002c88       0x3c ..\obj\stm32f4xx_rcc.o
                0x08002c88                RCC_AHB2PeriphClockCmd
 .text.RCC_APB1PeriphClockCmd
                0x08002cc4       0x3c ..\obj\stm32f4xx_rcc.o
                0x08002cc4                RCC_APB1PeriphClockCmd
 .text.RCC_APB2PeriphClockCmd
                0x08002d00       0x3c ..\obj\stm32f4xx_rcc.o
                0x08002d00                RCC_APB2PeriphClockCmd
 .text.RCC_APB1PeriphResetCmd
                0x08002d3c       0x3c ..\obj\stm32f4xx_rcc.o
                0x08002d3c                RCC_APB1PeriphResetCmd
 .text.RCC_APB2PeriphResetCmd
                0x08002d78       0x3c ..\obj\stm32f4xx_rcc.o
                0x08002d78                RCC_APB2PeriphResetCmd
 .text.TM_USART_Init
                0x08002db4      0x108 ..\obj\tm_stm32f4_usart.o
                0x08002db4                TM_USART_Init
 .text.TM_USART_Getc
                0x08002ebc       0x74 ..\obj\tm_stm32f4_usart.o
                0x08002ebc                TM_USART_Getc
 .text.TM_USART_Gets
                0x08002f30       0x94 ..\obj\tm_stm32f4_usart.o
                0x08002f30                TM_USART_Gets
 .text.TM_USART_FindCharacter
                0x08002fc4       0x60 ..\obj\tm_stm32f4_usart.o
                0x08002fc4                TM_USART_FindCharacter
 .text.TM_USART_INT_InsertToBuffer
                0x08003024       0x5c ..\obj\tm_stm32f4_usart.o
                0x08003024                TM_USART_INT_InsertToBuffer
 .text.TM_USART_InitCustomPinsCallback
                0x08003080       0x18 ..\obj\tm_stm32f4_usart.o
                0x08003080                TM_USART_InitCustomPinsCallback
 .text.TM_USART_INT_GetUsart
                0x08003098       0x8c ..\obj\tm_stm32f4_usart.o
                0x08003098                TM_USART_INT_GetUsart
 .text.TM_USART_INT_GetSubPriority
                0x08003124       0x74 ..\obj\tm_stm32f4_usart.o
                0x08003124                TM_USART_INT_GetSubPriority
 .text.TM_USART1_InitPins
                0x08003198       0x64 ..\obj\tm_stm32f4_usart.o
                0x08003198                TM_USART1_InitPins
 .text.TM_USART2_InitPins
                0x080031fc       0x60 ..\obj\tm_stm32f4_usart.o
                0x080031fc                TM_USART2_InitPins
 .text.TM_USART3_InitPins
                0x0800325c       0x84 ..\obj\tm_stm32f4_usart.o
                0x0800325c                TM_USART3_InitPins
 .text.TM_UART4_InitPins
                0x080032e0       0x64 ..\obj\tm_stm32f4_usart.o
                0x080032e0                TM_UART4_InitPins
 .text.TM_UART5_InitPins
                0x08003344       0x5c ..\obj\tm_stm32f4_usart.o
                0x08003344                TM_UART5_InitPins
 .text.TM_USART6_InitPins
                0x080033a0       0x64 ..\obj\tm_stm32f4_usart.o
                0x080033a0                TM_USART6_InitPins
 .text.USART1_IRQHandler
                0x08003404       0x30 ..\obj\tm_stm32f4_usart.o
                0x08003404                USART1_IRQHandler
 .text.USART2_IRQHandler
                0x08003434       0x30 ..\obj\tm_stm32f4_usart.o
                0x08003434                USART2_IRQHandler
 .text.USART3_IRQHandler
                0x08003464       0x30 ..\obj\tm_stm32f4_usart.o
                0x08003464                USART3_IRQHandler
 .text.UART4_IRQHandler
                0x08003494       0x30 ..\obj\tm_stm32f4_usart.o
                0x08003494                UART4_IRQHandler
 .text.UART5_IRQHandler
                0x080034c4       0x30 ..\obj\tm_stm32f4_usart.o
                0x080034c4                UART5_IRQHandler
 .text.USART6_IRQHandler
                0x080034f4       0x30 ..\obj\tm_stm32f4_usart.o
                0x080034f4                USART6_IRQHandler
 .text.TM_USART_INT_Init
                0x08003524      0x18c ..\obj\tm_stm32f4_usart.o
 .text.TM_RE_Init
                0x080036b0       0x78 ..\obj\tm_stm32f4_rotary_encoder.o
                0x080036b0                TM_RE_Init
 .text.TM_RE_Get
                0x08003728       0x54 ..\obj\tm_stm32f4_rotary_encoder.o
                0x08003728                TM_RE_Get
 .text.TM_RE_Process
                0x0800377c       0x9c ..\obj\tm_stm32f4_rotary_encoder.o
                0x0800377c                TM_RE_Process
 .text.TM_SPI_Send
                0x08003818       0x74 ..\obj\fatfs_sd.o
 .text.Delayms  0x0800388c       0x58 ..\obj\fatfs_sd.o
 .text.init_spi
                0x080038e4       0x2c ..\obj\fatfs_sd.o
 .text.rcvr_spi_multi
                0x08003910       0x24 ..\obj\fatfs_sd.o
 .text.xmit_spi_multi
                0x08003934       0x20 ..\obj\fatfs_sd.o
 .text.wait_ready
                0x08003954       0x44 ..\obj\fatfs_sd.o
 .text.deselect
                0x08003998       0x20 ..\obj\fatfs_sd.o
 .text.select   0x080039b8       0x38 ..\obj\fatfs_sd.o
 .text.rcvr_datablock
                0x080039f0       0x60 ..\obj\fatfs_sd.o
 .text.xmit_datablock
                0x08003a50       0x70 ..\obj\fatfs_sd.o
 .text.send_cmd
                0x08003ac0       0xf4 ..\obj\fatfs_sd.o
 .text.TM_FATFS_InitPins
                0x08003bb4       0x28 ..\obj\fatfs_sd.o
                0x08003bb4                TM_FATFS_InitPins
 .text.TM_FATFS_Detect
                0x08003bdc       0x10 ..\obj\fatfs_sd.o
                0x08003bdc                TM_FATFS_Detect
 .text.TM_FATFS_WriteEnabled
                0x08003bec       0x10 ..\obj\fatfs_sd.o
                0x08003bec                TM_FATFS_WriteEnabled
 .text.TM_FATFS_SD_disk_initialize
                0x08003bfc      0x1d0 ..\obj\fatfs_sd.o
                0x08003bfc                TM_FATFS_SD_disk_initialize
 .text.TM_FATFS_SD_disk_status
                0x08003dcc       0x4c ..\obj\fatfs_sd.o
                0x08003dcc                TM_FATFS_SD_disk_status
 .text.TM_FATFS_SD_disk_read
                0x08003e18       0xc4 ..\obj\fatfs_sd.o
                0x08003e18                TM_FATFS_SD_disk_read
 .text.TM_FATFS_SD_disk_write
                0x08003edc      0x100 ..\obj\fatfs_sd.o
                0x08003edc                TM_FATFS_SD_disk_write
 .text.TM_FATFS_SD_disk_ioctl
                0x08003fdc      0x2e8 ..\obj\fatfs_sd.o
                0x08003fdc                TM_FATFS_SD_disk_ioctl
 .text.USBH_MSC_InterfaceInit
                0x080042c4      0x114 ..\obj\usbh_msc_core.o
 .text.USBH_MSC_InterfaceDeInit
                0x080043d8       0x64 ..\obj\usbh_msc_core.o
 .text.USBH_MSC_ClassRequest
                0x0800443c       0x24 ..\obj\usbh_msc_core.o
 .text.USBH_MSC_Handle
                0x08004460      0x238 ..\obj\usbh_msc_core.o
 .text.USBH_MSC_BOTReset
                0x08004698       0x40 ..\obj\usbh_msc_core.o
 .text.USBH_MSC_GETMaxLUN
                0x080046d8       0x44 ..\obj\usbh_msc_core.o
 .text.USBH_MSC_ErrorHandle
                0x0800471c       0x58 ..\obj\usbh_msc_core.o
                0x0800471c                USBH_MSC_ErrorHandle
 .text.BTBtnsProc
                0x08004774       0x48 ..\obj\bt.o
                0x08004774                BTBtnsProc
 .text.Gpio_Init
                0x080047bc      0x134 ..\obj\gpio.o
                0x080047bc                Gpio_Init
 .text.NVIC_SetPriority
                0x080048f0       0x54 ..\obj\tm_stm32f4_delay.o
 .text.SysTick_Config
                0x08004944       0x44 ..\obj\tm_stm32f4_delay.o
 .text.SysTick_Handler
                0x08004988      0x124 ..\obj\tm_stm32f4_delay.o
                0x08004988                SysTick_Handler
 .text.TM_DELAY_Init
                0x08004aac       0x50 ..\obj\tm_stm32f4_delay.o
                0x08004aac                TM_DELAY_Init
 .text.TM_SPI_Init
                0x08004afc       0x38 ..\obj\tm_stm32f4_spi.o
                0x08004afc                TM_SPI_Init
 .text.TM_SPI_WriteMulti
                0x08004b34       0x88 ..\obj\tm_stm32f4_spi.o
                0x08004b34                TM_SPI_WriteMulti
 .text.TM_SPI_ReadMulti
                0x08004bbc       0x94 ..\obj\tm_stm32f4_spi.o
                0x08004bbc                TM_SPI_ReadMulti
 .text.TM_SPI_InitCustomPinsCallback
                0x08004c50       0x18 ..\obj\tm_stm32f4_spi.o
                0x08004c50                TM_SPI_InitCustomPinsCallback
 .text.TM_SPIx_Init
                0x08004c68       0xd4 ..\obj\tm_stm32f4_spi.o
 .text.TM_SPI1_INT_InitPins
                0x08004d3c       0x60 ..\obj\tm_stm32f4_spi.o
                0x08004d3c                TM_SPI1_INT_InitPins
 .text.MenuInit
                0x08004d9c       0x30 ..\obj\menu.o
                0x08004d9c                MenuInit
 .text.MenuProc
                0x08004dcc       0xac ..\obj\menu.o
                0x08004dcc                MenuProc
 .text.TM_EXTI_Handler
                0x08004e78       0x34 ..\obj\menu.o
                0x08004e78                TM_EXTI_Handler
 .text.RotSwPRessed
                0x08004eac       0x2c ..\obj\menu.o
                0x08004eac                RotSwPRessed
 .text.TIM2_IRQHandler
                0x08004ed8       0x44 ..\obj\menu.o
                0x08004ed8                TIM2_IRQHandler
 .text.USBH_Connected
                0x08004f1c       0x1c ..\obj\usbh_core.o
                0x08004f1c                USBH_Connected
 .text.USBH_Disconnected
                0x08004f38       0x1c ..\obj\usbh_core.o
                0x08004f38                USBH_Disconnected
 .text.USBH_SOF
                0x08004f54       0x14 ..\obj\usbh_core.o
                0x08004f54                USBH_SOF
 .text.USBH_Init
                0x08004f68       0x58 ..\obj\usbh_core.o
                0x08004f68                USBH_Init
 .text.USBH_DeInit
                0x08004fc0       0x60 ..\obj\usbh_core.o
                0x08004fc0                USBH_DeInit
 .text.USBH_Process
                0x08005020      0x260 ..\obj\usbh_core.o
                0x08005020                USBH_Process
 .text.USBH_ErrorHandle
                0x08005280       0x48 ..\obj\usbh_core.o
                0x08005280                USBH_ErrorHandle
 .text.USBH_HandleEnum
                0x080052c8      0x2e4 ..\obj\usbh_core.o
 .text.USBH_HandleControl
                0x080055ac      0x344 ..\obj\usbh_core.o
                0x080055ac                USBH_HandleControl
 .text.GPIO_Init
                0x080058f0      0x11c ..\obj\stm32f4xx_gpio.o
                0x080058f0                GPIO_Init
 .text.GPIO_ReadInputDataBit
                0x08005a0c       0x34 ..\obj\stm32f4xx_gpio.o
                0x08005a0c                GPIO_ReadInputDataBit
 .text.GPIO_SetBits
                0x08005a40       0x1c ..\obj\stm32f4xx_gpio.o
                0x08005a40                GPIO_SetBits
 .text.GPIO_ResetBits
                0x08005a5c       0x1c ..\obj\stm32f4xx_gpio.o
                0x08005a5c                GPIO_ResetBits
 .text.GPIO_WriteBit
                0x08005a78       0x30 ..\obj\stm32f4xx_gpio.o
                0x08005a78                GPIO_WriteBit
 .text.GPIO_PinAFConfig
                0x08005aa8       0x90 ..\obj\stm32f4xx_gpio.o
                0x08005aa8                GPIO_PinAFConfig
 .text.USBH_MSC_TestUnitReady
                0x08005b38       0xdc ..\obj\usbh_msc_scsi.o
                0x08005b38                USBH_MSC_TestUnitReady
 .text.USBH_MSC_ReadCapacity10
                0x08005c14      0x120 ..\obj\usbh_msc_scsi.o
                0x08005c14                USBH_MSC_ReadCapacity10
 .text.USBH_MSC_ModeSense6
                0x08005d34      0x100 ..\obj\usbh_msc_scsi.o
                0x08005d34                USBH_MSC_ModeSense6
 .text.USBH_MSC_RequestSense
                0x08005e34      0x11c ..\obj\usbh_msc_scsi.o
                0x08005e34                USBH_MSC_RequestSense
 .text.USBH_MSC_Write10
                0x08005f50      0x100 ..\obj\usbh_msc_scsi.o
                0x08005f50                USBH_MSC_Write10
 .text.USBH_MSC_Read10
                0x08006050      0x128 ..\obj\usbh_msc_scsi.o
                0x08006050                USBH_MSC_Read10
 .text.SystemInit
                0x08006178       0x5c ..\obj\system_stm32f4xx.o
                0x08006178                SystemInit
 .text.SetSysClock
                0x080061d4       0xf4 ..\obj\system_stm32f4xx.o
 .text.DMA_Audio_Init_Single
                0x080062c8       0x84 ..\obj\DMA.o
                0x080062c8                DMA_Audio_Init_Single
 .text.DMA_Audio_Send
                0x0800634c       0x30 ..\obj\DMA.o
                0x0800634c                DMA_Audio_Send
 .text.DMA1_Stream7_IRQHandler
                0x0800637c       0x78 ..\obj\DMA.o
                0x0800637c                DMA1_Stream7_IRQHandler
 .text.DMA_ClearFlag
                0x080063f4       0x5c ..\obj\stm32f4xx_dma.o
                0x080063f4                DMA_ClearFlag
 .text.DMA_ITConfig
                0x08006450       0x74 ..\obj\stm32f4xx_dma.o
                0x08006450                DMA_ITConfig
 .text.DMA_GetITStatus
                0x080064c4       0xac ..\obj\stm32f4xx_dma.o
                0x080064c4                DMA_GetITStatus
 .text.DMA_ClearITPendingBit
                0x08006570       0x5c ..\obj\stm32f4xx_dma.o
                0x08006570                DMA_ClearITPendingBit
 .text.USBH_USR_Init
                0x080065cc       0x20 ..\obj\usbh_usr.o
                0x080065cc                USBH_USR_Init
 .text.USBH_USR_DeviceAttached
                0x080065ec       0x20 ..\obj\usbh_usr.o
                0x080065ec                USBH_USR_DeviceAttached
 .text.USBH_USR_UnrecoveredError
                0x0800660c       0x20 ..\obj\usbh_usr.o
                0x0800660c                USBH_USR_UnrecoveredError
 .text.USBH_USR_DeviceDisconnected
                0x0800662c       0x20 ..\obj\usbh_usr.o
                0x0800662c                USBH_USR_DeviceDisconnected
 .text.USBH_USR_ResetDevice
                0x0800664c       0x18 ..\obj\usbh_usr.o
                0x0800664c                USBH_USR_ResetDevice
 .text.USBH_USR_DeviceSpeedDetected
                0x08006664       0x14 ..\obj\usbh_usr.o
                0x08006664                USBH_USR_DeviceSpeedDetected
 .text.USBH_USR_Device_DescAvailable
                0x08006678       0x14 ..\obj\usbh_usr.o
                0x08006678                USBH_USR_Device_DescAvailable
 .text.USBH_USR_DeviceAddressAssigned
                0x0800668c        0xc ..\obj\usbh_usr.o
                0x0800668c                USBH_USR_DeviceAddressAssigned
 .text.USBH_USR_Configuration_DescAvailable
                0x08006698       0x18 ..\obj\usbh_usr.o
                0x08006698                USBH_USR_Configuration_DescAvailable
 .text.USBH_USR_Manufacturer_String
                0x080066b0       0x14 ..\obj\usbh_usr.o
                0x080066b0                USBH_USR_Manufacturer_String
 .text.USBH_USR_Product_String
                0x080066c4       0x14 ..\obj\usbh_usr.o
                0x080066c4                USBH_USR_Product_String
 .text.USBH_USR_SerialNum_String
                0x080066d8       0x14 ..\obj\usbh_usr.o
                0x080066d8                USBH_USR_SerialNum_String
 .text.USBH_USR_EnumerationDone
                0x080066ec        0xc ..\obj\usbh_usr.o
                0x080066ec                USBH_USR_EnumerationDone
 .text.USBH_USR_DeviceNotSupported
                0x080066f8       0x18 ..\obj\usbh_usr.o
                0x080066f8                USBH_USR_DeviceNotSupported
 .text.USBH_USR_UserInput
                0x08006710       0x10 ..\obj\usbh_usr.o
                0x08006710                USBH_USR_UserInput
 .text.USBH_USR_OverCurrentDetected
                0x08006720       0x18 ..\obj\usbh_usr.o
                0x08006720                USBH_USR_OverCurrentDetected
 .text.USBH_USR_MSC_Application
                0x08006738       0x3c ..\obj\usbh_usr.o
                0x08006738                USBH_USR_MSC_Application
 .text.USBH_USR_DeInit
                0x08006774       0x18 ..\obj\usbh_usr.o
                0x08006774                USBH_USR_DeInit
 .text.Cs43InitGpios
                0x0800678c       0x94 ..\obj\i2s.o
                0x0800678c                Cs43InitGpios
 .text.Cs43Init
                0x08006820       0x5c ..\obj\i2s.o
                0x08006820                Cs43Init
 .text.USB_OTG_BSP_Init
                0x0800687c       0x78 ..\obj\usb_bsp.o
                0x0800687c                USB_OTG_BSP_Init
 .text.USB_OTG_BSP_EnableInterrupt
                0x080068f4       0x34 ..\obj\usb_bsp.o
                0x080068f4                USB_OTG_BSP_EnableInterrupt
 .text.USB_OTG_BSP_DriveVBUS
                0x08006928       0x34 ..\obj\usb_bsp.o
                0x08006928                USB_OTG_BSP_DriveVBUS
 .text.USB_OTG_BSP_ConfigVBUS
                0x0800695c       0x50 ..\obj\usb_bsp.o
                0x0800695c                USB_OTG_BSP_ConfigVBUS
 .text.USB_OTG_BSP_uDelay
                0x080069ac       0x44 ..\obj\usb_bsp.o
                0x080069ac                USB_OTG_BSP_uDelay
 .text.USB_OTG_BSP_mDelay
                0x080069f0       0x20 ..\obj\usb_bsp.o
                0x080069f0                USB_OTG_BSP_mDelay
 .text.OTG_FS_IRQHandler
                0x08006a10       0x14 ..\obj\usb_bsp.o
                0x08006a10                OTG_FS_IRQHandler
 .text.TM_USB_MSCHOST_Init
                0x08006a24       0x4c ..\obj\tm_stm32f4_usb_msc_host.o
                0x08006a24                TM_USB_MSCHOST_Init
 .text.TM_USB_MSCHOST_Process
                0x08006a70       0x24 ..\obj\tm_stm32f4_usb_msc_host.o
                0x08006a70                TM_USB_MSCHOST_Process
 .text.TM_USB_MSCHOST_Device
                0x08006a94       0x24 ..\obj\tm_stm32f4_usb_msc_host.o
                0x08006a94                TM_USB_MSCHOST_Device
 .text.PreampInit
                0x08006ab8       0x5c ..\obj\preamp.o
                0x08006ab8                PreampInit
 .text.PreampSetVol
                0x08006b14       0x90 ..\obj\preamp.o
                0x08006b14                PreampSetVol
 .text.PreampSetSpeakAtt
                0x08006ba4       0x4c ..\obj\preamp.o
                0x08006ba4                PreampSetSpeakAtt
 .text.PreampSetInputGain
                0x08006bf0       0x4c ..\obj\preamp.o
                0x08006bf0                PreampSetInputGain
 .text.PreampSetBass
                0x08006c3c       0xa8 ..\obj\preamp.o
                0x08006c3c                PreampSetBass
 .text.PreampSetTreble
                0x08006ce4       0xa8 ..\obj\preamp.o
                0x08006ce4                PreampSetTreble
 .text.mem_cpy  0x08006d8c       0x3c ..\obj\ff.o
 .text.mem_set  0x08006dc8       0x34 ..\obj\ff.o
 .text.mem_cmp  0x08006dfc       0x4c ..\obj\ff.o
 .text.chk_chr  0x08006e48       0x34 ..\obj\ff.o
 .text.sync_window
                0x08006e7c       0x88 ..\obj\ff.o
 .text.move_window
                0x08006f04       0x5c ..\obj\ff.o
 .text.sync_fs  0x08006f60      0x144 ..\obj\ff.o
 .text.clust2sect
                0x080070a4       0x3c ..\obj\ff.o
                0x080070a4                clust2sect
 .text.get_fat  0x080070e0      0x174 ..\obj\ff.o
                0x080070e0                get_fat
 .text.put_fat  0x08007254      0x214 ..\obj\ff.o
                0x08007254                put_fat
 .text.remove_chain
                0x08007468       0xa8 ..\obj\ff.o
 .text.create_chain
                0x08007510      0x128 ..\obj\ff.o
 .text.dir_sdi  0x08007638      0x100 ..\obj\ff.o
 .text.dir_next
                0x08007738      0x1a8 ..\obj\ff.o
 .text.dir_alloc
                0x080078e0       0x8c ..\obj\ff.o
 .text.ld_clust
                0x0800796c       0x58 ..\obj\ff.o
 .text.st_clust
                0x080079c4       0x4c ..\obj\ff.o
 .text.dir_find
                0x08007a10       0x98 ..\obj\ff.o
 .text.dir_register
                0x08007aa8       0x64 ..\obj\ff.o
 .text.create_name
                0x08007b0c      0x1ec ..\obj\ff.o
 .text.follow_path
                0x08007cf8      0x108 ..\obj\ff.o
 .text.get_ldnumber
                0x08007e00      0x10c ..\obj\ff.o
 .text.check_fs
                0x08007f0c       0xd0 ..\obj\ff.o
 .text.find_volume
                0x08007fdc      0x568 ..\obj\ff.o
 .text.validate
                0x08008544       0x5c ..\obj\ff.o
 .text.f_mount  0x080085a0       0x88 ..\obj\ff.o
                0x080085a0                f_mount
 .text.f_open   0x08008628      0x280 ..\obj\ff.o
                0x08008628                f_open
 .text.f_read   0x080088a8      0x270 ..\obj\ff.o
                0x080088a8                f_read
 .text.f_sync   0x08008b18      0x150 ..\obj\ff.o
                0x08008b18                f_sync
 .text.f_close  0x08008c68       0x38 ..\obj\ff.o
                0x08008c68                f_close
 .text.HCD_Init
                0x08008ca0       0x8c ..\obj\usb_hcd.o
                0x08008ca0                HCD_Init
 .text.HCD_GetCurrentSpeed
                0x08008d2c       0x24 ..\obj\usb_hcd.o
                0x08008d2c                HCD_GetCurrentSpeed
 .text.HCD_ResetPort
                0x08008d50       0x18 ..\obj\usb_hcd.o
                0x08008d50                HCD_ResetPort
 .text.HCD_IsDeviceConnected
                0x08008d68       0x18 ..\obj\usb_hcd.o
                0x08008d68                HCD_IsDeviceConnected
 .text.HCD_GetCurrentFrame
                0x08008d80       0x1c ..\obj\usb_hcd.o
                0x08008d80                HCD_GetCurrentFrame
 .text.HCD_GetURB_State
                0x08008d9c       0x24 ..\obj\usb_hcd.o
                0x08008d9c                HCD_GetURB_State
 .text.HCD_GetXferCnt
                0x08008dc0       0x20 ..\obj\usb_hcd.o
                0x08008dc0                HCD_GetXferCnt
 .text.HCD_SubmitRequest
                0x08008de0       0x3c ..\obj\usb_hcd.o
                0x08008de0                HCD_SubmitRequest
 .text.USBH_MSC_Init
                0x08008e1c       0x58 ..\obj\usbh_msc_bot.o
                0x08008e1c                USBH_MSC_Init
 .text.USBH_MSC_HandleBOTXfer
                0x08008e74      0x3f8 ..\obj\usbh_msc_bot.o
                0x08008e74                USBH_MSC_HandleBOTXfer
 .text.USBH_MSC_BOT_Abort
                0x0800926c       0x74 ..\obj\usbh_msc_bot.o
                0x0800926c                USBH_MSC_BOT_Abort
 .text.USBH_MSC_DecodeCSW
                0x080092e0       0xa0 ..\obj\usbh_msc_bot.o
                0x080092e0                USBH_MSC_DecodeCSW
 .text.SPI_Init
                0x08009380       0x88 ..\obj\stm32f4xx_spi.o
                0x08009380                SPI_Init
 .text.SPI_StructInit
                0x08009408       0x48 ..\obj\stm32f4xx_spi.o
                0x08009408                SPI_StructInit
 .text.SPI_I2S_DMACmd
                0x08009450       0x48 ..\obj\stm32f4xx_spi.o
                0x08009450                SPI_I2S_DMACmd
 .text.I2C_Init
                0x08009498      0x184 ..\obj\stm32f4xx_i2c.o
                0x08009498                I2C_Init
 .text.I2C_Cmd  0x0800961c       0x40 ..\obj\stm32f4xx_i2c.o
                0x0800961c                I2C_Cmd
 .text.I2C_GenerateSTART
                0x0800965c       0x40 ..\obj\stm32f4xx_i2c.o
                0x0800965c                I2C_GenerateSTART
 .text.I2C_GenerateSTOP
                0x0800969c       0x40 ..\obj\stm32f4xx_i2c.o
                0x0800969c                I2C_GenerateSTOP
 .text.I2C_Send7bitAddress
                0x080096dc       0x3c ..\obj\stm32f4xx_i2c.o
                0x080096dc                I2C_Send7bitAddress
 .text.I2C_SendData
                0x08009718       0x20 ..\obj\stm32f4xx_i2c.o
                0x08009718                I2C_SendData
 .text.I2C_CheckEvent
                0x08009738       0x60 ..\obj\stm32f4xx_i2c.o
                0x08009738                I2C_CheckEvent
 .text.I2C_GetFlagStatus
                0x08009798       0x64 ..\obj\stm32f4xx_i2c.o
                0x08009798                I2C_GetFlagStatus
 .text.USBH_CtlReq
                0x080097fc       0x84 ..\obj\usbh_ioreq.o
                0x080097fc                USBH_CtlReq
 .text.USBH_CtlSendSetup
                0x08009880       0x68 ..\obj\usbh_ioreq.o
                0x08009880                USBH_CtlSendSetup
 .text.USBH_CtlSendData
                0x080098e8       0xac ..\obj\usbh_ioreq.o
                0x080098e8                USBH_CtlSendData
 .text.USBH_CtlReceiveData
                0x08009994       0x70 ..\obj\usbh_ioreq.o
                0x08009994                USBH_CtlReceiveData
 .text.USBH_BulkSendData
                0x08009a04       0x94 ..\obj\usbh_ioreq.o
                0x08009a04                USBH_BulkSendData
 .text.USBH_BulkReceiveData
                0x08009a98       0x94 ..\obj\usbh_ioreq.o
                0x08009a98                USBH_BulkReceiveData
 .text.USBH_SubmitSetupRequest
                0x08009b2c       0x3c ..\obj\usbh_ioreq.o
 .text.NVIC_PriorityGroupConfig
                0x08009b68       0x24 ..\obj\misc.o
                0x08009b68                NVIC_PriorityGroupConfig
 .text.NVIC_Init
                0x08009b8c       0xc0 ..\obj\misc.o
                0x08009b8c                NVIC_Init
 .text.Sys_DelayUs
                0x08009c4c       0x28 ..\obj\glcd.o
                0x08009c4c                Sys_DelayUs
 .text.GLCD_Delay
                0x08009c74       0x1c ..\obj\glcd.o
                0x08009c74                GLCD_Delay
 .text.GLCD_Init
                0x08009c90       0x38 ..\obj\glcd.o
                0x08009c90                GLCD_Init
 .text.GLCD_Write
                0x08009cc8      0x108 ..\obj\glcd.o
                0x08009cc8                GLCD_Write
 .text.GLCD_Clear
                0x08009dd0       0x58 ..\obj\glcd.o
                0x08009dd0                GLCD_Clear
 .text.GLCD_WriteString
                0x08009e28       0x60 ..\obj\glcd.o
                0x08009e28                GLCD_WriteString
 .text.GLCD_Write_Char
                0x08009e88       0xc8 ..\obj\glcd.o
                0x08009e88                GLCD_Write_Char
 .text.TM_GPIO_Init
                0x08009f50       0x48 ..\obj\tm_stm32f4_gpio.o
                0x08009f50                TM_GPIO_Init
 .text.TM_GPIO_InitAlternate
                0x08009f98       0xa8 ..\obj\tm_stm32f4_gpio.o
                0x08009f98                TM_GPIO_InitAlternate
 .text.TM_GPIO_GetPinSource
                0x0800a040       0x30 ..\obj\tm_stm32f4_gpio.o
                0x0800a040                TM_GPIO_GetPinSource
 .text.TM_GPIO_GetPortSource
                0x0800a070       0x20 ..\obj\tm_stm32f4_gpio.o
                0x0800a070                TM_GPIO_GetPortSource
 .text.TM_GPIO_INT_EnableClock
                0x0800a090       0x30 ..\obj\tm_stm32f4_gpio.o
                0x0800a090                TM_GPIO_INT_EnableClock
 .text.TM_GPIO_INT_Init
                0x0800a0c0      0x10c ..\obj\tm_stm32f4_gpio.o
                0x0800a0c0                TM_GPIO_INT_Init
 .text.TIM_TimeBaseInit
                0x0800a1cc       0xd4 ..\obj\stm32f4xx_tim.o
                0x0800a1cc                TIM_TimeBaseInit
 .text.TIM_ARRPreloadConfig
                0x0800a2a0       0x40 ..\obj\stm32f4xx_tim.o
                0x0800a2a0                TIM_ARRPreloadConfig
 .text.TIM_Cmd  0x0800a2e0       0x40 ..\obj\stm32f4xx_tim.o
                0x0800a2e0                TIM_Cmd
 .text.TIM_OC3Init
                0x0800a320      0x10c ..\obj\stm32f4xx_tim.o
                0x0800a320                TIM_OC3Init
 .text.TIM_OC3PreloadConfig
                0x0800a42c       0x38 ..\obj\stm32f4xx_tim.o
                0x0800a42c                TIM_OC3PreloadConfig
 .text.TIM_ITConfig
                0x0800a464       0x48 ..\obj\stm32f4xx_tim.o
                0x0800a464                TIM_ITConfig
 .text.TIM_GetITStatus
                0x0800a4ac       0x54 ..\obj\stm32f4xx_tim.o
                0x0800a4ac                TIM_GetITStatus
 .text.TIM_ClearITPendingBit
                0x0800a500       0x20 ..\obj\stm32f4xx_tim.o
                0x0800a500                TIM_ClearITPendingBit
 .text.USBH_OTG_ISR_Handler
                0x0800a520      0x10c ..\obj\usb_hcd_int.o
                0x0800a520                USBH_OTG_ISR_Handler
 .text.USB_OTG_USBH_handle_hc_ISR
                0x0800a62c       0x8c ..\obj\usb_hcd_int.o
 .text.USB_OTG_USBH_handle_sof_ISR
                0x0800a6b8       0x34 ..\obj\usb_hcd_int.o
 .text.USB_OTG_USBH_handle_Disconnect_ISR
                0x0800a6ec       0x34 ..\obj\usb_hcd_int.o
 .text.USB_OTG_USBH_handle_nptxfempty_ISR
                0x0800a720      0x188 ..\obj\usb_hcd_int.o
 .text.USB_OTG_USBH_handle_ptxfempty_ISR
                0x0800a8a8      0x188 ..\obj\usb_hcd_int.o
 .text.USB_OTG_USBH_handle_port_ISR
                0x0800aa30      0x164 ..\obj\usb_hcd_int.o
 .text.USB_OTG_USBH_handle_hc_n_Out_ISR
                0x0800ab94      0x550 ..\obj\usb_hcd_int.o
 .text.USB_OTG_USBH_handle_hc_n_In_ISR
                0x0800b0e4      0x5b0 ..\obj\usb_hcd_int.o
 .text.USB_OTG_USBH_handle_rx_qlvl_ISR
                0x0800b694      0x198 ..\obj\usb_hcd_int.o
 .text.USB_OTG_USBH_handle_IncompletePeriodicXfer_ISR
                0x0800b82c       0x4c ..\obj\usb_hcd_int.o
 .text          0x0800b878      0x134 c:/program files (x86)/gnu tools arm embedded/5.4 2016q3/bin/../lib/gcc/arm-none-eabi/5.4.1/../../../../arm-none-eabi/lib/armv7e-m\libg.a(lib_a-memcpy.o)
                0x0800b878                memcpy
 *fill*         0x0800b9ac       0x14 
 .text          0x0800b9c0       0xdc c:/program files (x86)/gnu tools arm embedded/5.4 2016q3/bin/../lib/gcc/arm-none-eabi/5.4.1/../../../../arm-none-eabi/lib/armv7e-m\libg.a(lib_a-strlen.o)
                0x0800b9c0                strlen
 *(.init)
 *(.fini)
 *crtbegin.o(.ctors)
 *crtbegin?.o(.ctors)
 *(EXCLUDE_FILE(*crtend.o *crtend?.o) .ctors)
 *(SORT(.ctors.*))
 *(.ctors)
 *crtbegin.o(.dtors)
 *crtbegin?.o(.dtors)
 *(EXCLUDE_FILE(*crtend.o *crtend?.o) .dtors)
 *(SORT(.dtors.*))
 *(.dtors)
 *(.rodata*)
 .rodata        0x0800ba9c       0x16 ..\obj\main.o
 *fill*         0x0800bab2        0x2 
 .rodata        0x0800bab4        0x4 ..\obj\usbh_core.o
 .rodata        0x0800bab8      0x16a ..\obj\ff.o
 *(.eh_fram e*)

.glue_7         0x0800bc24        0x0
 .glue_7        0x0800bc24        0x0 linker stubs

.glue_7t        0x0800bc24        0x0
 .glue_7t       0x0800bc24        0x0 linker stubs

.vfp11_veneer   0x0800bc24        0x0
 .vfp11_veneer  0x0800bc24        0x0 linker stubs

.v4_bx          0x0800bc24        0x0
 .v4_bx         0x0800bc24        0x0 linker stubs

.iplt           0x0800bc24        0x0
 .iplt          0x0800bc24        0x0 ..\obj\tm_stm32f4_fatfs.o

.rel.dyn        0x0800bc24        0x0
 .rel.iplt      0x0800bc24        0x0 ..\obj\tm_stm32f4_fatfs.o

.ARM.extab
 *(.ARM.extab* .gnu.linkonce.armextab.*)
                0x0800bc24                __exidx_start = .

.ARM.exidx
 *(.ARM.exidx* .gnu.linkonce.armexidx.*)
                0x0800bc24                __exidx_end = .
                0x0800bc24                __etext = .
                0x0800bc22                _sidata = __etext

.data           0x20000000      0x3f4 load address 0x0800bc22
                0x20000000                __data_start__ = .
                0x20000000                _sdata = __data_start__
 *(vtable)
 *(.data*)
 .data          0x20000000       0xb4 ..\obj\diskio.o
                0x20000000                FATFS_LowLevelDrivers
 .data          0x200000b4        0x1 ..\obj\fatfs_usb.o
 *fill*         0x200000b5        0x3 
 .data          0x200000b8       0x10 ..\obj\stm32f4xx_rcc.o
 .data          0x200000c8       0x60 ..\obj\tm_stm32f4_usart.o
                0x200000c8                TM_USART1
                0x200000d8                TM_USART2
                0x200000e8                TM_USART3
                0x200000f8                TM_UART4
                0x20000108                TM_UART5
                0x20000118                TM_USART6
 .data          0x20000128        0x1 ..\obj\fatfs_sd.o
 *fill*         0x20000129        0x3 
 .data          0x2000012c       0x10 ..\obj\usbh_msc_core.o
                0x2000012c                USBH_MSC_cb
 .data          0x2000013c       0x18 ..\obj\menu.o
 .data          0x20000154       0x10 ..\obj\usbh_core.o
                0x20000154                USBH_HCD_INT_cb
                0x20000160                USBH_HCD_INT_fops
 .data          0x20000164        0x1 ..\obj\usbh_msc_scsi.o
 *fill*         0x20000165        0x3 
 .data          0x20000168       0x14 ..\obj\system_stm32f4xx.o
                0x20000168                SystemCoreClock
                0x2000016c                AHBPrescTable
 .data          0x2000017c        0x1 ..\obj\DMA.o
                0x2000017c                DmaAudioDone
 *fill*         0x2000017d        0x3 
 .data          0x20000180       0x48 ..\obj\usbh_usr.o
                0x20000180                USR_Callbacks
 .data          0x200001c8      0x22c ..\obj\glcd.o
                0x200001c8                fontdata
                0x200003c4                LCDPort
                0x200003e4                LCDPin
                0x200003f4                . = ALIGN (0x4)
                [!provide]                PROVIDE (__preinit_array_start, .)
 *(.preinit_array)
                [!provide]                PROVIDE (__preinit_array_end, .)
                0x200003f4                . = ALIGN (0x4)
                [!provide]                PROVIDE (__init_array_start, .)
 *(SORT(.init_array.*))
 *(.init_array)
                [!provide]                PROVIDE (__init_array_end, .)
                0x200003f4                . = ALIGN (0x4)
                [!provide]                PROVIDE (__fini_array_start, .)
 *(SORT(.fini_array.*))
 *(.fini_array)
                [!provide]                PROVIDE (__fini_array_end, .)
 *(.jcr*)
                0x200003f4                . = ALIGN (0x4)
                0x200003f4                __data_end__ = .
                0x200003f4                _edata = __data_end__

.igot.plt       0x200003f4        0x0 load address 0x0800c018
 .igot.plt      0x200003f4        0x0 ..\obj\tm_stm32f4_fatfs.o

.bss            0x200003f4     0x1d3c load address 0x0800c018
                0x200003f4                . = ALIGN (0x4)
                0x200003f4                __bss_start__ = .
                0x200003f4                _sbss = __bss_start__
 *(.bss*)
 .bss           0x200003f4        0xd ..\obj\pcm.o
                0x200003f4                state
 *fill*         0x20000401        0x1 
 .bss           0x20000402        0x4 ..\obj\usbh_stdreq.o
 .bss           0x20000406        0x1 ..\obj\fatfs_sd.o
 .bss           0x20000407        0x2 ..\obj\usbh_msc_core.o
                0x20000407                MSCErrorCount
 .bss           0x20000409        0x2 ..\obj\bt.o
                0x20000409                FlagVolUp
                0x2000040a                FlagVolDown
 *fill*         0x2000040b        0x1 
 .bss           0x2000040c       0x2c ..\obj\tm_stm32f4_delay.o
                0x2000040c                TM_TimingDelay
                0x20000410                TM_Time
                0x20000414                TM_Time2
                0x20000418                TM_DELAY_Initialized
                0x2000041c                prescaler
 .bss           0x20000438       0x20 ..\obj\menu.o
                0x20000456                presscnt
                0x20000457                x
 .bss           0x20000458        0x2 ..\obj\usbh_core.o
 .bss           0x2000045a        0x1 ..\obj\usbh_usr.o
                0x2000045a                Application
 .bss           0x2000045b        0x1 ..\obj\tm_stm32f4_usb_msc_host.o
                0x2000045b                TM_USB_MSCHOST_INT_Initialized
 .bss           0x2000045c       0x27 ..\obj\ff.o
 *fill*         0x20000483        0x1 
 .bss           0x20000484       0x11 ..\obj\usbh_msc_bot.o
 *fill*         0x20000495        0x3 
 .bss           0x20000498       0x16 ..\obj\tm_stm32f4_gpio.o
 *(COMMON)
 *fill*         0x200004ae        0x2 
 COMMON         0x200004b0      0xc5c ..\obj\pcm.o
                0x200004b0                FatFs
                0x200006e4                dma_buff
                0x20000ae4                partition
                0x20000ae8                dma_buff2
                0x20000ee8                fil
 COMMON         0x2000110c      0x200 ..\obj\usbh_stdreq.o
                0x2000110c                USBH_CfgDesc
 COMMON         0x2000130c       0xc0 ..\obj\tm_stm32f4_usart.o
                0x2000130c                TM_UART5_Buffer
                0x2000132c                TM_USART6_Buffer
                0x2000134c                TM_USART3_Buffer
                0x2000136c                TM_USART2_Buffer
                0x2000138c                TM_USART1_Buffer
                0x200013ac                TM_UART4_Buffer
 COMMON         0x200013cc      0x214 ..\obj\usbh_msc_core.o
                0x200013cc                MSC_Machine
                0x200015d8                MSC_Setup
 COMMON         0x200015e0        0x8 ..\obj\tm_stm32f4_delay.o
                0x200015e0                sys_delay
                0x200015e4                mult
 COMMON         0x200015e8      0x410 ..\obj\usbh_msc_scsi.o
                0x200015e8                USBH_DataInBuffer
                0x200017e8                USBH_MSC_Param
                0x200017f8                USBH_DataOutBuffer
 COMMON         0x200019f8      0x6f8 ..\obj\tm_stm32f4_usb_msc_host.o
                0x200019f8                USB_OTG_MSC_Core
                0x20001fa4                TM_USB_MSCHOST_INT_Result
                0x20001fa8                USB_Host
 COMMON         0x200020f0       0x40 ..\obj\usbh_msc_bot.o
                0x200020f0                USBH_MSC_CSWData
                0x20002100                USBH_MSC_BOTXferParam
                0x20002110                USBH_MSC_CBWData
                0x20002130                . = ALIGN (0x4)
                0x20002130                __bss_end__ = .
                0x20002130                _ebss = __bss_end__

.heap           0x20002130        0x0
                0x20002130                __end__ = .
                0x20002130                _end = __end__
                0x20002130                end = __end__
 *(.heap*)
                0x20002130                __HeapLimit = .

.co_stack       0x20002130      0x800 load address 0x0800dd54
                0x20002130                . = ALIGN (0x8)
 *(.co_stack .co_stack.*)
 .co_stack      0x20002130      0x800 ..\obj\startup_stm32f4xx.o
                0x20002130                pulStack
                0x20020000                __StackTop = (ORIGIN (ram) + LENGTH (ram))
                0x2001f800                __StackLimit = (__StackTop - SIZEOF (.co_stack))
                [!provide]                PROVIDE (__stack, __StackTop)
                0x00000001                ASSERT ((__StackLimit >= __HeapLimit), region ram  overflowed with stack)
LOAD ..\obj\tm_stm32f4_fatfs.o
LOAD ..\obj\unicode.o
LOAD ..\obj\stm32f4xx_syscfg.o
LOAD ..\obj\usb_core.o
LOAD ..\obj\pcm.o
LOAD ..\obj\i2c.o
LOAD ..\obj\tm_stm32f4_exti.o
LOAD ..\obj\timer.o
LOAD ..\obj\usbh_hcs.o
LOAD ..\obj\stm32f4xx_usart.o
LOAD ..\obj\usbh_stdreq.o
LOAD ..\obj\diskio.o
LOAD ..\obj\startup_stm32f4xx.o
LOAD ..\obj\fatfs_usb.o
LOAD ..\obj\main.o
LOAD ..\obj\stm32f4xx_rcc.o
LOAD ..\obj\tm_stm32f4_usart.o
LOAD ..\obj\tm_stm32f4_rotary_encoder.o
LOAD ..\obj\fatfs_sd.o
LOAD ..\obj\usbh_msc_core.o
LOAD ..\obj\bt.o
LOAD ..\obj\gpio.o
LOAD ..\obj\tm_stm32f4_delay.o
LOAD ..\obj\syscall.o
LOAD ..\obj\tm_stm32f4_spi.o
LOAD ..\obj\menu.o
LOAD ..\obj\usbh_core.o
LOAD ..\obj\stm32f4xx_gpio.o
LOAD ..\obj\usbh_msc_scsi.o
LOAD ..\obj\system_stm32f4xx.o
LOAD ..\obj\DMA.o
LOAD ..\obj\stm32f4xx_dma.o
LOAD ..\obj\usbh_usr.o
LOAD ..\obj\i2s.o
LOAD ..\obj\usb_bsp.o
LOAD ..\obj\tm_stm32f4_usb_msc_host.o
LOAD ..\obj\preamp.o
LOAD ..\obj\ff.o
LOAD ..\obj\usb_hcd.o
LOAD ..\obj\usbh_msc_bot.o
LOAD ..\obj\stm32f4xx_spi.o
LOAD ..\obj\stm32f4xx_i2c.o
LOAD ..\obj\stm32f4xx_exti.o
LOAD ..\obj\usbh_ioreq.o
LOAD ..\obj\misc.o
LOAD ..\obj\glcd.o
LOAD ..\obj\tm_stm32f4_gpio.o
LOAD ..\obj\tm_stm32f4_timer_properties.o
LOAD ..\obj\stm32f4xx_tim.o
LOAD ..\obj\usb_hcd_int.o
START GROUP
LOAD c:/program files (x86)/gnu tools arm embedded/5.4 2016q3/bin/../lib/gcc/arm-none-eabi/5.4.1/armv7e-m\libgcc.a
LOAD c:/program files (x86)/gnu tools arm embedded/5.4 2016q3/bin/../lib/gcc/arm-none-eabi/5.4.1/../../../../arm-none-eabi/lib/armv7e-m\libg.a
LOAD c:/program files (x86)/gnu tools arm embedded/5.4 2016q3/bin/../lib/gcc/arm-none-eabi/5.4.1/../../../../arm-none-eabi/lib/armv7e-m\libc.a
END GROUP
OUTPUT(AmpNew.elf elf32-littlearm)

.debug_info     0x00000000    0x20c8d
 .debug_info    0x00000000     0x1f0f ..\obj\usb_core.o
 .debug_info    0x00001f0f      0x4e8 ..\obj\pcm.o
 .debug_info    0x000023f7      0x312 ..\obj\i2c.o
 .debug_info    0x00002709      0x8d2 ..\obj\tm_stm32f4_exti.o
 .debug_info    0x00002fdb      0x6c7 ..\obj\timer.o
 .debug_info    0x000036a2      0xadd ..\obj\usbh_hcs.o
 .debug_info    0x0000417f      0x9ca ..\obj\stm32f4xx_usart.o
 .debug_info    0x00004b49     0x1777 ..\obj\usbh_stdreq.o
 .debug_info    0x000062c0      0x8b5 ..\obj\diskio.o
 .debug_info    0x00006b75       0xf2 ..\obj\startup_stm32f4xx.o
 .debug_info    0x00006c67     0x146d ..\obj\fatfs_usb.o
 .debug_info    0x000080d4      0x451 ..\obj\main.o
 .debug_info    0x00008525      0xc63 ..\obj\stm32f4xx_rcc.o
 .debug_info    0x00009188      0xf35 ..\obj\tm_stm32f4_usart.o
 .debug_info    0x0000a0bd      0x40c ..\obj\tm_stm32f4_rotary_encoder.o
 .debug_info    0x0000a4c9      0x8bd ..\obj\fatfs_sd.o
 .debug_info    0x0000ad86     0x1597 ..\obj\usbh_msc_core.o
 .debug_info    0x0000c31d      0x212 ..\obj\bt.o
 .debug_info    0x0000c52f      0x391 ..\obj\gpio.o
 .debug_info    0x0000c8c0      0xa4e ..\obj\tm_stm32f4_delay.o
 .debug_info    0x0000d30e      0xa59 ..\obj\tm_stm32f4_spi.o
 .debug_info    0x0000dd67      0x62d ..\obj\menu.o
 .debug_info    0x0000e394     0x14d1 ..\obj\usbh_core.o
 .debug_info    0x0000f865      0x61a ..\obj\stm32f4xx_gpio.o
 .debug_info    0x0000fe7f      0xe13 ..\obj\usbh_msc_scsi.o
 .debug_info    0x00010c92      0x5c5 ..\obj\system_stm32f4xx.o
 .debug_info    0x00011257      0x5e7 ..\obj\DMA.o
 .debug_info    0x0001183e      0x741 ..\obj\stm32f4xx_dma.o
 .debug_info    0x00011f7f      0x677 ..\obj\usbh_usr.o
 .debug_info    0x000125f6      0x593 ..\obj\i2s.o
 .debug_info    0x00012b89      0xe89 ..\obj\usb_bsp.o
 .debug_info    0x00013a12     0x12d9 ..\obj\tm_stm32f4_usb_msc_host.o
 .debug_info    0x00014ceb      0x4d4 ..\obj\preamp.o
 .debug_info    0x000151bf     0x2168 ..\obj\ff.o
 .debug_info    0x00017327      0xc30 ..\obj\usb_hcd.o
 .debug_info    0x00017f57     0x1620 ..\obj\usbh_msc_bot.o
 .debug_info    0x00019577      0xb0f ..\obj\stm32f4xx_spi.o
 .debug_info    0x0001a086      0xb00 ..\obj\stm32f4xx_i2c.o
 .debug_info    0x0001ab86     0x1563 ..\obj\usbh_ioreq.o
 .debug_info    0x0001c0e9      0x556 ..\obj\misc.o
 .debug_info    0x0001c63f      0x46a ..\obj\glcd.o
 .debug_info    0x0001caa9      0x83d ..\obj\tm_stm32f4_gpio.o
 .debug_info    0x0001d2e6     0x1c69 ..\obj\stm32f4xx_tim.o
 .debug_info    0x0001ef4f     0x1d3e ..\obj\usb_hcd_int.o

.debug_abbrev   0x00000000     0x4ba1
 .debug_abbrev  0x00000000      0x2c1 ..\obj\usb_core.o
 .debug_abbrev  0x000002c1      0x18f ..\obj\pcm.o
 .debug_abbrev  0x00000450      0x112 ..\obj\i2c.o
 .debug_abbrev  0x00000562      0x1b3 ..\obj\tm_stm32f4_exti.o
 .debug_abbrev  0x00000715      0x121 ..\obj\timer.o
 .debug_abbrev  0x00000836      0x1ba ..\obj\usbh_hcs.o
 .debug_abbrev  0x000009f0      0x157 ..\obj\stm32f4xx_usart.o
 .debug_abbrev  0x00000b47      0x2a1 ..\obj\usbh_stdreq.o
 .debug_abbrev  0x00000de8      0x1ab ..\obj\diskio.o
 .debug_abbrev  0x00000f93       0xb0 ..\obj\startup_stm32f4xx.o
 .debug_abbrev  0x00001043      0x267 ..\obj\fatfs_usb.o
 .debug_abbrev  0x000012aa      0x127 ..\obj\main.o
 .debug_abbrev  0x000013d1      0x1e5 ..\obj\stm32f4xx_rcc.o
 .debug_abbrev  0x000015b6      0x25b ..\obj\tm_stm32f4_usart.o
 .debug_abbrev  0x00001811      0x142 ..\obj\tm_stm32f4_rotary_encoder.o
 .debug_abbrev  0x00001953      0x28c ..\obj\fatfs_sd.o
 .debug_abbrev  0x00001bdf      0x283 ..\obj\usbh_msc_core.o
 .debug_abbrev  0x00001e62       0xe7 ..\obj\bt.o
 .debug_abbrev  0x00001f49      0x101 ..\obj\gpio.o
 .debug_abbrev  0x0000204a      0x2c2 ..\obj\tm_stm32f4_delay.o
 .debug_abbrev  0x0000230c      0x1e6 ..\obj\tm_stm32f4_spi.o
 .debug_abbrev  0x000024f2      0x1a6 ..\obj\menu.o
 .debug_abbrev  0x00002698      0x294 ..\obj\usbh_core.o
 .debug_abbrev  0x0000292c      0x1a7 ..\obj\stm32f4xx_gpio.o
 .debug_abbrev  0x00002ad3      0x1de ..\obj\usbh_msc_scsi.o
 .debug_abbrev  0x00002cb1      0x138 ..\obj\system_stm32f4xx.o
 .debug_abbrev  0x00002de9      0x173 ..\obj\DMA.o
 .debug_abbrev  0x00002f5c      0x157 ..\obj\stm32f4xx_dma.o
 .debug_abbrev  0x000030b3      0x15d ..\obj\usbh_usr.o
 .debug_abbrev  0x00003210      0x117 ..\obj\i2s.o
 .debug_abbrev  0x00003327      0x209 ..\obj\usb_bsp.o
 .debug_abbrev  0x00003530      0x215 ..\obj\tm_stm32f4_usb_msc_host.o
 .debug_abbrev  0x00003745      0x120 ..\obj\preamp.o
 .debug_abbrev  0x00003865      0x209 ..\obj\ff.o
 .debug_abbrev  0x00003a6e      0x1cf ..\obj\usb_hcd.o
 .debug_abbrev  0x00003c3d      0x246 ..\obj\usbh_msc_bot.o
 .debug_abbrev  0x00003e83      0x169 ..\obj\stm32f4xx_spi.o
 .debug_abbrev  0x00003fec      0x166 ..\obj\stm32f4xx_i2c.o
 .debug_abbrev  0x00004152      0x224 ..\obj\usbh_ioreq.o
 .debug_abbrev  0x00004376      0x147 ..\obj\misc.o
 .debug_abbrev  0x000044bd      0x181 ..\obj\glcd.o
 .debug_abbrev  0x0000463e      0x151 ..\obj\tm_stm32f4_gpio.o
 .debug_abbrev  0x0000478f      0x189 ..\obj\stm32f4xx_tim.o
 .debug_abbrev  0x00004918      0x289 ..\obj\usb_hcd_int.o

.debug_aranges  0x00000000     0x1848
 .debug_aranges
                0x00000000      0x100 ..\obj\usb_core.o
 .debug_aranges
                0x00000100       0x28 ..\obj\pcm.o
 .debug_aranges
                0x00000128       0x38 ..\obj\i2c.o
 .debug_aranges
                0x00000160       0x68 ..\obj\tm_stm32f4_exti.o
 .debug_aranges
                0x000001c8       0x38 ..\obj\timer.o
 .debug_aranges
                0x00000200       0x48 ..\obj\usbh_hcs.o
 .debug_aranges
                0x00000248      0x100 ..\obj\stm32f4xx_usart.o
 .debug_aranges
                0x00000348       0x88 ..\obj\usbh_stdreq.o
 .debug_aranges
                0x000003d0      0x118 ..\obj\diskio.o
 .debug_aranges
                0x000004e8       0x28 ..\obj\startup_stm32f4xx.o
 .debug_aranges
                0x00000510       0x40 ..\obj\fatfs_usb.o
 .debug_aranges
                0x00000550       0x20 ..\obj\main.o
 .debug_aranges
                0x00000570      0x178 ..\obj\stm32f4xx_rcc.o
 .debug_aranges
                0x000006e8       0xf8 ..\obj\tm_stm32f4_usart.o
 .debug_aranges
                0x000007e0       0x38 ..\obj\tm_stm32f4_rotary_encoder.o
 .debug_aranges
                0x00000818       0xb0 ..\obj\fatfs_sd.o
 .debug_aranges
                0x000008c8       0x50 ..\obj\usbh_msc_core.o
 .debug_aranges
                0x00000918       0x20 ..\obj\bt.o
 .debug_aranges
                0x00000938       0x30 ..\obj\gpio.o
 .debug_aranges
                0x00000968       0x80 ..\obj\tm_stm32f4_delay.o
 .debug_aranges
                0x000009e8       0x88 ..\obj\tm_stm32f4_spi.o
 .debug_aranges
                0x00000a70       0x40 ..\obj\menu.o
 .debug_aranges
                0x00000ab0       0x60 ..\obj\usbh_core.o
 .debug_aranges
                0x00000b10       0x88 ..\obj\stm32f4xx_gpio.o
 .debug_aranges
                0x00000b98       0x48 ..\obj\usbh_msc_scsi.o
 .debug_aranges
                0x00000be0       0x30 ..\obj\system_stm32f4xx.o
 .debug_aranges
                0x00000c10       0x30 ..\obj\DMA.o
 .debug_aranges
                0x00000c40       0xb0 ..\obj\stm32f4xx_dma.o
 .debug_aranges
                0x00000cf0       0xa8 ..\obj\usbh_usr.o
 .debug_aranges
                0x00000d98       0x28 ..\obj\i2s.o
 .debug_aranges
                0x00000dc0       0x58 ..\obj\usb_bsp.o
 .debug_aranges
                0x00000e18       0x38 ..\obj\tm_stm32f4_usb_msc_host.o
 .debug_aranges
                0x00000e50       0x48 ..\obj\preamp.o
 .debug_aranges
                0x00000e98      0x200 ..\obj\ff.o
 .debug_aranges
                0x00001098       0x68 ..\obj\usb_hcd.o
 .debug_aranges
                0x00001100       0x38 ..\obj\usbh_msc_bot.o
 .debug_aranges
                0x00001138       0xe0 ..\obj\stm32f4xx_spi.o
 .debug_aranges
                0x00001218      0x120 ..\obj\stm32f4xx_i2c.o
 .debug_aranges
                0x00001338       0x70 ..\obj\usbh_ioreq.o
 .debug_aranges
                0x000013a8       0x40 ..\obj\misc.o
 .debug_aranges
                0x000013e8       0x60 ..\obj\glcd.o
 .debug_aranges
                0x00001448       0x98 ..\obj\tm_stm32f4_gpio.o
 .debug_aranges
                0x000014e0      0x2f8 ..\obj\stm32f4xx_tim.o
 .debug_aranges
                0x000017d8       0x70 ..\obj\usb_hcd_int.o

.debug_ranges   0x00000000     0x1588
 .debug_ranges  0x00000000       0xf0 ..\obj\usb_core.o
 .debug_ranges  0x000000f0       0x18 ..\obj\pcm.o
 .debug_ranges  0x00000108       0x28 ..\obj\i2c.o
 .debug_ranges  0x00000130       0x58 ..\obj\tm_stm32f4_exti.o
 .debug_ranges  0x00000188       0x28 ..\obj\timer.o
 .debug_ranges  0x000001b0       0x38 ..\obj\usbh_hcs.o
 .debug_ranges  0x000001e8       0xf0 ..\obj\stm32f4xx_usart.o
 .debug_ranges  0x000002d8       0x78 ..\obj\usbh_stdreq.o
 .debug_ranges  0x00000350      0x108 ..\obj\diskio.o
 .debug_ranges  0x00000458       0x18 ..\obj\startup_stm32f4xx.o
 .debug_ranges  0x00000470       0x30 ..\obj\fatfs_usb.o
 .debug_ranges  0x000004a0       0x10 ..\obj\main.o
 .debug_ranges  0x000004b0      0x168 ..\obj\stm32f4xx_rcc.o
 .debug_ranges  0x00000618       0xe8 ..\obj\tm_stm32f4_usart.o
 .debug_ranges  0x00000700       0x28 ..\obj\tm_stm32f4_rotary_encoder.o
 .debug_ranges  0x00000728       0xa0 ..\obj\fatfs_sd.o
 .debug_ranges  0x000007c8       0x40 ..\obj\usbh_msc_core.o
 .debug_ranges  0x00000808       0x10 ..\obj\bt.o
 .debug_ranges  0x00000818       0x20 ..\obj\gpio.o
 .debug_ranges  0x00000838       0x70 ..\obj\tm_stm32f4_delay.o
 .debug_ranges  0x000008a8       0x78 ..\obj\tm_stm32f4_spi.o
 .debug_ranges  0x00000920       0x30 ..\obj\menu.o
 .debug_ranges  0x00000950       0x50 ..\obj\usbh_core.o
 .debug_ranges  0x000009a0       0x78 ..\obj\stm32f4xx_gpio.o
 .debug_ranges  0x00000a18       0x38 ..\obj\usbh_msc_scsi.o
 .debug_ranges  0x00000a50       0x20 ..\obj\system_stm32f4xx.o
 .debug_ranges  0x00000a70       0x20 ..\obj\DMA.o
 .debug_ranges  0x00000a90       0xa0 ..\obj\stm32f4xx_dma.o
 .debug_ranges  0x00000b30       0x98 ..\obj\usbh_usr.o
 .debug_ranges  0x00000bc8       0x18 ..\obj\i2s.o
 .debug_ranges  0x00000be0       0x48 ..\obj\usb_bsp.o
 .debug_ranges  0x00000c28       0x28 ..\obj\tm_stm32f4_usb_msc_host.o
 .debug_ranges  0x00000c50       0x38 ..\obj\preamp.o
 .debug_ranges  0x00000c88      0x1f0 ..\obj\ff.o
 .debug_ranges  0x00000e78       0x58 ..\obj\usb_hcd.o
 .debug_ranges  0x00000ed0       0x28 ..\obj\usbh_msc_bot.o
 .debug_ranges  0x00000ef8       0xd0 ..\obj\stm32f4xx_spi.o
 .debug_ranges  0x00000fc8      0x110 ..\obj\stm32f4xx_i2c.o
 .debug_ranges  0x000010d8       0x60 ..\obj\usbh_ioreq.o
 .debug_ranges  0x00001138       0x30 ..\obj\misc.o
 .debug_ranges  0x00001168       0x50 ..\obj\glcd.o
 .debug_ranges  0x000011b8       0x88 ..\obj\tm_stm32f4_gpio.o
 .debug_ranges  0x00001240      0x2e8 ..\obj\stm32f4xx_tim.o
 .debug_ranges  0x00001528       0x60 ..\obj\usb_hcd_int.o

.debug_line     0x00000000     0xa53a
 .debug_line    0x00000000      0x5dd ..\obj\usb_core.o
 .debug_line    0x000005dd      0x1fd ..\obj\pcm.o
 .debug_line    0x000007da      0x23f ..\obj\i2c.o
 .debug_line    0x00000a19      0x32c ..\obj\tm_stm32f4_exti.o
 .debug_line    0x00000d45      0x230 ..\obj\timer.o
 .debug_line    0x00000f75      0x23a ..\obj\usbh_hcs.o
 .debug_line    0x000011af      0x4bd ..\obj\stm32f4xx_usart.o
 .debug_line    0x0000166c      0x374 ..\obj\usbh_stdreq.o
 .debug_line    0x000019e0      0x422 ..\obj\diskio.o
 .debug_line    0x00001e02       0x9a ..\obj\startup_stm32f4xx.o
 .debug_line    0x00001e9c      0x2ed ..\obj\fatfs_usb.o
 .debug_line    0x00002189      0x26f ..\obj\main.o
 .debug_line    0x000023f8      0x5a9 ..\obj\stm32f4xx_rcc.o
 .debug_line    0x000029a1      0x521 ..\obj\tm_stm32f4_usart.o
 .debug_line    0x00002ec2      0x24c ..\obj\tm_stm32f4_rotary_encoder.o
 .debug_line    0x0000310e      0x5d9 ..\obj\fatfs_sd.o
 .debug_line    0x000036e7      0x2f4 ..\obj\usbh_msc_core.o
 .debug_line    0x000039db      0x1ac ..\obj\bt.o
 .debug_line    0x00003b87      0x246 ..\obj\gpio.o
 .debug_line    0x00003dcd      0x36a ..\obj\tm_stm32f4_delay.o
 .debug_line    0x00004137      0x47e ..\obj\tm_stm32f4_spi.o
 .debug_line    0x000045b5      0x291 ..\obj\menu.o
 .debug_line    0x00004846      0x3c8 ..\obj\usbh_core.o
 .debug_line    0x00004c0e      0x364 ..\obj\stm32f4xx_gpio.o
 .debug_line    0x00004f72      0x395 ..\obj\usbh_msc_scsi.o
 .debug_line    0x00005307      0x1f4 ..\obj\system_stm32f4xx.o
 .debug_line    0x000054fb      0x21d ..\obj\DMA.o
 .debug_line    0x00005718      0x42e ..\obj\stm32f4xx_dma.o
 .debug_line    0x00005b46      0x306 ..\obj\usbh_usr.o
 .debug_line    0x00005e4c      0x208 ..\obj\i2s.o
 .debug_line    0x00006054      0x2b1 ..\obj\usb_bsp.o
 .debug_line    0x00006305      0x260 ..\obj\tm_stm32f4_usb_msc_host.o
 .debug_line    0x00006565      0x2c1 ..\obj\preamp.o
 .debug_line    0x00006826     0x13f4 ..\obj\ff.o
 .debug_line    0x00007c1a      0x262 ..\obj\usb_hcd.o
 .debug_line    0x00007e7c      0x31e ..\obj\usbh_msc_bot.o
 .debug_line    0x0000819a      0x45d ..\obj\stm32f4xx_spi.o
 .debug_line    0x000085f7      0x4ef ..\obj\stm32f4xx_i2c.o
 .debug_line    0x00008ae6      0x2b9 ..\obj\usbh_ioreq.o
 .debug_line    0x00008d9f      0x242 ..\obj\misc.o
 .debug_line    0x00008fe1      0x325 ..\obj\glcd.o
 .debug_line    0x00009306      0x372 ..\obj\tm_stm32f4_gpio.o
 .debug_line    0x00009678      0xac5 ..\obj\stm32f4xx_tim.o
 .debug_line    0x0000a13d      0x3fd ..\obj\usb_hcd_int.o

.debug_str      0x00000000     0x7a47
 .debug_str     0x00000000      0xfa8 ..\obj\usb_core.o
                               0x124a (size before relaxing)
 .debug_str     0x00000fa8      0x30c ..\obj\pcm.o
                                0x464 (size before relaxing)
 .debug_str     0x000012b4      0x150 ..\obj\i2c.o
                                0x2c9 (size before relaxing)
 .debug_str     0x00001404      0x963 ..\obj\tm_stm32f4_exti.o
                                0xb29 (size before relaxing)
 .debug_str     0x00001d67      0x22a ..\obj\timer.o
                                0x978 (size before relaxing)
 .debug_str     0x00001f91      0x138 ..\obj\usbh_hcs.o
                                0x7fa (size before relaxing)
 .debug_str     0x000020c9      0x491 ..\obj\stm32f4xx_usart.o
                                0x688 (size before relaxing)
 .debug_str     0x0000255a      0xa6f ..\obj\usbh_stdreq.o
                               0x129c (size before relaxing)
 .debug_str     0x00002fc9      0x3dd ..\obj\diskio.o
                                0x5c7 (size before relaxing)
 .debug_str     0x000033a6       0xa9 ..\obj\startup_stm32f4xx.o
                                0x140 (size before relaxing)
 .debug_str     0x0000344f      0x232 ..\obj\fatfs_usb.o
                               0x1397 (size before relaxing)
 .debug_str     0x00003681       0x95 ..\obj\main.o
                                0x55b (size before relaxing)
 .debug_str     0x00003716      0x525 ..\obj\stm32f4xx_rcc.o
                                0x849 (size before relaxing)
 .debug_str     0x00003c3b      0x41d ..\obj\tm_stm32f4_usart.o
                                0xe57 (size before relaxing)
 .debug_str     0x00004058      0x178 ..\obj\tm_stm32f4_rotary_encoder.o
                                0x456 (size before relaxing)
 .debug_str     0x000041d0      0x1ca ..\obj\fatfs_sd.o
                                0x60b (size before relaxing)
 .debug_str     0x0000439a      0x359 ..\obj\usbh_msc_core.o
                               0x1405 (size before relaxing)
 .debug_str     0x000046f3       0x4f ..\obj\bt.o
                                0x20d (size before relaxing)
 .debug_str     0x00004742      0x1a5 ..\obj\gpio.o
                                0x41b (size before relaxing)
 .debug_str     0x000048e7      0x2a0 ..\obj\tm_stm32f4_delay.o
                                0x9d1 (size before relaxing)
 .debug_str     0x00004b87      0x2af ..\obj\tm_stm32f4_spi.o
                                0x718 (size before relaxing)
 .debug_str     0x00004e36       0xc7 ..\obj\menu.o
                                0x47f (size before relaxing)
 .debug_str     0x00004efd      0x148 ..\obj\usbh_core.o
                               0x11e4 (size before relaxing)
 .debug_str     0x00005045      0x159 ..\obj\stm32f4xx_gpio.o
                                0x49c (size before relaxing)
 .debug_str     0x0000519e      0x213 ..\obj\usbh_msc_scsi.o
                                0xba1 (size before relaxing)
 .debug_str     0x000053b1       0xad ..\obj\system_stm32f4xx.o
                                0x3a3 (size before relaxing)
 .debug_str     0x0000545e       0xbb ..\obj\DMA.o
                                0x859 (size before relaxing)
 .debug_str     0x00005519      0x346 ..\obj\stm32f4xx_dma.o
                                0x53b (size before relaxing)
 .debug_str     0x0000585f      0x242 ..\obj\usbh_usr.o
                                0x895 (size before relaxing)
 .debug_str     0x00005aa1       0x5b ..\obj\i2s.o
                                0x48f (size before relaxing)
 .debug_str     0x00005afc       0xe7 ..\obj\usb_bsp.o
                                0xef8 (size before relaxing)
 .debug_str     0x00005be3       0xb1 ..\obj\tm_stm32f4_usb_msc_host.o
                               0x129b (size before relaxing)
 .debug_str     0x00005c94      0x118 ..\obj\preamp.o
                                0x37a (size before relaxing)
 .debug_str     0x00005dac      0x3b9 ..\obj\ff.o
                                0x740 (size before relaxing)
 .debug_str     0x00006165       0xe1 ..\obj\usb_hcd.o
                                0x897 (size before relaxing)
 .debug_str     0x00006246       0xf8 ..\obj\usbh_msc_bot.o
                               0x13fe (size before relaxing)
 .debug_str     0x0000633e      0x2cc ..\obj\stm32f4xx_spi.o
                                0x683 (size before relaxing)
 .debug_str     0x0000660a      0x325 ..\obj\stm32f4xx_i2c.o
                                0x65e (size before relaxing)
 .debug_str     0x0000692f      0x115 ..\obj\usbh_ioreq.o
                               0x1169 (size before relaxing)
 .debug_str     0x00006a44       0xfc ..\obj\misc.o
                                0x3c7 (size before relaxing)
 .debug_str     0x00006b40       0xdf ..\obj\glcd.o
                                0x2dc (size before relaxing)
 .debug_str     0x00006c1f      0x1ba ..\obj\tm_stm32f4_gpio.o
                                0x59a (size before relaxing)
 .debug_str     0x00006dd9      0x9f7 ..\obj\stm32f4xx_tim.o
                                0xdc9 (size before relaxing)
 .debug_str     0x000077d0      0x277 ..\obj\usb_hcd_int.o
                                0xe9e (size before relaxing)

.comment        0x00000000       0x6e
 .comment       0x00000000       0x6e ..\obj\usb_core.o
                                 0x6f (size before relaxing)
 .comment       0x0000006e       0x6f ..\obj\pcm.o
 .comment       0x0000006e       0x6f ..\obj\i2c.o
 .comment       0x0000006e       0x6f ..\obj\tm_stm32f4_exti.o
 .comment       0x0000006e       0x6f ..\obj\timer.o
 .comment       0x0000006e       0x6f ..\obj\usbh_hcs.o
 .comment       0x0000006e       0x6f ..\obj\stm32f4xx_usart.o
 .comment       0x0000006e       0x6f ..\obj\usbh_stdreq.o
 .comment       0x0000006e       0x6f ..\obj\diskio.o
 .comment       0x0000006e       0x6f ..\obj\startup_stm32f4xx.o
 .comment       0x0000006e       0x6f ..\obj\fatfs_usb.o
 .comment       0x0000006e       0x6f ..\obj\main.o
 .comment       0x0000006e       0x6f ..\obj\stm32f4xx_rcc.o
 .comment       0x0000006e       0x6f ..\obj\tm_stm32f4_usart.o
 .comment       0x0000006e       0x6f ..\obj\tm_stm32f4_rotary_encoder.o
 .comment       0x0000006e       0x6f ..\obj\fatfs_sd.o
 .comment       0x0000006e       0x6f ..\obj\usbh_msc_core.o
 .comment       0x0000006e       0x6f ..\obj\bt.o
 .comment       0x0000006e       0x6f ..\obj\gpio.o
 .comment       0x0000006e       0x6f ..\obj\tm_stm32f4_delay.o
 .comment       0x0000006e       0x6f ..\obj\tm_stm32f4_spi.o
 .comment       0x0000006e       0x6f ..\obj\menu.o
 .comment       0x0000006e       0x6f ..\obj\usbh_core.o
 .comment       0x0000006e       0x6f ..\obj\stm32f4xx_gpio.o
 .comment       0x0000006e       0x6f ..\obj\usbh_msc_scsi.o
 .comment       0x0000006e       0x6f ..\obj\system_stm32f4xx.o
 .comment       0x0000006e       0x6f ..\obj\DMA.o
 .comment       0x0000006e       0x6f ..\obj\stm32f4xx_dma.o
 .comment       0x0000006e       0x6f ..\obj\usbh_usr.o
 .comment       0x0000006e       0x6f ..\obj\i2s.o
 .comment       0x0000006e       0x6f ..\obj\usb_bsp.o
 .comment       0x0000006e       0x6f ..\obj\tm_stm32f4_usb_msc_host.o
 .comment       0x0000006e       0x6f ..\obj\preamp.o
 .comment       0x0000006e       0x6f ..\obj\ff.o
 .comment       0x0000006e       0x6f ..\obj\usb_hcd.o
 .comment       0x0000006e       0x6f ..\obj\usbh_msc_bot.o
 .comment       0x0000006e       0x6f ..\obj\stm32f4xx_spi.o
 .comment       0x0000006e       0x6f ..\obj\stm32f4xx_i2c.o
 .comment       0x0000006e       0x6f ..\obj\usbh_ioreq.o
 .comment       0x0000006e       0x6f ..\obj\misc.o
 .comment       0x0000006e       0x6f ..\obj\glcd.o
 .comment       0x0000006e       0x6f ..\obj\tm_stm32f4_gpio.o
 .comment       0x0000006e       0x6f ..\obj\stm32f4xx_tim.o
 .comment       0x0000006e       0x6f ..\obj\usb_hcd_int.o

.ARM.attributes
                0x00000000       0x31
 .ARM.attributes
                0x00000000       0x33 ..\obj\usb_core.o
 .ARM.attributes
                0x00000033       0x33 ..\obj\pcm.o
 .ARM.attributes
                0x00000066       0x33 ..\obj\i2c.o
 .ARM.attributes
                0x00000099       0x33 ..\obj\tm_stm32f4_exti.o
 .ARM.attributes
                0x000000cc       0x33 ..\obj\timer.o
 .ARM.attributes
                0x000000ff       0x33 ..\obj\usbh_hcs.o
 .ARM.attributes
                0x00000132       0x33 ..\obj\stm32f4xx_usart.o
 .ARM.attributes
                0x00000165       0x33 ..\obj\usbh_stdreq.o
 .ARM.attributes
                0x00000198       0x33 ..\obj\diskio.o
 .ARM.attributes
                0x000001cb       0x33 ..\obj\startup_stm32f4xx.o
 .ARM.attributes
                0x000001fe       0x33 ..\obj\fatfs_usb.o
 .ARM.attributes
                0x00000231       0x33 ..\obj\main.o
 .ARM.attributes
                0x00000264       0x33 ..\obj\stm32f4xx_rcc.o
 .ARM.attributes
                0x00000297       0x33 ..\obj\tm_stm32f4_usart.o
 .ARM.attributes
                0x000002ca       0x33 ..\obj\tm_stm32f4_rotary_encoder.o
 .ARM.attributes
                0x000002fd       0x33 ..\obj\fatfs_sd.o
 .ARM.attributes
                0x00000330       0x33 ..\obj\usbh_msc_core.o
 .ARM.attributes
                0x00000363       0x33 ..\obj\bt.o
 .ARM.attributes
                0x00000396       0x33 ..\obj\gpio.o
 .ARM.attributes
                0x000003c9       0x33 ..\obj\tm_stm32f4_delay.o
 .ARM.attributes
                0x000003fc       0x33 ..\obj\tm_stm32f4_spi.o
 .ARM.attributes
                0x0000042f       0x33 ..\obj\menu.o
 .ARM.attributes
                0x00000462       0x33 ..\obj\usbh_core.o
 .ARM.attributes
                0x00000495       0x33 ..\obj\stm32f4xx_gpio.o
 .ARM.attributes
                0x000004c8       0x33 ..\obj\usbh_msc_scsi.o
 .ARM.attributes
                0x000004fb       0x33 ..\obj\system_stm32f4xx.o
 .ARM.attributes
                0x0000052e       0x33 ..\obj\DMA.o
 .ARM.attributes
                0x00000561       0x33 ..\obj\stm32f4xx_dma.o
 .ARM.attributes
                0x00000594       0x33 ..\obj\usbh_usr.o
 .ARM.attributes
                0x000005c7       0x33 ..\obj\i2s.o
 .ARM.attributes
                0x000005fa       0x33 ..\obj\usb_bsp.o
 .ARM.attributes
                0x0000062d       0x33 ..\obj\tm_stm32f4_usb_msc_host.o
 .ARM.attributes
                0x00000660       0x33 ..\obj\preamp.o
 .ARM.attributes
                0x00000693       0x33 ..\obj\ff.o
 .ARM.attributes
                0x000006c6       0x33 ..\obj\usb_hcd.o
 .ARM.attributes
                0x000006f9       0x33 ..\obj\usbh_msc_bot.o
 .ARM.attributes
                0x0000072c       0x33 ..\obj\stm32f4xx_spi.o
 .ARM.attributes
                0x0000075f       0x33 ..\obj\stm32f4xx_i2c.o
 .ARM.attributes
                0x00000792       0x33 ..\obj\usbh_ioreq.o
 .ARM.attributes
                0x000007c5       0x33 ..\obj\misc.o
 .ARM.attributes
                0x000007f8       0x33 ..\obj\glcd.o
 .ARM.attributes
                0x0000082b       0x33 ..\obj\tm_stm32f4_gpio.o
 .ARM.attributes
                0x0000085e       0x33 ..\obj\stm32f4xx_tim.o
 .ARM.attributes
                0x00000891       0x33 ..\obj\usb_hcd_int.o
 .ARM.attributes
                0x000008c4       0x1c c:/program files (x86)/gnu tools arm embedded/5.4 2016q3/bin/../lib/gcc/arm-none-eabi/5.4.1/../../../../arm-none-eabi/lib/armv7e-m\libg.a(lib_a-memcpy.o)
 .ARM.attributes
                0x000008e0       0x1c c:/program files (x86)/gnu tools arm embedded/5.4 2016q3/bin/../lib/gcc/arm-none-eabi/5.4.1/../../../../arm-none-eabi/lib/armv7e-m\libg.a(lib_a-strlen.o)

.debug_frame    0x00000000     0x6204
 .debug_frame   0x00000000      0x468 ..\obj\usb_core.o
 .debug_frame   0x00000468       0x58 ..\obj\pcm.o
 .debug_frame   0x000004c0       0xa0 ..\obj\i2c.o
 .debug_frame   0x00000560      0x144 ..\obj\tm_stm32f4_exti.o
 .debug_frame   0x000006a4       0x90 ..\obj\timer.o
 .debug_frame   0x00000734       0xf4 ..\obj\usbh_hcs.o
 .debug_frame   0x00000828      0x490 ..\obj\stm32f4xx_usart.o
 .debug_frame   0x00000cb8      0x220 ..\obj\usbh_stdreq.o
 .debug_frame   0x00000ed8      0x4a4 ..\obj\diskio.o
 .debug_frame   0x0000137c       0x4c ..\obj\startup_stm32f4xx.o
 .debug_frame   0x000013c8       0xbc ..\obj\fatfs_usb.o
 .debug_frame   0x00001484       0x30 ..\obj\main.o
 .debug_frame   0x000014b4      0x6d4 ..\obj\stm32f4xx_rcc.o
 .debug_frame   0x00001b88      0x3ec ..\obj\tm_stm32f4_usart.o
 .debug_frame   0x00001f74       0xac ..\obj\tm_stm32f4_rotary_encoder.o
 .debug_frame   0x00002020      0x2a4 ..\obj\fatfs_sd.o
 .debug_frame   0x000022c4      0x11c ..\obj\usbh_msc_core.o
 .debug_frame   0x000023e0       0x34 ..\obj\bt.o
 .debug_frame   0x00002414       0x7c ..\obj\gpio.o
 .debug_frame   0x00002490      0x1ec ..\obj\tm_stm32f4_delay.o
 .debug_frame   0x0000267c      0x228 ..\obj\tm_stm32f4_spi.o
 .debug_frame   0x000028a4       0xb8 ..\obj\menu.o
 .debug_frame   0x0000295c      0x16c ..\obj\usbh_core.o
 .debug_frame   0x00002ac8      0x23c ..\obj\stm32f4xx_gpio.o
 .debug_frame   0x00002d04       0xe8 ..\obj\usbh_msc_scsi.o
 .debug_frame   0x00002dec       0x7c ..\obj\system_stm32f4xx.o
 .debug_frame   0x00002e68       0x78 ..\obj\DMA.o
 .debug_frame   0x00002ee0      0x308 ..\obj\stm32f4xx_dma.o
 .debug_frame   0x000031e8      0x280 ..\obj\usbh_usr.o
 .debug_frame   0x00003468       0x50 ..\obj\i2s.o
 .debug_frame   0x000034b8      0x128 ..\obj\usb_bsp.o
 .debug_frame   0x000035e0       0x8c ..\obj\tm_stm32f4_usb_msc_host.o
 .debug_frame   0x0000366c       0xe8 ..\obj\preamp.o
 .debug_frame   0x00003754      0x920 ..\obj\ff.o
 .debug_frame   0x00004074      0x190 ..\obj\usb_hcd.o
 .debug_frame   0x00004204       0xa4 ..\obj\usbh_msc_bot.o
 .debug_frame   0x000042a8      0x3f4 ..\obj\stm32f4xx_spi.o
 .debug_frame   0x0000469c      0x530 ..\obj\stm32f4xx_i2c.o
 .debug_frame   0x00004bcc      0x1a0 ..\obj\usbh_ioreq.o
 .debug_frame   0x00004d6c       0xd8 ..\obj\misc.o
 .debug_frame   0x00004e44      0x150 ..\obj\glcd.o
 .debug_frame   0x00004f94      0x274 ..\obj\tm_stm32f4_gpio.o
 .debug_frame   0x00005208      0xe54 ..\obj\stm32f4xx_tim.o
 .debug_frame   0x0000605c      0x1a8 ..\obj\usb_hcd_int.o
