Archive member included to satisfy reference by file (symbol)

c:/program files (x86)/gnu tools arm embedded/5.4 2016q3/bin/../lib/gcc/arm-none-eabi/5.4.1/armv7e-m\libgcc.a(_arm_addsubdf3.o)
                              ..\obj\tm_stm32f4_fatfs.o (__aeabi_ui2d)
c:/program files (x86)/gnu tools arm embedded/5.4 2016q3/bin/../lib/gcc/arm-none-eabi/5.4.1/armv7e-m\libgcc.a(_arm_muldivdf3.o)
                              ..\obj\tm_stm32f4_fatfs.o (__aeabi_dmul)
c:/program files (x86)/gnu tools arm embedded/5.4 2016q3/bin/../lib/gcc/arm-none-eabi/5.4.1/armv7e-m\libgcc.a(_arm_cmpdf2.o)
                              ..\obj\tm_stm32f4_timer_properties.o (__aeabi_dcmpeq)
c:/program files (x86)/gnu tools arm embedded/5.4 2016q3/bin/../lib/gcc/arm-none-eabi/5.4.1/armv7e-m\libgcc.a(_arm_fixunsdfsi.o)
                              ..\obj\tm_stm32f4_fatfs.o (__aeabi_d2uiz)
c:/program files (x86)/gnu tools arm embedded/5.4 2016q3/bin/../lib/gcc/arm-none-eabi/5.4.1/../../../../arm-none-eabi/lib/armv7e-m\libg.a(lib_a-malloc.o)
                              ..\obj\tm_stm32f4_fatfs.o (malloc)
c:/program files (x86)/gnu tools arm embedded/5.4 2016q3/bin/../lib/gcc/arm-none-eabi/5.4.1/../../../../arm-none-eabi/lib/armv7e-m\libg.a(lib_a-mallocr.o)
                              c:/program files (x86)/gnu tools arm embedded/5.4 2016q3/bin/../lib/gcc/arm-none-eabi/5.4.1/../../../../arm-none-eabi/lib/armv7e-m\libg.a(lib_a-malloc.o) (_malloc_r)
c:/program files (x86)/gnu tools arm embedded/5.4 2016q3/bin/../lib/gcc/arm-none-eabi/5.4.1/../../../../arm-none-eabi/lib/armv7e-m\libg.a(lib_a-memcpy.o)
                              ..\obj\mp3.o (memcpy)
c:/program files (x86)/gnu tools arm embedded/5.4 2016q3/bin/../lib/gcc/arm-none-eabi/5.4.1/../../../../arm-none-eabi/lib/armv7e-m\libg.a(lib_a-memmove.o)
                              ..\obj\mp3dec.o (memmove)
c:/program files (x86)/gnu tools arm embedded/5.4 2016q3/bin/../lib/gcc/arm-none-eabi/5.4.1/../../../../arm-none-eabi/lib/armv7e-m\libg.a(lib_a-mlock.o)
                              c:/program files (x86)/gnu tools arm embedded/5.4 2016q3/bin/../lib/gcc/arm-none-eabi/5.4.1/../../../../arm-none-eabi/lib/armv7e-m\libg.a(lib_a-mallocr.o) (__malloc_lock)
c:/program files (x86)/gnu tools arm embedded/5.4 2016q3/bin/../lib/gcc/arm-none-eabi/5.4.1/../../../../arm-none-eabi/lib/armv7e-m\libg.a(lib_a-realloc.o)
                              ..\obj\file.o (realloc)
c:/program files (x86)/gnu tools arm embedded/5.4 2016q3/bin/../lib/gcc/arm-none-eabi/5.4.1/../../../../arm-none-eabi/lib/armv7e-m\libg.a(lib_a-reallocr.o)
                              c:/program files (x86)/gnu tools arm embedded/5.4 2016q3/bin/../lib/gcc/arm-none-eabi/5.4.1/../../../../arm-none-eabi/lib/armv7e-m\libg.a(lib_a-realloc.o) (_realloc_r)
c:/program files (x86)/gnu tools arm embedded/5.4 2016q3/bin/../lib/gcc/arm-none-eabi/5.4.1/../../../../arm-none-eabi/lib/armv7e-m\libg.a(lib_a-sbrkr.o)
                              c:/program files (x86)/gnu tools arm embedded/5.4 2016q3/bin/../lib/gcc/arm-none-eabi/5.4.1/../../../../arm-none-eabi/lib/armv7e-m\libg.a(lib_a-mallocr.o) (_sbrk_r)
c:/program files (x86)/gnu tools arm embedded/5.4 2016q3/bin/../lib/gcc/arm-none-eabi/5.4.1/../../../../arm-none-eabi/lib/armv7e-m\libg.a(lib_a-sprintf.o)
                              ..\obj\tm_stm32f4_fatfs.o (sprintf)
c:/program files (x86)/gnu tools arm embedded/5.4 2016q3/bin/../lib/gcc/arm-none-eabi/5.4.1/../../../../arm-none-eabi/lib/armv7e-m\libg.a(lib_a-strcpy.o)
                              ..\obj\tm_stm32f4_fatfs.o (strcpy)
c:/program files (x86)/gnu tools arm embedded/5.4 2016q3/bin/../lib/gcc/arm-none-eabi/5.4.1/../../../../arm-none-eabi/lib/armv7e-m\libg.a(lib_a-strlen.o)
                              ..\obj\tm_stm32f4_fatfs.o (strlen)
c:/program files (x86)/gnu tools arm embedded/5.4 2016q3/bin/../lib/gcc/arm-none-eabi/5.4.1/../../../../arm-none-eabi/lib/armv7e-m\libg.a(lib_a-svfprintf.o)
                              c:/program files (x86)/gnu tools arm embedded/5.4 2016q3/bin/../lib/gcc/arm-none-eabi/5.4.1/../../../../arm-none-eabi/lib/armv7e-m\libg.a(lib_a-sprintf.o) (_svfprintf_r)
c:/program files (x86)/gnu tools arm embedded/5.4 2016q3/bin/../lib/gcc/arm-none-eabi/5.4.1/../../../../arm-none-eabi/lib/armv7e-m\libg.a(lib_a-dtoa.o)
                              c:/program files (x86)/gnu tools arm embedded/5.4 2016q3/bin/../lib/gcc/arm-none-eabi/5.4.1/../../../../arm-none-eabi/lib/armv7e-m\libg.a(lib_a-svfprintf.o) (_dtoa_r)
c:/program files (x86)/gnu tools arm embedded/5.4 2016q3/bin/../lib/gcc/arm-none-eabi/5.4.1/../../../../arm-none-eabi/lib/armv7e-m\libg.a(lib_a-freer.o)
                              c:/program files (x86)/gnu tools arm embedded/5.4 2016q3/bin/../lib/gcc/arm-none-eabi/5.4.1/../../../../arm-none-eabi/lib/armv7e-m\libg.a(lib_a-malloc.o) (_free_r)
c:/program files (x86)/gnu tools arm embedded/5.4 2016q3/bin/../lib/gcc/arm-none-eabi/5.4.1/../../../../arm-none-eabi/lib/armv7e-m\libg.a(lib_a-impure.o)
[...]
Memory Configuration

Name             Origin             Length             Attributes
rom              0x08000000         0x00100000         xr
ram              0x20000000         0x00020000         xrw
ram1             0x10000000         0x00010000         xrw
*default*        0x00000000         0xffffffff

Linker script and memory map

                0x20020000                _eram = 0x20020000

.text           0x08000000     0xc032
 *(.isr_vector)
 .isr_vector    0x08000000      0x188 ..\obj\startup_stm32f4xx.o
                0x08000000                g_pfnVectors
 *(.text*)
 .text.USB_OTG_EnableCommonInt
                0x08000188       0x44 ..\obj\usb_core.o
 .text.USB_OTG_CoreReset
                0x080001cc       0x90 ..\obj\usb_core.o
 .text.USB_OTG_WritePacket
                0x0800025c       0x74 ..\obj\usb_core.o
                0x0800025c                USB_OTG_WritePacket
 .text.USB_OTG_ReadPacket
                0x080002d0       0x58 ..\obj\usb_core.o
                0x080002d0                USB_OTG_ReadPacket
 .text.USB_OTG_SelectCore
                0x08000328      0x174 ..\obj\usb_core.o
                0x08000328                USB_OTG_SelectCore
 .text.USB_OTG_CoreInit
                0x0800049c      0x13c ..\obj\usb_core.o
                0x0800049c                USB_OTG_CoreInit
 .text.USB_OTG_EnableGlobalInt
                0x080005d8       0x34 ..\obj\usb_core.o
                0x080005d8                USB_OTG_EnableGlobalInt
 .text.USB_OTG_DisableGlobalInt
                0x0800060c       0x38 ..\obj\usb_core.o
                0x0800060c                USB_OTG_DisableGlobalInt
 .text.USB_OTG_FlushTxFifo
                0x08000644       0x74 ..\obj\usb_core.o
                0x08000644                USB_OTG_FlushTxFifo
 .text.USB_OTG_FlushRxFifo
                0x080006b8       0x60 ..\obj\usb_core.o
                0x080006b8                USB_OTG_FlushRxFifo
 .text.USB_OTG_SetCurrentMode
                0x08000718       0x60 ..\obj\usb_core.o
                0x08000718                USB_OTG_SetCurrentMode
 .text.USB_OTG_GetMode
                0x08000778       0x1c ..\obj\usb_core.o
                0x08000778                USB_OTG_GetMode
 .text.USB_OTG_IsHostMode
                0x08000794       0x24 ..\obj\usb_core.o
                0x08000794                USB_OTG_IsHostMode
 .text.USB_OTG_ReadCoreItr
                0x080007b8       0x2c ..\obj\usb_core.o
                0x080007b8                USB_OTG_ReadCoreItr
 .text.USB_OTG_CoreInitHost
                0x080007e4       0xf8 ..\obj\usb_core.o
                0x080007e4                USB_OTG_CoreInitHost
 .text.USB_OTG_IsEvenFrame
                0x080008dc       0x28 ..\obj\usb_core.o
                0x080008dc                USB_OTG_IsEvenFrame
 .text.USB_OTG_DriveVbus
                0x08000904       0x7c ..\obj\usb_core.o
                0x08000904                USB_OTG_DriveVbus
 .text.USB_OTG_EnableHostInt
                0x08000980       0x80 ..\obj\usb_core.o
                0x08000980                USB_OTG_EnableHostInt
 .text.USB_OTG_InitFSLSPClkSel
                0x08000a00       0x38 ..\obj\usb_core.o
                0x08000a00                USB_OTG_InitFSLSPClkSel
 .text.USB_OTG_ReadHPRT0
                0x08000a38       0x40 ..\obj\usb_core.o
                0x08000a38                USB_OTG_ReadHPRT0
 .text.USB_OTG_ReadHostAllChannels_intr
                0x08000a78       0x18 ..\obj\usb_core.o
                0x08000a78                USB_OTG_ReadHostAllChannels_intr
 .text.USB_OTG_ResetPort
                0x08000a90       0x4c ..\obj\usb_core.o
                0x08000a90                USB_OTG_ResetPort
 .text.USB_OTG_HC_Init
                0x08000adc      0x298 ..\obj\usb_core.o
                0x08000adc                USB_OTG_HC_Init
 .text.USB_OTG_HC_StartXfer
                0x08000d74      0x2c0 ..\obj\usb_core.o
                0x08000d74                USB_OTG_HC_StartXfer
 .text.USB_OTG_HC_Halt
                0x08001034       0xa0 ..\obj\usb_core.o
                0x08001034                USB_OTG_HC_Halt
 .text.USB_OTG_HC_DoPing
                0x080010d4       0x74 ..\obj\usb_core.o
                0x080010d4                USB_OTG_HC_DoPing
 .text.I2C_Init_Amp
                0x08001148       0x50 ..\obj\i2c.o
                0x08001148                I2C_Init_Amp
 .text.I2C_start
                0x08001198       0x88 ..\obj\i2c.o
                0x08001198                I2C_start
 .text.I2C_write
                0x08001220       0x34 ..\obj\i2c.o
                0x08001220                I2C_write
 .text.I2C_stop
                0x08001254       0x18 ..\obj\i2c.o
                0x08001254                I2C_stop
 .text.Mp3SendBuffer
                0x0800126c       0x70 ..\obj\mp3.o
                0x0800126c                Mp3SendBuffer
 .text.Mp3MountDevices
                0x080012dc       0x7c ..\obj\mp3.o
                0x080012dc                Mp3MountDevices
 .text.TM_EXTI_Attach
                0x08001358      0x284 ..\obj\tm_stm32f4_exti.o
                0x08001358                TM_EXTI_Attach
 .text.EXTI0_IRQHandler
                0x080015dc       0x24 ..\obj\tm_stm32f4_exti.o
                0x080015dc                EXTI0_IRQHandler
 .text.EXTI1_IRQHandler
                0x08001600       0x24 ..\obj\tm_stm32f4_exti.o
                0x08001600                EXTI1_IRQHandler
 .text.EXTI2_IRQHandler
                0x08001624       0x24 ..\obj\tm_stm32f4_exti.o
                0x08001624                EXTI2_IRQHandler
 .text.EXTI3_IRQHandler
                0x08001648       0x24 ..\obj\tm_stm32f4_exti.o
                0x08001648                EXTI3_IRQHandler
 .text.EXTI4_IRQHandler
                0x0800166c       0x24 ..\obj\tm_stm32f4_exti.o
                0x0800166c                EXTI4_IRQHandler
 .text.EXTI9_5_IRQHandler
                0x08001690       0x8c ..\obj\tm_stm32f4_exti.o
                0x08001690                EXTI9_5_IRQHandler
 .text.EXTI15_10_IRQHandler
                0x0800171c       0xb4 ..\obj\tm_stm32f4_exti.o
                0x0800171c                EXTI15_10_IRQHandler
 .text.Tim2Init
                0x080017d0       0x58 ..\obj\timer.o
                0x080017d0                Tim2Init
 .text.Tim2Start
                0x08001828       0x20 ..\obj\timer.o
                0x08001828                Tim2Start
 .text.Tim2Stop
                0x08001848       0x20 ..\obj\timer.o
                0x08001848                Tim2Stop
 .text.TIMER3_Configuration
                0x08001868       0x70 ..\obj\timer.o
                0x08001868                TIMER3_Configuration
 .text.USBH_Open_Channel
                0x080018d8       0xf8 ..\obj\usbh_hcs.o
                0x080018d8                USBH_Open_Channel
 .text.USBH_Modify_Channel
                0x080019d0       0x98 ..\obj\usbh_hcs.o
                0x080019d0                USBH_Modify_Channel
 .text.USBH_Alloc_Channel
                0x08001a68       0x4c ..\obj\usbh_hcs.o
                0x08001a68                USBH_Alloc_Channel
 .text.USBH_Free_Channel
                0x08001ab4       0x44 ..\obj\usbh_hcs.o
                0x08001ab4                USBH_Free_Channel
 .text.USBH_DeAllocate_AllChannel
                0x08001af8       0x38 ..\obj\usbh_hcs.o
                0x08001af8                USBH_DeAllocate_AllChannel
 .text.USBH_GetFreeChannel
                0x08001b30       0x48 ..\obj\usbh_hcs.o
 .text.USART_DeInit
                0x08001b78       0xd4 ..\obj\stm32f4xx_usart.o
                0x08001b78                USART_DeInit
 .text.USART_Init
                0x08001c4c      0x174 ..\obj\stm32f4xx_usart.o
                0x08001c4c                USART_Init
 .text.USBH_Get_DevDesc
                0x08001dc0       0x54 ..\obj\usbh_stdreq.o
                0x08001dc0                USBH_Get_DevDesc
 .text.USBH_Get_CfgDesc
                0x08001e14       0x88 ..\obj\usbh_stdreq.o
                0x08001e14                USBH_Get_CfgDesc
 .text.USBH_Get_StringDesc
                0x08001e9c       0x58 ..\obj\usbh_stdreq.o
                0x08001e9c                USBH_Get_StringDesc
 .text.USBH_GetDescriptor
                0x08001ef4       0x68 ..\obj\usbh_stdreq.o
                0x08001ef4                USBH_GetDescriptor
 .text.USBH_SetAddress
                0x08001f5c       0x44 ..\obj\usbh_stdreq.o
                0x08001f5c                USBH_SetAddress
 .text.USBH_SetCfg
                0x08001fa0       0x44 ..\obj\usbh_stdreq.o
                0x08001fa0                USBH_SetCfg
 .text.USBH_ClrFeature
                0x08001fe4       0x78 ..\obj\usbh_stdreq.o
                0x08001fe4                USBH_ClrFeature
 .text.USBH_ParseDevDesc
                0x0800205c       0xe0 ..\obj\usbh_stdreq.o
 .text.USBH_ParseCfgDesc
                0x0800213c      0x1cc ..\obj\usbh_stdreq.o
 .text.USBH_ParseInterfaceDesc
                0x08002308       0x5c ..\obj\usbh_stdreq.o
 .text.USBH_ParseEPDesc
                0x08002364       0x58 ..\obj\usbh_stdreq.o
 .text.USBH_ParseStringDesc
                0x080023bc       0x64 ..\obj\usbh_stdreq.o
 .text.USBH_GetNextDesc
                0x08002420       0x34 ..\obj\usbh_stdreq.o
                0x08002420                USBH_GetNextDesc
 .text.StrCmp   0x08002454       0x4c ..\obj\str.o
                0x08002454                StrCmp
 .text.StrLen   0x080024a0       0x30 ..\obj\str.o
                0x080024a0                StrLen
 .text.StrCopy  0x080024d0       0x38 ..\obj\str.o
                0x080024d0                StrCopy
 .text.disk_initialize
                0x08002508       0x44 ..\obj\diskio.o
                0x08002508                disk_initialize
 .text.disk_status
                0x0800254c       0x48 ..\obj\diskio.o
                0x0800254c                disk_status
 .text.disk_read
                0x08002594       0x5c ..\obj\diskio.o
                0x08002594                disk_read
 .text.disk_write
                0x080025f0       0x5c ..\obj\diskio.o
                0x080025f0                disk_write
 .text.TM_FATFS_SDRAM_disk_initialize
                0x0800264c       0x10 ..\obj\diskio.o
                0x0800264c                TM_FATFS_SDRAM_disk_initialize
 .text.TM_FATFS_SPI_FLASH_disk_initialize
                0x0800265c       0x10 ..\obj\diskio.o
                0x0800265c                TM_FATFS_SPI_FLASH_disk_initialize
 .text.TM_FATFS_SDRAM_disk_status
                0x0800266c       0x10 ..\obj\diskio.o
                0x0800266c                TM_FATFS_SDRAM_disk_status
 .text.TM_FATFS_SPI_FLASH_disk_status
                0x0800267c       0x10 ..\obj\diskio.o
                0x0800267c                TM_FATFS_SPI_FLASH_disk_status
 .text.TM_FATFS_SDRAM_disk_ioctl
                0x0800268c       0x18 ..\obj\diskio.o
                0x0800268c                TM_FATFS_SDRAM_disk_ioctl
 .text.TM_FATFS_SPI_FLASH_disk_ioctl
                0x080026a4       0x18 ..\obj\diskio.o
                0x080026a4                TM_FATFS_SPI_FLASH_disk_ioctl
 .text.TM_FATFS_SDRAM_disk_read
                0x080026bc       0x18 ..\obj\diskio.o
                0x080026bc                TM_FATFS_SDRAM_disk_read
 .text.TM_FATFS_SPI_FLASH_disk_read
                0x080026d4       0x18 ..\obj\diskio.o
                0x080026d4                TM_FATFS_SPI_FLASH_disk_read
 .text.TM_FATFS_SDRAM_disk_write
                0x080026ec       0x18 ..\obj\diskio.o
                0x080026ec                TM_FATFS_SDRAM_disk_write
 .text.TM_FATFS_SPI_FLASH_disk_write
                0x08002704       0x18 ..\obj\diskio.o
                0x08002704                TM_FATFS_SPI_FLASH_disk_write
 .text.Default_Reset_Handler
                0x0800271c       0x5c ..\obj\startup_stm32f4xx.o
                0x0800271c                Default_Reset_Handler
                0x0800271c                Reset_Handler
 .text.Default_Handler
                0x08002778        0x8 ..\obj\startup_stm32f4xx.o
                0x08002778                RTC_Alarm_IRQHandler
                0x08002778                HASH_RNG_IRQHandler
                0x08002778                TIM8_CC_IRQHandler
                0x08002778                DebugMon_Handler
                0x08002778                TIM1_CC_IRQHandler
                0x08002778                DMA2_Stream5_IRQHandler
                0x08002778                HardFault_Handler
                0x08002778                DMA1_Stream5_IRQHandler
                0x08002778                PVD_IRQHandler
                0x08002778                SDIO_IRQHandler
                0x08002778                TAMP_STAMP_IRQHandler
                0x08002778                PendSV_Handler
                0x08002778                NMI_Handler
                0x08002778                CAN2_RX1_IRQHandler
                0x08002778                TIM8_TRG_COM_TIM14_IRQHandler
                0x08002778                TIM1_UP_TIM10_IRQHandler
                0x08002778                TIM8_UP_TIM13_IRQHandler
                0x08002778                I2C3_ER_IRQHandler
                0x08002778                I2C2_EV_IRQHandler
                0x08002778                DMA1_Stream2_IRQHandler
                0x08002778                CAN1_RX0_IRQHandler
                0x08002778                FPU_IRQHandler
                0x08002778                OTG_HS_WKUP_IRQHandler
                0x08002778                UsageFault_Handler
                0x08002778                CAN2_SCE_IRQHandler
                0x08002778                DMA2_Stream2_IRQHandler
                0x08002778                SPI1_IRQHandler
                0x08002778                TIM6_DAC_IRQHandler
                0x08002778                TIM1_BRK_TIM9_IRQHandler
                0x08002778                DCMI_IRQHandler
                0x08002778                CAN2_RX0_IRQHandler
                0x08002778                DMA2_Stream3_IRQHandler
                0x08002778                CRYP_IRQHandler
                0x08002778                CAN1_RX1_IRQHandler
                0x08002778                DMA2_Stream0_IRQHandler
                0x08002778                TIM4_IRQHandler
                0x08002778                I2C1_EV_IRQHandler
                0x08002778                DMA1_Stream6_IRQHandler
                0x08002778                DMA1_Stream1_IRQHandler
                0x08002778                TIM3_IRQHandler
                0x08002778                RCC_IRQHandler
                0x08002778                TIM8_BRK_TIM12_IRQHandler
                0x08002778                ADC_IRQHandler
                0x08002778                TIM7_IRQHandler
                0x08002778                CAN2_TX_IRQHandler
                0x08002778                TIM5_IRQHandler
                0x08002778                DMA2_Stream7_IRQHandler
                0x08002778                I2C3_EV_IRQHandler
                0x08002778                RTC_WKUP_IRQHandler
                0x08002778                ETH_WKUP_IRQHandler
                0x08002778                SPI2_IRQHandler
                0x08002778                OTG_HS_EP1_IN_IRQHandler
                0x08002778                MemManage_Handler
                0x08002778                DMA1_Stream0_IRQHandler
                0x08002778                CAN1_TX_IRQHandler
                0x08002778                SVC_Handler
                0x08002778                FSMC_IRQHandler
                0x08002778                ETH_IRQHandler
                0x08002778                OTG_HS_EP1_OUT_IRQHandler
                0x08002778                WWDG_IRQHandler
                0x08002778                OTG_FS_WKUP_IRQHandler
                0x08002778                TIM1_TRG_COM_TIM11_IRQHandler
                0x08002778                OTG_HS_IRQHandler
                0x08002778                I2C2_ER_IRQHandler
                0x08002778                DMA2_Stream1_IRQHandler
                0x08002778                CAN1_SCE_IRQHandler
                0x08002778                FLASH_IRQHandler
                0x08002778                DMA2_Stream4_IRQHandler
                0x08002778                BusFault_Handler
                0x08002778                SPI3_IRQHandler
                0x08002778                DMA1_Stream4_IRQHandler
                0x08002778                I2C1_ER_IRQHandler
                0x08002778                DMA2_Stream6_IRQHandler
                0x08002778                DMA1_Stream3_IRQHandler
 .text.TM_FATFS_USB_disk_initialize
                0x08002780       0x50 ..\obj\fatfs_usb.o
                0x08002780                TM_FATFS_USB_disk_initialize
 .text.TM_FATFS_USB_disk_status
                0x080027d0       0x18 ..\obj\fatfs_usb.o
                0x080027d0                TM_FATFS_USB_disk_status
 .text.TM_FATFS_USB_disk_read
                0x080027e8       0x94 ..\obj\fatfs_usb.o
                0x080027e8                TM_FATFS_USB_disk_read
 .text.TM_FATFS_USB_disk_write
                0x0800287c       0xa0 ..\obj\fatfs_usb.o
                0x0800287c                TM_FATFS_USB_disk_write
 .text.TM_FATFS_USB_disk_ioctl
                0x0800291c       0x84 ..\obj\fatfs_usb.o
                0x0800291c                TM_FATFS_USB_disk_ioctl
 .text.main     0x080029a0       0x78 ..\obj\main.o
                0x080029a0                main
 .text.RCC_GetClocksFreq
                0x08002a18      0x154 ..\obj\stm32f4xx_rcc.o
                0x08002a18                RCC_GetClocksFreq
 .text.RCC_AHB1PeriphClockCmd
                0x08002b6c       0x3c ..\obj\stm32f4xx_rcc.o
                0x08002b6c                RCC_AHB1PeriphClockCmd
 .text.RCC_AHB2PeriphClockCmd
                0x08002ba8       0x3c ..\obj\stm32f4xx_rcc.o
                0x08002ba8                RCC_AHB2PeriphClockCmd
 .text.RCC_APB1PeriphClockCmd
                0x08002be4       0x3c ..\obj\stm32f4xx_rcc.o
                0x08002be4                RCC_APB1PeriphClockCmd
 .text.RCC_APB2PeriphClockCmd
                0x08002c20       0x3c ..\obj\stm32f4xx_rcc.o
                0x08002c20                RCC_APB2PeriphClockCmd
 .text.RCC_APB1PeriphResetCmd
                0x08002c5c       0x3c ..\obj\stm32f4xx_rcc.o
                0x08002c5c                RCC_APB1PeriphResetCmd
 .text.RCC_APB2PeriphResetCmd
                0x08002c98       0x3c ..\obj\stm32f4xx_rcc.o
                0x08002c98                RCC_APB2PeriphResetCmd
 .text.TM_USART_Init
                0x08002cd4      0x108 ..\obj\tm_stm32f4_usart.o
                0x08002cd4                TM_USART_Init
 .text.TM_USART_Getc
                0x08002ddc       0x74 ..\obj\tm_stm32f4_usart.o
                0x08002ddc                TM_USART_Getc
 .text.TM_USART_Gets
                0x08002e50       0x94 ..\obj\tm_stm32f4_usart.o
                0x08002e50                TM_USART_Gets
 .text.TM_USART_FindCharacter
                0x08002ee4       0x60 ..\obj\tm_stm32f4_usart.o
                0x08002ee4                TM_USART_FindCharacter
 .text.TM_USART_INT_InsertToBuffer
                0x08002f44       0x5c ..\obj\tm_stm32f4_usart.o
                0x08002f44                TM_USART_INT_InsertToBuffer
 .text.TM_USART_InitCustomPinsCallback
                0x08002fa0       0x18 ..\obj\tm_stm32f4_usart.o
                0x08002fa0                TM_USART_InitCustomPinsCallback
 .text.TM_USART_INT_GetUsart
                0x08002fb8       0x8c ..\obj\tm_stm32f4_usart.o
                0x08002fb8                TM_USART_INT_GetUsart
 .text.TM_USART_INT_GetSubPriority
                0x08003044       0x74 ..\obj\tm_stm32f4_usart.o
                0x08003044                TM_USART_INT_GetSubPriority
 .text.TM_USART1_InitPins
                0x080030b8       0x64 ..\obj\tm_stm32f4_usart.o
                0x080030b8                TM_USART1_InitPins
 .text.TM_USART2_InitPins
                0x0800311c       0x60 ..\obj\tm_stm32f4_usart.o
                0x0800311c                TM_USART2_InitPins
 .text.TM_USART3_InitPins
                0x0800317c       0x84 ..\obj\tm_stm32f4_usart.o
                0x0800317c                TM_USART3_InitPins
 .text.TM_UART4_InitPins
                0x08003200       0x64 ..\obj\tm_stm32f4_usart.o
                0x08003200                TM_UART4_InitPins
 .text.TM_UART5_InitPins
                0x08003264       0x5c ..\obj\tm_stm32f4_usart.o
                0x08003264                TM_UART5_InitPins
 .text.TM_USART6_InitPins
                0x080032c0       0x64 ..\obj\tm_stm32f4_usart.o
                0x080032c0                TM_USART6_InitPins
 .text.USART1_IRQHandler
                0x08003324       0x30 ..\obj\tm_stm32f4_usart.o
                0x08003324                USART1_IRQHandler
 .text.USART2_IRQHandler
                0x08003354       0x30 ..\obj\tm_stm32f4_usart.o
                0x08003354                USART2_IRQHandler
 .text.USART3_IRQHandler
                0x08003384       0x30 ..\obj\tm_stm32f4_usart.o
                0x08003384                USART3_IRQHandler
 .text.UART4_IRQHandler
                0x080033b4       0x30 ..\obj\tm_stm32f4_usart.o
                0x080033b4                UART4_IRQHandler
 .text.UART5_IRQHandler
                0x080033e4       0x30 ..\obj\tm_stm32f4_usart.o
                0x080033e4                UART5_IRQHandler
 .text.USART6_IRQHandler
                0x08003414       0x30 ..\obj\tm_stm32f4_usart.o
                0x08003414                USART6_IRQHandler
 .text.TM_USART_INT_Init
                0x08003444      0x18c ..\obj\tm_stm32f4_usart.o
 .text.TM_RE_Init
                0x080035d0       0x78 ..\obj\tm_stm32f4_rotary_encoder.o
                0x080035d0                TM_RE_Init
 .text.TM_RE_Get
                0x08003648       0x54 ..\obj\tm_stm32f4_rotary_encoder.o
                0x08003648                TM_RE_Get
 .text.TM_RE_Process
                0x0800369c       0x9c ..\obj\tm_stm32f4_rotary_encoder.o
                0x0800369c                TM_RE_Process
 .text.TM_SPI_Send
                0x08003738       0x74 ..\obj\fatfs_sd.o
 .text.Delayms  0x080037ac       0x58 ..\obj\fatfs_sd.o
 .text.init_spi
                0x08003804       0x2c ..\obj\fatfs_sd.o
 .text.rcvr_spi_multi
                0x08003830       0x24 ..\obj\fatfs_sd.o
 .text.xmit_spi_multi
                0x08003854       0x20 ..\obj\fatfs_sd.o
 .text.wait_ready
                0x08003874       0x44 ..\obj\fatfs_sd.o
 .text.deselect
                0x080038b8       0x20 ..\obj\fatfs_sd.o
 .text.select   0x080038d8       0x38 ..\obj\fatfs_sd.o
 .text.rcvr_datablock
                0x08003910       0x60 ..\obj\fatfs_sd.o
 .text.xmit_datablock
                0x08003970       0x70 ..\obj\fatfs_sd.o
 .text.send_cmd
                0x080039e0       0xf4 ..\obj\fatfs_sd.o
 .text.TM_FATFS_InitPins
                0x08003ad4       0x28 ..\obj\fatfs_sd.o
                0x08003ad4                TM_FATFS_InitPins
 .text.TM_FATFS_Detect
                0x08003afc       0x10 ..\obj\fatfs_sd.o
                0x08003afc                TM_FATFS_Detect
 .text.TM_FATFS_WriteEnabled
                0x08003b0c       0x10 ..\obj\fatfs_sd.o
                0x08003b0c                TM_FATFS_WriteEnabled
 .text.TM_FATFS_SD_disk_initialize
                0x08003b1c      0x1d0 ..\obj\fatfs_sd.o
                0x08003b1c                TM_FATFS_SD_disk_initialize
 .text.TM_FATFS_SD_disk_status
                0x08003cec       0x4c ..\obj\fatfs_sd.o
                0x08003cec                TM_FATFS_SD_disk_status
 .text.TM_FATFS_SD_disk_read
                0x08003d38       0xc4 ..\obj\fatfs_sd.o
                0x08003d38                TM_FATFS_SD_disk_read
 .text.TM_FATFS_SD_disk_write
                0x08003dfc      0x100 ..\obj\fatfs_sd.o
                0x08003dfc                TM_FATFS_SD_disk_write
 .text.TM_FATFS_SD_disk_ioctl
                0x08003efc      0x2e8 ..\obj\fatfs_sd.o
                0x08003efc                TM_FATFS_SD_disk_ioctl
 .text.USBH_MSC_InterfaceInit
                0x080041e4      0x114 ..\obj\usbh_msc_core.o
 .text.USBH_MSC_InterfaceDeInit
                0x080042f8       0x64 ..\obj\usbh_msc_core.o
 .text.USBH_MSC_ClassRequest
                0x0800435c       0x24 ..\obj\usbh_msc_core.o
 .text.USBH_MSC_Handle
                0x08004380      0x238 ..\obj\usbh_msc_core.o
 .text.USBH_MSC_BOTReset
                0x080045b8       0x40 ..\obj\usbh_msc_core.o
 .text.USBH_MSC_GETMaxLUN
                0x080045f8       0x44 ..\obj\usbh_msc_core.o
 .text.USBH_MSC_ErrorHandle
                0x0800463c       0x58 ..\obj\usbh_msc_core.o
                0x0800463c                USBH_MSC_ErrorHandle
 .text.BTBtnsProc
                0x08004694       0x48 ..\obj\bt.o
                0x08004694                BTBtnsProc
 .text.Gpio_Init
                0x080046dc      0x134 ..\obj\gpio.o
                0x080046dc                Gpio_Init
 .text.NVIC_SetPriority
                0x08004810       0x54 ..\obj\tm_stm32f4_delay.o
 .text.SysTick_Config
                0x08004864       0x44 ..\obj\tm_stm32f4_delay.o
 .text.SysTick_Handler
                0x080048a8      0x128 ..\obj\tm_stm32f4_delay.o
                0x080048a8                SysTick_Handler
 .text.TM_DELAY_Init
                0x080049d0       0x50 ..\obj\tm_stm32f4_delay.o
                0x080049d0                TM_DELAY_Init
 .text.scan_files
                0x08004a20      0x154 ..\obj\file.o
                0x08004a20                scan_files
 .text.File_Cmp_Ext
                0x08004b74       0x40 ..\obj\file.o
                0x08004b74                File_Cmp_Ext
 .text.TM_SPI_Init
                0x08004bb4       0x38 ..\obj\tm_stm32f4_spi.o
                0x08004bb4                TM_SPI_Init
 .text.TM_SPI_WriteMulti
                0x08004bec       0x88 ..\obj\tm_stm32f4_spi.o
                0x08004bec                TM_SPI_WriteMulti
 .text.TM_SPI_ReadMulti
                0x08004c74       0x94 ..\obj\tm_stm32f4_spi.o
                0x08004c74                TM_SPI_ReadMulti
 .text.TM_SPI_InitCustomPinsCallback
                0x08004d08       0x18 ..\obj\tm_stm32f4_spi.o
                0x08004d08                TM_SPI_InitCustomPinsCallback
 .text.TM_SPIx_Init
                0x08004d20       0xd4 ..\obj\tm_stm32f4_spi.o
 .text.TM_SPI1_INT_InitPins
                0x08004df4       0x60 ..\obj\tm_stm32f4_spi.o
                0x08004df4                TM_SPI1_INT_InitPins
 .text.MenuInit
                0x08004e54       0x30 ..\obj\menu.o
                0x08004e54                MenuInit
 .text.MenuProc
                0x08004e84       0xac ..\obj\menu.o
                0x08004e84                MenuProc
 .text.TM_EXTI_Handler
                0x08004f30       0x34 ..\obj\menu.o
                0x08004f30                TM_EXTI_Handler
 .text.RotSwPRessed
                0x08004f64       0x2c ..\obj\menu.o
                0x08004f64                RotSwPRessed
 .text.TIM2_IRQHandler
                0x08004f90       0x44 ..\obj\menu.o
                0x08004f90                TIM2_IRQHandler
 .text.USBH_Connected
                0x08004fd4       0x1c ..\obj\usbh_core.o
                0x08004fd4                USBH_Connected
 .text.USBH_Disconnected
                0x08004ff0       0x1c ..\obj\usbh_core.o
                0x08004ff0                USBH_Disconnected
 .text.USBH_SOF
                0x0800500c       0x14 ..\obj\usbh_core.o
                0x0800500c                USBH_SOF
 .text.USBH_Init
                0x08005020       0x58 ..\obj\usbh_core.o
                0x08005020                USBH_Init
 .text.USBH_DeInit
                0x08005078       0x60 ..\obj\usbh_core.o
                0x08005078                USBH_DeInit
 .text.USBH_Process
                0x080050d8      0x260 ..\obj\usbh_core.o
                0x080050d8                USBH_Process
 .text.USBH_ErrorHandle
                0x08005338       0x48 ..\obj\usbh_core.o
                0x08005338                USBH_ErrorHandle
 .text.USBH_HandleEnum
                0x08005380      0x2e4 ..\obj\usbh_core.o
 .text.USBH_HandleControl
                0x08005664      0x344 ..\obj\usbh_core.o
                0x08005664                USBH_HandleControl
 .text.GPIO_Init
                0x080059a8      0x11c ..\obj\stm32f4xx_gpio.o
                0x080059a8                GPIO_Init
 .text.GPIO_ReadInputDataBit
                0x08005ac4       0x34 ..\obj\stm32f4xx_gpio.o
                0x08005ac4                GPIO_ReadInputDataBit
 .text.GPIO_SetBits
                0x08005af8       0x1c ..\obj\stm32f4xx_gpio.o
                0x08005af8                GPIO_SetBits
 .text.GPIO_ResetBits
                0x08005b14       0x1c ..\obj\stm32f4xx_gpio.o
                0x08005b14                GPIO_ResetBits
 .text.GPIO_WriteBit
                0x08005b30       0x30 ..\obj\stm32f4xx_gpio.o
                0x08005b30                GPIO_WriteBit
 .text.GPIO_PinAFConfig
                0x08005b60       0x90 ..\obj\stm32f4xx_gpio.o
                0x08005b60                GPIO_PinAFConfig
 .text.USBH_MSC_TestUnitReady
                0x08005bf0       0xdc ..\obj\usbh_msc_scsi.o
                0x08005bf0                USBH_MSC_TestUnitReady
 .text.USBH_MSC_ReadCapacity10
                0x08005ccc      0x120 ..\obj\usbh_msc_scsi.o
                0x08005ccc                USBH_MSC_ReadCapacity10
 .text.USBH_MSC_ModeSense6
                0x08005dec      0x100 ..\obj\usbh_msc_scsi.o
                0x08005dec                USBH_MSC_ModeSense6
 .text.USBH_MSC_RequestSense
                0x08005eec      0x11c ..\obj\usbh_msc_scsi.o
                0x08005eec                USBH_MSC_RequestSense
 .text.USBH_MSC_Write10
                0x08006008      0x100 ..\obj\usbh_msc_scsi.o
                0x08006008                USBH_MSC_Write10
 .text.USBH_MSC_Read10
                0x08006108      0x128 ..\obj\usbh_msc_scsi.o
                0x08006108                USBH_MSC_Read10
 .text.SystemInit
                0x08006230       0x5c ..\obj\system_stm32f4xx.o
                0x08006230                SystemInit
 .text.SetSysClock
                0x0800628c       0xf4 ..\obj\system_stm32f4xx.o
 .text.DMA_Audio_Send
                0x08006380       0x30 ..\obj\DMA.o
                0x08006380                DMA_Audio_Send
 .text.DMA1_Stream7_IRQHandler
                0x080063b0       0x60 ..\obj\DMA.o
                0x080063b0                DMA1_Stream7_IRQHandler
 .text._sbrk    0x08006410       0x3c ..\obj\syscalls.o
                0x08006410                _sbrk
 .text.DMA_ClearFlag
                0x0800644c       0x5c ..\obj\stm32f4xx_dma.o
                0x0800644c                DMA_ClearFlag
 .text.DMA_GetITStatus
                0x080064a8       0xac ..\obj\stm32f4xx_dma.o
                0x080064a8                DMA_GetITStatus
 .text.DMA_ClearITPendingBit
                0x08006554       0x5c ..\obj\stm32f4xx_dma.o
                0x08006554                DMA_ClearITPendingBit
 .text.USBH_USR_Init
                0x080065b0       0x20 ..\obj\usbh_usr.o
                0x080065b0                USBH_USR_Init
 .text.USBH_USR_DeviceAttached
                0x080065d0       0x20 ..\obj\usbh_usr.o
                0x080065d0                USBH_USR_DeviceAttached
 .text.USBH_USR_UnrecoveredError
                0x080065f0       0x20 ..\obj\usbh_usr.o
                0x080065f0                USBH_USR_UnrecoveredError
 .text.USBH_USR_DeviceDisconnected
                0x08006610       0x20 ..\obj\usbh_usr.o
                0x08006610                USBH_USR_DeviceDisconnected
 .text.USBH_USR_ResetDevice
                0x08006630       0x18 ..\obj\usbh_usr.o
                0x08006630                USBH_USR_ResetDevice
 .text.USBH_USR_DeviceSpeedDetected
                0x08006648       0x14 ..\obj\usbh_usr.o
                0x08006648                USBH_USR_DeviceSpeedDetected
 .text.USBH_USR_Device_DescAvailable
                0x0800665c       0x14 ..\obj\usbh_usr.o
                0x0800665c                USBH_USR_Device_DescAvailable
 .text.USBH_USR_DeviceAddressAssigned
                0x08006670        0xc ..\obj\usbh_usr.o
                0x08006670                USBH_USR_DeviceAddressAssigned
 .text.USBH_USR_Configuration_DescAvailable
                0x0800667c       0x18 ..\obj\usbh_usr.o
                0x0800667c                USBH_USR_Configuration_DescAvailable
 .text.USBH_USR_Manufacturer_String
                0x08006694       0x14 ..\obj\usbh_usr.o
                0x08006694                USBH_USR_Manufacturer_String
 .text.USBH_USR_Product_String
                0x080066a8       0x14 ..\obj\usbh_usr.o
                0x080066a8                USBH_USR_Product_String
 .text.USBH_USR_SerialNum_String
                0x080066bc       0x14 ..\obj\usbh_usr.o
                0x080066bc                USBH_USR_SerialNum_String
 .text.USBH_USR_EnumerationDone
                0x080066d0        0xc ..\obj\usbh_usr.o
                0x080066d0                USBH_USR_EnumerationDone
 .text.USBH_USR_DeviceNotSupported
                0x080066dc       0x18 ..\obj\usbh_usr.o
                0x080066dc                USBH_USR_DeviceNotSupported
 .text.USBH_USR_UserInput
                0x080066f4       0x10 ..\obj\usbh_usr.o
                0x080066f4                USBH_USR_UserInput
 .text.USBH_USR_OverCurrentDetected
                0x08006704       0x18 ..\obj\usbh_usr.o
                0x08006704                USBH_USR_OverCurrentDetected
 .text.USBH_USR_MSC_Application
                0x0800671c       0x3c ..\obj\usbh_usr.o
                0x0800671c                USBH_USR_MSC_Application
 .text.USBH_USR_DeInit
                0x08006758       0x18 ..\obj\usbh_usr.o
                0x08006758                USBH_USR_DeInit
 .text.Cs43InitGpios
                0x08006770       0x94 ..\obj\i2s.o
                0x08006770                Cs43InitGpios
 .text.Cs43Init
                0x08006804       0x5c ..\obj\i2s.o
                0x08006804                Cs43Init
 .text.USB_OTG_BSP_Init
                0x08006860       0x78 ..\obj\usb_bsp.o
                0x08006860                USB_OTG_BSP_Init
 .text.USB_OTG_BSP_EnableInterrupt
                0x080068d8       0x34 ..\obj\usb_bsp.o
                0x080068d8                USB_OTG_BSP_EnableInterrupt
 .text.USB_OTG_BSP_DriveVBUS
                0x0800690c       0x34 ..\obj\usb_bsp.o
                0x0800690c                USB_OTG_BSP_DriveVBUS
 .text.USB_OTG_BSP_ConfigVBUS
                0x08006940       0x50 ..\obj\usb_bsp.o
                0x08006940                USB_OTG_BSP_ConfigVBUS
 .text.USB_OTG_BSP_uDelay
                0x08006990       0x44 ..\obj\usb_bsp.o
                0x08006990                USB_OTG_BSP_uDelay
 .text.USB_OTG_BSP_mDelay
                0x080069d4       0x20 ..\obj\usb_bsp.o
                0x080069d4                USB_OTG_BSP_mDelay
 .text.OTG_FS_IRQHandler
                0x080069f4       0x14 ..\obj\usb_bsp.o
                0x080069f4                OTG_FS_IRQHandler
 .text.TM_USB_MSCHOST_Init
                0x08006a08       0x4c ..\obj\tm_stm32f4_usb_msc_host.o
                0x08006a08                TM_USB_MSCHOST_Init
 .text.TM_USB_MSCHOST_Process
                0x08006a54       0x24 ..\obj\tm_stm32f4_usb_msc_host.o
                0x08006a54                TM_USB_MSCHOST_Process
 .text.TM_USB_MSCHOST_Device
                0x08006a78       0x24 ..\obj\tm_stm32f4_usb_msc_host.o
                0x08006a78                TM_USB_MSCHOST_Device
 .text.PreampInit
                0x08006a9c       0x5c ..\obj\preamp.o
                0x08006a9c                PreampInit
 .text.PreampSetVol
                0x08006af8       0x90 ..\obj\preamp.o
                0x08006af8                PreampSetVol
 .text.PreampSetSpeakAtt
                0x08006b88       0x4c ..\obj\preamp.o
                0x08006b88                PreampSetSpeakAtt
 .text.PreampSetInputGain
                0x08006bd4       0x4c ..\obj\preamp.o
                0x08006bd4                PreampSetInputGain
 .text.PreampSetBass
                0x08006c20       0xa8 ..\obj\preamp.o
                0x08006c20                PreampSetBass
 .text.PreampSetTreble
                0x08006cc8       0xa8 ..\obj\preamp.o
                0x08006cc8                PreampSetTreble
 .text.mem_set  0x08006d70       0x34 ..\obj\ff.o
 .text.mem_cmp  0x08006da4       0x4c ..\obj\ff.o
 .text.chk_chr  0x08006df0       0x34 ..\obj\ff.o
 .text.sync_window
                0x08006e24       0x88 ..\obj\ff.o
 .text.move_window
                0x08006eac       0x5c ..\obj\ff.o
 .text.clust2sect
                0x08006f08       0x3c ..\obj\ff.o
                0x08006f08                clust2sect
 .text.get_fat  0x08006f44      0x174 ..\obj\ff.o
                0x08006f44                get_fat
 .text.put_fat  0x080070b8      0x214 ..\obj\ff.o
                0x080070b8                put_fat
 .text.create_chain
                0x080072cc      0x128 ..\obj\ff.o
 .text.dir_sdi  0x080073f4      0x100 ..\obj\ff.o
 .text.dir_next
                0x080074f4      0x1a8 ..\obj\ff.o
 .text.ld_clust
                0x0800769c       0x58 ..\obj\ff.o
 .text.dir_find
                0x080076f4       0x98 ..\obj\ff.o
 .text.dir_read
                0x0800778c       0xb0 ..\obj\ff.o
 .text.get_fileinfo
                0x0800783c       0xdc ..\obj\ff.o
 .text.create_name
                0x08007918      0x1ec ..\obj\ff.o
 .text.follow_path
                0x08007b04      0x108 ..\obj\ff.o
 .text.get_ldnumber
                0x08007c0c      0x10c ..\obj\ff.o
 .text.check_fs
                0x08007d18       0xd0 ..\obj\ff.o
 .text.find_volume
                0x08007de8      0x568 ..\obj\ff.o
 .text.validate
                0x08008350       0x5c ..\obj\ff.o
 .text.f_mount  0x080083ac       0x88 ..\obj\ff.o
                0x080083ac                f_mount
 .text.f_opendir
                0x08008434       0xbc ..\obj\ff.o
                0x08008434                f_opendir
 .text.f_closedir
                0x080084f0       0x28 ..\obj\ff.o
                0x080084f0                f_closedir
 .text.f_readdir
                0x08008518       0x88 ..\obj\ff.o
                0x08008518                f_readdir
 .text.HCD_Init
                0x080085a0       0x8c ..\obj\usb_hcd.o
                0x080085a0                HCD_Init
 .text.HCD_GetCurrentSpeed
                0x0800862c       0x24 ..\obj\usb_hcd.o
                0x0800862c                HCD_GetCurrentSpeed
 .text.HCD_ResetPort
                0x08008650       0x18 ..\obj\usb_hcd.o
                0x08008650                HCD_ResetPort
 .text.HCD_IsDeviceConnected
                0x08008668       0x18 ..\obj\usb_hcd.o
                0x08008668                HCD_IsDeviceConnected
 .text.HCD_GetCurrentFrame
                0x08008680       0x1c ..\obj\usb_hcd.o
                0x08008680                HCD_GetCurrentFrame
 .text.HCD_GetURB_State
                0x0800869c       0x24 ..\obj\usb_hcd.o
                0x0800869c                HCD_GetURB_State
 .text.HCD_GetXferCnt
                0x080086c0       0x20 ..\obj\usb_hcd.o
                0x080086c0                HCD_GetXferCnt
 .text.HCD_SubmitRequest
                0x080086e0       0x3c ..\obj\usb_hcd.o
                0x080086e0                HCD_SubmitRequest
 .text.USBH_MSC_Init
                0x0800871c       0x58 ..\obj\usbh_msc_bot.o
                0x0800871c                USBH_MSC_Init
 .text.USBH_MSC_HandleBOTXfer
                0x08008774      0x3f8 ..\obj\usbh_msc_bot.o
                0x08008774                USBH_MSC_HandleBOTXfer
 .text.USBH_MSC_BOT_Abort
                0x08008b6c       0x74 ..\obj\usbh_msc_bot.o
                0x08008b6c                USBH_MSC_BOT_Abort
 .text.USBH_MSC_DecodeCSW
                0x08008be0       0xa0 ..\obj\usbh_msc_bot.o
                0x08008be0                USBH_MSC_DecodeCSW
 .text.SPI_Init
                0x08008c80       0x88 ..\obj\stm32f4xx_spi.o
                0x08008c80                SPI_Init
 .text.SPI_StructInit
                0x08008d08       0x48 ..\obj\stm32f4xx_spi.o
                0x08008d08                SPI_StructInit
 .text.I2C_Init
                0x08008d50      0x184 ..\obj\stm32f4xx_i2c.o
                0x08008d50                I2C_Init
 .text.I2C_Cmd  0x08008ed4       0x40 ..\obj\stm32f4xx_i2c.o
                0x08008ed4                I2C_Cmd
 .text.I2C_GenerateSTART
                0x08008f14       0x40 ..\obj\stm32f4xx_i2c.o
                0x08008f14                I2C_GenerateSTART
 .text.I2C_GenerateSTOP
                0x08008f54       0x40 ..\obj\stm32f4xx_i2c.o
                0x08008f54                I2C_GenerateSTOP
 .text.I2C_Send7bitAddress
                0x08008f94       0x3c ..\obj\stm32f4xx_i2c.o
                0x08008f94                I2C_Send7bitAddress
 .text.I2C_SendData
                0x08008fd0       0x20 ..\obj\stm32f4xx_i2c.o
                0x08008fd0                I2C_SendData
 .text.I2C_CheckEvent
                0x08008ff0       0x60 ..\obj\stm32f4xx_i2c.o
                0x08008ff0                I2C_CheckEvent
 .text.I2C_GetFlagStatus
                0x08009050       0x64 ..\obj\stm32f4xx_i2c.o
                0x08009050                I2C_GetFlagStatus
 .text.USBH_CtlReq
                0x080090b4       0x84 ..\obj\usbh_ioreq.o
                0x080090b4                USBH_CtlReq
 .text.USBH_CtlSendSetup
                0x08009138       0x68 ..\obj\usbh_ioreq.o
                0x08009138                USBH_CtlSendSetup
 .text.USBH_CtlSendData
                0x080091a0       0xac ..\obj\usbh_ioreq.o
                0x080091a0                USBH_CtlSendData
 .text.USBH_CtlReceiveData
                0x0800924c       0x70 ..\obj\usbh_ioreq.o
                0x0800924c                USBH_CtlReceiveData
 .text.USBH_BulkSendData
                0x080092bc       0x94 ..\obj\usbh_ioreq.o
                0x080092bc                USBH_BulkSendData
 .text.USBH_BulkReceiveData
                0x08009350       0x94 ..\obj\usbh_ioreq.o
                0x08009350                USBH_BulkReceiveData
 .text.USBH_SubmitSetupRequest
                0x080093e4       0x3c ..\obj\usbh_ioreq.o
 .text.NVIC_PriorityGroupConfig
                0x08009420       0x24 ..\obj\misc.o
                0x08009420                NVIC_PriorityGroupConfig
 .text.NVIC_Init
                0x08009444       0xc0 ..\obj\misc.o
                0x08009444                NVIC_Init
 .text.Sys_DelayUs
                0x08009504       0x28 ..\obj\glcd.o
                0x08009504                Sys_DelayUs
 .text.GLCD_Delay
                0x0800952c       0x1c ..\obj\glcd.o
                0x0800952c                GLCD_Delay
 .text.GLCD_Init
                0x08009548       0x38 ..\obj\glcd.o
                0x08009548                GLCD_Init
 .text.GLCD_Write
                0x08009580      0x108 ..\obj\glcd.o
                0x08009580                GLCD_Write
 .text.GLCD_Clear
                0x08009688       0x58 ..\obj\glcd.o
                0x08009688                GLCD_Clear
 .text.GLCD_WriteString
                0x080096e0       0x60 ..\obj\glcd.o
                0x080096e0                GLCD_WriteString
 .text.GLCD_Write_Char
                0x08009740       0xc8 ..\obj\glcd.o
                0x08009740                GLCD_Write_Char
 .text.TM_GPIO_Init
                0x08009808       0x48 ..\obj\tm_stm32f4_gpio.o
                0x08009808                TM_GPIO_Init
 .text.TM_GPIO_InitAlternate
                0x08009850       0xa8 ..\obj\tm_stm32f4_gpio.o
                0x08009850                TM_GPIO_InitAlternate
 .text.TM_GPIO_GetPinSource
                0x080098f8       0x30 ..\obj\tm_stm32f4_gpio.o
                0x080098f8                TM_GPIO_GetPinSource
 .text.TM_GPIO_GetPortSource
                0x08009928       0x20 ..\obj\tm_stm32f4_gpio.o
                0x08009928                TM_GPIO_GetPortSource
 .text.TM_GPIO_INT_EnableClock
                0x08009948       0x30 ..\obj\tm_stm32f4_gpio.o
                0x08009948                TM_GPIO_INT_EnableClock
 .text.TM_GPIO_INT_Init
                0x08009978      0x10c ..\obj\tm_stm32f4_gpio.o
                0x08009978                TM_GPIO_INT_Init
 .text.TIM_TimeBaseInit
                0x08009a84       0xd4 ..\obj\stm32f4xx_tim.o
                0x08009a84                TIM_TimeBaseInit
 .text.TIM_ARRPreloadConfig
                0x08009b58       0x40 ..\obj\stm32f4xx_tim.o
                0x08009b58                TIM_ARRPreloadConfig
 .text.TIM_Cmd  0x08009b98       0x40 ..\obj\stm32f4xx_tim.o
                0x08009b98                TIM_Cmd
 .text.TIM_OC3Init
                0x08009bd8      0x10c ..\obj\stm32f4xx_tim.o
                0x08009bd8                TIM_OC3Init
 .text.TIM_OC3PreloadConfig
                0x08009ce4       0x38 ..\obj\stm32f4xx_tim.o
                0x08009ce4                TIM_OC3PreloadConfig
 .text.TIM_ITConfig
                0x08009d1c       0x48 ..\obj\stm32f4xx_tim.o
                0x08009d1c                TIM_ITConfig
 .text.TIM_GetITStatus
                0x08009d64       0x54 ..\obj\stm32f4xx_tim.o
                0x08009d64                TIM_GetITStatus
 .text.TIM_ClearITPendingBit
                0x08009db8       0x20 ..\obj\stm32f4xx_tim.o
                0x08009db8                TIM_ClearITPendingBit
 .text.USBH_OTG_ISR_Handler
                0x08009dd8      0x10c ..\obj\usb_hcd_int.o
                0x08009dd8                USBH_OTG_ISR_Handler
 .text.USB_OTG_USBH_handle_hc_ISR
                0x08009ee4       0x8c ..\obj\usb_hcd_int.o
 .text.USB_OTG_USBH_handle_sof_ISR
                0x08009f70       0x34 ..\obj\usb_hcd_int.o
 .text.USB_OTG_USBH_handle_Disconnect_ISR
                0x08009fa4       0x34 ..\obj\usb_hcd_int.o
 .text.USB_OTG_USBH_handle_nptxfempty_ISR
                0x08009fd8      0x188 ..\obj\usb_hcd_int.o
 .text.USB_OTG_USBH_handle_ptxfempty_ISR
                0x0800a160      0x188 ..\obj\usb_hcd_int.o
 .text.USB_OTG_USBH_handle_port_ISR
                0x0800a2e8      0x164 ..\obj\usb_hcd_int.o
 .text.USB_OTG_USBH_handle_hc_n_Out_ISR
                0x0800a44c      0x550 ..\obj\usb_hcd_int.o
 .text.USB_OTG_USBH_handle_hc_n_In_ISR
                0x0800a99c      0x5b0 ..\obj\usb_hcd_int.o
 .text.USB_OTG_USBH_handle_rx_qlvl_ISR
                0x0800af4c      0x198 ..\obj\usb_hcd_int.o
 .text.USB_OTG_USBH_handle_IncompletePeriodicXfer_ISR
                0x0800b0e4       0x4c ..\obj\usb_hcd_int.o
 .text._malloc_r
                0x0800b130      0x570 c:/program files (x86)/gnu tools arm embedded/5.4 2016q3/bin/../lib/gcc/arm-none-eabi/5.4.1/../../../../arm-none-eabi/lib/armv7e-m\libg.a(lib_a-mallocr.o)
                0x0800b130                _malloc_r
 .text.memmove  0x0800b6a0       0xc8 c:/program files (x86)/gnu tools arm embedded/5.4 2016q3/bin/../lib/gcc/arm-none-eabi/5.4.1/../../../../arm-none-eabi/lib/armv7e-m\libg.a(lib_a-memmove.o)
                0x0800b6a0                memmove
 .text.__malloc_lock
                0x0800b768        0x4 c:/program files (x86)/gnu tools arm embedded/5.4 2016q3/bin/../lib/gcc/arm-none-eabi/5.4.1/../../../../arm-none-eabi/lib/armv7e-m\libg.a(lib_a-mlock.o)
                0x0800b768                __malloc_lock
 .text.__malloc_unlock
                0x0800b76c        0x4 c:/program files (x86)/gnu tools arm embedded/5.4 2016q3/bin/../lib/gcc/arm-none-eabi/5.4.1/../../../../arm-none-eabi/lib/armv7e-m\libg.a(lib_a-mlock.o)
                0x0800b76c                __malloc_unlock
 .text.realloc  0x0800b770       0x10 c:/program files (x86)/gnu tools arm embedded/5.4 2016q3/bin/../lib/gcc/arm-none-eabi/5.4.1/../../../../arm-none-eabi/lib/armv7e-m\libg.a(lib_a-realloc.o)
                0x0800b770                realloc
 .text._realloc_r
                0x0800b780      0x3e0 c:/program files (x86)/gnu tools arm embedded/5.4 2016q3/bin/../lib/gcc/arm-none-eabi/5.4.1/../../../../arm-none-eabi/lib/armv7e-m\libg.a(lib_a-reallocr.o)
                0x0800b780                _realloc_r
 .text._sbrk_r  0x0800bb60       0x24 c:/program files (x86)/gnu tools arm embedded/5.4 2016q3/bin/../lib/gcc/arm-none-eabi/5.4.1/../../../../arm-none-eabi/lib/armv7e-m\libg.a(lib_a-sbrkr.o)
                0x0800bb60                _sbrk_r
 .text.strcpy   0x0800bb84       0xbc c:/program files (x86)/gnu tools arm embedded/5.4 2016q3/bin/../lib/gcc/arm-none-eabi/5.4.1/../../../../arm-none-eabi/lib/armv7e-m\libg.a(lib_a-strcpy.o)
                0x0800bb84                strcpy
 .text._malloc_trim_r
                0x0800bc40       0x9c c:/program files (x86)/gnu tools arm embedded/5.4 2016q3/bin/../lib/gcc/arm-none-eabi/5.4.1/../../../../arm-none-eabi/lib/armv7e-m\libg.a(lib_a-freer.o)
                0x0800bc40                _malloc_trim_r
 .text._free_r  0x0800bcdc      0x1d0 c:/program files (x86)/gnu tools arm embedded/5.4 2016q3/bin/../lib/gcc/arm-none-eabi/5.4.1/../../../../arm-none-eabi/lib/armv7e-m\libg.a(lib_a-freer.o)
                0x0800bcdc                _free_r
 *(.init)
 *(.fini)
 *crtbegin.o(.ctors)
 *crtbegin?.o(.ctors)
 *(EXCLUDE_FILE(*crtend.o *crtend?.o) .ctors)
 *(SORT(.ctors.*))
 *(.ctors)
 *crtbegin.o(.dtors)
 *crtbegin?.o(.dtors)
 *(EXCLUDE_FILE(*crtend.o *crtend?.o) .dtors)
 *(SORT(.dtors.*))
 *(.dtors)
 *(.rodata*)
 .rodata        0x0800beac        0x7 ..\obj\mp3.o
 *fill*         0x0800beb3        0x1 
 .rodata        0x0800beb4        0xa ..\obj\main.o
 *fill*         0x0800bebe        0x2 
 .rodata        0x0800bec0        0x4 ..\obj\file.o
 .rodata        0x0800bec4        0x4 ..\obj\usbh_core.o
 .rodata        0x0800bec8      0x16a ..\obj\ff.o
 *(.eh_fram e*)

.glue_7         0x0800c034        0x0
 .glue_7        0x0800c034        0x0 linker stubs

.glue_7t        0x0800c034        0x0
 .glue_7t       0x0800c034        0x0 linker stubs

.vfp11_veneer   0x0800c034        0x0
 .vfp11_veneer  0x0800c034        0x0 linker stubs

.v4_bx          0x0800c034        0x0
 .v4_bx         0x0800c034        0x0 linker stubs

.iplt           0x0800c034        0x0
 .iplt          0x0800c034        0x0 ..\obj\tm_stm32f4_fatfs.o

.rel.dyn        0x0800c034        0x0
 .rel.iplt      0x0800c034        0x0 ..\obj\tm_stm32f4_fatfs.o

.ARM.extab
 *(.ARM.extab* .gnu.linkonce.armextab.*)
                0x0800c034                __exidx_start = .

.ARM.exidx
 *(.ARM.exidx* .gnu.linkonce.armexidx.*)
                0x0800c034                __exidx_end = .
                0x0800c034                __etext = .
                0x0800c032                _sidata = __etext

.data           0x20000000      0xc34 load address 0x0800c032
                0x20000000                __data_start__ = .
                0x20000000                _sdata = __data_start__
 *(vtable)
 *(.data*)
 .data          0x20000000        0x2 ..\obj\mp3.o
                0x20000000                loadneeded
                0x20000001                Mp3_Status
 *fill*         0x20000002        0x2 
 .data          0x20000004       0xb4 ..\obj\diskio.o
                0x20000004                FATFS_LowLevelDrivers
 .data          0x200000b8        0x1 ..\obj\fatfs_usb.o
 *fill*         0x200000b9        0x3 
 .data          0x200000bc       0x10 ..\obj\stm32f4xx_rcc.o
 .data          0x200000cc       0x60 ..\obj\tm_stm32f4_usart.o
                0x200000cc                TM_USART1
                0x200000dc                TM_USART2
                0x200000ec                TM_USART3
                0x200000fc                TM_UART4
                0x2000010c                TM_UART5
                0x2000011c                TM_USART6
 .data          0x2000012c        0x1 ..\obj\fatfs_sd.o
 *fill*         0x2000012d        0x3 
 .data          0x20000130       0x10 ..\obj\usbh_msc_core.o
                0x20000130                USBH_MSC_cb
 .data          0x20000140       0x18 ..\obj\menu.o
 .data          0x20000158       0x10 ..\obj\usbh_core.o
                0x20000158                USBH_HCD_INT_cb
                0x20000164                USBH_HCD_INT_fops
 .data          0x20000168        0x1 ..\obj\usbh_msc_scsi.o
 *fill*         0x20000169        0x3 
 .data          0x2000016c       0x14 ..\obj\system_stm32f4xx.o
                0x2000016c                SystemCoreClock
                0x20000170                AHBPrescTable
 .data          0x20000180        0x1 ..\obj\DMA.o
                0x20000180                DmaAudioDone
 *fill*         0x20000181        0x3 
 .data          0x20000184       0x48 ..\obj\usbh_usr.o
                0x20000184                USR_Callbacks
 .data          0x200001cc      0x22c ..\obj\glcd.o
                0x200001cc                fontdata
                0x200003c8                LCDPort
                0x200003e8                LCDPin
 .data.__malloc_av_
                0x200003f8      0x408 c:/program files (x86)/gnu tools arm embedded/5.4 2016q3/bin/../lib/gcc/arm-none-eabi/5.4.1/../../../../arm-none-eabi/lib/armv7e-m\libg.a(lib_a-mallocr.o)
                0x200003f8                __malloc_av_
 .data.__malloc_trim_threshold
                0x20000800        0x4 c:/program files (x86)/gnu tools arm embedded/5.4 2016q3/bin/../lib/gcc/arm-none-eabi/5.4.1/../../../../arm-none-eabi/lib/armv7e-m\libg.a(lib_a-mallocr.o)
                0x20000800                __malloc_trim_threshold
 .data.__malloc_sbrk_base
                0x20000804        0x4 c:/program files (x86)/gnu tools arm embedded/5.4 2016q3/bin/../lib/gcc/arm-none-eabi/5.4.1/../../../../arm-none-eabi/lib/armv7e-m\libg.a(lib_a-mallocr.o)
                0x20000804                __malloc_sbrk_base
 .data.impure_data
                0x20000808      0x428 c:/program files (x86)/gnu tools arm embedded/5.4 2016q3/bin/../lib/gcc/arm-none-eabi/5.4.1/../../../../arm-none-eabi/lib/armv7e-m\libg.a(lib_a-impure.o)
 .data._impure_ptr
                0x20000c30        0x4 c:/program files (x86)/gnu tools arm embedded/5.4 2016q3/bin/../lib/gcc/arm-none-eabi/5.4.1/../../../../arm-none-eabi/lib/armv7e-m\libg.a(lib_a-impure.o)
                0x20000c30                _impure_ptr
                0x20000c34                . = ALIGN (0x4)
                [!provide]                PROVIDE (__preinit_array_start, .)
 *(.preinit_array)
                [!provide]                PROVIDE (__preinit_array_end, .)
                0x20000c34                . = ALIGN (0x4)
                [!provide]                PROVIDE (__init_array_start, .)
 *(SORT(.init_array.*))
 *(.init_array)
                [!provide]                PROVIDE (__init_array_end, .)
                0x20000c34                . = ALIGN (0x4)
                [!provide]                PROVIDE (__fini_array_start, .)
 *(SORT(.fini_array.*))
 *(.fini_array)
                [!provide]                PROVIDE (__fini_array_end, .)
 *(.jcr*)
                0x20000c34                . = ALIGN (0x4)
                0x20000c34                __data_end__ = .
                0x20000c34                _edata = __data_end__

.igot.plt       0x20000c34        0x0 load address 0x0800cc68
 .igot.plt      0x20000c34        0x0 ..\obj\tm_stm32f4_fatfs.o

.bss            0x20000c34     0xe484 load address 0x0800cc68
                0x20000c34                . = ALIGN (0x4)
                0x20000c34                __bss_start__ = .
                0x20000c34                _sbss = __bss_start__
 *(.bss*)
 .bss           0x20000c34       0x14 ..\obj\mp3.o
                0x20000c34                Mp3Count
                0x20000c38                Mp3Array
                0x20000c3c                tMp3Array
 .bss           0x20000c48        0x4 ..\obj\usbh_stdreq.o
 .bss           0x20000c4c        0x1 ..\obj\fatfs_sd.o
 .bss           0x20000c4d        0x2 ..\obj\usbh_msc_core.o
                0x20000c4d                MSCErrorCount
 .bss           0x20000c4f        0x2 ..\obj\bt.o
                0x20000c4f                FlagVolUp
                0x20000c50                FlagVolDown
 *fill*         0x20000c51        0x3 
 .bss           0x20000c54       0x2c ..\obj\tm_stm32f4_delay.o
                0x20000c54                TM_TimingDelay
                0x20000c58                TM_Time
                0x20000c5c                TM_Time2
                0x20000c60                TM_DELAY_Initialized
                0x20000c64                prescaler
 .bss           0x20000c80       0x20 ..\obj\menu.o
                0x20000c9e                presscnt
                0x20000c9f                x
 .bss           0x20000ca0        0x2 ..\obj\usbh_core.o
 *fill*         0x20000ca2        0x2 
 .bss           0x20000ca4        0x4 ..\obj\syscalls.o
 .bss           0x20000ca8        0x1 ..\obj\usbh_usr.o
                0x20000ca8                Application
 .bss           0x20000ca9        0x1 ..\obj\tm_stm32f4_usb_msc_host.o
                0x20000ca9                TM_USB_MSCHOST_INT_Initialized
 *fill*         0x20000caa        0x2 
 .bss           0x20000cac       0x27 ..\obj\ff.o
 *fill*         0x20000cd3        0x1 
 .bss           0x20000cd4       0x11 ..\obj\usbh_msc_bot.o
 *fill*         0x20000ce5        0x3 
 .bss           0x20000ce8       0x16 ..\obj\tm_stm32f4_gpio.o
 *fill*         0x20000cfe        0x2 
 .bss.__malloc_max_total_mem
                0x20000d00        0x4 c:/program files (x86)/gnu tools arm embedded/5.4 2016q3/bin/../lib/gcc/arm-none-eabi/5.4.1/../../../../arm-none-eabi/lib/armv7e-m\libg.a(lib_a-mallocr.o)
                0x20000d00                __malloc_max_total_mem
 .bss.__malloc_max_sbrked_mem
                0x20000d04        0x4 c:/program files (x86)/gnu tools arm embedded/5.4 2016q3/bin/../lib/gcc/arm-none-eabi/5.4.1/../../../../arm-none-eabi/lib/armv7e-m\libg.a(lib_a-mallocr.o)
                0x20000d04                __malloc_max_sbrked_mem
 .bss.__malloc_top_pad
                0x20000d08        0x4 c:/program files (x86)/gnu tools arm embedded/5.4 2016q3/bin/../lib/gcc/arm-none-eabi/5.4.1/../../../../arm-none-eabi/lib/armv7e-m\libg.a(lib_a-mallocr.o)
                0x20000d08                __malloc_top_pad
 .bss.__malloc_current_mallinfo
                0x20000d0c       0x28 c:/program files (x86)/gnu tools arm embedded/5.4 2016q3/bin/../lib/gcc/arm-none-eabi/5.4.1/../../../../arm-none-eabi/lib/armv7e-m\libg.a(lib_a-mallocr.o)
                0x20000d0c                __malloc_current_mallinfo
 *(COMMON)
 COMMON         0x20000d34     0xd35c ..\obj\mp3.o
                0x20000d34                mp3_buffer
                0x20005534                SD_Fs
                0x20005768                USB_Fs
                0x2000599c                hMP3Decoder
                0x200059a0                audio_help_buff
                0x200077f0                mp3_buffer2
                0x2000bff0                act_buff
                0x2000bff4                audio_buffer
                0x2000de44                errbr
                0x2000de48                bytes_left
                0x2000de4c                read_ptr
                0x2000de50                fil
                0x2000e074                mp3FrameInfo
 COMMON         0x2000e090      0x200 ..\obj\usbh_stdreq.o
                0x2000e090                USBH_CfgDesc
 COMMON         0x2000e290       0xc0 ..\obj\tm_stm32f4_usart.o
                0x2000e290                TM_UART5_Buffer
                0x2000e2b0                TM_USART6_Buffer
                0x2000e2d0                TM_USART3_Buffer
                0x2000e2f0                TM_USART2_Buffer
                0x2000e310                TM_USART1_Buffer
                0x2000e330                TM_UART4_Buffer
 COMMON         0x2000e350      0x214 ..\obj\usbh_msc_core.o
                0x2000e350                MSC_Machine
                0x2000e55c                MSC_Setup
 COMMON         0x2000e564        0x8 ..\obj\tm_stm32f4_delay.o
                0x2000e564                sys_delay
                0x2000e568                mult
 COMMON         0x2000e56c      0x410 ..\obj\usbh_msc_scsi.o
                0x2000e56c                USBH_DataInBuffer
                0x2000e76c                USBH_MSC_Param
                0x2000e77c                USBH_DataOutBuffer
 COMMON         0x2000e97c      0x6f8 ..\obj\tm_stm32f4_usb_msc_host.o
                0x2000e97c                USB_OTG_MSC_Core
                0x2000ef28                TM_USB_MSCHOST_INT_Result
                0x2000ef2c                USB_Host
 COMMON         0x2000f074       0x40 ..\obj\usbh_msc_bot.o
                0x2000f074                USBH_MSC_CSWData
                0x2000f084                USBH_MSC_BOTXferParam
                0x2000f094                USBH_MSC_CBWData
 COMMON         0x2000f0b4        0x4 c:/program files (x86)/gnu tools arm embedded/5.4 2016q3/bin/../lib/gcc/arm-none-eabi/5.4.1/../../../../arm-none-eabi/lib/armv7e-m\libg.a(lib_a-reent.o)
                0x2000f0b4                errno
                0x2000f0b8                . = ALIGN (0x4)
                0x2000f0b8                __bss_end__ = .
                0x2000f0b8                _ebss = __bss_end__

.heap           0x2000f0b8        0x0
                0x2000f0b8                __end__ = .
                0x2000f0b8                _end = __end__
                0x2000f0b8                end = __end__
 *(.heap*)
                0x2000f0b8                __HeapLimit = .

.co_stack       0x2000f0b8      0x800 load address 0x0801b0ec
                0x2000f0b8                . = ALIGN (0x8)
 *(.co_stack .co_stack.*)
 .co_stack      0x2000f0b8      0x800 ..\obj\startup_stm32f4xx.o
                0x2000f0b8                pulStack
                0x20020000                __StackTop = (ORIGIN (ram) + LENGTH (ram))
                0x2001f800                __StackLimit = (__StackTop - SIZEOF (.co_stack))
                [!provide]                PROVIDE (__stack, __StackTop)
                0x00000001                ASSERT ((__StackLimit >= __HeapLimit), region ram  overflowed with stack)
LOAD ..\obj\tm_stm32f4_fatfs.o
LOAD ..\obj\unicode.o
LOAD ..\obj\stm32f4xx_syscfg.o
LOAD ..\obj\usb_core.o
LOAD ..\obj\dqchan.o
LOAD ..\obj\scalfact.o
LOAD ..\obj\pcm.o
LOAD ..\obj\i2c.o
LOAD ..\obj\mp3.o
LOAD ..\obj\bitstream.o
LOAD ..\obj\dequant.o
LOAD ..\obj\tm_stm32f4_exti.o
LOAD ..\obj\hufftabs.o
LOAD ..\obj\imdct.o
LOAD ..\obj\timer.o
LOAD ..\obj\usbh_hcs.o
LOAD ..\obj\stm32f4xx_usart.o
LOAD ..\obj\usbh_stdreq.o
LOAD ..\obj\mp3tabs.o
LOAD ..\obj\str.o
LOAD ..\obj\subband.o
LOAD ..\obj\diskio.o
LOAD ..\obj\startup_stm32f4xx.o
LOAD ..\obj\fatfs_usb.o
LOAD ..\obj\mp3dec.o
LOAD ..\obj\main.o
LOAD ..\obj\stm32f4xx_rcc.o
LOAD ..\obj\tm_stm32f4_usart.o
LOAD ..\obj\tm_stm32f4_rotary_encoder.o
LOAD ..\obj\fatfs_sd.o
LOAD ..\obj\usbh_msc_core.o
LOAD ..\obj\bt.o
LOAD ..\obj\gpio.o
LOAD ..\obj\tm_stm32f4_delay.o
LOAD ..\obj\file.o
LOAD ..\obj\syscall.o
LOAD ..\obj\tm_stm32f4_spi.o
LOAD ..\obj\menu.o
LOAD ..\obj\usbh_core.o
LOAD ..\obj\stm32f4xx_gpio.o
LOAD ..\obj\usbh_msc_scsi.o
LOAD ..\obj\system_stm32f4xx.o
LOAD ..\obj\DMA.o
LOAD ..\obj\syscalls.o
LOAD ..\obj\stm32f4xx_dma.o
LOAD ..\obj\usbh_usr.o
LOAD ..\obj\i2s.o
LOAD ..\obj\usb_bsp.o
LOAD ..\obj\tm_stm32f4_usb_msc_host.o
LOAD ..\obj\stproc.o
LOAD ..\obj\huffman.o
LOAD ..\obj\trigtabs_fixpt.o
LOAD ..\obj\preamp.o
LOAD ..\obj\buffers.o
LOAD ..\obj\ff.o
LOAD ..\obj\usb_hcd.o
LOAD ..\obj\usbh_msc_bot.o
LOAD ..\obj\stm32f4xx_spi.o
LOAD ..\obj\dct32.o
LOAD ..\obj\stm32f4xx_i2c.o
LOAD ..\obj\stm32f4xx_exti.o
LOAD ..\obj\usbh_ioreq.o
LOAD ..\obj\misc.o
LOAD ..\obj\glcd.o
LOAD ..\obj\tm_stm32f4_gpio.o
LOAD ..\obj\polyphase.o
LOAD ..\obj\tm_stm32f4_timer_properties.o
LOAD ..\obj\stm32f4xx_tim.o
LOAD ..\obj\usb_hcd_int.o
START GROUP
LOAD c:/program files (x86)/gnu tools arm embedded/5.4 2016q3/bin/../lib/gcc/arm-none-eabi/5.4.1/armv7e-m\libgcc.a
LOAD c:/program files (x86)/gnu tools arm embedded/5.4 2016q3/bin/../lib/gcc/arm-none-eabi/5.4.1/../../../../arm-none-eabi/lib/armv7e-m\libg.a
LOAD c:/program files (x86)/gnu tools arm embedded/5.4 2016q3/bin/../lib/gcc/arm-none-eabi/5.4.1/../../../../arm-none-eabi/lib/armv7e-m\libc.a
END GROUP
OUTPUT(AmpNew.elf elf32-littlearm)

.debug_info     0x00000000    0x21782
 .debug_info    0x00000000     0x1f0f ..\obj\usb_core.o
 .debug_info    0x00001f0f      0x312 ..\obj\i2c.o
 .debug_info    0x00002221      0x79b ..\obj\mp3.o
 .debug_info    0x000029bc      0x8d2 ..\obj\tm_stm32f4_exti.o
 .debug_info    0x0000328e      0x707 ..\obj\timer.o
 .debug_info    0x00003995      0xadd ..\obj\usbh_hcs.o
 .debug_info    0x00004472      0x9ca ..\obj\stm32f4xx_usart.o
 .debug_info    0x00004e3c     0x1777 ..\obj\usbh_stdreq.o
 .debug_info    0x000065b3      0x121 ..\obj\str.o
 .debug_info    0x000066d4      0x8b5 ..\obj\diskio.o
 .debug_info    0x00006f89       0xf2 ..\obj\startup_stm32f4xx.o
 .debug_info    0x0000707b     0x146d ..\obj\fatfs_usb.o
 .debug_info    0x000084e8      0x249 ..\obj\main.o
 .debug_info    0x00008731      0xc63 ..\obj\stm32f4xx_rcc.o
 .debug_info    0x00009394      0xf35 ..\obj\tm_stm32f4_usart.o
 .debug_info    0x0000a2c9      0x40c ..\obj\tm_stm32f4_rotary_encoder.o
 .debug_info    0x0000a6d5      0x8bd ..\obj\fatfs_sd.o
 .debug_info    0x0000af92     0x1597 ..\obj\usbh_msc_core.o
 .debug_info    0x0000c529      0x212 ..\obj\bt.o
 .debug_info    0x0000c73b      0x391 ..\obj\gpio.o
 .debug_info    0x0000cacc      0xa53 ..\obj\tm_stm32f4_delay.o
 .debug_info    0x0000d51f      0x48c ..\obj\file.o
 .debug_info    0x0000d9ab      0xa59 ..\obj\tm_stm32f4_spi.o
 .debug_info    0x0000e404      0x62d ..\obj\menu.o
 .debug_info    0x0000ea31     0x14d1 ..\obj\usbh_core.o
 .debug_info    0x0000ff02      0x61a ..\obj\stm32f4xx_gpio.o
 .debug_info    0x0001051c      0xe13 ..\obj\usbh_msc_scsi.o
 .debug_info    0x0001132f      0x5c5 ..\obj\system_stm32f4xx.o
 .debug_info    0x000118f4      0x5e7 ..\obj\DMA.o
 .debug_info    0x00011edb      0x458 ..\obj\syscalls.o
 .debug_info    0x00012333      0x741 ..\obj\stm32f4xx_dma.o
 .debug_info    0x00012a74      0x677 ..\obj\usbh_usr.o
 .debug_info    0x000130eb      0x593 ..\obj\i2s.o
 .debug_info    0x0001367e      0xe89 ..\obj\usb_bsp.o
 .debug_info    0x00014507     0x12d9 ..\obj\tm_stm32f4_usb_msc_host.o
 .debug_info    0x000157e0      0x4d4 ..\obj\preamp.o
 .debug_info    0x00015cb4     0x2168 ..\obj\ff.o
 .debug_info    0x00017e1c      0xc30 ..\obj\usb_hcd.o
 .debug_info    0x00018a4c     0x1620 ..\obj\usbh_msc_bot.o
 .debug_info    0x0001a06c      0xb0f ..\obj\stm32f4xx_spi.o
 .debug_info    0x0001ab7b      0xb00 ..\obj\stm32f4xx_i2c.o
 .debug_info    0x0001b67b     0x1563 ..\obj\usbh_ioreq.o
 .debug_info    0x0001cbde      0x556 ..\obj\misc.o
 .debug_info    0x0001d134      0x46a ..\obj\glcd.o
 .debug_info    0x0001d59e      0x83d ..\obj\tm_stm32f4_gpio.o
 .debug_info    0x0001dddb     0x1c69 ..\obj\stm32f4xx_tim.o
 .debug_info    0x0001fa44     0x1d3e ..\obj\usb_hcd_int.o

.debug_abbrev   0x00000000     0x4eae
 .debug_abbrev  0x00000000      0x2c1 ..\obj\usb_core.o
 .debug_abbrev  0x000002c1      0x112 ..\obj\i2c.o
 .debug_abbrev  0x000003d3      0x1fa ..\obj\mp3.o
 .debug_abbrev  0x000005cd      0x1b3 ..\obj\tm_stm32f4_exti.o
 .debug_abbrev  0x00000780      0x121 ..\obj\timer.o
 .debug_abbrev  0x000008a1      0x1ba ..\obj\usbh_hcs.o
 .debug_abbrev  0x00000a5b      0x157 ..\obj\stm32f4xx_usart.o
 .debug_abbrev  0x00000bb2      0x2a1 ..\obj\usbh_stdreq.o
 .debug_abbrev  0x00000e53       0xa8 ..\obj\str.o
 .debug_abbrev  0x00000efb      0x1ab ..\obj\diskio.o
 .debug_abbrev  0x000010a6       0xb0 ..\obj\startup_stm32f4xx.o
 .debug_abbrev  0x00001156      0x267 ..\obj\fatfs_usb.o
 .debug_abbrev  0x000013bd      0x109 ..\obj\main.o
 .debug_abbrev  0x000014c6      0x1e5 ..\obj\stm32f4xx_rcc.o
 .debug_abbrev  0x000016ab      0x25b ..\obj\tm_stm32f4_usart.o
 .debug_abbrev  0x00001906      0x142 ..\obj\tm_stm32f4_rotary_encoder.o
 .debug_abbrev  0x00001a48      0x28c ..\obj\fatfs_sd.o
 .debug_abbrev  0x00001cd4      0x283 ..\obj\usbh_msc_core.o
 .debug_abbrev  0x00001f57       0xe7 ..\obj\bt.o
 .debug_abbrev  0x0000203e      0x101 ..\obj\gpio.o
 .debug_abbrev  0x0000213f      0x2b5 ..\obj\tm_stm32f4_delay.o
 .debug_abbrev  0x000023f4      0x140 ..\obj\file.o
 .debug_abbrev  0x00002534      0x1e6 ..\obj\tm_stm32f4_spi.o
 .debug_abbrev  0x0000271a      0x1a6 ..\obj\menu.o
 .debug_abbrev  0x000028c0      0x294 ..\obj\usbh_core.o
 .debug_abbrev  0x00002b54      0x1a7 ..\obj\stm32f4xx_gpio.o
 .debug_abbrev  0x00002cfb      0x1de ..\obj\usbh_msc_scsi.o
 .debug_abbrev  0x00002ed9      0x138 ..\obj\system_stm32f4xx.o
 .debug_abbrev  0x00003011      0x173 ..\obj\DMA.o
 .debug_abbrev  0x00003184       0xe5 ..\obj\syscalls.o
 .debug_abbrev  0x00003269      0x157 ..\obj\stm32f4xx_dma.o
 .debug_abbrev  0x000033c0      0x15d ..\obj\usbh_usr.o
 .debug_abbrev  0x0000351d      0x117 ..\obj\i2s.o
 .debug_abbrev  0x00003634      0x209 ..\obj\usb_bsp.o
 .debug_abbrev  0x0000383d      0x215 ..\obj\tm_stm32f4_usb_msc_host.o
 .debug_abbrev  0x00003a52      0x120 ..\obj\preamp.o
 .debug_abbrev  0x00003b72      0x209 ..\obj\ff.o
 .debug_abbrev  0x00003d7b      0x1cf ..\obj\usb_hcd.o
 .debug_abbrev  0x00003f4a      0x246 ..\obj\usbh_msc_bot.o
 .debug_abbrev  0x00004190      0x169 ..\obj\stm32f4xx_spi.o
 .debug_abbrev  0x000042f9      0x166 ..\obj\stm32f4xx_i2c.o
 .debug_abbrev  0x0000445f      0x224 ..\obj\usbh_ioreq.o
 .debug_abbrev  0x00004683      0x147 ..\obj\misc.o
 .debug_abbrev  0x000047ca      0x181 ..\obj\glcd.o
 .debug_abbrev  0x0000494b      0x151 ..\obj\tm_stm32f4_gpio.o
 .debug_abbrev  0x00004a9c      0x189 ..\obj\stm32f4xx_tim.o
 .debug_abbrev  0x00004c25      0x289 ..\obj\usb_hcd_int.o

.debug_aranges  0x00000000     0x1928
 .debug_aranges
                0x00000000      0x100 ..\obj\usb_core.o
 .debug_aranges
                0x00000100       0x38 ..\obj\i2c.o
 .debug_aranges
                0x00000138       0x40 ..\obj\mp3.o
 .debug_aranges
                0x00000178       0x68 ..\obj\tm_stm32f4_exti.o
 .debug_aranges
                0x000001e0       0x40 ..\obj\timer.o
 .debug_aranges
                0x00000220       0x48 ..\obj\usbh_hcs.o
 .debug_aranges
                0x00000268      0x100 ..\obj\stm32f4xx_usart.o
 .debug_aranges
                0x00000368       0x88 ..\obj\usbh_stdreq.o
 .debug_aranges
                0x000003f0       0x38 ..\obj\str.o
 .debug_aranges
                0x00000428      0x118 ..\obj\diskio.o
 .debug_aranges
                0x00000540       0x28 ..\obj\startup_stm32f4xx.o
 .debug_aranges
                0x00000568       0x40 ..\obj\fatfs_usb.o
 .debug_aranges
                0x000005a8       0x20 ..\obj\main.o
 .debug_aranges
                0x000005c8      0x178 ..\obj\stm32f4xx_rcc.o
 .debug_aranges
                0x00000740       0xf8 ..\obj\tm_stm32f4_usart.o
 .debug_aranges
                0x00000838       0x38 ..\obj\tm_stm32f4_rotary_encoder.o
 .debug_aranges
                0x00000870       0xb0 ..\obj\fatfs_sd.o
 .debug_aranges
                0x00000920       0x50 ..\obj\usbh_msc_core.o
 .debug_aranges
                0x00000970       0x20 ..\obj\bt.o
 .debug_aranges
                0x00000990       0x30 ..\obj\gpio.o
 .debug_aranges
                0x000009c0       0x80 ..\obj\tm_stm32f4_delay.o
 .debug_aranges
                0x00000a40       0x28 ..\obj\file.o
 .debug_aranges
                0x00000a68       0x88 ..\obj\tm_stm32f4_spi.o
 .debug_aranges
                0x00000af0       0x40 ..\obj\menu.o
 .debug_aranges
                0x00000b30       0x60 ..\obj\usbh_core.o
 .debug_aranges
                0x00000b90       0x88 ..\obj\stm32f4xx_gpio.o
 .debug_aranges
                0x00000c18       0x48 ..\obj\usbh_msc_scsi.o
 .debug_aranges
                0x00000c60       0x30 ..\obj\system_stm32f4xx.o
 .debug_aranges
                0x00000c90       0x30 ..\obj\DMA.o
 .debug_aranges
                0x00000cc0       0x60 ..\obj\syscalls.o
 .debug_aranges
                0x00000d20       0xb0 ..\obj\stm32f4xx_dma.o
 .debug_aranges
                0x00000dd0       0xa8 ..\obj\usbh_usr.o
 .debug_aranges
                0x00000e78       0x28 ..\obj\i2s.o
 .debug_aranges
                0x00000ea0       0x58 ..\obj\usb_bsp.o
 .debug_aranges
                0x00000ef8       0x38 ..\obj\tm_stm32f4_usb_msc_host.o
 .debug_aranges
                0x00000f30       0x48 ..\obj\preamp.o
 .debug_aranges
                0x00000f78      0x200 ..\obj\ff.o
 .debug_aranges
                0x00001178       0x68 ..\obj\usb_hcd.o
 .debug_aranges
                0x000011e0       0x38 ..\obj\usbh_msc_bot.o
 .debug_aranges
                0x00001218       0xe0 ..\obj\stm32f4xx_spi.o
 .debug_aranges
                0x000012f8      0x120 ..\obj\stm32f4xx_i2c.o
 .debug_aranges
                0x00001418       0x70 ..\obj\usbh_ioreq.o
 .debug_aranges
                0x00001488       0x40 ..\obj\misc.o
 .debug_aranges
                0x000014c8       0x60 ..\obj\glcd.o
 .debug_aranges
                0x00001528       0x98 ..\obj\tm_stm32f4_gpio.o
 .debug_aranges
                0x000015c0      0x2f8 ..\obj\stm32f4xx_tim.o
 .debug_aranges
                0x000018b8       0x70 ..\obj\usb_hcd_int.o

.debug_ranges   0x00000000     0x1638
 .debug_ranges  0x00000000       0xf0 ..\obj\usb_core.o
 .debug_ranges  0x000000f0       0x28 ..\obj\i2c.o
 .debug_ranges  0x00000118       0x30 ..\obj\mp3.o
 .debug_ranges  0x00000148       0x58 ..\obj\tm_stm32f4_exti.o
 .debug_ranges  0x000001a0       0x30 ..\obj\timer.o
 .debug_ranges  0x000001d0       0x38 ..\obj\usbh_hcs.o
 .debug_ranges  0x00000208       0xf0 ..\obj\stm32f4xx_usart.o
 .debug_ranges  0x000002f8       0x78 ..\obj\usbh_stdreq.o
 .debug_ranges  0x00000370       0x28 ..\obj\str.o
 .debug_ranges  0x00000398      0x108 ..\obj\diskio.o
 .debug_ranges  0x000004a0       0x18 ..\obj\startup_stm32f4xx.o
 .debug_ranges  0x000004b8       0x30 ..\obj\fatfs_usb.o
 .debug_ranges  0x000004e8       0x10 ..\obj\main.o
 .debug_ranges  0x000004f8      0x168 ..\obj\stm32f4xx_rcc.o
 .debug_ranges  0x00000660       0xe8 ..\obj\tm_stm32f4_usart.o
 .debug_ranges  0x00000748       0x28 ..\obj\tm_stm32f4_rotary_encoder.o
 .debug_ranges  0x00000770       0xa0 ..\obj\fatfs_sd.o
 .debug_ranges  0x00000810       0x40 ..\obj\usbh_msc_core.o
 .debug_ranges  0x00000850       0x10 ..\obj\bt.o
 .debug_ranges  0x00000860       0x20 ..\obj\gpio.o
 .debug_ranges  0x00000880       0x70 ..\obj\tm_stm32f4_delay.o
 .debug_ranges  0x000008f0       0x18 ..\obj\file.o
 .debug_ranges  0x00000908       0x78 ..\obj\tm_stm32f4_spi.o
 .debug_ranges  0x00000980       0x30 ..\obj\menu.o
 .debug_ranges  0x000009b0       0x50 ..\obj\usbh_core.o
 .debug_ranges  0x00000a00       0x78 ..\obj\stm32f4xx_gpio.o
 .debug_ranges  0x00000a78       0x38 ..\obj\usbh_msc_scsi.o
 .debug_ranges  0x00000ab0       0x20 ..\obj\system_stm32f4xx.o
 .debug_ranges  0x00000ad0       0x20 ..\obj\DMA.o
 .debug_ranges  0x00000af0       0x50 ..\obj\syscalls.o
 .debug_ranges  0x00000b40       0xa0 ..\obj\stm32f4xx_dma.o
 .debug_ranges  0x00000be0       0x98 ..\obj\usbh_usr.o
 .debug_ranges  0x00000c78       0x18 ..\obj\i2s.o
 .debug_ranges  0x00000c90       0x48 ..\obj\usb_bsp.o
 .debug_ranges  0x00000cd8       0x28 ..\obj\tm_stm32f4_usb_msc_host.o
 .debug_ranges  0x00000d00       0x38 ..\obj\preamp.o
 .debug_ranges  0x00000d38      0x1f0 ..\obj\ff.o
 .debug_ranges  0x00000f28       0x58 ..\obj\usb_hcd.o
 .debug_ranges  0x00000f80       0x28 ..\obj\usbh_msc_bot.o
 .debug_ranges  0x00000fa8       0xd0 ..\obj\stm32f4xx_spi.o
 .debug_ranges  0x00001078      0x110 ..\obj\stm32f4xx_i2c.o
 .debug_ranges  0x00001188       0x60 ..\obj\usbh_ioreq.o
 .debug_ranges  0x000011e8       0x30 ..\obj\misc.o
 .debug_ranges  0x00001218       0x50 ..\obj\glcd.o
 .debug_ranges  0x00001268       0x88 ..\obj\tm_stm32f4_gpio.o
 .debug_ranges  0x000012f0      0x2e8 ..\obj\stm32f4xx_tim.o
 .debug_ranges  0x000015d8       0x60 ..\obj\usb_hcd_int.o

.debug_line     0x00000000     0xaa7e
 .debug_line    0x00000000      0x5dd ..\obj\usb_core.o
 .debug_line    0x000005dd      0x23f ..\obj\i2c.o
 .debug_line    0x0000081c      0x312 ..\obj\mp3.o
 .debug_line    0x00000b2e      0x32c ..\obj\tm_stm32f4_exti.o
 .debug_line    0x00000e5a      0x24d ..\obj\timer.o
 .debug_line    0x000010a7      0x23a ..\obj\usbh_hcs.o
 .debug_line    0x000012e1      0x4bd ..\obj\stm32f4xx_usart.o
 .debug_line    0x0000179e      0x374 ..\obj\usbh_stdreq.o
 .debug_line    0x00001b12       0xb6 ..\obj\str.o
 .debug_line    0x00001bc8      0x422 ..\obj\diskio.o
 .debug_line    0x00001fea       0x9a ..\obj\startup_stm32f4xx.o
 .debug_line    0x00002084      0x2ed ..\obj\fatfs_usb.o
 .debug_line    0x00002371      0x1fe ..\obj\main.o
 .debug_line    0x0000256f      0x5a9 ..\obj\stm32f4xx_rcc.o
 .debug_line    0x00002b18      0x521 ..\obj\tm_stm32f4_usart.o
 .debug_line    0x00003039      0x24c ..\obj\tm_stm32f4_rotary_encoder.o
 .debug_line    0x00003285      0x5d9 ..\obj\fatfs_sd.o
 .debug_line    0x0000385e      0x2f4 ..\obj\usbh_msc_core.o
 .debug_line    0x00003b52      0x1ac ..\obj\bt.o
 .debug_line    0x00003cfe      0x246 ..\obj\gpio.o
 .debug_line    0x00003f44      0x36b ..\obj\tm_stm32f4_delay.o
 .debug_line    0x000042af      0x1f3 ..\obj\file.o
 .debug_line    0x000044a2      0x47e ..\obj\tm_stm32f4_spi.o
 .debug_line    0x00004920      0x291 ..\obj\menu.o
 .debug_line    0x00004bb1      0x3c8 ..\obj\usbh_core.o
 .debug_line    0x00004f79      0x364 ..\obj\stm32f4xx_gpio.o
 .debug_line    0x000052dd      0x395 ..\obj\usbh_msc_scsi.o
 .debug_line    0x00005672      0x1f4 ..\obj\system_stm32f4xx.o
 .debug_line    0x00005866      0x21a ..\obj\DMA.o
 .debug_line    0x00005a80      0x1dc ..\obj\syscalls.o
 .debug_line    0x00005c5c      0x42e ..\obj\stm32f4xx_dma.o
 .debug_line    0x0000608a      0x306 ..\obj\usbh_usr.o
 .debug_line    0x00006390      0x208 ..\obj\i2s.o
 .debug_line    0x00006598      0x2b1 ..\obj\usb_bsp.o
 .debug_line    0x00006849      0x260 ..\obj\tm_stm32f4_usb_msc_host.o
 .debug_line    0x00006aa9      0x2c1 ..\obj\preamp.o
 .debug_line    0x00006d6a     0x13f4 ..\obj\ff.o
 .debug_line    0x0000815e      0x262 ..\obj\usb_hcd.o
 .debug_line    0x000083c0      0x31e ..\obj\usbh_msc_bot.o
 .debug_line    0x000086de      0x45d ..\obj\stm32f4xx_spi.o
 .debug_line    0x00008b3b      0x4ef ..\obj\stm32f4xx_i2c.o
 .debug_line    0x0000902a      0x2b9 ..\obj\usbh_ioreq.o
 .debug_line    0x000092e3      0x242 ..\obj\misc.o
 .debug_line    0x00009525      0x325 ..\obj\glcd.o
 .debug_line    0x0000984a      0x372 ..\obj\tm_stm32f4_gpio.o
 .debug_line    0x00009bbc      0xac5 ..\obj\stm32f4xx_tim.o
 .debug_line    0x0000a681      0x3fd ..\obj\usb_hcd_int.o

.debug_str      0x00000000     0x7ea6
 .debug_str     0x00000000      0xfa8 ..\obj\usb_core.o
                               0x124a (size before relaxing)
 .debug_str     0x00000fa8      0x150 ..\obj\i2c.o
                                0x2c9 (size before relaxing)
 .debug_str     0x000010f8      0x58b ..\obj\mp3.o
                                0x6f2 (size before relaxing)
 .debug_str     0x00001683      0x963 ..\obj\tm_stm32f4_exti.o
                                0xb29 (size before relaxing)
 .debug_str     0x00001fe6      0x233 ..\obj\timer.o
                                0x981 (size before relaxing)
 .debug_str     0x00002219      0x138 ..\obj\usbh_hcs.o
                                0x7fa (size before relaxing)
 .debug_str     0x00002351      0x491 ..\obj\stm32f4xx_usart.o
                                0x688 (size before relaxing)
 .debug_str     0x000027e2      0xa6f ..\obj\usbh_stdreq.o
                               0x129c (size before relaxing)
 .debug_str     0x00003251       0x4f ..\obj\str.o
                                 0xe8 (size before relaxing)
 .debug_str     0x000032a0      0x3dd ..\obj\diskio.o
                                0x5c7 (size before relaxing)
 .debug_str     0x0000367d       0xa9 ..\obj\startup_stm32f4xx.o
                                0x140 (size before relaxing)
 .debug_str     0x00003726      0x232 ..\obj\fatfs_usb.o
                               0x1397 (size before relaxing)
 .debug_str     0x00003958       0x84 ..\obj\main.o
                                0x297 (size before relaxing)
 .debug_str     0x000039dc      0x525 ..\obj\stm32f4xx_rcc.o
                                0x849 (size before relaxing)
 .debug_str     0x00003f01      0x416 ..\obj\tm_stm32f4_usart.o
                                0xe57 (size before relaxing)
 .debug_str     0x00004317      0x178 ..\obj\tm_stm32f4_rotary_encoder.o
                                0x456 (size before relaxing)
 .debug_str     0x0000448f      0x1ca ..\obj\fatfs_sd.o
                                0x60b (size before relaxing)
 .debug_str     0x00004659      0x359 ..\obj\usbh_msc_core.o
                               0x1405 (size before relaxing)
 .debug_str     0x000049b2       0x4f ..\obj\bt.o
                                0x20d (size before relaxing)
 .debug_str     0x00004a01      0x1a5 ..\obj\gpio.o
                                0x41b (size before relaxing)
 .debug_str     0x00004ba6      0x2a0 ..\obj\tm_stm32f4_delay.o
                                0xa03 (size before relaxing)
 .debug_str     0x00004e46       0x70 ..\obj\file.o
                                0x3e0 (size before relaxing)
 .debug_str     0x00004eb6      0x2af ..\obj\tm_stm32f4_spi.o
                                0x718 (size before relaxing)
 .debug_str     0x00005165       0xc7 ..\obj\menu.o
                                0x47f (size before relaxing)
 .debug_str     0x0000522c      0x148 ..\obj\usbh_core.o
                               0x11e4 (size before relaxing)
 .debug_str     0x00005374      0x159 ..\obj\stm32f4xx_gpio.o
                                0x49c (size before relaxing)
 .debug_str     0x000054cd      0x213 ..\obj\usbh_msc_scsi.o
                                0xba1 (size before relaxing)
 .debug_str     0x000056e0       0xad ..\obj\system_stm32f4xx.o
                                0x3a3 (size before relaxing)
 .debug_str     0x0000578d       0xbb ..\obj\DMA.o
                                0x859 (size before relaxing)
 .debug_str     0x00005848      0x15a ..\obj\syscalls.o
                                0x327 (size before relaxing)
 .debug_str     0x000059a2      0x346 ..\obj\stm32f4xx_dma.o
                                0x53b (size before relaxing)
 .debug_str     0x00005ce8      0x242 ..\obj\usbh_usr.o
                                0x895 (size before relaxing)
 .debug_str     0x00005f2a       0x5b ..\obj\i2s.o
                                0x48f (size before relaxing)
 .debug_str     0x00005f85       0xe7 ..\obj\usb_bsp.o
                                0xef8 (size before relaxing)
 .debug_str     0x0000606c       0xb1 ..\obj\tm_stm32f4_usb_msc_host.o
                               0x129b (size before relaxing)
 .debug_str     0x0000611d      0x118 ..\obj\preamp.o
                                0x37a (size before relaxing)
 .debug_str     0x00006235      0x38f ..\obj\ff.o
                                0x740 (size before relaxing)
 .debug_str     0x000065c4       0xe1 ..\obj\usb_hcd.o
                                0x897 (size before relaxing)
 .debug_str     0x000066a5       0xf8 ..\obj\usbh_msc_bot.o
                               0x13fe (size before relaxing)
 .debug_str     0x0000679d      0x2cc ..\obj\stm32f4xx_spi.o
                                0x683 (size before relaxing)
 .debug_str     0x00006a69      0x325 ..\obj\stm32f4xx_i2c.o
                                0x65e (size before relaxing)
 .debug_str     0x00006d8e      0x115 ..\obj\usbh_ioreq.o
                               0x1169 (size before relaxing)
 .debug_str     0x00006ea3       0xfc ..\obj\misc.o
                                0x3c7 (size before relaxing)
 .debug_str     0x00006f9f       0xdf ..\obj\glcd.o
                                0x2dc (size before relaxing)
 .debug_str     0x0000707e      0x1ba ..\obj\tm_stm32f4_gpio.o
                                0x59a (size before relaxing)
 .debug_str     0x00007238      0x9f7 ..\obj\stm32f4xx_tim.o
                                0xdc9 (size before relaxing)
 .debug_str     0x00007c2f      0x277 ..\obj\usb_hcd_int.o
                                0xe9e (size before relaxing)

.comment        0x00000000       0x6e
 .comment       0x00000000       0x6e ..\obj\usb_core.o
                                 0x6f (size before relaxing)
 .comment       0x0000006e       0x6f ..\obj\i2c.o
 .comment       0x0000006e       0x6f ..\obj\mp3.o
 .comment       0x0000006e       0x6f ..\obj\tm_stm32f4_exti.o
 .comment       0x0000006e       0x6f ..\obj\timer.o
 .comment       0x0000006e       0x6f ..\obj\usbh_hcs.o
 .comment       0x0000006e       0x6f ..\obj\stm32f4xx_usart.o
 .comment       0x0000006e       0x6f ..\obj\usbh_stdreq.o
 .comment       0x0000006e       0x6f ..\obj\str.o
 .comment       0x0000006e       0x6f ..\obj\diskio.o
 .comment       0x0000006e       0x6f ..\obj\startup_stm32f4xx.o
 .comment       0x0000006e       0x6f ..\obj\fatfs_usb.o
 .comment       0x0000006e       0x6f ..\obj\main.o
 .comment       0x0000006e       0x6f ..\obj\stm32f4xx_rcc.o
 .comment       0x0000006e       0x6f ..\obj\tm_stm32f4_usart.o
 .comment       0x0000006e       0x6f ..\obj\tm_stm32f4_rotary_encoder.o
 .comment       0x0000006e       0x6f ..\obj\fatfs_sd.o
 .comment       0x0000006e       0x6f ..\obj\usbh_msc_core.o
 .comment       0x0000006e       0x6f ..\obj\bt.o
 .comment       0x0000006e       0x6f ..\obj\gpio.o
 .comment       0x0000006e       0x6f ..\obj\tm_stm32f4_delay.o
 .comment       0x0000006e       0x6f ..\obj\file.o
 .comment       0x0000006e       0x6f ..\obj\tm_stm32f4_spi.o
 .comment       0x0000006e       0x6f ..\obj\menu.o
 .comment       0x0000006e       0x6f ..\obj\usbh_core.o
 .comment       0x0000006e       0x6f ..\obj\stm32f4xx_gpio.o
 .comment       0x0000006e       0x6f ..\obj\usbh_msc_scsi.o
 .comment       0x0000006e       0x6f ..\obj\system_stm32f4xx.o
 .comment       0x0000006e       0x6f ..\obj\DMA.o
 .comment       0x0000006e       0x6f ..\obj\syscalls.o
 .comment       0x0000006e       0x6f ..\obj\stm32f4xx_dma.o
 .comment       0x0000006e       0x6f ..\obj\usbh_usr.o
 .comment       0x0000006e       0x6f ..\obj\i2s.o
 .comment       0x0000006e       0x6f ..\obj\usb_bsp.o
 .comment       0x0000006e       0x6f ..\obj\tm_stm32f4_usb_msc_host.o
 .comment       0x0000006e       0x6f ..\obj\preamp.o
 .comment       0x0000006e       0x6f ..\obj\ff.o
 .comment       0x0000006e       0x6f ..\obj\usb_hcd.o
 .comment       0x0000006e       0x6f ..\obj\usbh_msc_bot.o
 .comment       0x0000006e       0x6f ..\obj\stm32f4xx_spi.o
 .comment       0x0000006e       0x6f ..\obj\stm32f4xx_i2c.o
 .comment       0x0000006e       0x6f ..\obj\usbh_ioreq.o
 .comment       0x0000006e       0x6f ..\obj\misc.o
 .comment       0x0000006e       0x6f ..\obj\glcd.o
 .comment       0x0000006e       0x6f ..\obj\tm_stm32f4_gpio.o
 .comment       0x0000006e       0x6f ..\obj\stm32f4xx_tim.o
 .comment       0x0000006e       0x6f ..\obj\usb_hcd_int.o

.ARM.attributes
                0x00000000       0x31
 .ARM.attributes
                0x00000000       0x33 ..\obj\usb_core.o
 .ARM.attributes
                0x00000033       0x33 ..\obj\i2c.o
 .ARM.attributes
                0x00000066       0x33 ..\obj\mp3.o
 .ARM.attributes
                0x00000099       0x33 ..\obj\tm_stm32f4_exti.o
 .ARM.attributes
                0x000000cc       0x33 ..\obj\timer.o
 .ARM.attributes
                0x000000ff       0x33 ..\obj\usbh_hcs.o
 .ARM.attributes
                0x00000132       0x33 ..\obj\stm32f4xx_usart.o
 .ARM.attributes
                0x00000165       0x33 ..\obj\usbh_stdreq.o
 .ARM.attributes
                0x00000198       0x33 ..\obj\str.o
 .ARM.attributes
                0x000001cb       0x33 ..\obj\diskio.o
 .ARM.attributes
                0x000001fe       0x33 ..\obj\startup_stm32f4xx.o
 .ARM.attributes
                0x00000231       0x33 ..\obj\fatfs_usb.o
 .ARM.attributes
                0x00000264       0x33 ..\obj\main.o
 .ARM.attributes
                0x00000297       0x33 ..\obj\stm32f4xx_rcc.o
 .ARM.attributes
                0x000002ca       0x33 ..\obj\tm_stm32f4_usart.o
 .ARM.attributes
                0x000002fd       0x33 ..\obj\tm_stm32f4_rotary_encoder.o
 .ARM.attributes
                0x00000330       0x33 ..\obj\fatfs_sd.o
 .ARM.attributes
                0x00000363       0x33 ..\obj\usbh_msc_core.o
 .ARM.attributes
                0x00000396       0x33 ..\obj\bt.o
 .ARM.attributes
                0x000003c9       0x33 ..\obj\gpio.o
 .ARM.attributes
                0x000003fc       0x33 ..\obj\tm_stm32f4_delay.o
 .ARM.attributes
                0x0000042f       0x33 ..\obj\file.o
 .ARM.attributes
                0x00000462       0x33 ..\obj\tm_stm32f4_spi.o
 .ARM.attributes
                0x00000495       0x33 ..\obj\menu.o
 .ARM.attributes
                0x000004c8       0x33 ..\obj\usbh_core.o
 .ARM.attributes
                0x000004fb       0x33 ..\obj\stm32f4xx_gpio.o
 .ARM.attributes
                0x0000052e       0x33 ..\obj\usbh_msc_scsi.o
 .ARM.attributes
                0x00000561       0x33 ..\obj\system_stm32f4xx.o
 .ARM.attributes
                0x00000594       0x33 ..\obj\DMA.o
 .ARM.attributes
                0x000005c7       0x33 ..\obj\syscalls.o
 .ARM.attributes
                0x000005fa       0x33 ..\obj\stm32f4xx_dma.o
 .ARM.attributes
                0x0000062d       0x33 ..\obj\usbh_usr.o
 .ARM.attributes
                0x00000660       0x33 ..\obj\i2s.o
 .ARM.attributes
                0x00000693       0x33 ..\obj\usb_bsp.o
 .ARM.attributes
                0x000006c6       0x33 ..\obj\tm_stm32f4_usb_msc_host.o
 .ARM.attributes
                0x000006f9       0x33 ..\obj\preamp.o
 .ARM.attributes
                0x0000072c       0x33 ..\obj\ff.o
 .ARM.attributes
                0x0000075f       0x33 ..\obj\usb_hcd.o
 .ARM.attributes
                0x00000792       0x33 ..\obj\usbh_msc_bot.o
 .ARM.attributes
                0x000007c5       0x33 ..\obj\stm32f4xx_spi.o
 .ARM.attributes
                0x000007f8       0x33 ..\obj\stm32f4xx_i2c.o
 .ARM.attributes
                0x0000082b       0x33 ..\obj\usbh_ioreq.o
 .ARM.attributes
                0x0000085e       0x33 ..\obj\misc.o
 .ARM.attributes
                0x00000891       0x33 ..\obj\glcd.o
 .ARM.attributes
                0x000008c4       0x33 ..\obj\tm_stm32f4_gpio.o
 .ARM.attributes
                0x000008f7       0x33 ..\obj\stm32f4xx_tim.o
 .ARM.attributes
                0x0000092a       0x33 ..\obj\usb_hcd_int.o
 .ARM.attributes
                0x0000095d       0x2e c:/program files (x86)/gnu tools arm embedded/5.4 2016q3/bin/../lib/gcc/arm-none-eabi/5.4.1/../../../../arm-none-eabi/lib/armv7e-m\libg.a(lib_a-mallocr.o)
 .ARM.attributes
                0x0000098b       0x2e c:/program files (x86)/gnu tools arm embedded/5.4 2016q3/bin/../lib/gcc/arm-none-eabi/5.4.1/../../../../arm-none-eabi/lib/armv7e-m\libg.a(lib_a-memmove.o)
 .ARM.attributes
                0x000009b9       0x2e c:/program files (x86)/gnu tools arm embedded/5.4 2016q3/bin/../lib/gcc/arm-none-eabi/5.4.1/../../../../arm-none-eabi/lib/armv7e-m\libg.a(lib_a-mlock.o)
 .ARM.attributes
                0x000009e7       0x2e c:/program files (x86)/gnu tools arm embedded/5.4 2016q3/bin/../lib/gcc/arm-none-eabi/5.4.1/../../../../arm-none-eabi/lib/armv7e-m\libg.a(lib_a-realloc.o)
 .ARM.attributes
                0x00000a15       0x2e c:/program files (x86)/gnu tools arm embedded/5.4 2016q3/bin/../lib/gcc/arm-none-eabi/5.4.1/../../../../arm-none-eabi/lib/armv7e-m\libg.a(lib_a-reallocr.o)
 .ARM.attributes
                0x00000a43       0x2e c:/program files (x86)/gnu tools arm embedded/5.4 2016q3/bin/../lib/gcc/arm-none-eabi/5.4.1/../../../../arm-none-eabi/lib/armv7e-m\libg.a(lib_a-sbrkr.o)
 .ARM.attributes
                0x00000a71       0x2e c:/program files (x86)/gnu tools arm embedded/5.4 2016q3/bin/../lib/gcc/arm-none-eabi/5.4.1/../../../../arm-none-eabi/lib/armv7e-m\libg.a(lib_a-strcpy.o)
 .ARM.attributes
                0x00000a9f       0x2e c:/program files (x86)/gnu tools arm embedded/5.4 2016q3/bin/../lib/gcc/arm-none-eabi/5.4.1/../../../../arm-none-eabi/lib/armv7e-m\libg.a(lib_a-freer.o)
 .ARM.attributes
                0x00000acd       0x2e c:/program files (x86)/gnu tools arm embedded/5.4 2016q3/bin/../lib/gcc/arm-none-eabi/5.4.1/../../../../arm-none-eabi/lib/armv7e-m\libg.a(lib_a-impure.o)
 .ARM.attributes
                0x00000afb       0x2e c:/program files (x86)/gnu tools arm embedded/5.4 2016q3/bin/../lib/gcc/arm-none-eabi/5.4.1/../../../../arm-none-eabi/lib/armv7e-m\libg.a(lib_a-reent.o)

.debug_frame    0x00000000     0x6754
 .debug_frame   0x00000000      0x468 ..\obj\usb_core.o
 .debug_frame   0x00000468       0xa0 ..\obj\i2c.o
 .debug_frame   0x00000508       0xc4 ..\obj\mp3.o
 .debug_frame   0x000005cc      0x144 ..\obj\tm_stm32f4_exti.o
 .debug_frame   0x00000710       0xb4 ..\obj\timer.o
 .debug_frame   0x000007c4       0xf4 ..\obj\usbh_hcs.o
 .debug_frame   0x000008b8      0x490 ..\obj\stm32f4xx_usart.o
 .debug_frame   0x00000d48      0x220 ..\obj\usbh_stdreq.o
 .debug_frame   0x00000f68       0xb0 ..\obj\str.o
 .debug_frame   0x00001018      0x4a4 ..\obj\diskio.o
 .debug_frame   0x000014bc       0x4c ..\obj\startup_stm32f4xx.o
 .debug_frame   0x00001508       0xbc ..\obj\fatfs_usb.o
 .debug_frame   0x000015c4       0x30 ..\obj\main.o
 .debug_frame   0x000015f4      0x6d4 ..\obj\stm32f4xx_rcc.o
 .debug_frame   0x00001cc8      0x3ec ..\obj\tm_stm32f4_usart.o
 .debug_frame   0x000020b4       0xac ..\obj\tm_stm32f4_rotary_encoder.o
 .debug_frame   0x00002160      0x2a4 ..\obj\fatfs_sd.o
 .debug_frame   0x00002404      0x11c ..\obj\usbh_msc_core.o
 .debug_frame   0x00002520       0x34 ..\obj\bt.o
 .debug_frame   0x00002554       0x7c ..\obj\gpio.o
 .debug_frame   0x000025d0      0x1ec ..\obj\tm_stm32f4_delay.o
 .debug_frame   0x000027bc       0x58 ..\obj\file.o
 .debug_frame   0x00002814      0x228 ..\obj\tm_stm32f4_spi.o
 .debug_frame   0x00002a3c       0xb8 ..\obj\menu.o
 .debug_frame   0x00002af4      0x16c ..\obj\usbh_core.o
 .debug_frame   0x00002c60      0x23c ..\obj\stm32f4xx_gpio.o
 .debug_frame   0x00002e9c       0xe8 ..\obj\usbh_msc_scsi.o
 .debug_frame   0x00002f84       0x7c ..\obj\system_stm32f4xx.o
 .debug_frame   0x00003000       0x78 ..\obj\DMA.o
 .debug_frame   0x00003078      0x168 ..\obj\syscalls.o
 .debug_frame   0x000031e0      0x308 ..\obj\stm32f4xx_dma.o
 .debug_frame   0x000034e8      0x280 ..\obj\usbh_usr.o