Archive member included to satisfy reference by file (symbol)

c:/program files (x86)/gnu tools arm embedded/5.4 2016q3/bin/../lib/gcc/arm-none-eabi/5.4.1/armv7e-m\libgcc.a(_arm_addsubdf3.o)
                              ..\obj\tm_stm32f4_fatfs.o (__aeabi_ui2d)
c:/program files (x86)/gnu tools arm embedded/5.4 2016q3/bin/../lib/gcc/arm-none-eabi/5.4.1/armv7e-m\libgcc.a(_arm_muldivdf3.o)
                              ..\obj\tm_stm32f4_fatfs.o (__aeabi_dmul)
c:/program files (x86)/gnu tools arm embedded/5.4 2016q3/bin/../lib/gcc/arm-none-eabi/5.4.1/armv7e-m\libgcc.a(_arm_cmpdf2.o)
                              ..\obj\tm_stm32f4_timer_properties.o (__aeabi_dcmpeq)
c:/program files (x86)/gnu tools arm embedded/5.4 2016q3/bin/../lib/gcc/arm-none-eabi/5.4.1/armv7e-m\libgcc.a(_arm_fixunsdfsi.o)
                              ..\obj\tm_stm32f4_fatfs.o (__aeabi_d2uiz)
c:/program files (x86)/gnu tools arm embedded/5.4 2016q3/bin/../lib/gcc/arm-none-eabi/5.4.1/../../../../arm-none-eabi/lib/armv7e-m\libg.a(lib_a-malloc.o)
                              ..\obj\tm_stm32f4_fatfs.o (malloc)
c:/program files (x86)/gnu tools arm embedded/5.4 2016q3/bin/../lib/gcc/arm-none-eabi/5.4.1/../../../../arm-none-eabi/lib/armv7e-m\libg.a(lib_a-mallocr.o)
                              c:/program files (x86)/gnu tools arm embedded/5.4 2016q3/bin/../lib/gcc/arm-none-eabi/5.4.1/../../../../arm-none-eabi/lib/armv7e-m\libg.a(lib_a-malloc.o) (_malloc_r)
c:/program files (x86)/gnu tools arm embedded/5.4 2016q3/bin/../lib/gcc/arm-none-eabi/5.4.1/../../../../arm-none-eabi/lib/armv7e-m\libg.a(lib_a-memcpy.o)
                              ..\obj\mp3.o (memcpy)
c:/program files (x86)/gnu tools arm embedded/5.4 2016q3/bin/../lib/gcc/arm-none-eabi/5.4.1/../../../../arm-none-eabi/lib/armv7e-m\libg.a(lib_a-memmove.o)
                              ..\obj\mp3dec.o (memmove)
c:/program files (x86)/gnu tools arm embedded/5.4 2016q3/bin/../lib/gcc/arm-none-eabi/5.4.1/../../../../arm-none-eabi/lib/armv7e-m\libg.a(lib_a-memset.o)
                              ..\obj\mp3dec.o (memset)
c:/program files (x86)/gnu tools arm embedded/5.4 2016q3/bin/../lib/gcc/arm-none-eabi/5.4.1/../../../../arm-none-eabi/lib/armv7e-m\libg.a(lib_a-mlock.o)
                              c:/program files (x86)/gnu tools arm embedded/5.4 2016q3/bin/../lib/gcc/arm-none-eabi/5.4.1/../../../../arm-none-eabi/lib/armv7e-m\libg.a(lib_a-mallocr.o) (__malloc_lock)
c:/program files (x86)/gnu tools arm embedded/5.4 2016q3/bin/../lib/gcc/arm-none-eabi/5.4.1/../../../../arm-none-eabi/lib/armv7e-m\libg.a(lib_a-sbrkr.o)
                              c:/program files (x86)/gnu tools arm embedded/5.4 2016q3/bin/../lib/gcc/arm-none-eabi/5.4.1/../../../../arm-none-eabi/lib/armv7e-m\libg.a(lib_a-mallocr.o) (_sbrk_r)
c:/program files (x86)/gnu tools arm embedded/5.4 2016q3/bin/../lib/gcc/arm-none-eabi/5.4.1/../../../../arm-none-eabi/lib/armv7e-m\libg.a(lib_a-sprintf.o)
                              ..\obj\tm_stm32f4_fatfs.o (sprintf)
c:/program files (x86)/gnu tools arm embedded/5.4 2016q3/bin/../lib/gcc/arm-none-eabi/5.4.1/../../../../arm-none-eabi/lib/armv7e-m\libg.a(lib_a-strcpy.o)
                              ..\obj\tm_stm32f4_fatfs.o (strcpy)
c:/program files (x86)/gnu tools arm embedded/5.4 2016q3/bin/../lib/gcc/arm-none-eabi/5.4.1/../../../../arm-none-eabi/lib/armv7e-m\libg.a(lib_a-strlen.o)
                              ..\obj\tm_stm32f4_fatfs.o (strlen)
c:/program files (x86)/gnu tools arm embedded/5.4 2016q3/bin/../lib/gcc/arm-none-eabi/5.4.1/../../../../arm-none-eabi/lib/armv7e-m\libg.a(lib_a-svfprintf.o)
                              c:/program files (x86)/gnu tools arm embedded/5.4 2016q3/bin/../lib/gcc/arm-none-eabi/5.4.1/../../../../arm-none-eabi/lib/armv7e-m\libg.a(lib_a-sprintf.o) (_svfprintf_r)
c:/program files (x86)/gnu tools arm embedded/5.4 2016q3/bin/../lib/gcc/arm-none-eabi/5.4.1/../../../../arm-none-eabi/lib/armv7e-m\libg.a(lib_a-dtoa.o)
                              c:/program files (x86)/gnu tools arm embedded/5.4 2016q3/bin/../lib/gcc/arm-none-eabi/5.4.1/../../../../arm-none-eabi/lib/armv7e-m\libg.a(lib_a-svfprintf.o) (_dtoa_r)
c:/program files (x86)/gnu tools arm embedded/5.4 2016q3/bin/../lib/gcc/arm-none-eabi/5.4.1/../../../../arm-none-eabi/lib/armv7e-m\libg.a(lib_a-freer.o)
                              c:/program files (x86)/gnu tools arm embedded/5.4 2016q3/bin/../lib/gcc/arm-none-eabi/5.4.1/../../../../arm-none-eabi/lib/armv7e-m\libg.a(lib_a-malloc.o) (_free_r)
c:/program files (x86)/gnu tools arm embedded/5.4 2016q3/bin/../lib/gcc/arm-none-eabi/5.4.1/../../../../arm-none-eabi/lib/armv7e-m\libg.a(lib_a-impure.o)
                              c:/program files (x86)/gnu tools arm embedded/5.4 2016q3/bin/../lib/gcc/arm-none-eabi/5.4.1/../../../../arm-none-eabi/lib/armv7e-m\libg.a(lib_a-malloc.o) (_impure_ptr)
c:/program files (x86)/gnu tools arm embedded/5.4 2016q3/bin/../lib/gcc/arm-none-eabi/5.4.1/../../../../arm-none-eabi/lib/armv7e-m\libg.a(lib_a-localeconv.o)
[...]
Memory Configuration

Name             Origin             Length             Attributes
rom              0x08000000         0x00100000         xr
ram              0x20000000         0x00020000         xrw
ram1             0x10000000         0x00010000         xrw
*default*        0x00000000         0xffffffff

Linker script and memory map

                0x20020000                _eram = 0x20020000

.text           0x08000000    0x19081
 *(.isr_vector)
 .isr_vector    0x08000000      0x188 ..\obj\startup_stm32f4xx.o
                0x08000000                g_pfnVectors
 *(.text*)
 .text.USB_OTG_WritePacket
                0x08000188       0x28 ..\obj\usb_core.o
                0x08000188                USB_OTG_WritePacket
 .text.USB_OTG_ReadPacket
                0x080001b0       0x28 ..\obj\usb_core.o
                0x080001b0                USB_OTG_ReadPacket
 .text.USB_OTG_SelectCore
                0x080001d8      0x344 ..\obj\usb_core.o
                0x080001d8                USB_OTG_SelectCore
 .text.USB_OTG_CoreInit
                0x0800051c      0x138 ..\obj\usb_core.o
                0x0800051c                USB_OTG_CoreInit
 .text.USB_OTG_EnableGlobalInt
                0x08000654       0x10 ..\obj\usb_core.o
                0x08000654                USB_OTG_EnableGlobalInt
 .text.USB_OTG_DisableGlobalInt
                0x08000664       0x10 ..\obj\usb_core.o
                0x08000664                USB_OTG_DisableGlobalInt
 .text.USB_OTG_SetCurrentMode
                0x08000674       0x2c ..\obj\usb_core.o
                0x08000674                USB_OTG_SetCurrentMode
 .text.USB_OTG_IsHostMode
                0x080006a0        0xc ..\obj\usb_core.o
                0x080006a0                USB_OTG_IsHostMode
 .text.USB_OTG_ReadCoreItr
                0x080006ac        0xc ..\obj\usb_core.o
                0x080006ac                USB_OTG_ReadCoreItr
 .text.USB_OTG_CoreInitHost
                0x080006b8      0x240 ..\obj\usb_core.o
                0x080006b8                USB_OTG_CoreInitHost
 .text.USB_OTG_InitFSLSPClkSel
                0x080008f8        0xc ..\obj\usb_core.o
                0x080008f8                USB_OTG_InitFSLSPClkSel
 .text.USB_OTG_ReadHostAllChannels_intr
                0x08000904        0x8 ..\obj\usb_core.o
                0x08000904                USB_OTG_ReadHostAllChannels_intr
 .text.USB_OTG_ResetPort
                0x0800090c       0x3c ..\obj\usb_core.o
                0x0800090c                USB_OTG_ResetPort
 .text.USB_OTG_HC_Init
                0x08000948       0xec ..\obj\usb_core.o
                0x08000948                USB_OTG_HC_Init
 .text.USB_OTG_HC_StartXfer
                0x08000a34      0x12c ..\obj\usb_core.o
                0x08000a34                USB_OTG_HC_StartXfer
 .text.USB_OTG_HC_Halt
                0x08000b60       0x40 ..\obj\usb_core.o
                0x08000b60                USB_OTG_HC_Halt
 .text.USB_OTG_HC_DoPing
                0x08000ba0       0x24 ..\obj\usb_core.o
                0x08000ba0                USB_OTG_HC_DoPing
 .text.DequantBlock
                0x08000bc4      0x1c8 ..\obj\dqchan.o
 .text.xmp3fixpt_DequantChannel
                0x08000d8c      0x280 ..\obj\dqchan.o
                0x08000d8c                xmp3fixpt_DequantChannel
 .text.xmp3fixpt_UnpackScaleFactors
                0x0800100c      0x89c ..\obj\scalfact.o
                0x0800100c                xmp3fixpt_UnpackScaleFactors
 .text.I2C_Init_Amp
                0x080018a8       0x50 ..\obj\i2c.o
                0x080018a8                I2C_Init_Amp
 .text.I2C_start
                0x080018f8       0x70 ..\obj\i2c.o
                0x080018f8                I2C_start
 .text.I2C_write
                0x08001968       0x1c ..\obj\i2c.o
                0x08001968                I2C_write
 .text.I2C_stop
                0x08001984        0x8 ..\obj\i2c.o
                0x08001984                I2C_stop
 .text.Mp3OpenFile
                0x0800198c       0x54 ..\obj\mp3.o
                0x0800198c                Mp3OpenFile
 .text.Mp3Play  0x080019e0      0x1e4 ..\obj\mp3.o
                0x080019e0                Mp3Play
 .text.Mp3SendBuffer
                0x08001bc4       0x5c ..\obj\mp3.o
                0x08001bc4                Mp3SendBuffer
 .text.xmp3fixpt_SetBitstreamPointer
                0x08001c20        0xc ..\obj\bitstream.o
                0x08001c20                xmp3fixpt_SetBitstreamPointer
 .text.xmp3fixpt_GetBits
                0x08001c2c       0xd4 ..\obj\bitstream.o
                0x08001c2c                xmp3fixpt_GetBits
 .text.xmp3fixpt_CalcBitsUsed
                0x08001d00       0x14 ..\obj\bitstream.o
                0x08001d00                xmp3fixpt_CalcBitsUsed
 .text.xmp3fixpt_CheckPadBit
                0x08001d14       0x18 ..\obj\bitstream.o
                0x08001d14                xmp3fixpt_CheckPadBit
 .text.xmp3fixpt_UnpackFrameHeader
                0x08001d2c      0x1ec ..\obj\bitstream.o
                0x08001d2c                xmp3fixpt_UnpackFrameHeader
 .text.xmp3fixpt_UnpackSideInfo
                0x08001f18     0x1358 ..\obj\bitstream.o
                0x08001f18                xmp3fixpt_UnpackSideInfo
 .text.xmp3fixpt_Dequantize
                0x08003270      0x278 ..\obj\dequant.o
                0x08003270                xmp3fixpt_Dequantize
 .text.TM_EXTI_Attach
                0x080034e8      0x328 ..\obj\tm_stm32f4_exti.o
                0x080034e8                TM_EXTI_Attach
 .text.EXTI0_IRQHandler
                0x08003810       0x18 ..\obj\tm_stm32f4_exti.o
                0x08003810                EXTI0_IRQHandler
 .text.EXTI1_IRQHandler
                0x08003828       0x18 ..\obj\tm_stm32f4_exti.o
                0x08003828                EXTI1_IRQHandler
 .text.EXTI2_IRQHandler
                0x08003840       0x18 ..\obj\tm_stm32f4_exti.o
                0x08003840                EXTI2_IRQHandler
 .text.EXTI3_IRQHandler
                0x08003858       0x18 ..\obj\tm_stm32f4_exti.o
                0x08003858                EXTI3_IRQHandler
 .text.EXTI4_IRQHandler
                0x08003870       0x18 ..\obj\tm_stm32f4_exti.o
                0x08003870                EXTI4_IRQHandler
 .text.EXTI9_5_IRQHandler
                0x08003888       0x64 ..\obj\tm_stm32f4_exti.o
                0x08003888                EXTI9_5_IRQHandler
 .text.EXTI15_10_IRQHandler
                0x080038ec       0x80 ..\obj\tm_stm32f4_exti.o
                0x080038ec                EXTI15_10_IRQHandler
 .text.WinPrevious.part.0
                0x0800396c       0xe0 ..\obj\imdct.o
 .text.FreqInvertRescale
                0x08003a4c      0x968 ..\obj\imdct.o
 .text.xmp3fixpt_IMDCT
                0x080043b4     0x1afc ..\obj\imdct.o
                0x080043b4                xmp3fixpt_IMDCT
 .text.Tim2Init
                0x08005eb0       0x50 ..\obj\timer.o
                0x08005eb0                Tim2Init
 .text.Tim2Start
                0x08005f00       0x1c ..\obj\timer.o
                0x08005f00                Tim2Start
 .text.Tim2Stop
                0x08005f1c       0x1c ..\obj\timer.o
                0x08005f1c                Tim2Stop
 .text.TIMER3_Configuration
                0x08005f38       0x68 ..\obj\timer.o
                0x08005f38                TIMER3_Configuration
 .text.USBH_Open_Channel
                0x08005fa0       0x50 ..\obj\usbh_hcs.o
                0x08005fa0                USBH_Open_Channel
 .text.USBH_Modify_Channel
                0x08005ff0       0x3c ..\obj\usbh_hcs.o
                0x08005ff0                USBH_Modify_Channel
 .text.USBH_Alloc_Channel
                0x0800602c       0x88 ..\obj\usbh_hcs.o
                0x0800602c                USBH_Alloc_Channel
 .text.USBH_Free_Channel
                0x080060b4       0x18 ..\obj\usbh_hcs.o
                0x080060b4                USBH_Free_Channel
 .text.USBH_DeAllocate_AllChannel
                0x080060cc       0x14 ..\obj\usbh_hcs.o
                0x080060cc                USBH_DeAllocate_AllChannel
 .text.USART_DeInit
                0x080060e0       0xc8 ..\obj\stm32f4xx_usart.o
                0x080060e0                USART_DeInit
 .text.USART_Init
                0x080061a8       0xc4 ..\obj\stm32f4xx_usart.o
                0x080061a8                USART_Init
 .text.USBH_Get_DevDesc
                0x0800626c       0xb8 ..\obj\usbh_stdreq.o
                0x0800626c                USBH_Get_DevDesc
 .text.USBH_Get_CfgDesc
                0x08006324      0x2c8 ..\obj\usbh_stdreq.o
                0x08006324                USBH_Get_CfgDesc
 .text.USBH_Get_StringDesc
                0x080065ec       0x6c ..\obj\usbh_stdreq.o
                0x080065ec                USBH_Get_StringDesc
 .text.USBH_SetAddress
                0x08006658       0x18 ..\obj\usbh_stdreq.o
                0x08006658                USBH_SetAddress
 .text.USBH_SetCfg
                0x08006670       0x18 ..\obj\usbh_stdreq.o
                0x08006670                USBH_SetCfg
 .text.USBH_ClrFeature
                0x08006688       0x2c ..\obj\usbh_stdreq.o
                0x08006688                USBH_ClrFeature
 .text.xmp3fixpt_Subband
                0x080066b4      0x114 ..\obj\subband.o
                0x080066b4                xmp3fixpt_Subband
 .text.TM_FATFS_SPI_FLASH_disk_status
                0x080067c8        0x4 ..\obj\diskio.o
                0x080067c8                TM_FATFS_SPI_FLASH_disk_status
 .text.TM_FATFS_SPI_FLASH_disk_ioctl
                0x080067cc        0x4 ..\obj\diskio.o
                0x080067cc                TM_FATFS_SPI_FLASH_disk_ioctl
 .text.TM_FATFS_SPI_FLASH_disk_write
                0x080067d0        0x4 ..\obj\diskio.o
                0x080067d0                TM_FATFS_SPI_FLASH_disk_write
 .text.TM_FATFS_SDRAM_disk_write
                0x080067d4        0x4 ..\obj\diskio.o
                0x080067d4                TM_FATFS_SDRAM_disk_write
 .text.TM_FATFS_SDRAM_disk_read
                0x080067d8        0x4 ..\obj\diskio.o
                0x080067d8                TM_FATFS_SDRAM_disk_read
 .text.TM_FATFS_SPI_FLASH_disk_read
                0x080067dc        0x4 ..\obj\diskio.o
                0x080067dc                TM_FATFS_SPI_FLASH_disk_read
 .text.TM_FATFS_SDRAM_disk_ioctl
                0x080067e0        0x4 ..\obj\diskio.o
                0x080067e0                TM_FATFS_SDRAM_disk_ioctl
 .text.TM_FATFS_SDRAM_disk_initialize
                0x080067e4        0x4 ..\obj\diskio.o
                0x080067e4                TM_FATFS_SDRAM_disk_initialize
 .text.TM_FATFS_SPI_FLASH_disk_initialize
                0x080067e8        0x4 ..\obj\diskio.o
                0x080067e8                TM_FATFS_SPI_FLASH_disk_initialize
 .text.TM_FATFS_SDRAM_disk_status
                0x080067ec        0x4 ..\obj\diskio.o
                0x080067ec                TM_FATFS_SDRAM_disk_status
 .text.disk_initialize
                0x080067f0       0x18 ..\obj\diskio.o
                0x080067f0                disk_initialize
 .text.disk_status
                0x08006808       0x18 ..\obj\diskio.o
                0x08006808                disk_status
 .text.disk_read
                0x08006820       0x30 ..\obj\diskio.o
                0x08006820                disk_read
 .text.disk_write
                0x08006850       0x30 ..\obj\diskio.o
                0x08006850                disk_write
 .text.disk_ioctl
                0x08006880       0x1c ..\obj\diskio.o
                0x08006880                disk_ioctl
 .text.get_fattime
                0x0800689c        0x8 ..\obj\diskio.o
                0x0800689c                get_fattime
 .text.Default_Handler
                0x080068a4        0x4 ..\obj\startup_stm32f4xx.o
                0x080068a4                RTC_Alarm_IRQHandler
                0x080068a4                HASH_RNG_IRQHandler
                0x080068a4                TIM8_CC_IRQHandler
                0x080068a4                DebugMon_Handler
                0x080068a4                TIM1_CC_IRQHandler
                0x080068a4                DMA2_Stream5_IRQHandler
                0x080068a4                HardFault_Handler
                0x080068a4                DMA1_Stream5_IRQHandler
                0x080068a4                PVD_IRQHandler
                0x080068a4                SDIO_IRQHandler
                0x080068a4                TAMP_STAMP_IRQHandler
                0x080068a4                PendSV_Handler
                0x080068a4                NMI_Handler
                0x080068a4                CAN2_RX1_IRQHandler
                0x080068a4                TIM8_TRG_COM_TIM14_IRQHandler
                0x080068a4                TIM1_UP_TIM10_IRQHandler
                0x080068a4                TIM8_UP_TIM13_IRQHandler
                0x080068a4                I2C3_ER_IRQHandler
                0x080068a4                I2C2_EV_IRQHandler
                0x080068a4                DMA1_Stream2_IRQHandler
                0x080068a4                CAN1_RX0_IRQHandler
                0x080068a4                FPU_IRQHandler
                0x080068a4                OTG_HS_WKUP_IRQHandler
                0x080068a4                UsageFault_Handler
                0x080068a4                CAN2_SCE_IRQHandler
                0x080068a4                DMA2_Stream2_IRQHandler
                0x080068a4                SPI1_IRQHandler
                0x080068a4                TIM6_DAC_IRQHandler
                0x080068a4                TIM1_BRK_TIM9_IRQHandler
                0x080068a4                DCMI_IRQHandler
                0x080068a4                CAN2_RX0_IRQHandler
                0x080068a4                DMA2_Stream3_IRQHandler
                0x080068a4                CRYP_IRQHandler
                0x080068a4                CAN1_RX1_IRQHandler
                0x080068a4                DMA2_Stream0_IRQHandler
                0x080068a4                TIM4_IRQHandler
                0x080068a4                I2C1_EV_IRQHandler
                0x080068a4                DMA1_Stream6_IRQHandler
                0x080068a4                DMA1_Stream1_IRQHandler
                0x080068a4                TIM3_IRQHandler
                0x080068a4                RCC_IRQHandler
                0x080068a4                TIM8_BRK_TIM12_IRQHandler
                0x080068a4                ADC_IRQHandler
                0x080068a4                TIM7_IRQHandler
                0x080068a4                CAN2_TX_IRQHandler
                0x080068a4                TIM5_IRQHandler
                0x080068a4                DMA2_Stream7_IRQHandler
                0x080068a4                I2C3_EV_IRQHandler
                0x080068a4                RTC_WKUP_IRQHandler
                0x080068a4                ETH_WKUP_IRQHandler
                0x080068a4                SPI2_IRQHandler
                0x080068a4                OTG_HS_EP1_IN_IRQHandler
                0x080068a4                MemManage_Handler
                0x080068a4                DMA1_Stream0_IRQHandler
                0x080068a4                CAN1_TX_IRQHandler
                0x080068a4                SVC_Handler
                0x080068a4                FSMC_IRQHandler
                0x080068a4                ETH_IRQHandler
                0x080068a4                OTG_HS_EP1_OUT_IRQHandler
                0x080068a4                WWDG_IRQHandler
                0x080068a4                OTG_FS_WKUP_IRQHandler
                0x080068a4                TIM1_TRG_COM_TIM11_IRQHandler
                0x080068a4                OTG_HS_IRQHandler
                0x080068a4                I2C2_ER_IRQHandler
                0x080068a4                DMA2_Stream1_IRQHandler
                0x080068a4                CAN1_SCE_IRQHandler
                0x080068a4                FLASH_IRQHandler
                0x080068a4                DMA2_Stream4_IRQHandler
                0x080068a4                BusFault_Handler
                0x080068a4                SPI3_IRQHandler
                0x080068a4                DMA1_Stream4_IRQHandler
                0x080068a4                I2C1_ER_IRQHandler
                0x080068a4                DMA2_Stream6_IRQHandler
                0x080068a4                DMA1_Stream3_IRQHandler
 .text.Default_Reset_Handler
                0x080068a8       0x48 ..\obj\startup_stm32f4xx.o
                0x080068a8                Default_Reset_Handler
                0x080068a8                Reset_Handler
 .text.TM_FATFS_USB_disk_initialize
                0x080068f0       0x38 ..\obj\fatfs_usb.o
                0x080068f0                TM_FATFS_USB_disk_initialize
 .text.TM_FATFS_USB_disk_status
                0x08006928        0xc ..\obj\fatfs_usb.o
                0x08006928                TM_FATFS_USB_disk_status
 .text.TM_FATFS_USB_disk_read
                0x08006934       0x74 ..\obj\fatfs_usb.o
                0x08006934                TM_FATFS_USB_disk_read
 .text.TM_FATFS_USB_disk_write
                0x080069a8       0x8c ..\obj\fatfs_usb.o
                0x080069a8                TM_FATFS_USB_disk_write
 .text.TM_FATFS_USB_disk_ioctl
                0x08006a34       0x48 ..\obj\fatfs_usb.o
                0x08006a34                TM_FATFS_USB_disk_ioctl
 .text.MP3InitDecoder
                0x08006a7c        0x4 ..\obj\mp3dec.o
                0x08006a7c                MP3InitDecoder
 .text.MP3FindSyncWord
                0x08006a80       0x2c ..\obj\mp3dec.o
                0x08006a80                MP3FindSyncWord
 .text.MP3GetLastFrameInfo
                0x08006aac       0x58 ..\obj\mp3dec.o
                0x08006aac                MP3GetLastFrameInfo
 .text.MP3Decode
                0x08006b04      0x480 ..\obj\mp3dec.o
                0x08006b04                MP3Decode
 .text.startup.main
                0x08006f84      0x124 ..\obj\main.o
                0x08006f84                main
 .text.RCC_GetClocksFreq
                0x080070a8       0x98 ..\obj\stm32f4xx_rcc.o
                0x080070a8                RCC_GetClocksFreq
 .text.RCC_AHB1PeriphClockCmd
                0x08007140       0x1c ..\obj\stm32f4xx_rcc.o
                0x08007140                RCC_AHB1PeriphClockCmd
 .text.RCC_AHB2PeriphClockCmd
                0x0800715c       0x1c ..\obj\stm32f4xx_rcc.o
                0x0800715c                RCC_AHB2PeriphClockCmd
 .text.RCC_APB1PeriphClockCmd
                0x08007178       0x1c ..\obj\stm32f4xx_rcc.o
                0x08007178                RCC_APB1PeriphClockCmd
 .text.RCC_APB2PeriphClockCmd
                0x08007194       0x1c ..\obj\stm32f4xx_rcc.o
                0x08007194                RCC_APB2PeriphClockCmd
 .text.RCC_APB1PeriphResetCmd
                0x080071b0       0x1c ..\obj\stm32f4xx_rcc.o
                0x080071b0                RCC_APB1PeriphResetCmd
 .text.RCC_APB2PeriphResetCmd
                0x080071cc       0x1c ..\obj\stm32f4xx_rcc.o
                0x080071cc                RCC_APB2PeriphResetCmd
 .text.TM_USART_Gets
                0x080071e8      0x410 ..\obj\tm_stm32f4_usart.o
                0x080071e8                TM_USART_Gets
 .text.TM_USART_InitCustomPinsCallback
                0x080075f8        0x4 ..\obj\tm_stm32f4_usart.o
                0x080075f8                TM_USART_InitCustomPinsCallback
 .text.TM_USART_INT_Init.constprop.7
                0x080075fc      0x3cc ..\obj\tm_stm32f4_usart.o
 .text.TM_USART_Init
                0x080079c8      0x134 ..\obj\tm_stm32f4_usart.o
                0x080079c8                TM_USART_Init
 .text.USART1_IRQHandler
                0x08007afc       0x3c ..\obj\tm_stm32f4_usart.o
                0x08007afc                USART1_IRQHandler
 .text.USART2_IRQHandler
                0x08007b38       0x4c ..\obj\tm_stm32f4_usart.o
                0x08007b38                USART2_IRQHandler
 .text.USART3_IRQHandler
                0x08007b84       0x4c ..\obj\tm_stm32f4_usart.o
                0x08007b84                USART3_IRQHandler
 .text.UART4_IRQHandler
                0x08007bd0       0x3c ..\obj\tm_stm32f4_usart.o
                0x08007bd0                UART4_IRQHandler
 .text.UART5_IRQHandler
                0x08007c0c       0x3c ..\obj\tm_stm32f4_usart.o
                0x08007c0c                UART5_IRQHandler
 .text.USART6_IRQHandler
                0x08007c48       0x3c ..\obj\tm_stm32f4_usart.o
                0x08007c48                USART6_IRQHandler
 .text.TM_RE_Init
                0x08007c84       0x40 ..\obj\tm_stm32f4_rotary_encoder.o
                0x08007c84                TM_RE_Init
 .text.TM_RE_Get
                0x08007cc4       0x24 ..\obj\tm_stm32f4_rotary_encoder.o
                0x08007cc4                TM_RE_Get
 .text.TM_RE_Process
                0x08007ce8       0x40 ..\obj\tm_stm32f4_rotary_encoder.o
                0x08007ce8                TM_RE_Process
 .text.rcvr_datablock
                0x08007d28       0xd4 ..\obj\fatfs_sd.o
 .text.select   0x08007dfc       0xdc ..\obj\fatfs_sd.o
 .text.xmit_datablock
                0x08007ed8      0x140 ..\obj\fatfs_sd.o
 .text.send_cmd
                0x08008018      0x274 ..\obj\fatfs_sd.o
 .text.TM_FATFS_SD_disk_initialize
                0x0800828c      0x264 ..\obj\fatfs_sd.o
                0x0800828c                TM_FATFS_SD_disk_initialize
 .text.TM_FATFS_SD_disk_status
                0x080084f0       0x14 ..\obj\fatfs_sd.o
                0x080084f0                TM_FATFS_SD_disk_status
 .text.TM_FATFS_SD_disk_read
                0x08008504      0x184 ..\obj\fatfs_sd.o
                0x08008504                TM_FATFS_SD_disk_read
 .text.TM_FATFS_SD_disk_write
                0x08008688       0xd8 ..\obj\fatfs_sd.o
                0x08008688                TM_FATFS_SD_disk_write
 .text.TM_FATFS_SD_disk_ioctl
                0x08008760      0x2dc ..\obj\fatfs_sd.o
                0x08008760                TM_FATFS_SD_disk_ioctl
 .text.USBH_MSC_ClassRequest
                0x08008a3c        0xc ..\obj\usbh_msc_core.o
 .text.USBH_MSC_InterfaceDeInit
                0x08008a48       0x3c ..\obj\usbh_msc_core.o
 .text.USBH_MSC_InterfaceInit
                0x08008a84       0xa0 ..\obj\usbh_msc_core.o
 .text.USBH_MSC_Handle
                0x08008b24      0x190 ..\obj\usbh_msc_core.o
 .text.BTBtnsProc
                0x08008cb4       0x3c ..\obj\bt.o
                0x08008cb4                BTBtnsProc
 .text.Gpio_Init
                0x08008cf0      0x120 ..\obj\gpio.o
                0x08008cf0                Gpio_Init
 .text.SysTick_Handler
                0x08008e10       0x98 ..\obj\tm_stm32f4_delay.o
                0x08008e10                SysTick_Handler
 .text.TM_DELAY_Init
                0x08008ea8       0x5c ..\obj\tm_stm32f4_delay.o
                0x08008ea8                TM_DELAY_Init
 .text.TM_SPI_WriteMulti
                0x08008f04       0x30 ..\obj\tm_stm32f4_spi.o
                0x08008f04                TM_SPI_WriteMulti
 .text.TM_SPI_ReadMulti
                0x08008f34       0x38 ..\obj\tm_stm32f4_spi.o
                0x08008f34                TM_SPI_ReadMulti
 .text.TM_SPI_InitCustomPinsCallback
                0x08008f6c        0x4 ..\obj\tm_stm32f4_spi.o
                0x08008f6c                TM_SPI_InitCustomPinsCallback
 .text.TM_SPI_Init
                0x08008f70       0xa8 ..\obj\tm_stm32f4_spi.o
                0x08008f70                TM_SPI_Init
 .text.MenuInit
                0x08009018       0x2c ..\obj\menu.o
                0x08009018                MenuInit
 .text.MenuProc
                0x08009044       0x74 ..\obj\menu.o
                0x08009044                MenuProc
 .text.TM_EXTI_Handler
                0x080090b8       0x28 ..\obj\menu.o
                0x080090b8                TM_EXTI_Handler
 .text.RotSwPRessed
                0x080090e0       0x10 ..\obj\menu.o
                0x080090e0                RotSwPRessed
 .text.TIM2_IRQHandler
                0x080090f0       0x3c ..\obj\menu.o
                0x080090f0                TIM2_IRQHandler
 .text.USBH_Connected
                0x0800912c        0xc ..\obj\usbh_core.o
                0x0800912c                USBH_Connected
 .text.USBH_Disconnected
                0x08009138        0xc ..\obj\usbh_core.o
                0x08009138                USBH_Disconnected
 .text.USBH_SOF
                0x08009144        0x4 ..\obj\usbh_core.o
                0x08009144                USBH_SOF
 .text.USBH_Init
                0x08009148       0x64 ..\obj\usbh_core.o
                0x08009148                USBH_Init
 .text.USBH_HandleControl
                0x080091ac      0x1e8 ..\obj\usbh_core.o
                0x080091ac                USBH_HandleControl
 .text.USBH_Process
                0x08009394      0x404 ..\obj\usbh_core.o
                0x08009394                USBH_Process
 .text.GPIO_Init
                0x08009798       0xa4 ..\obj\stm32f4xx_gpio.o
                0x08009798                GPIO_Init
 .text.GPIO_ReadInputDataBit
                0x0800983c        0xc ..\obj\stm32f4xx_gpio.o
                0x0800983c                GPIO_ReadInputDataBit
 .text.GPIO_SetBits
                0x08009848        0x4 ..\obj\stm32f4xx_gpio.o
                0x08009848                GPIO_SetBits
 .text.GPIO_ResetBits
                0x0800984c        0x4 ..\obj\stm32f4xx_gpio.o
                0x0800984c                GPIO_ResetBits
 .text.GPIO_WriteBit
                0x08009850        0xc ..\obj\stm32f4xx_gpio.o
                0x08009850                GPIO_WriteBit
 .text.GPIO_PinAFConfig
                0x0800985c       0x28 ..\obj\stm32f4xx_gpio.o
                0x0800985c                GPIO_PinAFConfig
 .text.USBH_MSC_TestUnitReady
                0x08009884       0x6c ..\obj\usbh_msc_scsi.o
                0x08009884                USBH_MSC_TestUnitReady
 .text.USBH_MSC_ReadCapacity10
                0x080098f0       0x9c ..\obj\usbh_msc_scsi.o
                0x080098f0                USBH_MSC_ReadCapacity10
 .text.USBH_MSC_ModeSense6
                0x0800998c       0x88 ..\obj\usbh_msc_scsi.o
                0x0800998c                USBH_MSC_ModeSense6
 .text.USBH_MSC_RequestSense
                0x08009a14       0x98 ..\obj\usbh_msc_scsi.o
                0x08009a14                USBH_MSC_RequestSense
 .text.USBH_MSC_Write10
                0x08009aac       0x94 ..\obj\usbh_msc_scsi.o
                0x08009aac                USBH_MSC_Write10
 .text.USBH_MSC_Read10
                0x08009b40       0xcc ..\obj\usbh_msc_scsi.o
                0x08009b40                USBH_MSC_Read10
 .text.SystemInit
                0x08009c0c       0xf4 ..\obj\system_stm32f4xx.o
                0x08009c0c                SystemInit
 .text.DMA_Audio_Init_Single
                0x08009d00       0x74 ..\obj\DMA.o
                0x08009d00                DMA_Audio_Init_Single
 .text.DMA_Audio_Send
                0x08009d74       0x14 ..\obj\DMA.o
                0x08009d74                DMA_Audio_Send
 .text.DMA1_Stream7_IRQHandler
                0x08009d88       0x58 ..\obj\DMA.o
                0x08009d88                DMA1_Stream7_IRQHandler
 .text._sbrk    0x08009de0       0x1c ..\obj\syscalls.o
                0x08009de0                _sbrk
 .text.DMA_ClearFlag
                0x08009dfc       0x34 ..\obj\stm32f4xx_dma.o
                0x08009dfc                DMA_ClearFlag
 .text.DMA_ITConfig
                0x08009e30       0x40 ..\obj\stm32f4xx_dma.o
                0x08009e30                DMA_ITConfig
 .text.DMA_GetITStatus
                0x08009e70       0x50 ..\obj\stm32f4xx_dma.o
                0x08009e70                DMA_GetITStatus
 .text.DMA_ClearITPendingBit
                0x08009ec0       0x34 ..\obj\stm32f4xx_dma.o
                0x08009ec0                DMA_ClearITPendingBit
 .text.USBH_USR_DeviceDisconnected
                0x08009ef4       0x18 ..\obj\usbh_usr.o
                0x08009ef4                USBH_USR_DeviceDisconnected
 .text.USBH_USR_DeviceSpeedDetected
                0x08009f0c        0x4 ..\obj\usbh_usr.o
                0x08009f0c                USBH_USR_DeviceSpeedDetected
 .text.USBH_USR_Configuration_DescAvailable
                0x08009f10        0x4 ..\obj\usbh_usr.o
                0x08009f10                USBH_USR_Configuration_DescAvailable
 .text.USBH_USR_SerialNum_String
                0x08009f14        0x4 ..\obj\usbh_usr.o
                0x08009f14                USBH_USR_SerialNum_String
 .text.USBH_USR_EnumerationDone
                0x08009f18        0x4 ..\obj\usbh_usr.o
                0x08009f18                USBH_USR_EnumerationDone
 .text.USBH_USR_DeviceNotSupported
                0x08009f1c        0xc ..\obj\usbh_usr.o
                0x08009f1c                USBH_USR_DeviceNotSupported
 .text.USBH_USR_UserInput
                0x08009f28        0x4 ..\obj\usbh_usr.o
                0x08009f28                USBH_USR_UserInput
 .text.USBH_USR_OverCurrentDetected
                0x08009f2c        0xc ..\obj\usbh_usr.o
                0x08009f2c                USBH_USR_OverCurrentDetected
 .text.USBH_USR_DeInit
                0x08009f38        0xc ..\obj\usbh_usr.o
                0x08009f38                USBH_USR_DeInit
 .text.USBH_USR_MSC_Application
                0x08009f44       0x2c ..\obj\usbh_usr.o
                0x08009f44                USBH_USR_MSC_Application
 .text.USBH_USR_Product_String
                0x08009f70        0x4 ..\obj\usbh_usr.o
                0x08009f70                USBH_USR_Product_String
 .text.USBH_USR_Device_DescAvailable
                0x08009f74        0x4 ..\obj\usbh_usr.o
                0x08009f74                USBH_USR_Device_DescAvailable
 .text.USBH_USR_Manufacturer_String
                0x08009f78        0x4 ..\obj\usbh_usr.o
                0x08009f78                USBH_USR_Manufacturer_String
 .text.USBH_USR_DeviceAddressAssigned
                0x08009f7c        0x4 ..\obj\usbh_usr.o
                0x08009f7c                USBH_USR_DeviceAddressAssigned
 .text.USBH_USR_ResetDevice
                0x08009f80        0xc ..\obj\usbh_usr.o
                0x08009f80                USBH_USR_ResetDevice
 .text.USBH_USR_Init
                0x08009f8c       0x18 ..\obj\usbh_usr.o
                0x08009f8c                USBH_USR_Init
 .text.USBH_USR_DeviceAttached
                0x08009fa4       0x18 ..\obj\usbh_usr.o
                0x08009fa4                USBH_USR_DeviceAttached
 .text.USBH_USR_UnrecoveredError
                0x08009fbc       0x18 ..\obj\usbh_usr.o
                0x08009fbc                USBH_USR_UnrecoveredError
 .text.Cs43Init
                0x08009fd4       0xc8 ..\obj\i2s.o
                0x08009fd4                Cs43Init
 .text.USB_OTG_BSP_Init
                0x0800a09c       0x6c ..\obj\usb_bsp.o
                0x0800a09c                USB_OTG_BSP_Init
 .text.USB_OTG_BSP_EnableInterrupt
                0x0800a108       0x2c ..\obj\usb_bsp.o
                0x0800a108                USB_OTG_BSP_EnableInterrupt
 .text.USB_OTG_BSP_DriveVBUS
                0x0800a134       0x1c ..\obj\usb_bsp.o
                0x0800a134                USB_OTG_BSP_DriveVBUS
 .text.USB_OTG_BSP_ConfigVBUS
                0x0800a150       0x54 ..\obj\usb_bsp.o
                0x0800a150                USB_OTG_BSP_ConfigVBUS
 .text.USB_OTG_BSP_uDelay
                0x0800a1a4       0x2c ..\obj\usb_bsp.o
                0x0800a1a4                USB_OTG_BSP_uDelay
 .text.USB_OTG_BSP_mDelay
                0x0800a1d0       0x30 ..\obj\usb_bsp.o
                0x0800a1d0                USB_OTG_BSP_mDelay
 .text.OTG_FS_IRQHandler
                0x0800a200        0xc ..\obj\usb_bsp.o
                0x0800a200                OTG_FS_IRQHandler
 .text.TM_USB_MSCHOST_Init
                0x0800a20c       0x50 ..\obj\tm_stm32f4_usb_msc_host.o
                0x0800a20c                TM_USB_MSCHOST_Init
 .text.TM_USB_MSCHOST_Process
                0x0800a25c       0x1c ..\obj\tm_stm32f4_usb_msc_host.o
                0x0800a25c                TM_USB_MSCHOST_Process
 .text.TM_USB_MSCHOST_Device
                0x0800a278       0x18 ..\obj\tm_stm32f4_usb_msc_host.o
                0x0800a278                TM_USB_MSCHOST_Device
 .text.xmp3fixpt_MidSideProc
                0x0800a290       0x64 ..\obj\stproc.o
                0x0800a290                xmp3fixpt_MidSideProc
 .text.xmp3fixpt_IntensityProcMPEG1
                0x0800a2f4      0x358 ..\obj\stproc.o
                0x0800a2f4                xmp3fixpt_IntensityProcMPEG1
 .text.xmp3fixpt_IntensityProcMPEG2
                0x0800a64c      0x2d4 ..\obj\stproc.o
                0x0800a64c                xmp3fixpt_IntensityProcMPEG2
 .text.xmp3fixpt_DecodeHuffman
                0x0800a920      0x7b4 ..\obj\huffman.o
                0x0800a920                xmp3fixpt_DecodeHuffman
 .text.PreampInit
                0x0800b0d4       0x98 ..\obj\preamp.o
                0x0800b0d4                PreampInit
 .text.PreampSetVol
                0x0800b16c       0x50 ..\obj\preamp.o
                0x0800b16c                PreampSetVol
 .text.PreampSetBass
                0x0800b1bc       0x60 ..\obj\preamp.o
                0x0800b1bc                PreampSetBass
 .text.PreampSetTreble
                0x0800b21c       0x60 ..\obj\preamp.o
                0x0800b21c                PreampSetTreble
 .text.xmp3fixpt_AllocateBuffers
                0x0800b27c       0x9c ..\obj\buffers.o
                0x0800b27c                xmp3fixpt_AllocateBuffers
 .text.get_ldnumber
                0x0800b318       0x9c ..\obj\ff.o
 .text.unlikely.sync_window.part.3
                0x0800b3b4       0x48 ..\obj\ff.o
 .text.unlikely.move_window
                0x0800b3fc       0x80 ..\obj\ff.o
 .text.find_volume
                0x0800b47c      0x46c ..\obj\ff.o
 .text.sync_fs  0x0800b8e8       0xfc ..\obj\ff.o
 .text.put_fat.part.7
                0x0800b9e4      0x2c0 ..\obj\ff.o
 .text.remove_chain.part.9
                0x0800bca4      0x298 ..\obj\ff.o
 .text.get_fat.part.5
                0x0800bf3c      0x26c ..\obj\ff.o
 .text.dir_sdi  0x0800c1a8       0xa0 ..\obj\ff.o
 .text.create_chain
                0x0800c248      0x328 ..\obj\ff.o
 .text.f_read.part.10
                0x0800c570      0x258 ..\obj\ff.o
 .text.dir_alloc.constprop.17
                0x0800c7c8      0x1c0 ..\obj\ff.o
 .text.follow_path
                0x0800c988      0x388 ..\obj\ff.o
 .text.f_mount  0x0800cd10       0x5c ..\obj\ff.o
                0x0800cd10                f_mount
 .text.f_open   0x0800cd6c      0x744 ..\obj\ff.o
                0x0800cd6c                f_open
 .text.f_read   0x0800d4b0       0x5c ..\obj\ff.o
                0x0800d4b0                f_read
 .text.f_close  0x0800d50c      0x154 ..\obj\ff.o
                0x0800d50c                f_close
 .text.HCD_Init
                0x0800d660       0xec ..\obj\usb_hcd.o
                0x0800d660                HCD_Init
 .text.HCD_GetCurrentSpeed
                0x0800d74c        0xc ..\obj\usb_hcd.o
                0x0800d74c                HCD_GetCurrentSpeed
 .text.HCD_ResetPort
                0x0800d758        0xc ..\obj\usb_hcd.o
                0x0800d758                HCD_ResetPort
 .text.HCD_IsDeviceConnected
                0x0800d764        0x8 ..\obj\usb_hcd.o
                0x0800d764                HCD_IsDeviceConnected
 .text.HCD_GetCurrentFrame
                0x0800d76c        0x8 ..\obj\usb_hcd.o
                0x0800d76c                HCD_GetCurrentFrame
 .text.HCD_GetURB_State
                0x0800d774        0x8 ..\obj\usb_hcd.o
                0x0800d774                HCD_GetURB_State
 .text.HCD_GetXferCnt
                0x0800d77c        0x8 ..\obj\usb_hcd.o
                0x0800d77c                HCD_GetXferCnt
 .text.HCD_SubmitRequest
                0x0800d784       0x18 ..\obj\usb_hcd.o
                0x0800d784                HCD_SubmitRequest
 .text.USBH_MSC_Init
                0x0800d79c       0x40 ..\obj\usbh_msc_bot.o
                0x0800d79c                USBH_MSC_Init
 .text.USBH_MSC_HandleBOTXfer
                0x0800d7dc      0x2d4 ..\obj\usbh_msc_bot.o
                0x0800d7dc                USBH_MSC_HandleBOTXfer
 .text.SPI_Init
                0x0800dab0       0x40 ..\obj\stm32f4xx_spi.o
                0x0800dab0                SPI_Init
 .text.SPI_StructInit
                0x0800daf0       0x18 ..\obj\stm32f4xx_spi.o
                0x0800daf0                SPI_StructInit
 .text.SPI_I2S_DMACmd
                0x0800db08       0x14 ..\obj\stm32f4xx_spi.o
                0x0800db08                SPI_I2S_DMACmd
 .text.xmp3fixpt_FDCT32
                0x0800db1c      0xa7c ..\obj\dct32.o
                0x0800db1c                xmp3fixpt_FDCT32
 .text.I2C_Init
                0x0800e598       0xe8 ..\obj\stm32f4xx_i2c.o
                0x0800e598                I2C_Init
 .text.I2C_Cmd  0x0800e680       0x1c ..\obj\stm32f4xx_i2c.o
                0x0800e680                I2C_Cmd
 .text.I2C_GenerateSTART
                0x0800e69c       0x1c ..\obj\stm32f4xx_i2c.o
                0x0800e69c                I2C_GenerateSTART
 .text.I2C_GenerateSTOP
                0x0800e6b8       0x1c ..\obj\stm32f4xx_i2c.o
                0x0800e6b8                I2C_GenerateSTOP
 .text.I2C_Send7bitAddress
                0x0800e6d4       0x18 ..\obj\stm32f4xx_i2c.o
                0x0800e6d4                I2C_Send7bitAddress
 .text.I2C_SendData
                0x0800e6ec        0x4 ..\obj\stm32f4xx_i2c.o
                0x0800e6ec                I2C_SendData
 .text.I2C_CheckEvent
                0x0800e6f0       0x1c ..\obj\stm32f4xx_i2c.o
                0x0800e6f0                I2C_CheckEvent
 .text.I2C_GetFlagStatus
                0x0800e70c       0x38 ..\obj\stm32f4xx_i2c.o
                0x0800e70c                I2C_GetFlagStatus
 .text.USBH_CtlReq
                0x0800e744       0x4c ..\obj\usbh_ioreq.o
                0x0800e744                USBH_CtlReq
 .text.USBH_CtlSendSetup
                0x0800e790       0x30 ..\obj\usbh_ioreq.o
                0x0800e790                USBH_CtlSendSetup
 .text.USBH_CtlSendData
                0x0800e7c0       0x48 ..\obj\usbh_ioreq.o
                0x0800e7c0                USBH_CtlSendData
 .text.USBH_CtlReceiveData
                0x0800e808       0x2c ..\obj\usbh_ioreq.o
                0x0800e808                USBH_CtlReceiveData
 .text.USBH_BulkSendData
                0x0800e834       0x34 ..\obj\usbh_ioreq.o
                0x0800e834                USBH_BulkSendData
 .text.USBH_BulkReceiveData
                0x0800e868       0x34 ..\obj\usbh_ioreq.o
                0x0800e868                USBH_BulkReceiveData
 .text.NVIC_PriorityGroupConfig
                0x0800e89c       0x14 ..\obj\misc.o
                0x0800e89c                NVIC_PriorityGroupConfig
 .text.NVIC_Init
                0x0800e8b0       0x70 ..\obj\misc.o
                0x0800e8b0                NVIC_Init
 .text.GLCD_Write.constprop.0
                0x0800e920       0xb8 ..\obj\glcd.o
 .text.GLCD_Write.constprop.1
                0x0800e9d8       0x98 ..\obj\glcd.o
 .text.GLCD_Write.constprop.2
                0x0800ea70       0xb8 ..\obj\glcd.o
 .text.GLCD_Init
                0x0800eb28       0x5c ..\obj\glcd.o
                0x0800eb28                GLCD_Init
 .text.GLCD_Write
                0x0800eb84       0xd0 ..\obj\glcd.o
                0x0800eb84                GLCD_Write
 .text.GLCD_WriteString
                0x0800ec54       0x94 ..\obj\glcd.o
                0x0800ec54                GLCD_WriteString
 .text.TM_GPIO_Init
                0x0800ece8      0x140 ..\obj\tm_stm32f4_gpio.o
                0x0800ece8                TM_GPIO_Init
 .text.TM_GPIO_InitAlternate
                0x0800ee28      0x25c ..\obj\tm_stm32f4_gpio.o
                0x0800ee28                TM_GPIO_InitAlternate
 .text.TM_GPIO_GetPinSource
                0x0800f084       0x18 ..\obj\tm_stm32f4_gpio.o
                0x0800f084                TM_GPIO_GetPinSource
 .text.TM_GPIO_GetPortSource
                0x0800f09c       0x10 ..\obj\tm_stm32f4_gpio.o
                0x0800f09c                TM_GPIO_GetPortSource
 .text.xmp3fixpt_PolyphaseMono
                0x0800f0ac      0x2e8 ..\obj\polyphase.o
                0x0800f0ac                xmp3fixpt_PolyphaseMono
 .text.xmp3fixpt_PolyphaseStereo
                0x0800f394      0x570 ..\obj\polyphase.o
                0x0800f394                xmp3fixpt_PolyphaseStereo
 .text.TIM_TimeBaseInit
                0x0800f904       0x98 ..\obj\stm32f4xx_tim.o
                0x0800f904                TIM_TimeBaseInit
 .text.TIM_ARRPreloadConfig
                0x0800f99c       0x1c ..\obj\stm32f4xx_tim.o
                0x0800f99c                TIM_ARRPreloadConfig
 .text.TIM_Cmd  0x0800f9b8       0x1c ..\obj\stm32f4xx_tim.o
                0x0800f9b8                TIM_Cmd
 .text.TIM_OC3Init
                0x0800f9d4       0x8c ..\obj\stm32f4xx_tim.o
                0x0800f9d4                TIM_OC3Init
 .text.TIM_OC3PreloadConfig
                0x0800fa60       0x10 ..\obj\stm32f4xx_tim.o
                0x0800fa60                TIM_OC3PreloadConfig
 .text.TIM_ITConfig
                0x0800fa70       0x14 ..\obj\stm32f4xx_tim.o
                0x0800fa70                TIM_ITConfig
 .text.TIM_GetITStatus
                0x0800fa84       0x18 ..\obj\stm32f4xx_tim.o
                0x0800fa84                TIM_GetITStatus
 .text.TIM_ClearITPendingBit
                0x0800fa9c        0x8 ..\obj\stm32f4xx_tim.o
                0x0800fa9c                TIM_ClearITPendingBit
 .text.USBH_OTG_ISR_Handler
                0x0800faa4      0x10c ..\obj\usb_hcd_int.o
                0x0800faa4                USBH_OTG_ISR_Handler
 .text.USB_OTG_USBH_handle_hc_ISR
                0x0800fbb0       0x8c ..\obj\usb_hcd_int.o
 .text.USB_OTG_USBH_handle_sof_ISR
                0x0800fc3c       0x34 ..\obj\usb_hcd_int.o
 .text.USB_OTG_USBH_handle_Disconnect_ISR
                0x0800fc70       0x34 ..\obj\usb_hcd_int.o
 .text.USB_OTG_USBH_handle_nptxfempty_ISR
                0x0800fca4      0x188 ..\obj\usb_hcd_int.o
 .text.USB_OTG_USBH_handle_ptxfempty_ISR
                0x0800fe2c      0x188 ..\obj\usb_hcd_int.o
 .text.USB_OTG_USBH_handle_port_ISR
                0x0800ffb4      0x164 ..\obj\usb_hcd_int.o
 .text.USB_OTG_USBH_handle_hc_n_Out_ISR
                0x08010118      0x550 ..\obj\usb_hcd_int.o
 .text.USB_OTG_USBH_handle_hc_n_In_ISR
                0x08010668      0x5b0 ..\obj\usb_hcd_int.o
 .text.USB_OTG_USBH_handle_rx_qlvl_ISR
                0x08010c18      0x198 ..\obj\usb_hcd_int.o
 .text.USB_OTG_USBH_handle_IncompletePeriodicXfer_ISR
                0x08010db0       0x4c ..\obj\usb_hcd_int.o
 .text          0x08010dfc      0x370 c:/program files (x86)/gnu tools arm embedded/5.4 2016q3/bin/../lib/gcc/arm-none-eabi/5.4.1/armv7e-m\libgcc.a(_arm_addsubdf3.o)
                0x08010dfc                __aeabi_drsub
                0x08010e04                __aeabi_dsub
                0x08010e04                __subdf3
                0x08010e08                __aeabi_dadd
                0x08010e08                __adddf3
                0x08011080                __floatunsidf
                0x08011080                __aeabi_ui2d
                0x080110a0                __floatsidf
                0x080110a0                __aeabi_i2d
                0x080110c4                __aeabi_f2d
                0x080110c4                __extendsfdf2
                0x08011100                __floatundidf
                0x08011100                __aeabi_ul2d
                0x08011110                __floatdidf
                0x08011110                __aeabi_l2d
 .text          0x0801116c      0x424 c:/program files (x86)/gnu tools arm embedded/5.4 2016q3/bin/../lib/gcc/arm-none-eabi/5.4.1/armv7e-m\libgcc.a(_arm_muldivdf3.o)
                0x0801116c                __aeabi_dmul
                0x0801116c                __muldf3
                0x080113c0                __divdf3
                0x080113c0                __aeabi_ddiv
 .text          0x08011590      0x110 c:/program files (x86)/gnu tools arm embedded/5.4 2016q3/bin/../lib/gcc/arm-none-eabi/5.4.1/armv7e-m\libgcc.a(_arm_cmpdf2.o)
                0x08011590                __gtdf2
                0x08011590                __gedf2
                0x08011598                __ltdf2
                0x08011598                __ledf2
                0x080115a0                __nedf2
                0x080115a0                __eqdf2
                0x080115a0                __cmpdf2
                0x0801161c                __aeabi_cdrcmple
                0x0801162c                __aeabi_cdcmpeq
                0x0801162c                __aeabi_cdcmple
                0x0801163c                __aeabi_dcmpeq
                0x08011650                __aeabi_dcmplt
                0x08011664                __aeabi_dcmple
                0x08011678                __aeabi_dcmpge
                0x0801168c                __aeabi_dcmpgt
 .text._malloc_r
                0x080116a0      0x570 c:/program files (x86)/gnu tools arm embedded/5.4 2016q3/bin/../lib/gcc/arm-none-eabi/5.4.1/../../../../arm-none-eabi/lib/armv7e-m\libg.a(lib_a-mallocr.o)
                0x080116a0                _malloc_r
 .text          0x08011c10      0x134 c:/program files (x86)/gnu tools arm embedded/5.4 2016q3/bin/../lib/gcc/arm-none-eabi/5.4.1/../../../../arm-none-eabi/lib/armv7e-m\libg.a(lib_a-memcpy.o)
                0x08011c10                memcpy
 .text.memmove  0x08011d44       0xc8 c:/program files (x86)/gnu tools arm embedded/5.4 2016q3/bin/../lib/gcc/arm-none-eabi/5.4.1/../../../../arm-none-eabi/lib/armv7e-m\libg.a(lib_a-memmove.o)
                0x08011d44                memmove
 .text.memset   0x08011e0c       0x9c c:/program files (x86)/gnu tools arm embedded/5.4 2016q3/bin/../lib/gcc/arm-none-eabi/5.4.1/../../../../arm-none-eabi/lib/armv7e-m\libg.a(lib_a-memset.o)
                0x08011e0c                memset
 .text.__malloc_lock
                0x08011ea8        0x4 c:/program files (x86)/gnu tools arm embedded/5.4 2016q3/bin/../lib/gcc/arm-none-eabi/5.4.1/../../../../arm-none-eabi/lib/armv7e-m\libg.a(lib_a-mlock.o)
                0x08011ea8                __malloc_lock
 .text.__malloc_unlock
                0x08011eac        0x4 c:/program files (x86)/gnu tools arm embedded/5.4 2016q3/bin/../lib/gcc/arm-none-eabi/5.4.1/../../../../arm-none-eabi/lib/armv7e-m\libg.a(lib_a-mlock.o)
                0x08011eac                __malloc_unlock
 .text._sbrk_r  0x08011eb0       0x24 c:/program files (x86)/gnu tools arm embedded/5.4 2016q3/bin/../lib/gcc/arm-none-eabi/5.4.1/../../../../arm-none-eabi/lib/armv7e-m\libg.a(lib_a-sbrkr.o)
                0x08011eb0                _sbrk_r
 .text.sprintf  0x08011ed4       0x4c c:/program files (x86)/gnu tools arm embedded/5.4 2016q3/bin/../lib/gcc/arm-none-eabi/5.4.1/../../../../arm-none-eabi/lib/armv7e-m\libg.a(lib_a-sprintf.o)
                0x08011ed4                sprintf
 *fill*         0x08011f20       0x20 
 .text          0x08011f40       0xdc c:/program files (x86)/gnu tools arm embedded/5.4 2016q3/bin/../lib/gcc/arm-none-eabi/5.4.1/../../../../arm-none-eabi/lib/armv7e-m\libg.a(lib_a-strlen.o)
                0x08011f40                strlen
 .text._svfprintf_r
                0x0801201c     0x16b0 c:/program files (x86)/gnu tools arm embedded/5.4 2016q3/bin/../lib/gcc/arm-none-eabi/5.4.1/../../../../arm-none-eabi/lib/armv7e-m\libg.a(lib_a-svfprintf.o)
                0x0801201c                _svfprintf_r
 .text.quorem   0x080136cc      0x128 c:/program files (x86)/gnu tools arm embedded/5.4 2016q3/bin/../lib/gcc/arm-none-eabi/5.4.1/../../../../arm-none-eabi/lib/armv7e-m\libg.a(lib_a-dtoa.o)
 *fill*         0x080137f4        0x4 
 .text._dtoa_r  0x080137f8      0xe58 c:/program files (x86)/gnu tools arm embedded/5.4 2016q3/bin/../lib/gcc/arm-none-eabi/5.4.1/../../../../arm-none-eabi/lib/armv7e-m\libg.a(lib_a-dtoa.o)
                0x080137f8                _dtoa_r
 .text._malloc_trim_r
                0x08014650       0x9c c:/program files (x86)/gnu tools arm embedded/5.4 2016q3/bin/../lib/gcc/arm-none-eabi/5.4.1/../../../../arm-none-eabi/lib/armv7e-m\libg.a(lib_a-freer.o)
                0x08014650                _malloc_trim_r
 .text._free_r  0x080146ec      0x1d0 c:/program files (x86)/gnu tools arm embedded/5.4 2016q3/bin/../lib/gcc/arm-none-eabi/5.4.1/../../../../arm-none-eabi/lib/armv7e-m\libg.a(lib_a-freer.o)
                0x080146ec                _free_r
 .text._localeconv_r
                0x080148bc       0x1c c:/program files (x86)/gnu tools arm embedded/5.4 2016q3/bin/../lib/gcc/arm-none-eabi/5.4.1/../../../../arm-none-eabi/lib/armv7e-m\libg.a(lib_a-localeconv.o)
                0x080148bc                _localeconv_r
 *fill*         0x080148d8        0x8 
 .text          0x080148e0       0xa0 c:/program files (x86)/gnu tools arm embedded/5.4 2016q3/bin/../lib/gcc/arm-none-eabi/5.4.1/../../../../arm-none-eabi/lib/armv7e-m\libg.a(lib_a-memchr.o)
                0x080148e0                memchr
 .text._Balloc  0x08014980       0x4c c:/program files (x86)/gnu tools arm embedded/5.4 2016q3/bin/../lib/gcc/arm-none-eabi/5.4.1/../../../../arm-none-eabi/lib/armv7e-m\libg.a(lib_a-mprec.o)
                0x08014980                _Balloc
 .text._Bfree   0x080149cc       0x14 c:/program files (x86)/gnu tools arm embedded/5.4 2016q3/bin/../lib/gcc/arm-none-eabi/5.4.1/../../../../arm-none-eabi/lib/armv7e-m\libg.a(lib_a-mprec.o)
                0x080149cc                _Bfree
 .text.__multadd
                0x080149e0       0x80 c:/program files (x86)/gnu tools arm embedded/5.4 2016q3/bin/../lib/gcc/arm-none-eabi/5.4.1/../../../../arm-none-eabi/lib/armv7e-m\libg.a(lib_a-mprec.o)
                0x080149e0                __multadd
 .text.__hi0bits
                0x08014a60       0x40 c:/program files (x86)/gnu tools arm embedded/5.4 2016q3/bin/../lib/gcc/arm-none-eabi/5.4.1/../../../../arm-none-eabi/lib/armv7e-m\libg.a(lib_a-mprec.o)
                0x08014a60                __hi0bits
 .text.__lo0bits
                0x08014aa0       0x5c c:/program files (x86)/gnu tools arm embedded/5.4 2016q3/bin/../lib/gcc/arm-none-eabi/5.4.1/../../../../arm-none-eabi/lib/armv7e-m\libg.a(lib_a-mprec.o)
                0x08014aa0                __lo0bits
 .text.__i2b    0x08014afc       0x14 c:/program files (x86)/gnu tools arm embedded/5.4 2016q3/bin/../lib/gcc/arm-none-eabi/5.4.1/../../../../arm-none-eabi/lib/armv7e-m\libg.a(lib_a-mprec.o)
                0x08014afc                __i2b
 .text.__multiply
                0x08014b10      0x130 c:/program files (x86)/gnu tools arm embedded/5.4 2016q3/bin/../lib/gcc/arm-none-eabi/5.4.1/../../../../arm-none-eabi/lib/armv7e-m\libg.a(lib_a-mprec.o)
                0x08014b10                __multiply
 .text.__pow5mult
                0x08014c40       0xa0 c:/program files (x86)/gnu tools arm embedded/5.4 2016q3/bin/../lib/gcc/arm-none-eabi/5.4.1/../../../../arm-none-eabi/lib/armv7e-m\libg.a(lib_a-mprec.o)
                0x08014c40                __pow5mult
 .text.__lshift
                0x08014ce0       0xb0 c:/program files (x86)/gnu tools arm embedded/5.4 2016q3/bin/../lib/gcc/arm-none-eabi/5.4.1/../../../../arm-none-eabi/lib/armv7e-m\libg.a(lib_a-mprec.o)
                0x08014ce0                __lshift
 .text.__mcmp   0x08014d90       0x40 c:/program files (x86)/gnu tools arm embedded/5.4 2016q3/bin/../lib/gcc/arm-none-eabi/5.4.1/../../../../arm-none-eabi/lib/armv7e-m\libg.a(lib_a-mprec.o)
                0x08014d90                __mcmp
 .text.__mdiff  0x08014dd0      0x114 c:/program files (x86)/gnu tools arm embedded/5.4 2016q3/bin/../lib/gcc/arm-none-eabi/5.4.1/../../../../arm-none-eabi/lib/armv7e-m\libg.a(lib_a-mprec.o)
                0x08014dd0                __mdiff
 .text.__d2b    0x08014ee4       0xb8 c:/program files (x86)/gnu tools arm embedded/5.4 2016q3/bin/../lib/gcc/arm-none-eabi/5.4.1/../../../../arm-none-eabi/lib/armv7e-m\libg.a(lib_a-mprec.o)
                0x08014ee4                __d2b
 .text.__ssprint_r
                0x08014f9c      0x100 c:/program files (x86)/gnu tools arm embedded/5.4 2016q3/bin/../lib/gcc/arm-none-eabi/5.4.1/../../../../arm-none-eabi/lib/armv7e-m\libg.a(lib_a-svfiprintf.o)
                0x08014f9c                __ssprint_r
 .text._calloc_r
                0x0801509c       0x60 c:/program files (x86)/gnu tools arm embedded/5.4 2016q3/bin/../lib/gcc/arm-none-eabi/5.4.1/../../../../arm-none-eabi/lib/armv7e-m\libg.a(lib_a-callocr.o)
                0x0801509c                _calloc_r
 .text.__ascii_mbtowc
                0x080150fc       0x2c c:/program files (x86)/gnu tools arm embedded/5.4 2016q3/bin/../lib/gcc/arm-none-eabi/5.4.1/../../../../arm-none-eabi/lib/armv7e-m\libg.a(lib_a-mbtowc_r.o)
                0x080150fc                __ascii_mbtowc
 .text._realloc_r
                0x08015128      0x3e0 c:/program files (x86)/gnu tools arm embedded/5.4 2016q3/bin/../lib/gcc/arm-none-eabi/5.4.1/../../../../arm-none-eabi/lib/armv7e-m\libg.a(lib_a-reallocr.o)
                0x08015128                _realloc_r
 .text.__ascii_wctomb
                0x08015508       0x1c c:/program files (x86)/gnu tools arm embedded/5.4 2016q3/bin/../lib/gcc/arm-none-eabi/5.4.1/../../../../arm-none-eabi/lib/armv7e-m\libg.a(lib_a-wctomb_r.o)
                0x08015508                __ascii_wctomb
 .text          0x08015524       0x2c c:/program files (x86)/gnu tools arm embedded/5.4 2016q3/bin/../lib/gcc/arm-none-eabi/5.4.1/armv7e-m\libgcc.a(_arm_unorddf2.o)
                0x08015524                __unorddf2
                0x08015524                __aeabi_dcmpun
 .text          0x08015550       0x50 c:/program files (x86)/gnu tools arm embedded/5.4 2016q3/bin/../lib/gcc/arm-none-eabi/5.4.1/armv7e-m\libgcc.a(_arm_fixdfsi.o)
                0x08015550                __aeabi_d2iz
                0x08015550                __fixdfsi
 .text          0x080155a0       0x30 c:/program files (x86)/gnu tools arm embedded/5.4 2016q3/bin/../lib/gcc/arm-none-eabi/5.4.1/armv7e-m\libgcc.a(_aeabi_uldivmod.o)
                0x080155a0                __aeabi_uldivmod
 .text          0x080155d0      0x2e4 c:/program files (x86)/gnu tools arm embedded/5.4 2016q3/bin/../lib/gcc/arm-none-eabi/5.4.1/armv7e-m\libgcc.a(_udivmoddi4.o)
                0x080155d0                __udivmoddi4
 .text          0x080158b4        0x4 c:/program files (x86)/gnu tools arm embedded/5.4 2016q3/bin/../lib/gcc/arm-none-eabi/5.4.1/armv7e-m\libgcc.a(_dvmd_tls.o)
                0x080158b4                __aeabi_idiv0
                0x080158b4                __aeabi_ldiv0
 *(.init)
 *(.fini)
 *crtbegin.o(.ctors)
 *crtbegin?.o(.ctors)
 *(EXCLUDE_FILE(*crtend.o *crtend?.o) .ctors)
 *(SORT(.ctors.*))
 *(.ctors)
 *crtbegin.o(.dtors)
 *crtbegin?.o(.dtors)
 *(EXCLUDE_FILE(*crtend.o *crtend?.o) .dtors)
 *(SORT(.dtors.*))
 *(.dtors)
 *(.rodata*)
 .rodata        0x080158b8      0x226 ..\obj\dqchan.o
 *fill*         0x08015ade        0x2 
 .rodata        0x08015ae0       0x68 ..\obj\scalfact.o
 .rodata        0x08015b48     0x2304 ..\obj\hufftabs.o
                0x08015b48                xmp3fixpt_quadTabMaxBits
                0x08015b50                xmp3fixpt_quadTabOffset
                0x08015b58                xmp3fixpt_quadTable
                0x08015ba8                xmp3fixpt_huffTabLookup
                0x08015ca8                xmp3fixpt_huffTabOffset
                0x08015d28                xmp3fixpt_huffTable
 .rodata        0x08017e4c      0x508 ..\obj\mp3tabs.o
                0x08017e4c                xmp3fixpt_sfBandTable
                0x080180e8                xmp3fixpt_slotTab
                0x080181f8                xmp3fixpt_sideBytesTab
                0x08018204                xmp3fixpt_bitsPerSlotTab
                0x0801820c                xmp3fixpt_samplesPerFrameTab
                0x08018220                xmp3fixpt_bitrateTab
                0x08018330                xmp3fixpt_samplerateTab
 .rodata.str1.4
                0x08018354       0x1e ..\obj\main.o
 *fill*         0x08018372        0x2 
 .rodata.str1.4
                0x08018374        0x4 ..\obj\usbh_core.o
 .rodata        0x08018378      0x86c ..\obj\trigtabs_fixpt.o
                0x08018378                xmp3fixpt_polyCoef
                0x08018798                xmp3fixpt_coef32
                0x08018814                xmp3fixpt_csa
                0x08018854                xmp3fixpt_uniqueIDTab
                0x0801885c                xmp3fixpt_ISFIIP
                0x0801886c                xmp3fixpt_ISFMpeg2
                0x0801896c                xmp3fixpt_ISFMpeg1
                0x080189a4                xmp3fixpt_imdctWin
 .rodata        0x08018be4       0xba ..\obj\ff.o
 *fill*         0x08018c9e        0x2 
 .rodata.str1.4
                0x08018ca0       0x96 ..\obj\ff.o
 *fill*         0x08018d36        0x2 
 .rodata        0x08018d38       0xc0 ..\obj\dct32.o
 .rodata.zeroes.7256
                0x08018df8       0x10 c:/program files (x86)/gnu tools arm embedded/5.4 2016q3/bin/../lib/gcc/arm-none-eabi/5.4.1/../../../../arm-none-eabi/lib/armv7e-m\libg.a(lib_a-svfprintf.o)
 .rodata.str1.4
                0x08018e08       0x42 c:/program files (x86)/gnu tools arm embedded/5.4 2016q3/bin/../lib/gcc/arm-none-eabi/5.4.1/../../../../arm-none-eabi/lib/armv7e-m\libg.a(lib_a-svfprintf.o)
 *fill*         0x08018e4a        0x2 
 .rodata.blanks.7255
                0x08018e4c       0x10 c:/program files (x86)/gnu tools arm embedded/5.4 2016q3/bin/../lib/gcc/arm-none-eabi/5.4.1/../../../../arm-none-eabi/lib/armv7e-m\libg.a(lib_a-svfprintf.o)
 .rodata.str1.4
                0x08018e5c       0x10 c:/program files (x86)/gnu tools arm embedded/5.4 2016q3/bin/../lib/gcc/arm-none-eabi/5.4.1/../../../../arm-none-eabi/lib/armv7e-m\libg.a(lib_a-dtoa.o)
                                 0x12 (size before relaxing)
 *fill*         0x08018e6c        0x4 
 .rodata.__mprec_tens
                0x08018e70       0xc8 c:/program files (x86)/gnu tools arm embedded/5.4 2016q3/bin/../lib/gcc/arm-none-eabi/5.4.1/../../../../arm-none-eabi/lib/armv7e-m\libg.a(lib_a-mprec.o)
                0x08018e70                __mprec_tens
 .rodata.p05.6085
                0x08018f38        0xc c:/program files (x86)/gnu tools arm embedded/5.4 2016q3/bin/../lib/gcc/arm-none-eabi/5.4.1/../../../../arm-none-eabi/lib/armv7e-m\libg.a(lib_a-mprec.o)
 *fill*         0x08018f44        0x4 
 .rodata.__mprec_bigtens
                0x08018f48       0x28 c:/program files (x86)/gnu tools arm embedded/5.4 2016q3/bin/../lib/gcc/arm-none-eabi/5.4.1/../../../../arm-none-eabi/lib/armv7e-m\libg.a(lib_a-mprec.o)
                0x08018f48                __mprec_bigtens
 .rodata.str1.4
                0x08018f70       0x10 c:/program files (x86)/gnu tools arm embedded/5.4 2016q3/bin/../lib/gcc/arm-none-eabi/5.4.1/../../../../arm-none-eabi/lib/armv7e-m\libg.a(lib_a-locale.o)
                                 0x12 (size before relaxing)
 .rodata._ctype_
                0x08018f80      0x101 c:/program files (x86)/gnu tools arm embedded/5.4 2016q3/bin/../lib/gcc/arm-none-eabi/5.4.1/../../../../arm-none-eabi/lib/armv7e-m\libg.a(lib_a-ctype_.o)
                0x08018f80                _ctype_
 *(.eh_fram e*)

.glue_7         0x08019084        0x0
 .glue_7        0x08019084        0x0 linker stubs

.glue_7t        0x08019084        0x0
 .glue_7t       0x08019084        0x0 linker stubs

.vfp11_veneer   0x08019084        0x0
 .vfp11_veneer  0x08019084        0x0 linker stubs

.v4_bx          0x08019084        0x0
 .v4_bx         0x08019084        0x0 linker stubs

.iplt           0x08019084        0x0
 .iplt          0x08019084        0x0 ..\obj\tm_stm32f4_fatfs.o

.ARM.extab
 *(.ARM.extab* .gnu.linkonce.armextab.*)
                0x08019084                __exidx_start = .

.ARM.exidx      0x08019084        0x8
 *(.ARM.exidx* .gnu.linkonce.armexidx.*)
 .ARM.exidx     0x08019084        0x8 c:/program files (x86)/gnu tools arm embedded/5.4 2016q3/bin/../lib/gcc/arm-none-eabi/5.4.1/armv7e-m\libgcc.a(_udivmoddi4.o)
                0x0801908c                __exidx_end = .
                0x0801908c                __etext = .
                0x0801908c                _sidata = __etext

.rel.dyn        0x0801908c        0x0
 .rel.iplt      0x0801908c        0x0 ..\obj\tm_stm32f4_fatfs.o

.data           0x20000000      0xda0 load address 0x0801908c
                0x20000000                __data_start__ = .
                0x20000000                _sdata = __data_start__
 *(vtable)
 *(.data*)
 .data          0x20000000        0x2 ..\obj\mp3.o
                0x20000000                Mp3_Status
                0x20000001                loadneeded
 *fill*         0x20000002        0x2 
 .data          0x20000004       0xb4 ..\obj\diskio.o
                0x20000004                FATFS_LowLevelDrivers
 .data          0x200000b8        0x1 ..\obj\fatfs_usb.o
 *fill*         0x200000b9        0x3 
 .data          0x200000bc       0x10 ..\obj\stm32f4xx_rcc.o
 .data          0x200000cc       0x60 ..\obj\tm_stm32f4_usart.o
                0x200000cc                TM_USART1
                0x200000dc                TM_USART6
                0x200000ec                TM_UART5
                0x200000fc                TM_UART4
                0x2000010c                TM_USART3
                0x2000011c                TM_USART2
 .data          0x2000012c        0x1 ..\obj\fatfs_sd.o
 *fill*         0x2000012d        0x3 
 .data          0x20000130       0x10 ..\obj\usbh_msc_core.o
                0x20000130                USBH_MSC_cb
 .data          0x20000140       0x18 ..\obj\menu.o
 .data          0x20000158       0x10 ..\obj\usbh_core.o
                0x20000158                USBH_HCD_INT_fops
                0x2000015c                USBH_HCD_INT_cb
 .data          0x20000168        0x1 ..\obj\usbh_msc_scsi.o
 *fill*         0x20000169        0x3 
 .data          0x2000016c       0x14 ..\obj\system_stm32f4xx.o
                0x2000016c                AHBPrescTable
                0x2000017c                SystemCoreClock
 .data          0x20000180        0x1 ..\obj\DMA.o
                0x20000180                DmaAudioDone
 *fill*         0x20000181        0x3 
 .data          0x20000184       0x48 ..\obj\usbh_usr.o
                0x20000184                USR_Callbacks
 .data          0x200001cc      0x229 ..\obj\glcd.o
                0x200001cc                LCDPort
                0x200001ec                LCDPin
                0x200001fc                fontdata
 *fill*         0x200003f5        0x3 
 .data.__malloc_av_
                0x200003f8      0x408 c:/program files (x86)/gnu tools arm embedded/5.4 2016q3/bin/../lib/gcc/arm-none-eabi/5.4.1/../../../../arm-none-eabi/lib/armv7e-m\libg.a(lib_a-mallocr.o)
                0x200003f8                __malloc_av_
 .data.__malloc_trim_threshold
                0x20000800        0x4 c:/program files (x86)/gnu tools arm embedded/5.4 2016q3/bin/../lib/gcc/arm-none-eabi/5.4.1/../../../../arm-none-eabi/lib/armv7e-m\libg.a(lib_a-mallocr.o)
                0x20000800                __malloc_trim_threshold
 .data.__malloc_sbrk_base
                0x20000804        0x4 c:/program files (x86)/gnu tools arm embedded/5.4 2016q3/bin/../lib/gcc/arm-none-eabi/5.4.1/../../../../arm-none-eabi/lib/armv7e-m\libg.a(lib_a-mallocr.o)
                0x20000804                __malloc_sbrk_base
 .data.impure_data
                0x20000808      0x428 c:/program files (x86)/gnu tools arm embedded/5.4 2016q3/bin/../lib/gcc/arm-none-eabi/5.4.1/../../../../arm-none-eabi/lib/armv7e-m\libg.a(lib_a-impure.o)
 .data._impure_ptr
                0x20000c30        0x4 c:/program files (x86)/gnu tools arm embedded/5.4 2016q3/bin/../lib/gcc/arm-none-eabi/5.4.1/../../../../arm-none-eabi/lib/armv7e-m\libg.a(lib_a-impure.o)
                0x20000c30                _impure_ptr
 .data.__global_locale
                0x20000c34      0x16c c:/program files (x86)/gnu tools arm embedded/5.4 2016q3/bin/../lib/gcc/arm-none-eabi/5.4.1/../../../../arm-none-eabi/lib/armv7e-m\libg.a(lib_a-locale.o)
                0x20000c34                __global_locale
                0x20000da0                . = ALIGN (0x4)
                [!provide]                PROVIDE (__preinit_array_start, .)
 *(.preinit_array)
                [!provide]                PROVIDE (__preinit_array_end, .)
                0x20000da0                . = ALIGN (0x4)
                [!provide]                PROVIDE (__init_array_start, .)
 *(SORT(.init_array.*))
 *(.init_array)
                [!provide]                PROVIDE (__init_array_end, .)
                0x20000da0                . = ALIGN (0x4)
                [!provide]                PROVIDE (__fini_array_start, .)
 *(SORT(.fini_array.*))
 *(.fini_array)
                [!provide]                PROVIDE (__fini_array_end, .)
 *(.jcr*)
                0x20000da0                . = ALIGN (0x4)
                0x20000da0                __data_end__ = .
                0x20000da0                _edata = __data_end__

.igot.plt       0x20000da0        0x0 load address 0x08019e2c
 .igot.plt      0x20000da0        0x0 ..\obj\tm_stm32f4_fatfs.o

.bss            0x20000da0    0x13d1c load address 0x08019e2c
                0x20000da0                . = ALIGN (0x4)
                0x20000da0                __bss_start__ = .
                0x20000da0                _sbss = __bss_start__
 *(.bss*)
 .bss           0x20000da0        0x8 ..\obj\mp3.o
 .bss           0x20000da8        0x4 ..\obj\usbh_stdreq.o
 .bss           0x20000dac        0x1 ..\obj\fatfs_sd.o
 .bss           0x20000dad        0x2 ..\obj\usbh_msc_core.o
                0x20000dae                MSCErrorCount
 .bss           0x20000daf        0x2 ..\obj\bt.o
                0x20000daf                FlagVolUp
                0x20000db0                FlagVolDown
 *fill*         0x20000db1        0x3 
 .bss           0x20000db4       0x2c ..\obj\tm_stm32f4_delay.o
                0x20000db4                prescaler
                0x20000db8                TM_Time
                0x20000dbc                TM_Time2
                0x20000dd8                TM_DELAY_Initialized
                0x20000ddc                TM_TimingDelay
 .bss           0x20000de0       0x20 ..\obj\menu.o
                0x20000dfe                x
                0x20000dff                presscnt
 .bss           0x20000e00        0x2 ..\obj\usbh_core.o
 *fill*         0x20000e02        0x2 
 .bss           0x20000e04        0x4 ..\obj\syscalls.o
 .bss           0x20000e08        0x1 ..\obj\usbh_usr.o
                0x20000e08                Application
 .bss           0x20000e09        0x1 ..\obj\tm_stm32f4_usb_msc_host.o
                0x20000e09                TM_USB_MSCHOST_INT_Initialized
 *fill*         0x20000e0a        0x2 
 .bss           0x20000e0c     0x5d08 ..\obj\buffers.o
 .bss           0x20006b14       0x2a ..\obj\ff.o
 *fill*         0x20006b3e        0x2 
 .bss           0x20006b40       0x11 ..\obj\usbh_msc_bot.o
 *fill*         0x20006b51        0x3 
 .bss           0x20006b54       0x16 ..\obj\tm_stm32f4_gpio.o
 *fill*         0x20006b6a        0x2 
 .bss.__malloc_max_total_mem
                0x20006b6c        0x4 c:/program files (x86)/gnu tools arm embedded/5.4 2016q3/bin/../lib/gcc/arm-none-eabi/5.4.1/../../../../arm-none-eabi/lib/armv7e-m\libg.a(lib_a-mallocr.o)
                0x20006b6c                __malloc_max_total_mem
 .bss.__malloc_max_sbrked_mem
                0x20006b70        0x4 c:/program files (x86)/gnu tools arm embedded/5.4 2016q3/bin/../lib/gcc/arm-none-eabi/5.4.1/../../../../arm-none-eabi/lib/armv7e-m\libg.a(lib_a-mallocr.o)
                0x20006b70                __malloc_max_sbrked_mem
 .bss.__malloc_top_pad
                0x20006b74        0x4 c:/program files (x86)/gnu tools arm embedded/5.4 2016q3/bin/../lib/gcc/arm-none-eabi/5.4.1/../../../../arm-none-eabi/lib/armv7e-m\libg.a(lib_a-mallocr.o)
                0x20006b74                __malloc_top_pad
 .bss.__malloc_current_mallinfo
                0x20006b78       0x28 c:/program files (x86)/gnu tools arm embedded/5.4 2016q3/bin/../lib/gcc/arm-none-eabi/5.4.1/../../../../arm-none-eabi/lib/armv7e-m\libg.a(lib_a-mallocr.o)
                0x20006b78                __malloc_current_mallinfo
 *(COMMON)
 COMMON         0x20006ba0     0xcef4 ..\obj\mp3.o
                0x20006ba0                mp3_buffer
                0x2000b3a0                hMP3Decoder
                0x2000b3a4                audio_help_buff
                0x2000d1f4                mp3_buffer2
                0x200119f4                act_buff
                0x200119f8                audio_buffer
                0x20013848                errbr
                0x2001384c                bytes_left
                0x20013850                read_ptr
                0x20013854                fil
                0x20013a78                mp3FrameInfo
 COMMON         0x20013a94      0x200 ..\obj\usbh_stdreq.o
                0x20013a94                USBH_CfgDesc
 COMMON         0x20013c94       0xc0 ..\obj\tm_stm32f4_usart.o
                0x20013c94                TM_UART5_Buffer
                0x20013cb4                TM_USART6_Buffer
                0x20013cd4                TM_USART3_Buffer
                0x20013cf4                TM_USART2_Buffer
                0x20013d14                TM_USART1_Buffer
                0x20013d34                TM_UART4_Buffer
 COMMON         0x20013d54      0x214 ..\obj\usbh_msc_core.o
                0x20013d54                MSC_Machine
                0x20013f60                MSC_Setup
 COMMON         0x20013f68        0x8 ..\obj\tm_stm32f4_delay.o
                0x20013f68                sys_delay
                0x20013f6c                mult
 COMMON         0x20013f70      0x410 ..\obj\usbh_msc_scsi.o
                0x20013f70                USBH_DataInBuffer
                0x20014170                USBH_MSC_Param
                0x20014180                USBH_DataOutBuffer
 COMMON         0x20014380      0x6f8 ..\obj\tm_stm32f4_usb_msc_host.o
                0x20014380                USB_OTG_MSC_Core
                0x2001492c                TM_USB_MSCHOST_INT_Result
                0x20014930                USB_Host
 COMMON         0x20014a78       0x40 ..\obj\usbh_msc_bot.o
                0x20014a78                USBH_MSC_CSWData
                0x20014a88                USBH_MSC_BOTXferParam
                0x20014a98                USBH_MSC_CBWData
 COMMON         0x20014ab8        0x4 c:/program files (x86)/gnu tools arm embedded/5.4 2016q3/bin/../lib/gcc/arm-none-eabi/5.4.1/../../../../arm-none-eabi/lib/armv7e-m\libg.a(lib_a-reent.o)
                0x20014ab8                errno
                0x20014abc                . = ALIGN (0x4)
                0x20014abc                __bss_end__ = .
                0x20014abc                _ebss = __bss_end__

.heap           0x20014abc        0x0
                0x20014abc                __end__ = .
                0x20014abc                _end = __end__
                0x20014abc                end = __end__
 *(.heap*)
                0x20014abc                __HeapLimit = .

.co_stack       0x20014abc      0x804 load address 0x0802db48
                0x20014ac0                . = ALIGN (0x8)
 *fill*         0x20014abc        0x4 
 *(.co_stack .co_stack.*)
 .co_stack      0x20014ac0      0x800 ..\obj\startup_stm32f4xx.o
                0x20014ac0                pulStack
                0x20020000                __StackTop = (ORIGIN (ram) + LENGTH (ram))
                0x2001f7fc                __StackLimit = (__StackTop - SIZEOF (.co_stack))
                [!provide]                PROVIDE (__stack, __StackTop)
                0x00000001                ASSERT ((__StackLimit >= __HeapLimit), region ram  overflowed with stack)
LOAD ..\obj\tm_stm32f4_fatfs.o
LOAD ..\obj\unicode.o
LOAD ..\obj\stm32f4xx_syscfg.o
LOAD ..\obj\usb_core.o
LOAD ..\obj\dqchan.o
LOAD ..\obj\scalfact.o
LOAD ..\obj\pcm.o
LOAD ..\obj\i2c.o
LOAD ..\obj\mp3.o
LOAD ..\obj\bitstream.o
LOAD ..\obj\dequant.o
LOAD ..\obj\tm_stm32f4_exti.o
LOAD ..\obj\hufftabs.o
LOAD ..\obj\imdct.o
LOAD ..\obj\timer.o
LOAD ..\obj\usbh_hcs.o
LOAD ..\obj\stm32f4xx_usart.o
LOAD ..\obj\usbh_stdreq.o
LOAD ..\obj\mp3tabs.o
LOAD ..\obj\subband.o
LOAD ..\obj\diskio.o
LOAD ..\obj\startup_stm32f4xx.o
LOAD ..\obj\fatfs_usb.o
LOAD ..\obj\mp3dec.o
LOAD ..\obj\main.o
LOAD ..\obj\stm32f4xx_rcc.o
LOAD ..\obj\tm_stm32f4_usart.o
LOAD ..\obj\tm_stm32f4_rotary_encoder.o
LOAD ..\obj\fatfs_sd.o
LOAD ..\obj\usbh_msc_core.o
LOAD ..\obj\bt.o
LOAD ..\obj\gpio.o
LOAD ..\obj\tm_stm32f4_delay.o
LOAD ..\obj\syscall.o
LOAD ..\obj\tm_stm32f4_spi.o
LOAD ..\obj\menu.o
LOAD ..\obj\usbh_core.o
LOAD ..\obj\stm32f4xx_gpio.o
LOAD ..\obj\usbh_msc_scsi.o
LOAD ..\obj\system_stm32f4xx.o
LOAD ..\obj\DMA.o
LOAD ..\obj\syscalls.o
LOAD ..\obj\stm32f4xx_dma.o
LOAD ..\obj\usbh_usr.o
LOAD ..\obj\i2s.o
LOAD ..\obj\usb_bsp.o
LOAD ..\obj\tm_stm32f4_usb_msc_host.o
LOAD ..\obj\stproc.o
LOAD ..\obj\huffman.o
LOAD ..\obj\trigtabs_fixpt.o
LOAD ..\obj\preamp.o
LOAD ..\obj\buffers.o
LOAD ..\obj\ff.o
LOAD ..\obj\usb_hcd.o
LOAD ..\obj\usbh_msc_bot.o
LOAD ..\obj\stm32f4xx_spi.o
LOAD ..\obj\dct32.o
LOAD ..\obj\stm32f4xx_i2c.o
LOAD ..\obj\stm32f4xx_exti.o
LOAD ..\obj\usbh_ioreq.o
LOAD ..\obj\misc.o
LOAD ..\obj\glcd.o
LOAD ..\obj\tm_stm32f4_gpio.o
LOAD ..\obj\polyphase.o
LOAD ..\obj\tm_stm32f4_timer_properties.o
LOAD ..\obj\stm32f4xx_tim.o
LOAD ..\obj\usb_hcd_int.o
START GROUP
LOAD c:/program files (x86)/gnu tools arm embedded/5.4 2016q3/bin/../lib/gcc/arm-none-eabi/5.4.1/armv7e-m\libgcc.a
LOAD c:/program files (x86)/gnu tools arm embedded/5.4 2016q3/bin/../lib/gcc/arm-none-eabi/5.4.1/../../../../arm-none-eabi/lib/armv7e-m\libg.a
LOAD c:/program files (x86)/gnu tools arm embedded/5.4 2016q3/bin/../lib/gcc/arm-none-eabi/5.4.1/../../../../arm-none-eabi/lib/armv7e-m\libc.a
END GROUP
OUTPUT(AmpNew.elf elf32-littlearm)

.debug_info     0x00000000    0x3dc5d
 .debug_info    0x00000000     0x2695 ..\obj\usb_core.o
 .debug_info    0x00002695      0x94d ..\obj\dqchan.o
 .debug_info    0x00002fe2      0xbe3 ..\obj\scalfact.o
 .debug_info    0x00003bc5      0x4d4 ..\obj\i2c.o
 .debug_info    0x00004099      0x8e5 ..\obj\mp3.o
 .debug_info    0x0000497e     0x11c5 ..\obj\bitstream.o
 .debug_info    0x00005b43      0x8c3 ..\obj\dequant.o
 .debug_info    0x00006406      0xcc0 ..\obj\tm_stm32f4_exti.o
 .debug_info    0x000070c6      0x1d2 ..\obj\hufftabs.o
 .debug_info    0x00007298     0x3212 ..\obj\imdct.o
 .debug_info    0x0000a4aa      0x8fa ..\obj\timer.o
 .debug_info    0x0000ada4      0xb1c ..\obj\usbh_hcs.o
 .debug_info    0x0000b8c0      0xb2d ..\obj\stm32f4xx_usart.o
 .debug_info    0x0000c3ed     0x1b40 ..\obj\usbh_stdreq.o
 .debug_info    0x0000df2d      0x1e0 ..\obj\mp3tabs.o
 .debug_info    0x0000e10d      0x48b ..\obj\subband.o
 .debug_info    0x0000e598      0x509 ..\obj\diskio.o
 .debug_info    0x0000eaa1      0x112 ..\obj\startup_stm32f4xx.o
 .debug_info    0x0000ebb3     0x1523 ..\obj\fatfs_usb.o
 .debug_info    0x000100d6      0xbf7 ..\obj\mp3dec.o
 .debug_info    0x00010ccd      0x715 ..\obj\main.o
 .debug_info    0x000113e2      0xd0d ..\obj\stm32f4xx_rcc.o
 .debug_info    0x000120ef     0x1fd8 ..\obj\tm_stm32f4_usart.o
 .debug_info    0x000140c7      0x464 ..\obj\tm_stm32f4_rotary_encoder.o
 .debug_info    0x0001452b     0x167e ..\obj\fatfs_sd.o
 .debug_info    0x00015ba9     0x1907 ..\obj\usbh_msc_core.o
 .debug_info    0x000174b0      0x23c ..\obj\bt.o
 .debug_info    0x000176ec      0x599 ..\obj\gpio.o
 .debug_info    0x00017c85      0xacf ..\obj\tm_stm32f4_delay.o
 .debug_info    0x00018754      0xe8b ..\obj\tm_stm32f4_spi.o
 .debug_info    0x000195df      0x7c2 ..\obj\menu.o
 .debug_info    0x00019da1     0x1c8b ..\obj\usbh_core.o
 .debug_info    0x0001ba2c      0x7db ..\obj\stm32f4xx_gpio.o
 .debug_info    0x0001c207      0xec2 ..\obj\usbh_msc_scsi.o
 .debug_info    0x0001d0c9      0x5e6 ..\obj\system_stm32f4xx.o
 .debug_info    0x0001d6af      0x755 ..\obj\DMA.o
 .debug_info    0x0001de04      0x432 ..\obj\syscalls.o
 .debug_info    0x0001e236      0x718 ..\obj\stm32f4xx_dma.o
 .debug_info    0x0001e94e      0x5d9 ..\obj\usbh_usr.o
 .debug_info    0x0001ef27      0x7c9 ..\obj\i2s.o
 .debug_info    0x0001f6f0     0x111e ..\obj\usb_bsp.o
 .debug_info    0x0002080e     0x13b0 ..\obj\tm_stm32f4_usb_msc_host.o
 .debug_info    0x00021bbe      0xcb8 ..\obj\stproc.o
 .debug_info    0x00022876      0xbfd ..\obj\huffman.o
 .debug_info    0x00023473      0x1ce ..\obj\trigtabs_fixpt.o
 .debug_info    0x00023641      0xa7d ..\obj\preamp.o
 .debug_info    0x000240be      0x9eb ..\obj\buffers.o
 .debug_info    0x00024aa9     0xa29b ..\obj\ff.o
 .debug_info    0x0002ed44      0xd56 ..\obj\usb_hcd.o
 .debug_info    0x0002fa9a     0x1924 ..\obj\usbh_msc_bot.o
 .debug_info    0x000313be      0xbc4 ..\obj\stm32f4xx_spi.o
 .debug_info    0x00031f82      0xb10 ..\obj\dct32.o
 .debug_info    0x00032a92      0xb6d ..\obj\stm32f4xx_i2c.o
 .debug_info    0x000335ff     0x1646 ..\obj\usbh_ioreq.o
 .debug_info    0x00034c45      0x55c ..\obj\misc.o
 .debug_info    0x000351a1      0xf2b ..\obj\glcd.o
 .debug_info    0x000360cc      0x9df ..\obj\tm_stm32f4_gpio.o
 .debug_info    0x00036aab     0x2be4 ..\obj\polyphase.o
 .debug_info    0x0003968f     0x249e ..\obj\stm32f4xx_tim.o
 .debug_info    0x0003bb2d     0x2130 ..\obj\usb_hcd_int.o

.debug_abbrev   0x00000000     0x80f1
 .debug_abbrev  0x00000000      0x442 ..\obj\usb_core.o
 .debug_abbrev  0x00000442      0x22d ..\obj\dqchan.o
 .debug_abbrev  0x0000066f      0x1ed ..\obj\scalfact.o
 .debug_abbrev  0x0000085c      0x155 ..\obj\i2c.o
 .debug_abbrev  0x000009b1      0x276 ..\obj\mp3.o
 .debug_abbrev  0x00000c27      0x290 ..\obj\bitstream.o
 .debug_abbrev  0x00000eb7      0x1e0 ..\obj\dequant.o
 .debug_abbrev  0x00001097      0x1f0 ..\obj\tm_stm32f4_exti.o
 .debug_abbrev  0x00001287       0xad ..\obj\hufftabs.o
 .debug_abbrev  0x00001334      0x350 ..\obj\imdct.o
 .debug_abbrev  0x00001684      0x177 ..\obj\timer.o
 .debug_abbrev  0x000017fb      0x211 ..\obj\usbh_hcs.o
 .debug_abbrev  0x00001a0c      0x1d7 ..\obj\stm32f4xx_usart.o
 .debug_abbrev  0x00001be3      0x392 ..\obj\usbh_stdreq.o
 .debug_abbrev  0x00001f75       0x79 ..\obj\mp3tabs.o
 .debug_abbrev  0x00001fee      0x148 ..\obj\subband.o
 .debug_abbrev  0x00002136      0x1fe ..\obj\diskio.o
 .debug_abbrev  0x00002334       0xe8 ..\obj\startup_stm32f4xx.o
 .debug_abbrev  0x0000241c      0x284 ..\obj\fatfs_usb.o
 .debug_abbrev  0x000026a0      0x30f ..\obj\mp3dec.o
 .debug_abbrev  0x000029af      0x1a2 ..\obj\main.o
 .debug_abbrev  0x00002b51      0x297 ..\obj\stm32f4xx_rcc.o
 .debug_abbrev  0x00002de8      0x3b5 ..\obj\tm_stm32f4_usart.o
 .debug_abbrev  0x0000319d      0x16c ..\obj\tm_stm32f4_rotary_encoder.o
 .debug_abbrev  0x00003309      0x398 ..\obj\fatfs_sd.o
 .debug_abbrev  0x000036a1      0x38d ..\obj\usbh_msc_core.o
 .debug_abbrev  0x00003a2e      0x10f ..\obj\bt.o
 .debug_abbrev  0x00003b3d      0x147 ..\obj\gpio.o
 .debug_abbrev  0x00003c84      0x329 ..\obj\tm_stm32f4_delay.o
 .debug_abbrev  0x00003fad      0x28b ..\obj\tm_stm32f4_spi.o
 .debug_abbrev  0x00004238      0x260 ..\obj\menu.o
 .debug_abbrev  0x00004498      0x39f ..\obj\usbh_core.o
 .debug_abbrev  0x00004837      0x1f3 ..\obj\stm32f4xx_gpio.o
 .debug_abbrev  0x00004a2a      0x222 ..\obj\usbh_msc_scsi.o
 .debug_abbrev  0x00004c4c      0x15f ..\obj\system_stm32f4xx.o
 .debug_abbrev  0x00004dab      0x1cf ..\obj\DMA.o
 .debug_abbrev  0x00004f7a      0x147 ..\obj\syscalls.o
 .debug_abbrev  0x000050c1      0x1b7 ..\obj\stm32f4xx_dma.o
 .debug_abbrev  0x00005278      0x1cc ..\obj\usbh_usr.o
 .debug_abbrev  0x00005444      0x176 ..\obj\i2s.o
 .debug_abbrev  0x000055ba      0x2f4 ..\obj\usb_bsp.o
 .debug_abbrev  0x000058ae      0x281 ..\obj\tm_stm32f4_usb_msc_host.o
 .debug_abbrev  0x00005b2f      0x20e ..\obj\stproc.o
 .debug_abbrev  0x00005d3d      0x251 ..\obj\huffman.o
 .debug_abbrev  0x00005f8e       0x68 ..\obj\trigtabs_fixpt.o
 .debug_abbrev  0x00005ff6      0x1f9 ..\obj\preamp.o
 .debug_abbrev  0x000061ef      0x1d1 ..\obj\buffers.o
 .debug_abbrev  0x000063c0      0x377 ..\obj\ff.o
 .debug_abbrev  0x00006737      0x1e6 ..\obj\usb_hcd.o
 .debug_abbrev  0x0000691d      0x30b ..\obj\usbh_msc_bot.o
 .debug_abbrev  0x00006c28      0x1c0 ..\obj\stm32f4xx_spi.o
 .debug_abbrev  0x00006de8      0x13d ..\obj\dct32.o
 .debug_abbrev  0x00006f25      0x240 ..\obj\stm32f4xx_i2c.o
 .debug_abbrev  0x00007165      0x279 ..\obj\usbh_ioreq.o
 .debug_abbrev  0x000073de      0x156 ..\obj\misc.o
 .debug_abbrev  0x00007534      0x273 ..\obj\glcd.o
 .debug_abbrev  0x000077a7      0x1ea ..\obj\tm_stm32f4_gpio.o
 .debug_abbrev  0x00007991      0x20d ..\obj\polyphase.o
 .debug_abbrev  0x00007b9e      0x286 ..\obj\stm32f4xx_tim.o
 .debug_abbrev  0x00007e24      0x2cd ..\obj\usb_hcd_int.o

.debug_loc      0x00000000    0x3f160
 .debug_loc     0x00000000     0x15a4 ..\obj\usb_core.o
 .debug_loc     0x000015a4      0x98c ..\obj\dqchan.o
 .debug_loc     0x00001f30     0x1627 ..\obj\scalfact.o
 .debug_loc     0x00003557       0xce ..\obj\i2c.o
 .debug_loc     0x00003625      0x193 ..\obj\mp3.o
 .debug_loc     0x000037b8     0x764b ..\obj\bitstream.o
 .debug_loc     0x0000ae03      0x28e ..\obj\dequant.o
 .debug_loc     0x0000b091      0x381 ..\obj\tm_stm32f4_exti.o
 .debug_loc     0x0000b412     0x6973 ..\obj\imdct.o
 .debug_loc     0x00011d85       0x6e ..\obj\timer.o
 .debug_loc     0x00011df3      0x328 ..\obj\usbh_hcs.o
 .debug_loc     0x0001211b      0x8e7 ..\obj\stm32f4xx_usart.o
 .debug_loc     0x00012a02      0xa7c ..\obj\usbh_stdreq.o
 .debug_loc     0x0001347e      0x175 ..\obj\subband.o
 .debug_loc     0x000135f3      0x361 ..\obj\diskio.o
 .debug_loc     0x00013954      0x28d ..\obj\fatfs_usb.o
 .debug_loc     0x00013be1      0x9cf ..\obj\mp3dec.o
 .debug_loc     0x000145b0       0xcb ..\obj\main.o
 .debug_loc     0x0001467b      0xb54 ..\obj\stm32f4xx_rcc.o
 .debug_loc     0x000151cf     0x1dc6 ..\obj\tm_stm32f4_usart.o
 .debug_loc     0x00016f95      0x11d ..\obj\tm_stm32f4_rotary_encoder.o
 .debug_loc     0x000170b2     0x1389 ..\obj\fatfs_sd.o
 .debug_loc     0x0001843b      0x39b ..\obj\usbh_msc_core.o
 .debug_loc     0x000187d6      0x26a ..\obj\tm_stm32f4_delay.o
 .debug_loc     0x00018a40      0x6cd ..\obj\tm_stm32f4_spi.o
 .debug_loc     0x0001910d       0x51 ..\obj\menu.o
 .debug_loc     0x0001915e      0x7b3 ..\obj\usbh_core.o
 .debug_loc     0x00019911      0x3a0 ..\obj\stm32f4xx_gpio.o
 .debug_loc     0x00019cb1      0x416 ..\obj\usbh_msc_scsi.o
 .debug_loc     0x0001a0c7      0x13b ..\obj\system_stm32f4xx.o
 .debug_loc     0x0001a202       0x58 ..\obj\DMA.o
 .debug_loc     0x0001a25a       0xe7 ..\obj\syscalls.o
 .debug_loc     0x0001a341      0x424 ..\obj\stm32f4xx_dma.o
 .debug_loc     0x0001a765      0x144 ..\obj\usb_bsp.o
 .debug_loc     0x0001a8a9     0x17d3 ..\obj\stproc.o
 .debug_loc     0x0001c07c     0x14b4 ..\obj\huffman.o
 .debug_loc     0x0001d530      0x411 ..\obj\preamp.o
 .debug_loc     0x0001d941    0x168b2 ..\obj\ff.o
 .debug_loc     0x000341f3      0x2d5 ..\obj\usb_hcd.o
 .debug_loc     0x000344c8      0x607 ..\obj\usbh_msc_bot.o
 .debug_loc     0x00034acf      0x644 ..\obj\stm32f4xx_spi.o
 .debug_loc     0x00035113     0x228b ..\obj\dct32.o
 .debug_loc     0x0003739e      0x674 ..\obj\stm32f4xx_i2c.o
 .debug_loc     0x00037a12      0x613 ..\obj\usbh_ioreq.o
 .debug_loc     0x00038025      0x186 ..\obj\misc.o
 .debug_loc     0x000381ab      0x789 ..\obj\glcd.o
 .debug_loc     0x00038934      0xdba ..\obj\tm_stm32f4_gpio.o
 .debug_loc     0x000396ee     0x2ea1 ..\obj\polyphase.o
 .debug_loc     0x0003c58f     0x2055 ..\obj\stm32f4xx_tim.o
 .debug_loc     0x0003e5e4      0xb7c ..\obj\usb_hcd_int.o

.debug_aranges  0x00000000     0x18d8
 .debug_aranges
                0x00000000       0xf0 ..\obj\usb_core.o
 .debug_aranges
                0x000000f0       0x28 ..\obj\dqchan.o
 .debug_aranges
                0x00000118       0x20 ..\obj\scalfact.o
 .debug_aranges
                0x00000138       0x38 ..\obj\i2c.o
 .debug_aranges
                0x00000170       0x38 ..\obj\mp3.o
 .debug_aranges
                0x000001a8       0x48 ..\obj\bitstream.o
 .debug_aranges
                0x000001f0       0x20 ..\obj\dequant.o
 .debug_aranges
                0x00000210       0x68 ..\obj\tm_stm32f4_exti.o
 .debug_aranges
                0x00000278       0x18 ..\obj\hufftabs.o
 .debug_aranges
                0x00000290       0x30 ..\obj\imdct.o
 .debug_aranges
                0x000002c0       0x40 ..\obj\timer.o
 .debug_aranges
                0x00000300       0x40 ..\obj\usbh_hcs.o
 .debug_aranges
                0x00000340      0x100 ..\obj\stm32f4xx_usart.o
 .debug_aranges
                0x00000440       0x60 ..\obj\usbh_stdreq.o
 .debug_aranges
                0x000004a0       0x18 ..\obj\mp3tabs.o
 .debug_aranges
                0x000004b8       0x20 ..\obj\subband.o
 .debug_aranges
                0x000004d8       0x68 ..\obj\diskio.o
 .debug_aranges
                0x00000540       0x28 ..\obj\startup_stm32f4xx.o
 .debug_aranges
                0x00000568       0x40 ..\obj\fatfs_usb.o
 .debug_aranges
                0x000005a8       0x48 ..\obj\mp3dec.o
 .debug_aranges
                0x000005f0       0x20 ..\obj\main.o
 .debug_aranges
                0x00000610      0x178 ..\obj\stm32f4xx_rcc.o
 .debug_aranges
                0x00000788       0xf8 ..\obj\tm_stm32f4_usart.o
 .debug_aranges
                0x00000880       0x38 ..\obj\tm_stm32f4_rotary_encoder.o
 .debug_aranges
                0x000008b8       0x70 ..\obj\fatfs_sd.o
 .debug_aranges
                0x00000928       0x40 ..\obj\usbh_msc_core.o
 .debug_aranges
                0x00000968       0x20 ..\obj\bt.o
 .debug_aranges
                0x00000988       0x30 ..\obj\gpio.o
 .debug_aranges
                0x000009b8       0x70 ..\obj\tm_stm32f4_delay.o
 .debug_aranges
                0x00000a28       0x80 ..\obj\tm_stm32f4_spi.o
 .debug_aranges
                0x00000aa8       0x40 ..\obj\menu.o
 .debug_aranges
                0x00000ae8       0x58 ..\obj\usbh_core.o
 .debug_aranges
                0x00000b40       0x88 ..\obj\stm32f4xx_gpio.o
 .debug_aranges
                0x00000bc8       0x48 ..\obj\usbh_msc_scsi.o
 .debug_aranges
                0x00000c10       0x28 ..\obj\system_stm32f4xx.o
 .debug_aranges
                0x00000c38       0x30 ..\obj\DMA.o
 .debug_aranges
                0x00000c68       0x58 ..\obj\syscalls.o
 .debug_aranges
                0x00000cc0       0xa8 ..\obj\stm32f4xx_dma.o
 .debug_aranges
                0x00000d68       0x68 ..\obj\usbh_usr.o
 .debug_aranges
                0x00000dd0       0x28 ..\obj\i2s.o
 .debug_aranges
                0x00000df8       0x58 ..\obj\usb_bsp.o
 .debug_aranges
                0x00000e50       0x38 ..\obj\tm_stm32f4_usb_msc_host.o
 .debug_aranges
                0x00000e88       0x30 ..\obj\stproc.o
 .debug_aranges
                0x00000eb8       0x20 ..\obj\huffman.o
 .debug_aranges
                0x00000ed8       0x18 ..\obj\trigtabs_fixpt.o
 .debug_aranges
                0x00000ef0       0x48 ..\obj\preamp.o
 .debug_aranges
                0x00000f38       0x28 ..\obj\buffers.o
 .debug_aranges
                0x00000f60      0x1b0 ..\obj\ff.o
 .debug_aranges
                0x00001110       0x68 ..\obj\usb_hcd.o
 .debug_aranges
                0x00001178       0x38 ..\obj\usbh_msc_bot.o
 .debug_aranges
                0x000011b0       0xe0 ..\obj\stm32f4xx_spi.o
 .debug_aranges
                0x00001290       0x20 ..\obj\dct32.o
 .debug_aranges
                0x000012b0      0x110 ..\obj\stm32f4xx_i2c.o
 .debug_aranges
                0x000013c0       0x68 ..\obj\usbh_ioreq.o
 .debug_aranges
                0x00001428       0x40 ..\obj\misc.o
 .debug_aranges
                0x00001468       0x78 ..\obj\glcd.o
 .debug_aranges
                0x000014e0       0x98 ..\obj\tm_stm32f4_gpio.o
 .debug_aranges
                0x00001578       0x28 ..\obj\polyphase.o
 .debug_aranges
                0x000015a0      0x2c8 ..\obj\stm32f4xx_tim.o
 .debug_aranges
                0x00001868       0x70 ..\obj\usb_hcd_int.o

.debug_ranges   0x00000000     0x8308
 .debug_ranges  0x00000000      0x208 ..\obj\usb_core.o
 .debug_ranges  0x00000208       0x30 ..\obj\dqchan.o
 .debug_ranges  0x00000238       0x90 ..\obj\scalfact.o
 .debug_ranges  0x000002c8       0x28 ..\obj\i2c.o
 .debug_ranges  0x000002f0       0x28 ..\obj\mp3.o
 .debug_ranges  0x00000318      0x960 ..\obj\bitstream.o
 .debug_ranges  0x00000c78       0x10 ..\obj\dequant.o
 .debug_ranges  0x00000c88       0x78 ..\obj\tm_stm32f4_exti.o
 .debug_ranges  0x00000d00     0x16b8 ..\obj\imdct.o
 .debug_ranges  0x000023b8       0x30 ..\obj\timer.o
 .debug_ranges  0x000023e8       0x50 ..\obj\usbh_hcs.o
 .debug_ranges  0x00002438       0xf0 ..\obj\stm32f4xx_usart.o
 .debug_ranges  0x00002528      0x160 ..\obj\usbh_stdreq.o
 .debug_ranges  0x00002688       0x10 ..\obj\subband.o
 .debug_ranges  0x00002698       0x58 ..\obj\diskio.o
 .debug_ranges  0x000026f0       0x18 ..\obj\startup_stm32f4xx.o
 .debug_ranges  0x00002708       0x30 ..\obj\fatfs_usb.o
 .debug_ranges  0x00002738       0x80 ..\obj\mp3dec.o
 .debug_ranges  0x000027b8       0x10 ..\obj\main.o
 .debug_ranges  0x000027c8      0x188 ..\obj\stm32f4xx_rcc.o
 .debug_ranges  0x00002950      0x618 ..\obj\tm_stm32f4_usart.o
 .debug_ranges  0x00002f68       0x28 ..\obj\tm_stm32f4_rotary_encoder.o
 .debug_ranges  0x00002f90      0x728 ..\obj\fatfs_sd.o
 .debug_ranges  0x000036b8       0x98 ..\obj\usbh_msc_core.o
 .debug_ranges  0x00003750       0x10 ..\obj\bt.o
 .debug_ranges  0x00003760       0x20 ..\obj\gpio.o
 .debug_ranges  0x00003780       0xc8 ..\obj\tm_stm32f4_delay.o
 .debug_ranges  0x00003848      0x110 ..\obj\tm_stm32f4_spi.o
 .debug_ranges  0x00003958       0x50 ..\obj\menu.o
 .debug_ranges  0x000039a8       0x80 ..\obj\usbh_core.o
 .debug_ranges  0x00003a28       0x78 ..\obj\stm32f4xx_gpio.o
 .debug_ranges  0x00003aa0       0x38 ..\obj\usbh_msc_scsi.o
 .debug_ranges  0x00003ad8       0x30 ..\obj\system_stm32f4xx.o
 .debug_ranges  0x00003b08       0x20 ..\obj\DMA.o
 .debug_ranges  0x00003b28       0x48 ..\obj\syscalls.o
 .debug_ranges  0x00003b70       0x98 ..\obj\stm32f4xx_dma.o
 .debug_ranges  0x00003c08       0x58 ..\obj\usbh_usr.o
 .debug_ranges  0x00003c60       0x30 ..\obj\i2s.o
 .debug_ranges  0x00003c90       0x60 ..\obj\usb_bsp.o
 .debug_ranges  0x00003cf0       0x58 ..\obj\tm_stm32f4_usb_msc_host.o
 .debug_ranges  0x00003d48      0x158 ..\obj\stproc.o
 .debug_ranges  0x00003ea0       0xb8 ..\obj\huffman.o
 .debug_ranges  0x00003f58       0xb0 ..\obj\preamp.o
 .debug_ranges  0x00004008       0x18 ..\obj\buffers.o
 .debug_ranges  0x00004020     0x30e8 ..\obj\ff.o
 .debug_ranges  0x00007108       0x58 ..\obj\usb_hcd.o
 .debug_ranges  0x00007160       0x50 ..\obj\usbh_msc_bot.o
 .debug_ranges  0x000071b0       0xd0 ..\obj\stm32f4xx_spi.o
 .debug_ranges  0x00007280      0x680 ..\obj\dct32.o
 .debug_ranges  0x00007900      0x100 ..\obj\stm32f4xx_i2c.o
 .debug_ranges  0x00007a00       0x70 ..\obj\usbh_ioreq.o
 .debug_ranges  0x00007a70       0x30 ..\obj\misc.o
 .debug_ranges  0x00007aa0       0x88 ..\obj\glcd.o
 .debug_ranges  0x00007b28      0x128 ..\obj\tm_stm32f4_gpio.o
 .debug_ranges  0x00007c50      0x2f8 ..\obj\polyphase.o
 .debug_ranges  0x00007f48      0x360 ..\obj\stm32f4xx_tim.o
 .debug_ranges  0x000082a8       0x60 ..\obj\usb_hcd_int.o

.debug_line     0x00000000    0x11d1d
 .debug_line    0x00000000      0x808 ..\obj\usb_core.o
 .debug_line    0x00000808      0x270 ..\obj\dqchan.o
 .debug_line    0x00000a78      0x216 ..\obj\scalfact.o
 .debug_line    0x00000c8e      0x24e ..\obj\i2c.o
 .debug_line    0x00000edc      0x350 ..\obj\mp3.o
 .debug_line    0x0000122c      0x6ad ..\obj\bitstream.o
 .debug_line    0x000018d9      0x18c ..\obj\dequant.o
 .debug_line    0x00001a65      0x36b ..\obj\tm_stm32f4_exti.o
 .debug_line    0x00001dd0       0x62 ..\obj\hufftabs.o
 .debug_line    0x00001e32     0x198a ..\obj\imdct.o
 .debug_line    0x000037bc      0x28a ..\obj\timer.o
 .debug_line    0x00003a46      0x222 ..\obj\usbh_hcs.o
 .debug_line    0x00003c68      0x516 ..\obj\stm32f4xx_usart.o
 .debug_line    0x0000417e      0x432 ..\obj\usbh_stdreq.o
 .debug_line    0x000045b0       0x8b ..\obj\mp3tabs.o
 .debug_line    0x0000463b      0x14a ..\obj\subband.o
 .debug_line    0x00004785      0x2b9 ..\obj\diskio.o
 .debug_line    0x00004a3e       0x8f ..\obj\startup_stm32f4xx.o
 .debug_line    0x00004acd      0x336 ..\obj\fatfs_usb.o
 .debug_line    0x00004e03      0x311 ..\obj\mp3dec.o
 .debug_line    0x00005114      0x351 ..\obj\main.o
 .debug_line    0x00005465      0x591 ..\obj\stm32f4xx_rcc.o
 .debug_line    0x000059f6      0x9ec ..\obj\tm_stm32f4_usart.o
 .debug_line    0x000063e2      0x263 ..\obj\tm_stm32f4_rotary_encoder.o
 .debug_line    0x00006645      0x84a ..\obj\fatfs_sd.o
 .debug_line    0x00006e8f      0x356 ..\obj\usbh_msc_core.o
 .debug_line    0x000071e5      0x1bc ..\obj\bt.o
 .debug_line    0x000073a1      0x28b ..\obj\gpio.o
 .debug_line    0x0000762c      0x3f3 ..\obj\tm_stm32f4_delay.o
 .debug_line    0x00007a1f      0x4ee ..\obj\tm_stm32f4_spi.o
 .debug_line    0x00007f0d      0x2bc ..\obj\menu.o
 .debug_line    0x000081c9      0x486 ..\obj\usbh_core.o
 .debug_line    0x0000864f      0x395 ..\obj\stm32f4xx_gpio.o
 .debug_line    0x000089e4      0x3ea ..\obj\usbh_msc_scsi.o
 .debug_line    0x00008dce      0x1e4 ..\obj\system_stm32f4xx.o
 .debug_line    0x00008fb2      0x25a ..\obj\DMA.o
 .debug_line    0x0000920c      0x1ba ..\obj\syscalls.o
 .debug_line    0x000093c6      0x418 ..\obj\stm32f4xx_dma.o
 .debug_line    0x000097de      0x27a ..\obj\usbh_usr.o
 .debug_line    0x00009a58      0x24c ..\obj\i2s.o
 .debug_line    0x00009ca4      0x300 ..\obj\usb_bsp.o
 .debug_line    0x00009fa4      0x279 ..\obj\tm_stm32f4_usb_msc_host.o
 .debug_line    0x0000a21d      0x5d7 ..\obj\stproc.o
 .debug_line    0x0000a7f4      0x2fd ..\obj\huffman.o
 .debug_line    0x0000aaf1       0x5d ..\obj\trigtabs_fixpt.o
 .debug_line    0x0000ab4e      0x2dc ..\obj\preamp.o
 .debug_line    0x0000ae2a       0xdf ..\obj\buffers.o
 .debug_line    0x0000af09     0x3147 ..\obj\ff.o
 .debug_line    0x0000e050      0x275 ..\obj\usb_hcd.o