Archive member included to satisfy reference by file (symbol)

c:/program files (x86)/gnu tools arm embedded/5.4 2016q3/bin/../lib/gcc/arm-none-eabi/5.4.1/armv7e-m\libgcc.a(_arm_addsubdf3.o)
                              ..\obj\tm_stm32f4_fatfs.o (__aeabi_ui2d)
c:/program files (x86)/gnu tools arm embedded/5.4 2016q3/bin/../lib/gcc/arm-none-eabi/5.4.1/armv7e-m\libgcc.a(_arm_muldivdf3.o)
                              ..\obj\tm_stm32f4_fatfs.o (__aeabi_dmul)
c:/program files (x86)/gnu tools arm embedded/5.4 2016q3/bin/../lib/gcc/arm-none-eabi/5.4.1/armv7e-m\libgcc.a(_arm_cmpdf2.o)
                              ..\obj\tm_stm32f4_timer_properties.o (__aeabi_dcmpeq)
c:/program files (x86)/gnu tools arm embedded/5.4 2016q3/bin/../lib/gcc/arm-none-eabi/5.4.1/armv7e-m\libgcc.a(_arm_fixunsdfsi.o)
                              ..\obj\tm_stm32f4_fatfs.o (__aeabi_d2uiz)
c:/program files (x86)/gnu tools arm embedded/5.4 2016q3/bin/../lib/gcc/arm-none-eabi/5.4.1/../../../../arm-none-eabi/lib/armv7e-m\libg.a(lib_a-malloc.o)
                              ..\obj\tm_stm32f4_fatfs.o (malloc)
c:/program files (x86)/gnu tools arm embedded/5.4 2016q3/bin/../lib/gcc/arm-none-eabi/5.4.1/../../../../arm-none-eabi/lib/armv7e-m\libg.a(lib_a-mallocr.o)
                              c:/program files (x86)/gnu tools arm embedded/5.4 2016q3/bin/../lib/gcc/arm-none-eabi/5.4.1/../../../../arm-none-eabi/lib/armv7e-m\libg.a(lib_a-malloc.o) (_malloc_r)
c:/program files (x86)/gnu tools arm embedded/5.4 2016q3/bin/../lib/gcc/arm-none-eabi/5.4.1/../../../../arm-none-eabi/lib/armv7e-m\libg.a(lib_a-memcpy.o)
                              ..\obj\mp3.o (memcpy)
c:/program files (x86)/gnu tools arm embedded/5.4 2016q3/bin/../lib/gcc/arm-none-eabi/5.4.1/../../../../arm-none-eabi/lib/armv7e-m\libg.a(lib_a-memmove.o)
                              ..\obj\mp3dec.o (memmove)
c:/program files (x86)/gnu tools arm embedded/5.4 2016q3/bin/../lib/gcc/arm-none-eabi/5.4.1/../../../../arm-none-eabi/lib/armv7e-m\libg.a(lib_a-memset.o)
                              ..\obj\str.o (memset)
c:/program files (x86)/gnu tools arm embedded/5.4 2016q3/bin/../lib/gcc/arm-none-eabi/5.4.1/../../../../arm-none-eabi/lib/armv7e-m\libg.a(lib_a-mlock.o)
                              c:/program files (x86)/gnu tools arm embedded/5.4 2016q3/bin/../lib/gcc/arm-none-eabi/5.4.1/../../../../arm-none-eabi/lib/armv7e-m\libg.a(lib_a-mallocr.o) (__malloc_lock)
c:/program files (x86)/gnu tools arm embedded/5.4 2016q3/bin/../lib/gcc/arm-none-eabi/5.4.1/../../../../arm-none-eabi/lib/armv7e-m\libg.a(lib_a-realloc.o)
                              ..\obj\file.o (realloc)
c:/program files (x86)/gnu tools arm embedded/5.4 2016q3/bin/../lib/gcc/arm-none-eabi/5.4.1/../../../../arm-none-eabi/lib/armv7e-m\libg.a(lib_a-reallocr.o)
                              c:/program files (x86)/gnu tools arm embedded/5.4 2016q3/bin/../lib/gcc/arm-none-eabi/5.4.1/../../../../arm-none-eabi/lib/armv7e-m\libg.a(lib_a-realloc.o) (_realloc_r)
c:/program files (x86)/gnu tools arm embedded/5.4 2016q3/bin/../lib/gcc/arm-none-eabi/5.4.1/../../../../arm-none-eabi/lib/armv7e-m\libg.a(lib_a-sbrkr.o)
                              c:/program files (x86)/gnu tools arm embedded/5.4 2016q3/bin/../lib/gcc/arm-none-eabi/5.4.1/../../../../arm-none-eabi/lib/armv7e-m\libg.a(lib_a-mallocr.o) (_sbrk_r)
c:/program files (x86)/gnu tools arm embedded/5.4 2016q3/bin/../lib/gcc/arm-none-eabi/5.4.1/../../../../arm-none-eabi/lib/armv7e-m\libg.a(lib_a-sprintf.o)
                              ..\obj\tm_stm32f4_fatfs.o (sprintf)
c:/program files (x86)/gnu tools arm embedded/5.4 2016q3/bin/../lib/gcc/arm-none-eabi/5.4.1/../../../../arm-none-eabi/lib/armv7e-m\libg.a(lib_a-strcpy.o)
                              ..\obj\tm_stm32f4_fatfs.o (strcpy)
c:/program files (x86)/gnu tools arm embedded/5.4 2016q3/bin/../lib/gcc/arm-none-eabi/5.4.1/../../../../arm-none-eabi/lib/armv7e-m\libg.a(lib_a-strlen.o)
                              ..\obj\tm_stm32f4_fatfs.o (strlen)
c:/program files (x86)/gnu tools arm embedded/5.4 2016q3/bin/../lib/gcc/arm-none-eabi/5.4.1/../../../../arm-none-eabi/lib/armv7e-m\libg.a(lib_a-svfprintf.o)
                              c:/program files (x86)/gnu tools arm embedded/5.4 2016q3/bin/../lib/gcc/arm-none-eabi/5.4.1/../../../../arm-none-eabi/lib/armv7e-m\libg.a(lib_a-sprintf.o) (_svfprintf_r)
c:/program files (x86)/gnu tools arm embedded/5.4 2016q3/bin/../lib/gcc/arm-none-eabi/5.4.1/../../../../arm-none-eabi/lib/armv7e-m\libg.a(lib_a-dtoa.o)
                              c:/program files (x86)/gnu tools arm embedded/5.4 2016q3/bin/../lib/gcc/arm-none-eabi/5.4.1/../../../../arm-none-eabi/lib/armv7e-m\libg.a(lib_a-svfprintf.o) (_dtoa_r)
c:/program files (x86)/gnu tools arm embedded/5.4 2016q3/bin/../lib/gcc/arm-none-eabi/5.4.1/../../../../arm-none-eabi/lib/armv7e-m\libg.a(lib_a-freer.o)
[...]
Memory Configuration

Name             Origin             Length             Attributes
rom              0x08000000         0x00100000         xr
ram              0x20000000         0x00020000         xrw
ram1             0x10000000         0x00010000         xrw
*default*        0x00000000         0xffffffff

Linker script and memory map

                0x20020000                _eram = 0x20020000

.text           0x08000000    0x15ed8
 *(.isr_vector)
 .isr_vector    0x08000000      0x188 ..\obj\startup_stm32f4xx.o
                0x08000000                g_pfnVectors
 *(.text*)
 .text.USB_OTG_WritePacket
                0x08000188       0x28 ..\obj\usb_core.o
                0x08000188                USB_OTG_WritePacket
 .text.USB_OTG_ReadPacket
                0x080001b0       0x28 ..\obj\usb_core.o
                0x080001b0                USB_OTG_ReadPacket
 .text.USB_OTG_SelectCore
                0x080001d8      0x344 ..\obj\usb_core.o
                0x080001d8                USB_OTG_SelectCore
 .text.USB_OTG_CoreInit
                0x0800051c      0x138 ..\obj\usb_core.o
                0x0800051c                USB_OTG_CoreInit
 .text.USB_OTG_EnableGlobalInt
                0x08000654       0x10 ..\obj\usb_core.o
                0x08000654                USB_OTG_EnableGlobalInt
 .text.USB_OTG_DisableGlobalInt
                0x08000664       0x10 ..\obj\usb_core.o
                0x08000664                USB_OTG_DisableGlobalInt
 .text.USB_OTG_SetCurrentMode
                0x08000674       0x2c ..\obj\usb_core.o
                0x08000674                USB_OTG_SetCurrentMode
 .text.USB_OTG_IsHostMode
                0x080006a0        0xc ..\obj\usb_core.o
                0x080006a0                USB_OTG_IsHostMode
 .text.USB_OTG_ReadCoreItr
                0x080006ac        0xc ..\obj\usb_core.o
                0x080006ac                USB_OTG_ReadCoreItr
 .text.USB_OTG_CoreInitHost
                0x080006b8      0x240 ..\obj\usb_core.o
                0x080006b8                USB_OTG_CoreInitHost
 .text.USB_OTG_InitFSLSPClkSel
                0x080008f8        0xc ..\obj\usb_core.o
                0x080008f8                USB_OTG_InitFSLSPClkSel
 .text.USB_OTG_ReadHostAllChannels_intr
                0x08000904        0x8 ..\obj\usb_core.o
                0x08000904                USB_OTG_ReadHostAllChannels_intr
 .text.USB_OTG_ResetPort
                0x0800090c       0x3c ..\obj\usb_core.o
                0x0800090c                USB_OTG_ResetPort
 .text.USB_OTG_HC_Init
                0x08000948       0xec ..\obj\usb_core.o
                0x08000948                USB_OTG_HC_Init
 .text.USB_OTG_HC_StartXfer
                0x08000a34      0x12c ..\obj\usb_core.o
                0x08000a34                USB_OTG_HC_StartXfer
 .text.USB_OTG_HC_Halt
                0x08000b60       0x40 ..\obj\usb_core.o
                0x08000b60                USB_OTG_HC_Halt
 .text.USB_OTG_HC_DoPing
                0x08000ba0       0x24 ..\obj\usb_core.o
                0x08000ba0                USB_OTG_HC_DoPing
 .text.DequantBlock
                0x08000bc4      0x1c8 ..\obj\dqchan.o
 .text.xmp3fixpt_DequantChannel
                0x08000d8c      0x280 ..\obj\dqchan.o
                0x08000d8c                xmp3fixpt_DequantChannel
 .text.xmp3fixpt_UnpackScaleFactors
                0x0800100c      0x89c ..\obj\scalfact.o
                0x0800100c                xmp3fixpt_UnpackScaleFactors
 .text.I2C_Init_Amp
                0x080018a8       0x50 ..\obj\i2c.o
                0x080018a8                I2C_Init_Amp
 .text.I2C_start
                0x080018f8       0x70 ..\obj\i2c.o
                0x080018f8                I2C_start
 .text.I2C_write
                0x08001968       0x1c ..\obj\i2c.o
                0x08001968                I2C_write
 .text.I2C_stop
                0x08001984        0x8 ..\obj\i2c.o
                0x08001984                I2C_stop
 .text.Mp3Play  0x0800198c      0x1e8 ..\obj\mp3.o
                0x0800198c                Mp3Play
 .text.Mp3SendBuffer
                0x08001b74       0x5c ..\obj\mp3.o
                0x08001b74                Mp3SendBuffer
 .text.Mp3MountDevices
                0x08001bd0       0x4c ..\obj\mp3.o
                0x08001bd0                Mp3MountDevices
 .text.Mp3ChangeTrack
                0x08001c1c       0x14 ..\obj\mp3.o
                0x08001c1c                Mp3ChangeTrack
 .text.xmp3fixpt_SetBitstreamPointer
                0x08001c30        0xc ..\obj\bitstream.o
                0x08001c30                xmp3fixpt_SetBitstreamPointer
 .text.xmp3fixpt_GetBits
                0x08001c3c       0xd4 ..\obj\bitstream.o
                0x08001c3c                xmp3fixpt_GetBits
 .text.xmp3fixpt_CalcBitsUsed
                0x08001d10       0x14 ..\obj\bitstream.o
                0x08001d10                xmp3fixpt_CalcBitsUsed
 .text.xmp3fixpt_CheckPadBit
                0x08001d24       0x18 ..\obj\bitstream.o
                0x08001d24                xmp3fixpt_CheckPadBit
 .text.xmp3fixpt_UnpackFrameHeader
                0x08001d3c      0x1ec ..\obj\bitstream.o
                0x08001d3c                xmp3fixpt_UnpackFrameHeader
 .text.xmp3fixpt_UnpackSideInfo
                0x08001f28     0x1358 ..\obj\bitstream.o
                0x08001f28                xmp3fixpt_UnpackSideInfo
 .text.xmp3fixpt_Dequantize
                0x08003280      0x278 ..\obj\dequant.o
                0x08003280                xmp3fixpt_Dequantize
 .text.TM_EXTI_Attach
                0x080034f8      0x328 ..\obj\tm_stm32f4_exti.o
                0x080034f8                TM_EXTI_Attach
 .text.EXTI0_IRQHandler
                0x08003820       0x18 ..\obj\tm_stm32f4_exti.o
                0x08003820                EXTI0_IRQHandler
 .text.EXTI1_IRQHandler
                0x08003838       0x18 ..\obj\tm_stm32f4_exti.o
                0x08003838                EXTI1_IRQHandler
 .text.EXTI2_IRQHandler
                0x08003850       0x18 ..\obj\tm_stm32f4_exti.o
                0x08003850                EXTI2_IRQHandler
 .text.EXTI3_IRQHandler
                0x08003868       0x18 ..\obj\tm_stm32f4_exti.o
                0x08003868                EXTI3_IRQHandler
 .text.EXTI4_IRQHandler
                0x08003880       0x18 ..\obj\tm_stm32f4_exti.o
                0x08003880                EXTI4_IRQHandler
 .text.EXTI9_5_IRQHandler
                0x08003898       0x64 ..\obj\tm_stm32f4_exti.o
                0x08003898                EXTI9_5_IRQHandler
 .text.EXTI15_10_IRQHandler
                0x080038fc       0x80 ..\obj\tm_stm32f4_exti.o
                0x080038fc                EXTI15_10_IRQHandler
 .text.WinPrevious.part.0
                0x0800397c       0xe0 ..\obj\imdct.o
 .text.FreqInvertRescale
                0x08003a5c      0x968 ..\obj\imdct.o
 .text.xmp3fixpt_IMDCT
                0x080043c4     0x1afc ..\obj\imdct.o
                0x080043c4                xmp3fixpt_IMDCT
 .text.Tim2Init
                0x08005ec0       0x50 ..\obj\timer.o
                0x08005ec0                Tim2Init
 .text.Tim2Start
                0x08005f10       0x1c ..\obj\timer.o
                0x08005f10                Tim2Start
 .text.Tim4Start
                0x08005f2c       0x20 ..\obj\timer.o
                0x08005f2c                Tim4Start
 .text.Tim2Stop
                0x08005f4c       0x1c ..\obj\timer.o
                0x08005f4c                Tim2Stop
 .text.Tim4Stop
                0x08005f68       0x20 ..\obj\timer.o
                0x08005f68                Tim4Stop
 .text.Tim4Init
                0x08005f88       0x54 ..\obj\timer.o
                0x08005f88                Tim4Init
 .text.USBH_Open_Channel
                0x08005fdc       0x50 ..\obj\usbh_hcs.o
                0x08005fdc                USBH_Open_Channel
 .text.USBH_Modify_Channel
                0x0800602c       0x3c ..\obj\usbh_hcs.o
                0x0800602c                USBH_Modify_Channel
 .text.USBH_Alloc_Channel
                0x08006068       0x88 ..\obj\usbh_hcs.o
                0x08006068                USBH_Alloc_Channel
 .text.USBH_Free_Channel
                0x080060f0       0x18 ..\obj\usbh_hcs.o
                0x080060f0                USBH_Free_Channel
 .text.USBH_DeAllocate_AllChannel
                0x08006108       0x14 ..\obj\usbh_hcs.o
                0x08006108                USBH_DeAllocate_AllChannel
 .text.USART_DeInit
                0x0800611c       0xc8 ..\obj\stm32f4xx_usart.o
                0x0800611c                USART_DeInit
 .text.USART_Init
                0x080061e4       0xc4 ..\obj\stm32f4xx_usart.o
                0x080061e4                USART_Init
 .text.USBH_Get_DevDesc
                0x080062a8       0xb8 ..\obj\usbh_stdreq.o
                0x080062a8                USBH_Get_DevDesc
 .text.USBH_Get_CfgDesc
                0x08006360      0x2c8 ..\obj\usbh_stdreq.o
                0x08006360                USBH_Get_CfgDesc
 .text.USBH_Get_StringDesc
                0x08006628       0x6c ..\obj\usbh_stdreq.o
                0x08006628                USBH_Get_StringDesc
 .text.USBH_SetAddress
                0x08006694       0x18 ..\obj\usbh_stdreq.o
                0x08006694                USBH_SetAddress
 .text.USBH_SetCfg
                0x080066ac       0x18 ..\obj\usbh_stdreq.o
                0x080066ac                USBH_SetCfg
 .text.USBH_ClrFeature
                0x080066c4       0x2c ..\obj\usbh_stdreq.o
                0x080066c4                USBH_ClrFeature
 .text.StrCmp   0x080066f0       0x24 ..\obj\str.o
                0x080066f0                StrCmp
 .text.StrLen   0x08006714       0x14 ..\obj\str.o
                0x08006714                StrLen
 .text.StrCopy  0x08006728       0x18 ..\obj\str.o
                0x08006728                StrCopy
 .text.xmp3fixpt_Subband
                0x08006740      0x114 ..\obj\subband.o
                0x08006740                xmp3fixpt_Subband
 .text.TM_FATFS_SPI_FLASH_disk_status
                0x08006854        0x4 ..\obj\diskio.o
                0x08006854                TM_FATFS_SPI_FLASH_disk_status
 .text.TM_FATFS_SPI_FLASH_disk_ioctl
                0x08006858        0x4 ..\obj\diskio.o
                0x08006858                TM_FATFS_SPI_FLASH_disk_ioctl
 .text.TM_FATFS_SPI_FLASH_disk_write
                0x0800685c        0x4 ..\obj\diskio.o
                0x0800685c                TM_FATFS_SPI_FLASH_disk_write
 .text.TM_FATFS_SDRAM_disk_write
                0x08006860        0x4 ..\obj\diskio.o
                0x08006860                TM_FATFS_SDRAM_disk_write
 .text.TM_FATFS_SDRAM_disk_read
                0x08006864        0x4 ..\obj\diskio.o
                0x08006864                TM_FATFS_SDRAM_disk_read
 .text.TM_FATFS_SPI_FLASH_disk_read
                0x08006868        0x4 ..\obj\diskio.o
                0x08006868                TM_FATFS_SPI_FLASH_disk_read
 .text.TM_FATFS_SDRAM_disk_ioctl
                0x0800686c        0x4 ..\obj\diskio.o
                0x0800686c                TM_FATFS_SDRAM_disk_ioctl
 .text.TM_FATFS_SDRAM_disk_initialize
                0x08006870        0x4 ..\obj\diskio.o
                0x08006870                TM_FATFS_SDRAM_disk_initialize
 .text.TM_FATFS_SPI_FLASH_disk_initialize
                0x08006874        0x4 ..\obj\diskio.o
                0x08006874                TM_FATFS_SPI_FLASH_disk_initialize
 .text.TM_FATFS_SDRAM_disk_status
                0x08006878        0x4 ..\obj\diskio.o
                0x08006878                TM_FATFS_SDRAM_disk_status
 .text.disk_initialize
                0x0800687c       0x18 ..\obj\diskio.o
                0x0800687c                disk_initialize
 .text.disk_status
                0x08006894       0x18 ..\obj\diskio.o
                0x08006894                disk_status
 .text.disk_read
                0x080068ac       0x30 ..\obj\diskio.o
                0x080068ac                disk_read
 .text.disk_write
                0x080068dc       0x30 ..\obj\diskio.o
                0x080068dc                disk_write
 .text.disk_ioctl
                0x0800690c       0x1c ..\obj\diskio.o
                0x0800690c                disk_ioctl
 .text.get_fattime
                0x08006928        0x8 ..\obj\diskio.o
                0x08006928                get_fattime
 .text.Default_Handler
                0x08006930        0x4 ..\obj\startup_stm32f4xx.o
                0x08006930                RTC_Alarm_IRQHandler
                0x08006930                HASH_RNG_IRQHandler
                0x08006930                TIM8_CC_IRQHandler
                0x08006930                DebugMon_Handler
                0x08006930                TIM1_CC_IRQHandler
                0x08006930                DMA2_Stream5_IRQHandler
                0x08006930                HardFault_Handler
                0x08006930                DMA1_Stream5_IRQHandler
                0x08006930                PVD_IRQHandler
                0x08006930                SDIO_IRQHandler
                0x08006930                TAMP_STAMP_IRQHandler
                0x08006930                PendSV_Handler
                0x08006930                NMI_Handler
                0x08006930                CAN2_RX1_IRQHandler
                0x08006930                TIM8_TRG_COM_TIM14_IRQHandler
                0x08006930                TIM1_UP_TIM10_IRQHandler
                0x08006930                TIM8_UP_TIM13_IRQHandler
                0x08006930                I2C3_ER_IRQHandler
                0x08006930                I2C2_EV_IRQHandler
                0x08006930                DMA1_Stream2_IRQHandler
                0x08006930                CAN1_RX0_IRQHandler
                0x08006930                FPU_IRQHandler
                0x08006930                OTG_HS_WKUP_IRQHandler
                0x08006930                UsageFault_Handler
                0x08006930                CAN2_SCE_IRQHandler
                0x08006930                DMA2_Stream2_IRQHandler
                0x08006930                SPI1_IRQHandler
                0x08006930                TIM6_DAC_IRQHandler
                0x08006930                TIM1_BRK_TIM9_IRQHandler
                0x08006930                DCMI_IRQHandler
                0x08006930                CAN2_RX0_IRQHandler
                0x08006930                DMA2_Stream3_IRQHandler
                0x08006930                CRYP_IRQHandler
                0x08006930                CAN1_RX1_IRQHandler
                0x08006930                DMA2_Stream0_IRQHandler
                0x08006930                I2C1_EV_IRQHandler
                0x08006930                DMA1_Stream6_IRQHandler
                0x08006930                DMA1_Stream1_IRQHandler
                0x08006930                TIM3_IRQHandler
                0x08006930                RCC_IRQHandler
                0x08006930                TIM8_BRK_TIM12_IRQHandler
                0x08006930                ADC_IRQHandler
                0x08006930                TIM7_IRQHandler
                0x08006930                CAN2_TX_IRQHandler
                0x08006930                TIM5_IRQHandler
                0x08006930                DMA2_Stream7_IRQHandler
                0x08006930                I2C3_EV_IRQHandler
                0x08006930                RTC_WKUP_IRQHandler
                0x08006930                ETH_WKUP_IRQHandler
                0x08006930                SPI2_IRQHandler
                0x08006930                OTG_HS_EP1_IN_IRQHandler
                0x08006930                MemManage_Handler
                0x08006930                DMA1_Stream0_IRQHandler
                0x08006930                CAN1_TX_IRQHandler
                0x08006930                SVC_Handler
                0x08006930                FSMC_IRQHandler
                0x08006930                ETH_IRQHandler
                0x08006930                OTG_HS_EP1_OUT_IRQHandler
                0x08006930                WWDG_IRQHandler
                0x08006930                OTG_FS_WKUP_IRQHandler
                0x08006930                TIM1_TRG_COM_TIM11_IRQHandler
                0x08006930                OTG_HS_IRQHandler
                0x08006930                I2C2_ER_IRQHandler
                0x08006930                DMA2_Stream1_IRQHandler
                0x08006930                CAN1_SCE_IRQHandler
                0x08006930                FLASH_IRQHandler
                0x08006930                DMA2_Stream4_IRQHandler
                0x08006930                BusFault_Handler
                0x08006930                SPI3_IRQHandler
                0x08006930                DMA1_Stream4_IRQHandler
                0x08006930                I2C1_ER_IRQHandler
                0x08006930                DMA2_Stream6_IRQHandler
                0x08006930                DMA1_Stream3_IRQHandler
 .text.Default_Reset_Handler
                0x08006934       0x48 ..\obj\startup_stm32f4xx.o
                0x08006934                Default_Reset_Handler
                0x08006934                Reset_Handler
 .text.TM_FATFS_USB_disk_initialize
                0x0800697c       0x38 ..\obj\fatfs_usb.o
                0x0800697c                TM_FATFS_USB_disk_initialize
 .text.TM_FATFS_USB_disk_status
                0x080069b4        0xc ..\obj\fatfs_usb.o
                0x080069b4                TM_FATFS_USB_disk_status
 .text.TM_FATFS_USB_disk_read
                0x080069c0       0x74 ..\obj\fatfs_usb.o
                0x080069c0                TM_FATFS_USB_disk_read
 .text.TM_FATFS_USB_disk_write
                0x08006a34       0x8c ..\obj\fatfs_usb.o
                0x08006a34                TM_FATFS_USB_disk_write
 .text.TM_FATFS_USB_disk_ioctl
                0x08006ac0       0x48 ..\obj\fatfs_usb.o
                0x08006ac0                TM_FATFS_USB_disk_ioctl
 .text.MP3InitDecoder
                0x08006b08        0x4 ..\obj\mp3dec.o
                0x08006b08                MP3InitDecoder
 .text.MP3FindSyncWord
                0x08006b0c       0x2c ..\obj\mp3dec.o
                0x08006b0c                MP3FindSyncWord
 .text.MP3GetLastFrameInfo
                0x08006b38       0x58 ..\obj\mp3dec.o
                0x08006b38                MP3GetLastFrameInfo
 .text.MP3Decode
                0x08006b90      0x480 ..\obj\mp3dec.o
                0x08006b90                MP3Decode
 .text.startup.main
                0x08007010       0x6c ..\obj\main.o
                0x08007010                main
 .text.RCC_GetClocksFreq
                0x0800707c       0x98 ..\obj\stm32f4xx_rcc.o
                0x0800707c                RCC_GetClocksFreq
 .text.RCC_AHB1PeriphClockCmd
                0x08007114       0x1c ..\obj\stm32f4xx_rcc.o
                0x08007114                RCC_AHB1PeriphClockCmd
 .text.RCC_AHB2PeriphClockCmd
                0x08007130       0x1c ..\obj\stm32f4xx_rcc.o
                0x08007130                RCC_AHB2PeriphClockCmd
 .text.RCC_APB1PeriphClockCmd
                0x0800714c       0x1c ..\obj\stm32f4xx_rcc.o
                0x0800714c                RCC_APB1PeriphClockCmd
 .text.RCC_APB2PeriphClockCmd
                0x08007168       0x1c ..\obj\stm32f4xx_rcc.o
                0x08007168                RCC_APB2PeriphClockCmd
 .text.RCC_APB1PeriphResetCmd
                0x08007184       0x1c ..\obj\stm32f4xx_rcc.o
                0x08007184                RCC_APB1PeriphResetCmd
 .text.RCC_APB2PeriphResetCmd
                0x080071a0       0x1c ..\obj\stm32f4xx_rcc.o
                0x080071a0                RCC_APB2PeriphResetCmd
 .text.TM_USART_Gets
                0x080071bc      0x410 ..\obj\tm_stm32f4_usart.o
                0x080071bc                TM_USART_Gets
 .text.TM_USART_InitCustomPinsCallback
                0x080075cc        0x4 ..\obj\tm_stm32f4_usart.o
                0x080075cc                TM_USART_InitCustomPinsCallback
 .text.TM_USART_INT_Init.constprop.7
                0x080075d0      0x3cc ..\obj\tm_stm32f4_usart.o
 .text.TM_USART_Init
                0x0800799c      0x134 ..\obj\tm_stm32f4_usart.o
                0x0800799c                TM_USART_Init
 .text.USART1_IRQHandler
                0x08007ad0       0x3c ..\obj\tm_stm32f4_usart.o
                0x08007ad0                USART1_IRQHandler
 .text.USART2_IRQHandler
                0x08007b0c       0x4c ..\obj\tm_stm32f4_usart.o
                0x08007b0c                USART2_IRQHandler
 .text.USART3_IRQHandler
                0x08007b58       0x4c ..\obj\tm_stm32f4_usart.o
                0x08007b58                USART3_IRQHandler
 .text.UART4_IRQHandler
                0x08007ba4       0x3c ..\obj\tm_stm32f4_usart.o
                0x08007ba4                UART4_IRQHandler
 .text.UART5_IRQHandler
                0x08007be0       0x3c ..\obj\tm_stm32f4_usart.o
                0x08007be0                UART5_IRQHandler
 .text.USART6_IRQHandler
                0x08007c1c       0x3c ..\obj\tm_stm32f4_usart.o
                0x08007c1c                USART6_IRQHandler
 .text.TM_RE_Init
                0x08007c58       0x40 ..\obj\tm_stm32f4_rotary_encoder.o
                0x08007c58                TM_RE_Init
 .text.TM_RE_Get
                0x08007c98       0x24 ..\obj\tm_stm32f4_rotary_encoder.o
                0x08007c98                TM_RE_Get
 .text.TM_RE_Process
                0x08007cbc       0x40 ..\obj\tm_stm32f4_rotary_encoder.o
                0x08007cbc                TM_RE_Process
 .text.rcvr_datablock
                0x08007cfc       0xd4 ..\obj\fatfs_sd.o
 .text.select   0x08007dd0       0xdc ..\obj\fatfs_sd.o
 .text.xmit_datablock
                0x08007eac      0x140 ..\obj\fatfs_sd.o
 .text.send_cmd
                0x08007fec      0x274 ..\obj\fatfs_sd.o
 .text.TM_FATFS_SD_disk_initialize
                0x08008260      0x264 ..\obj\fatfs_sd.o
                0x08008260                TM_FATFS_SD_disk_initialize
 .text.TM_FATFS_SD_disk_status
                0x080084c4       0x14 ..\obj\fatfs_sd.o
                0x080084c4                TM_FATFS_SD_disk_status
 .text.TM_FATFS_SD_disk_read
                0x080084d8      0x184 ..\obj\fatfs_sd.o
                0x080084d8                TM_FATFS_SD_disk_read
 .text.TM_FATFS_SD_disk_write
                0x0800865c       0xd8 ..\obj\fatfs_sd.o
                0x0800865c                TM_FATFS_SD_disk_write
 .text.TM_FATFS_SD_disk_ioctl
                0x08008734      0x2dc ..\obj\fatfs_sd.o
                0x08008734                TM_FATFS_SD_disk_ioctl
 .text.USBH_MSC_ClassRequest
                0x08008a10        0xc ..\obj\usbh_msc_core.o
 .text.USBH_MSC_InterfaceDeInit
                0x08008a1c       0x3c ..\obj\usbh_msc_core.o
 .text.USBH_MSC_InterfaceInit
                0x08008a58       0xa0 ..\obj\usbh_msc_core.o
 .text.USBH_MSC_Handle
                0x08008af8      0x190 ..\obj\usbh_msc_core.o
 .text.BTBtnsProc
                0x08008c88       0x3c ..\obj\bt.o
                0x08008c88                BTBtnsProc
 .text.Gpio_Init
                0x08008cc4      0x128 ..\obj\gpio.o
                0x08008cc4                Gpio_Init
 .text.SysTick_Handler
                0x08008dec       0x98 ..\obj\tm_stm32f4_delay.o
                0x08008dec                SysTick_Handler
 .text.TM_DELAY_Init
                0x08008e84       0x5c ..\obj\tm_stm32f4_delay.o
                0x08008e84                TM_DELAY_Init
 .text.scan_files
                0x08008ee0      0x128 ..\obj\file.o
                0x08008ee0                scan_files
 .text.TM_SPI_WriteMulti
                0x08009008       0x30 ..\obj\tm_stm32f4_spi.o
                0x08009008                TM_SPI_WriteMulti
 .text.TM_SPI_ReadMulti
                0x08009038       0x38 ..\obj\tm_stm32f4_spi.o
                0x08009038                TM_SPI_ReadMulti
 .text.TM_SPI_InitCustomPinsCallback
                0x08009070        0x4 ..\obj\tm_stm32f4_spi.o
                0x08009070                TM_SPI_InitCustomPinsCallback
 .text.TM_SPI_Init
                0x08009074       0xa8 ..\obj\tm_stm32f4_spi.o
                0x08009074                TM_SPI_Init
 .text.MenuInit
                0x0800911c       0x3c ..\obj\menu.o
                0x0800911c                MenuInit
 .text.TM_EXTI_Handler
                0x08009158       0x38 ..\obj\menu.o
                0x08009158                TM_EXTI_Handler
 .text.TIM2_IRQHandler
                0x08009190       0x3c ..\obj\menu.o
                0x08009190                TIM2_IRQHandler
 .text.TIM4_IRQHandler
                0x080091cc       0x3c ..\obj\menu.o
                0x080091cc                TIM4_IRQHandler
 .text.ListProc
                0x08009208      0x160 ..\obj\menu.o
                0x08009208                ListProc
 .text.MenuProc
                0x08009368       0x20 ..\obj\menu.o
                0x08009368                MenuProc
 .text.USBH_Connected
                0x08009388        0xc ..\obj\usbh_core.o
                0x08009388                USBH_Connected
 .text.USBH_Disconnected
                0x08009394        0xc ..\obj\usbh_core.o
                0x08009394                USBH_Disconnected
 .text.USBH_SOF
                0x080093a0        0x4 ..\obj\usbh_core.o
                0x080093a0                USBH_SOF
 .text.USBH_Init
                0x080093a4       0x64 ..\obj\usbh_core.o
                0x080093a4                USBH_Init
 .text.USBH_HandleControl
                0x08009408      0x1e8 ..\obj\usbh_core.o
                0x08009408                USBH_HandleControl
 .text.USBH_Process
                0x080095f0      0x404 ..\obj\usbh_core.o
                0x080095f0                USBH_Process
 .text.GPIO_Init
                0x080099f4       0xa4 ..\obj\stm32f4xx_gpio.o
                0x080099f4                GPIO_Init
 .text.GPIO_ReadInputDataBit
                0x08009a98        0xc ..\obj\stm32f4xx_gpio.o
                0x08009a98                GPIO_ReadInputDataBit
 .text.GPIO_SetBits
                0x08009aa4        0x4 ..\obj\stm32f4xx_gpio.o
                0x08009aa4                GPIO_SetBits
 .text.GPIO_ResetBits
                0x08009aa8        0x4 ..\obj\stm32f4xx_gpio.o
                0x08009aa8                GPIO_ResetBits
 .text.GPIO_WriteBit
                0x08009aac        0xc ..\obj\stm32f4xx_gpio.o
                0x08009aac                GPIO_WriteBit
 .text.GPIO_PinAFConfig
                0x08009ab8       0x28 ..\obj\stm32f4xx_gpio.o
                0x08009ab8                GPIO_PinAFConfig
 .text.Mp3ReadId3V2Text
                0x08009ae0       0xb0 ..\obj\id3.o
                0x08009ae0                Mp3ReadId3V2Text
 .text.Mp3ReadId3V2Tag
                0x08009b90      0x1e8 ..\obj\id3.o
                0x08009b90                Mp3ReadId3V2Tag
 .text.USBH_MSC_TestUnitReady
                0x08009d78       0x6c ..\obj\usbh_msc_scsi.o
                0x08009d78                USBH_MSC_TestUnitReady
 .text.USBH_MSC_ReadCapacity10
                0x08009de4       0x9c ..\obj\usbh_msc_scsi.o
                0x08009de4                USBH_MSC_ReadCapacity10
 .text.USBH_MSC_ModeSense6
                0x08009e80       0x88 ..\obj\usbh_msc_scsi.o
                0x08009e80                USBH_MSC_ModeSense6
 .text.USBH_MSC_RequestSense
                0x08009f08       0x98 ..\obj\usbh_msc_scsi.o
                0x08009f08                USBH_MSC_RequestSense
 .text.USBH_MSC_Write10
                0x08009fa0       0x94 ..\obj\usbh_msc_scsi.o
                0x08009fa0                USBH_MSC_Write10
 .text.USBH_MSC_Read10
                0x0800a034       0xcc ..\obj\usbh_msc_scsi.o
                0x0800a034                USBH_MSC_Read10
 .text.SystemInit
                0x0800a100       0xf4 ..\obj\system_stm32f4xx.o
                0x0800a100                SystemInit
 .text.DMA_Audio_Init_Single
                0x0800a1f4       0x74 ..\obj\DMA.o
                0x0800a1f4                DMA_Audio_Init_Single
 .text.DMA_Audio_Send
                0x0800a268       0x14 ..\obj\DMA.o
                0x0800a268                DMA_Audio_Send
 .text.DMA1_Stream7_IRQHandler
                0x0800a27c       0x58 ..\obj\DMA.o
                0x0800a27c                DMA1_Stream7_IRQHandler
 .text._sbrk    0x0800a2d4       0x1c ..\obj\syscalls.o
                0x0800a2d4                _sbrk
 .text.DMA_ClearFlag
                0x0800a2f0       0x34 ..\obj\stm32f4xx_dma.o
                0x0800a2f0                DMA_ClearFlag
 .text.DMA_ITConfig
                0x0800a324       0x40 ..\obj\stm32f4xx_dma.o
                0x0800a324                DMA_ITConfig
 .text.DMA_GetITStatus
                0x0800a364       0x50 ..\obj\stm32f4xx_dma.o
                0x0800a364                DMA_GetITStatus
 .text.DMA_ClearITPendingBit
                0x0800a3b4       0x34 ..\obj\stm32f4xx_dma.o
                0x0800a3b4                DMA_ClearITPendingBit
 .text.USBH_USR_DeviceDisconnected
                0x0800a3e8       0x18 ..\obj\usbh_usr.o
                0x0800a3e8                USBH_USR_DeviceDisconnected
 .text.USBH_USR_DeviceSpeedDetected
                0x0800a400        0x4 ..\obj\usbh_usr.o
                0x0800a400                USBH_USR_DeviceSpeedDetected
 .text.USBH_USR_Configuration_DescAvailable
                0x0800a404        0x4 ..\obj\usbh_usr.o
                0x0800a404                USBH_USR_Configuration_DescAvailable
 .text.USBH_USR_SerialNum_String
                0x0800a408        0x4 ..\obj\usbh_usr.o
                0x0800a408                USBH_USR_SerialNum_String
 .text.USBH_USR_EnumerationDone
                0x0800a40c        0x4 ..\obj\usbh_usr.o
                0x0800a40c                USBH_USR_EnumerationDone
 .text.USBH_USR_DeviceNotSupported
                0x0800a410        0xc ..\obj\usbh_usr.o
                0x0800a410                USBH_USR_DeviceNotSupported
 .text.USBH_USR_UserInput
                0x0800a41c        0x4 ..\obj\usbh_usr.o
                0x0800a41c                USBH_USR_UserInput
 .text.USBH_USR_OverCurrentDetected
                0x0800a420        0xc ..\obj\usbh_usr.o
                0x0800a420                USBH_USR_OverCurrentDetected
 .text.USBH_USR_DeInit
                0x0800a42c        0xc ..\obj\usbh_usr.o
                0x0800a42c                USBH_USR_DeInit
 .text.USBH_USR_MSC_Application
                0x0800a438       0x2c ..\obj\usbh_usr.o
                0x0800a438                USBH_USR_MSC_Application
 .text.USBH_USR_Product_String
                0x0800a464        0x4 ..\obj\usbh_usr.o
                0x0800a464                USBH_USR_Product_String
 .text.USBH_USR_Device_DescAvailable
                0x0800a468        0x4 ..\obj\usbh_usr.o
                0x0800a468                USBH_USR_Device_DescAvailable
 .text.USBH_USR_Manufacturer_String
                0x0800a46c        0x4 ..\obj\usbh_usr.o
                0x0800a46c                USBH_USR_Manufacturer_String
 .text.USBH_USR_DeviceAddressAssigned
                0x0800a470        0x4 ..\obj\usbh_usr.o
                0x0800a470                USBH_USR_DeviceAddressAssigned
 .text.USBH_USR_ResetDevice
                0x0800a474        0xc ..\obj\usbh_usr.o
                0x0800a474                USBH_USR_ResetDevice
 .text.USBH_USR_Init
                0x0800a480       0x18 ..\obj\usbh_usr.o
                0x0800a480                USBH_USR_Init
 .text.USBH_USR_DeviceAttached
                0x0800a498       0x18 ..\obj\usbh_usr.o
                0x0800a498                USBH_USR_DeviceAttached
 .text.USBH_USR_UnrecoveredError
                0x0800a4b0       0x18 ..\obj\usbh_usr.o
                0x0800a4b0                USBH_USR_UnrecoveredError
 .text.Cs43Init
                0x0800a4c8       0xc8 ..\obj\i2s.o
                0x0800a4c8                Cs43Init
 .text.USB_OTG_BSP_Init
                0x0800a590       0x6c ..\obj\usb_bsp.o
                0x0800a590                USB_OTG_BSP_Init
 .text.USB_OTG_BSP_EnableInterrupt
                0x0800a5fc       0x2c ..\obj\usb_bsp.o
                0x0800a5fc                USB_OTG_BSP_EnableInterrupt
 .text.USB_OTG_BSP_DriveVBUS
                0x0800a628       0x1c ..\obj\usb_bsp.o
                0x0800a628                USB_OTG_BSP_DriveVBUS
 .text.USB_OTG_BSP_ConfigVBUS
                0x0800a644       0x54 ..\obj\usb_bsp.o
                0x0800a644                USB_OTG_BSP_ConfigVBUS
 .text.USB_OTG_BSP_uDelay
                0x0800a698       0x2c ..\obj\usb_bsp.o
                0x0800a698                USB_OTG_BSP_uDelay
 .text.USB_OTG_BSP_mDelay
                0x0800a6c4       0x30 ..\obj\usb_bsp.o
                0x0800a6c4                USB_OTG_BSP_mDelay
 .text.OTG_FS_IRQHandler
                0x0800a6f4        0xc ..\obj\usb_bsp.o
                0x0800a6f4                OTG_FS_IRQHandler
 .text.TM_USB_MSCHOST_Init
                0x0800a700       0x50 ..\obj\tm_stm32f4_usb_msc_host.o
                0x0800a700                TM_USB_MSCHOST_Init
 .text.TM_USB_MSCHOST_Process
                0x0800a750       0x1c ..\obj\tm_stm32f4_usb_msc_host.o
                0x0800a750                TM_USB_MSCHOST_Process
 .text.xmp3fixpt_MidSideProc
                0x0800a76c       0x64 ..\obj\stproc.o
                0x0800a76c                xmp3fixpt_MidSideProc
 .text.xmp3fixpt_IntensityProcMPEG1
                0x0800a7d0      0x358 ..\obj\stproc.o
                0x0800a7d0                xmp3fixpt_IntensityProcMPEG1
 .text.xmp3fixpt_IntensityProcMPEG2
                0x0800ab28      0x2d4 ..\obj\stproc.o
                0x0800ab28                xmp3fixpt_IntensityProcMPEG2
 .text.xmp3fixpt_DecodeHuffman
                0x0800adfc      0x7b4 ..\obj\huffman.o
                0x0800adfc                xmp3fixpt_DecodeHuffman
 .text.PreampInit
                0x0800b5b0       0x98 ..\obj\preamp.o
                0x0800b5b0                PreampInit
 .text.xmp3fixpt_AllocateBuffers
                0x0800b648       0x9c ..\obj\buffers.o
                0x0800b648                xmp3fixpt_AllocateBuffers
 .text.get_ldnumber
                0x0800b6e4       0x9c ..\obj\ff.o
 .text.unlikely.sync_window.part.3
                0x0800b780       0x48 ..\obj\ff.o
 .text.unlikely.move_window
                0x0800b7c8       0x80 ..\obj\ff.o
 .text.find_volume
                0x0800b848      0x46c ..\obj\ff.o
 .text.sync_fs  0x0800bcb4       0xfc ..\obj\ff.o
 .text.put_fat.part.7
                0x0800bdb0      0x2c0 ..\obj\ff.o
 .text.remove_chain.part.9
                0x0800c070      0x298 ..\obj\ff.o
 .text.get_fat.part.5
                0x0800c308      0x26c ..\obj\ff.o
 .text.dir_sdi  0x0800c574       0xa0 ..\obj\ff.o
 .text.create_chain
                0x0800c614      0x328 ..\obj\ff.o
 .text.f_read.part.10
                0x0800c93c      0x258 ..\obj\ff.o
 .text.dir_next.constprop.18
                0x0800cb94       0x88 ..\obj\ff.o
 .text.dir_alloc.constprop.17
                0x0800cc1c      0x1c0 ..\obj\ff.o
 .text.follow_path
                0x0800cddc      0x388 ..\obj\ff.o
 .text.dir_read.constprop.16
                0x0800d164      0x140 ..\obj\ff.o
 .text.f_mount  0x0800d2a4       0x5c ..\obj\ff.o
                0x0800d2a4                f_mount
 .text.f_open   0x0800d300      0x744 ..\obj\ff.o
                0x0800d300                f_open
 .text.f_read   0x0800da44       0x5c ..\obj\ff.o
                0x0800da44                f_read
 .text.f_close  0x0800daa0      0x154 ..\obj\ff.o
                0x0800daa0                f_close
 .text.f_lseek  0x0800dbf4      0x188 ..\obj\ff.o
                0x0800dbf4                f_lseek
 .text.f_opendir
                0x0800dd7c      0x4dc ..\obj\ff.o
                0x0800dd7c                f_opendir
 .text.f_closedir
                0x0800e258       0x30 ..\obj\ff.o
                0x0800e258                f_closedir
 .text.f_readdir
                0x0800e288      0x160 ..\obj\ff.o
                0x0800e288                f_readdir
 .text.HCD_Init
                0x0800e3e8       0xec ..\obj\usb_hcd.o
                0x0800e3e8                HCD_Init
 .text.HCD_GetCurrentSpeed
                0x0800e4d4        0xc ..\obj\usb_hcd.o
                0x0800e4d4                HCD_GetCurrentSpeed
 .text.HCD_ResetPort
                0x0800e4e0        0xc ..\obj\usb_hcd.o
                0x0800e4e0                HCD_ResetPort
 .text.HCD_IsDeviceConnected
                0x0800e4ec        0x8 ..\obj\usb_hcd.o
                0x0800e4ec                HCD_IsDeviceConnected
 .text.HCD_GetCurrentFrame
                0x0800e4f4        0x8 ..\obj\usb_hcd.o
                0x0800e4f4                HCD_GetCurrentFrame
 .text.HCD_GetURB_State
                0x0800e4fc        0x8 ..\obj\usb_hcd.o
                0x0800e4fc                HCD_GetURB_State
 .text.HCD_GetXferCnt
                0x0800e504        0x8 ..\obj\usb_hcd.o
                0x0800e504                HCD_GetXferCnt
 .text.HCD_SubmitRequest
                0x0800e50c       0x18 ..\obj\usb_hcd.o
                0x0800e50c                HCD_SubmitRequest
 .text.USBH_MSC_Init
                0x0800e524       0x40 ..\obj\usbh_msc_bot.o
                0x0800e524                USBH_MSC_Init
 .text.USBH_MSC_HandleBOTXfer
                0x0800e564      0x2d4 ..\obj\usbh_msc_bot.o
                0x0800e564                USBH_MSC_HandleBOTXfer
 .text.SPI_Init
                0x0800e838       0x40 ..\obj\stm32f4xx_spi.o
                0x0800e838                SPI_Init
 .text.SPI_StructInit
                0x0800e878       0x18 ..\obj\stm32f4xx_spi.o
                0x0800e878                SPI_StructInit
 .text.SPI_I2S_DMACmd
                0x0800e890       0x14 ..\obj\stm32f4xx_spi.o
                0x0800e890                SPI_I2S_DMACmd
 .text.xmp3fixpt_FDCT32
                0x0800e8a4      0xa7c ..\obj\dct32.o
                0x0800e8a4                xmp3fixpt_FDCT32
 .text.I2C_Init
                0x0800f320       0xe8 ..\obj\stm32f4xx_i2c.o
                0x0800f320                I2C_Init
 .text.I2C_Cmd  0x0800f408       0x1c ..\obj\stm32f4xx_i2c.o
                0x0800f408                I2C_Cmd
 .text.I2C_GenerateSTART
                0x0800f424       0x1c ..\obj\stm32f4xx_i2c.o
                0x0800f424                I2C_GenerateSTART
 .text.I2C_GenerateSTOP
                0x0800f440       0x1c ..\obj\stm32f4xx_i2c.o
                0x0800f440                I2C_GenerateSTOP
 .text.I2C_Send7bitAddress
                0x0800f45c       0x18 ..\obj\stm32f4xx_i2c.o
                0x0800f45c                I2C_Send7bitAddress
 .text.I2C_SendData
                0x0800f474        0x4 ..\obj\stm32f4xx_i2c.o
                0x0800f474                I2C_SendData
 .text.I2C_CheckEvent
                0x0800f478       0x1c ..\obj\stm32f4xx_i2c.o
                0x0800f478                I2C_CheckEvent
 .text.I2C_GetFlagStatus
                0x0800f494       0x38 ..\obj\stm32f4xx_i2c.o
                0x0800f494                I2C_GetFlagStatus
 .text.USBH_CtlReq
                0x0800f4cc       0x4c ..\obj\usbh_ioreq.o
                0x0800f4cc                USBH_CtlReq
 .text.USBH_CtlSendSetup
                0x0800f518       0x30 ..\obj\usbh_ioreq.o
                0x0800f518                USBH_CtlSendSetup
 .text.USBH_CtlSendData
                0x0800f548       0x48 ..\obj\usbh_ioreq.o
                0x0800f548                USBH_CtlSendData
 .text.USBH_CtlReceiveData
                0x0800f590       0x2c ..\obj\usbh_ioreq.o
                0x0800f590                USBH_CtlReceiveData
 .text.USBH_BulkSendData
                0x0800f5bc       0x34 ..\obj\usbh_ioreq.o
                0x0800f5bc                USBH_BulkSendData
 .text.USBH_BulkReceiveData
                0x0800f5f0       0x34 ..\obj\usbh_ioreq.o
                0x0800f5f0                USBH_BulkReceiveData
 .text.NVIC_PriorityGroupConfig
                0x0800f624       0x14 ..\obj\misc.o
                0x0800f624                NVIC_PriorityGroupConfig
 .text.NVIC_Init
                0x0800f638       0x70 ..\obj\misc.o
                0x0800f638                NVIC_Init
 .text.GLCD_Write.constprop.0
                0x0800f6a8       0xb8 ..\obj\glcd.o
 .text.GLCD_Write.constprop.1
                0x0800f760       0x98 ..\obj\glcd.o
 .text.GLCD_Write.constprop.2
                0x0800f7f8       0xb8 ..\obj\glcd.o
 .text.GLCD_Init
                0x0800f8b0       0x5c ..\obj\glcd.o
                0x0800f8b0                GLCD_Init
 .text.GLCD_Write
                0x0800f90c       0xd0 ..\obj\glcd.o
                0x0800f90c                GLCD_Write
 .text.GLCD_Clear
                0x0800f9dc       0x34 ..\obj\glcd.o
                0x0800f9dc                GLCD_Clear
 .text.GLCD_WriteString
                0x0800fa10       0x94 ..\obj\glcd.o
                0x0800fa10                GLCD_WriteString
 .text.TM_GPIO_Init
                0x0800faa4      0x140 ..\obj\tm_stm32f4_gpio.o
                0x0800faa4                TM_GPIO_Init
 .text.TM_GPIO_InitAlternate
                0x0800fbe4      0x25c ..\obj\tm_stm32f4_gpio.o
                0x0800fbe4                TM_GPIO_InitAlternate
 .text.TM_GPIO_GetPinSource
                0x0800fe40       0x18 ..\obj\tm_stm32f4_gpio.o
                0x0800fe40                TM_GPIO_GetPinSource
 .text.TM_GPIO_GetPortSource
                0x0800fe58       0x10 ..\obj\tm_stm32f4_gpio.o
                0x0800fe58                TM_GPIO_GetPortSource
 .text.xmp3fixpt_PolyphaseMono
                0x0800fe68      0x2e8 ..\obj\polyphase.o
                0x0800fe68                xmp3fixpt_PolyphaseMono
 .text.xmp3fixpt_PolyphaseStereo
                0x08010150      0x570 ..\obj\polyphase.o
                0x08010150                xmp3fixpt_PolyphaseStereo
 .text.TIM_TimeBaseInit
                0x080106c0       0x98 ..\obj\stm32f4xx_tim.o
                0x080106c0                TIM_TimeBaseInit
 .text.TIM_Cmd  0x08010758       0x1c ..\obj\stm32f4xx_tim.o
                0x08010758                TIM_Cmd
 .text.TIM_ITConfig
                0x08010774       0x14 ..\obj\stm32f4xx_tim.o
                0x08010774                TIM_ITConfig
 .text.TIM_GetITStatus
                0x08010788       0x18 ..\obj\stm32f4xx_tim.o
                0x08010788                TIM_GetITStatus
 .text.TIM_ClearITPendingBit
                0x080107a0        0x8 ..\obj\stm32f4xx_tim.o
                0x080107a0                TIM_ClearITPendingBit
 .text.USBH_OTG_ISR_Handler
                0x080107a8      0x10c ..\obj\usb_hcd_int.o
                0x080107a8                USBH_OTG_ISR_Handler
 .text.USB_OTG_USBH_handle_hc_ISR
                0x080108b4       0x8c ..\obj\usb_hcd_int.o
 .text.USB_OTG_USBH_handle_sof_ISR
                0x08010940       0x34 ..\obj\usb_hcd_int.o
 .text.USB_OTG_USBH_handle_Disconnect_ISR
                0x08010974       0x34 ..\obj\usb_hcd_int.o
 .text.USB_OTG_USBH_handle_nptxfempty_ISR
                0x080109a8      0x188 ..\obj\usb_hcd_int.o
 .text.USB_OTG_USBH_handle_ptxfempty_ISR
                0x08010b30      0x188 ..\obj\usb_hcd_int.o
 .text.USB_OTG_USBH_handle_port_ISR
                0x08010cb8      0x164 ..\obj\usb_hcd_int.o
 .text.USB_OTG_USBH_handle_hc_n_Out_ISR
                0x08010e1c      0x550 ..\obj\usb_hcd_int.o
 .text.USB_OTG_USBH_handle_hc_n_In_ISR
                0x0801136c      0x5b0 ..\obj\usb_hcd_int.o
 .text.USB_OTG_USBH_handle_rx_qlvl_ISR
                0x0801191c      0x198 ..\obj\usb_hcd_int.o
 .text.USB_OTG_USBH_handle_IncompletePeriodicXfer_ISR
                0x08011ab4       0x4c ..\obj\usb_hcd_int.o
 .text._malloc_r
                0x08011b00      0x570 c:/program files (x86)/gnu tools arm embedded/5.4 2016q3/bin/../lib/gcc/arm-none-eabi/5.4.1/../../../../arm-none-eabi/lib/armv7e-m\libg.a(lib_a-mallocr.o)
                0x08011b00                _malloc_r
 .text          0x08012070      0x134 c:/program files (x86)/gnu tools arm embedded/5.4 2016q3/bin/../lib/gcc/arm-none-eabi/5.4.1/../../../../arm-none-eabi/lib/armv7e-m\libg.a(lib_a-memcpy.o)
                0x08012070                memcpy
 .text.memmove  0x080121a4       0xc8 c:/program files (x86)/gnu tools arm embedded/5.4 2016q3/bin/../lib/gcc/arm-none-eabi/5.4.1/../../../../arm-none-eabi/lib/armv7e-m\libg.a(lib_a-memmove.o)
                0x080121a4                memmove
 .text.memset   0x0801226c       0x9c c:/program files (x86)/gnu tools arm embedded/5.4 2016q3/bin/../lib/gcc/arm-none-eabi/5.4.1/../../../../arm-none-eabi/lib/armv7e-m\libg.a(lib_a-memset.o)
                0x0801226c                memset
 .text.__malloc_lock
                0x08012308        0x4 c:/program files (x86)/gnu tools arm embedded/5.4 2016q3/bin/../lib/gcc/arm-none-eabi/5.4.1/../../../../arm-none-eabi/lib/armv7e-m\libg.a(lib_a-mlock.o)
                0x08012308                __malloc_lock
 .text.__malloc_unlock
                0x0801230c        0x4 c:/program files (x86)/gnu tools arm embedded/5.4 2016q3/bin/../lib/gcc/arm-none-eabi/5.4.1/../../../../arm-none-eabi/lib/armv7e-m\libg.a(lib_a-mlock.o)
                0x0801230c                __malloc_unlock
 .text.realloc  0x08012310       0x10 c:/program files (x86)/gnu tools arm embedded/5.4 2016q3/bin/../lib/gcc/arm-none-eabi/5.4.1/../../../../arm-none-eabi/lib/armv7e-m\libg.a(lib_a-realloc.o)
                0x08012310                realloc
 .text._realloc_r
                0x08012320      0x3e0 c:/program files (x86)/gnu tools arm embedded/5.4 2016q3/bin/../lib/gcc/arm-none-eabi/5.4.1/../../../../arm-none-eabi/lib/armv7e-m\libg.a(lib_a-reallocr.o)
                0x08012320                _realloc_r
 .text._sbrk_r  0x08012700       0x24 c:/program files (x86)/gnu tools arm embedded/5.4 2016q3/bin/../lib/gcc/arm-none-eabi/5.4.1/../../../../arm-none-eabi/lib/armv7e-m\libg.a(lib_a-sbrkr.o)
                0x08012700                _sbrk_r
 .text._malloc_trim_r
                0x08012724       0x9c c:/program files (x86)/gnu tools arm embedded/5.4 2016q3/bin/../lib/gcc/arm-none-eabi/5.4.1/../../../../arm-none-eabi/lib/armv7e-m\libg.a(lib_a-freer.o)
                0x08012724                _malloc_trim_r
 .text._free_r  0x080127c0      0x1d0 c:/program files (x86)/gnu tools arm embedded/5.4 2016q3/bin/../lib/gcc/arm-none-eabi/5.4.1/../../../../arm-none-eabi/lib/armv7e-m\libg.a(lib_a-freer.o)
                0x080127c0                _free_r
 *(.init)
 *(.fini)
 *crtbegin.o(.ctors)
 *crtbegin?.o(.ctors)
 *(EXCLUDE_FILE(*crtend.o *crtend?.o) .ctors)
 *(SORT(.ctors.*))
 *(.ctors)
 *crtbegin.o(.dtors)
 *crtbegin?.o(.dtors)
 *(EXCLUDE_FILE(*crtend.o *crtend?.o) .dtors)
 *(SORT(.dtors.*))
 *(.dtors)
 *(.rodata*)
 .rodata        0x08012990      0x226 ..\obj\dqchan.o
 *fill*         0x08012bb6        0x2 
 .rodata        0x08012bb8       0x68 ..\obj\scalfact.o
 .rodata.str1.4
                0x08012c20        0x7 ..\obj\mp3.o
 *fill*         0x08012c27        0x1 
 .rodata        0x08012c28     0x2304 ..\obj\hufftabs.o
                0x08012c28                xmp3fixpt_quadTabMaxBits
                0x08012c30                xmp3fixpt_quadTabOffset
                0x08012c38                xmp3fixpt_quadTable
                0x08012c88                xmp3fixpt_huffTabLookup
                0x08012d88                xmp3fixpt_huffTabOffset
                0x08012e08                xmp3fixpt_huffTable
 .rodata        0x08014f2c      0x508 ..\obj\mp3tabs.o
                0x08014f2c                xmp3fixpt_sfBandTable
                0x080151c8                xmp3fixpt_slotTab
                0x080152d8                xmp3fixpt_sideBytesTab
                0x080152e4                xmp3fixpt_bitsPerSlotTab
                0x080152ec                xmp3fixpt_samplesPerFrameTab
                0x08015300                xmp3fixpt_bitrateTab
                0x08015410                xmp3fixpt_samplerateTab
 .rodata.str1.4
                0x08015434        0x3 ..\obj\main.o
 .rodata.str1.4
                0x08015434        0x4 ..\obj\file.o
 .rodata.str1.4
                0x08015438        0x6 ..\obj\menu.o
 *fill*         0x0801543e        0x2 
 .rodata.str1.4
                0x08015440        0x4 ..\obj\usbh_core.o
 .rodata.str1.4
                0x08015444       0x11 ..\obj\id3.o
 *fill*         0x08015455        0x3 
 .rodata        0x08015458      0x86c ..\obj\trigtabs_fixpt.o
                0x08015458                xmp3fixpt_polyCoef
                0x08015878                xmp3fixpt_coef32
                0x080158f4                xmp3fixpt_csa
                0x08015934                xmp3fixpt_uniqueIDTab
                0x0801593c                xmp3fixpt_ISFIIP
                0x0801594c                xmp3fixpt_ISFMpeg2
                0x08015a4c                xmp3fixpt_ISFMpeg1
                0x08015a84                xmp3fixpt_imdctWin
 .rodata        0x08015cc4       0xba ..\obj\ff.o
 *fill*         0x08015d7e        0x2 
 .rodata.str1.4
                0x08015d80       0x98 ..\obj\ff.o
                                 0x96 (size before relaxing)
 .rodata        0x08015e18       0xc0 ..\obj\dct32.o
 *(.eh_fram e*)

.glue_7         0x08015ed8        0x0
 .glue_7        0x08015ed8        0x0 linker stubs

.glue_7t        0x08015ed8        0x0
 .glue_7t       0x08015ed8        0x0 linker stubs

.vfp11_veneer   0x08015ed8        0x0
 .vfp11_veneer  0x08015ed8        0x0 linker stubs

.v4_bx          0x08015ed8        0x0
 .v4_bx         0x08015ed8        0x0 linker stubs

.iplt           0x08015ed8        0x0
 .iplt          0x08015ed8        0x0 ..\obj\tm_stm32f4_fatfs.o

.rel.dyn        0x08015ed8        0x0
 .rel.iplt      0x08015ed8        0x0 ..\obj\tm_stm32f4_fatfs.o

.ARM.extab
 *(.ARM.extab* .gnu.linkonce.armextab.*)
                0x08015ed8                __exidx_start = .

.ARM.exidx
 *(.ARM.exidx* .gnu.linkonce.armexidx.*)
                0x08015ed8                __exidx_end = .
                0x08015ed8                __etext = .
                0x08015ed8                _sidata = __etext

.data           0x20000000      0xc24 load address 0x08015ed8
                0x20000000                __data_start__ = .
                0x20000000                _sdata = __data_start__
 *(vtable)
 *(.data*)
 .data          0x20000000        0x2 ..\obj\mp3.o
                0x20000000                Mp3_Status
                0x20000001                loadneeded
 *fill*         0x20000002        0x2 
 .data          0x20000004       0xb4 ..\obj\diskio.o
                0x20000004                FATFS_LowLevelDrivers
 .data          0x200000b8        0x1 ..\obj\fatfs_usb.o
 *fill*         0x200000b9        0x3 
 .data          0x200000bc       0x10 ..\obj\stm32f4xx_rcc.o
 .data          0x200000cc       0x60 ..\obj\tm_stm32f4_usart.o
                0x200000cc                TM_USART1
                0x200000dc                TM_USART6
                0x200000ec                TM_UART5
                0x200000fc                TM_UART4
                0x2000010c                TM_USART3
                0x2000011c                TM_USART2
 .data          0x2000012c        0x1 ..\obj\fatfs_sd.o
 *fill*         0x2000012d        0x3 
 .data          0x20000130       0x10 ..\obj\usbh_msc_core.o
                0x20000130                USBH_MSC_cb
 .data          0x20000140        0x1 ..\obj\menu.o
 *fill*         0x20000141        0x3 
 .data          0x20000144       0x10 ..\obj\usbh_core.o
                0x20000144                USBH_HCD_INT_fops
                0x20000148                USBH_HCD_INT_cb
 .data          0x20000154        0x1 ..\obj\usbh_msc_scsi.o
 *fill*         0x20000155        0x3 
 .data          0x20000158       0x14 ..\obj\system_stm32f4xx.o
                0x20000158                AHBPrescTable
                0x20000168                SystemCoreClock
 .data          0x2000016c        0x1 ..\obj\DMA.o
                0x2000016c                DmaAudioDone
 *fill*         0x2000016d        0x3 
 .data          0x20000170       0x48 ..\obj\usbh_usr.o
                0x20000170                USR_Callbacks
 .data          0x200001b8      0x229 ..\obj\glcd.o
                0x200001b8                LCDPort
                0x200001d8                LCDPin
                0x200001e8                fontdata
 *fill*         0x200003e1        0x3 
 .data.__malloc_av_
                0x200003e4      0x408 c:/program files (x86)/gnu tools arm embedded/5.4 2016q3/bin/../lib/gcc/arm-none-eabi/5.4.1/../../../../arm-none-eabi/lib/armv7e-m\libg.a(lib_a-mallocr.o)
                0x200003e4                __malloc_av_
 .data.__malloc_trim_threshold
                0x200007ec        0x4 c:/program files (x86)/gnu tools arm embedded/5.4 2016q3/bin/../lib/gcc/arm-none-eabi/5.4.1/../../../../arm-none-eabi/lib/armv7e-m\libg.a(lib_a-mallocr.o)
                0x200007ec                __malloc_trim_threshold
 .data.__malloc_sbrk_base
                0x200007f0        0x4 c:/program files (x86)/gnu tools arm embedded/5.4 2016q3/bin/../lib/gcc/arm-none-eabi/5.4.1/../../../../arm-none-eabi/lib/armv7e-m\libg.a(lib_a-mallocr.o)
                0x200007f0                __malloc_sbrk_base
 *fill*         0x200007f4        0x4 
 .data.impure_data
                0x200007f8      0x428 c:/program files (x86)/gnu tools arm embedded/5.4 2016q3/bin/../lib/gcc/arm-none-eabi/5.4.1/../../../../arm-none-eabi/lib/armv7e-m\libg.a(lib_a-impure.o)
 .data._impure_ptr
                0x20000c20        0x4 c:/program files (x86)/gnu tools arm embedded/5.4 2016q3/bin/../lib/gcc/arm-none-eabi/5.4.1/../../../../arm-none-eabi/lib/armv7e-m\libg.a(lib_a-impure.o)
                0x20000c20                _impure_ptr
                0x20000c24                . = ALIGN (0x4)
                [!provide]                PROVIDE (__preinit_array_start, .)
 *(.preinit_array)
                [!provide]                PROVIDE (__preinit_array_end, .)
                0x20000c24                . = ALIGN (0x4)
                [!provide]                PROVIDE (__init_array_start, .)
 *(SORT(.init_array.*))
 *(.init_array)
                [!provide]                PROVIDE (__init_array_end, .)
                0x20000c24                . = ALIGN (0x4)
                [!provide]                PROVIDE (__fini_array_start, .)
 *(SORT(.fini_array.*))
 *(.fini_array)
                [!provide]                PROVIDE (__fini_array_end, .)
 *(.jcr*)
                0x20000c24                . = ALIGN (0x4)
                0x20000c24                __data_end__ = .
                0x20000c24                _edata = __data_end__

.igot.plt       0x20000c24        0x0 load address 0x08016afc
 .igot.plt      0x20000c24        0x0 ..\obj\tm_stm32f4_fatfs.o

.bss            0x20000c24    0x1419c load address 0x08016afc
                0x20000c24                . = ALIGN (0x4)
                0x20000c24                __bss_start__ = .
                0x20000c24                _sbss = __bss_start__
 *(.bss*)
 .bss           0x20000c24       0x1c ..\obj\mp3.o
                0x20000c2c                Mp3ActIndex
                0x20000c30                Mp3ActTrack
                0x20000c34                tMp3Array
                0x20000c38                Mp3Array
                0x20000c3c                Mp3Count
 .bss           0x20000c40        0x4 ..\obj\usbh_stdreq.o
 .bss           0x20000c44        0x1 ..\obj\fatfs_sd.o
 .bss           0x20000c45        0x2 ..\obj\usbh_msc_core.o
                0x20000c46                MSCErrorCount
 .bss           0x20000c47        0x2 ..\obj\bt.o
                0x20000c47                FlagVolUp
                0x20000c48                FlagVolDown
 *fill*         0x20000c49        0x3 
 .bss           0x20000c4c       0x2c ..\obj\tm_stm32f4_delay.o
                0x20000c4c                prescaler
                0x20000c50                TM_Time
                0x20000c54                TM_Time2
                0x20000c70                TM_DELAY_Initialized
                0x20000c74                TM_TimingDelay
 .bss           0x20000c78       0x24 ..\obj\menu.o
                0x20000c9a                x
                0x20000c9b                presscnt
 .bss           0x20000c9c        0x2 ..\obj\usbh_core.o
 *fill*         0x20000c9e        0x2 
 .bss           0x20000ca0        0x4 ..\obj\syscalls.o
 .bss           0x20000ca4        0x1 ..\obj\usbh_usr.o
                0x20000ca4                Application
 .bss           0x20000ca5        0x1 ..\obj\tm_stm32f4_usb_msc_host.o
                0x20000ca5                TM_USB_MSCHOST_INT_Initialized
 *fill*         0x20000ca6        0x2 
 .bss           0x20000ca8     0x5d08 ..\obj\buffers.o
 .bss           0x200069b0       0x2a ..\obj\ff.o
 *fill*         0x200069da        0x2 
 .bss           0x200069dc       0x11 ..\obj\usbh_msc_bot.o
 *fill*         0x200069ed        0x3 
 .bss           0x200069f0       0x16 ..\obj\tm_stm32f4_gpio.o
 *fill*         0x20006a06        0x2 
 .bss.__malloc_max_total_mem
                0x20006a08        0x4 c:/program files (x86)/gnu tools arm embedded/5.4 2016q3/bin/../lib/gcc/arm-none-eabi/5.4.1/../../../../arm-none-eabi/lib/armv7e-m\libg.a(lib_a-mallocr.o)
                0x20006a08                __malloc_max_total_mem
 .bss.__malloc_max_sbrked_mem
                0x20006a0c        0x4 c:/program files (x86)/gnu tools arm embedded/5.4 2016q3/bin/../lib/gcc/arm-none-eabi/5.4.1/../../../../arm-none-eabi/lib/armv7e-m\libg.a(lib_a-mallocr.o)
                0x20006a0c                __malloc_max_sbrked_mem
 .bss.__malloc_top_pad
                0x20006a10        0x4 c:/program files (x86)/gnu tools arm embedded/5.4 2016q3/bin/../lib/gcc/arm-none-eabi/5.4.1/../../../../arm-none-eabi/lib/armv7e-m\libg.a(lib_a-mallocr.o)
                0x20006a10                __malloc_top_pad
 .bss.__malloc_current_mallinfo
                0x20006a14       0x28 c:/program files (x86)/gnu tools arm embedded/5.4 2016q3/bin/../lib/gcc/arm-none-eabi/5.4.1/../../../../arm-none-eabi/lib/armv7e-m\libg.a(lib_a-mallocr.o)
                0x20006a14                __malloc_current_mallinfo
 *(COMMON)
 COMMON         0x20006a3c     0xd35c ..\obj\mp3.o
                0x20006a3c                mp3_buffer
                0x2000b23c                SD_Fs
                0x2000b470                USB_Fs
                0x2000b6a4                hMP3Decoder
                0x2000b6a8                audio_help_buff
                0x2000d4f8                mp3_buffer2
                0x20011cf8                act_buff
                0x20011cfc                audio_buffer
                0x20013b4c                errbr
                0x20013b50                bytes_left
                0x20013b54                read_ptr
                0x20013b58                fil
                0x20013d7c                mp3FrameInfo
 COMMON         0x20013d98      0x200 ..\obj\usbh_stdreq.o
                0x20013d98                USBH_CfgDesc
 COMMON         0x20013f98       0xc0 ..\obj\tm_stm32f4_usart.o
                0x20013f98                TM_UART5_Buffer
                0x20013fb8                TM_USART6_Buffer
                0x20013fd8                TM_USART3_Buffer
                0x20013ff8                TM_USART2_Buffer
                0x20014018                TM_USART1_Buffer
                0x20014038                TM_UART4_Buffer
 COMMON         0x20014058      0x214 ..\obj\usbh_msc_core.o
                0x20014058                MSC_Machine
                0x20014264                MSC_Setup
 COMMON         0x2001426c        0x8 ..\obj\tm_stm32f4_delay.o
                0x2001426c                sys_delay
                0x20014270                mult
 COMMON         0x20014274      0x410 ..\obj\usbh_msc_scsi.o
                0x20014274                USBH_DataInBuffer
                0x20014474                USBH_MSC_Param
                0x20014484                USBH_DataOutBuffer
 COMMON         0x20014684      0x6f8 ..\obj\tm_stm32f4_usb_msc_host.o
                0x20014684                USB_OTG_MSC_Core
                0x20014c30                TM_USB_MSCHOST_INT_Result
                0x20014c34                USB_Host
 COMMON         0x20014d7c       0x40 ..\obj\usbh_msc_bot.o
                0x20014d7c                USBH_MSC_CSWData
                0x20014d8c                USBH_MSC_BOTXferParam
                0x20014d9c                USBH_MSC_CBWData
 COMMON         0x20014dbc        0x4 c:/program files (x86)/gnu tools arm embedded/5.4 2016q3/bin/../lib/gcc/arm-none-eabi/5.4.1/../../../../arm-none-eabi/lib/armv7e-m\libg.a(lib_a-reent.o)
                0x20014dbc                errno
                0x20014dc0                . = ALIGN (0x4)
                0x20014dc0                __bss_end__ = .
                0x20014dc0                _ebss = __bss_end__

.heap           0x20014dc0        0x0
                0x20014dc0                __end__ = .
                0x20014dc0                _end = __end__
                0x20014dc0                end = __end__
 *(.heap*)
                0x20014dc0                __HeapLimit = .

.co_stack       0x20014dc0      0x800 load address 0x0802ac98
                0x20014dc0                . = ALIGN (0x8)
 *(.co_stack .co_stack.*)
 .co_stack      0x20014dc0      0x800 ..\obj\startup_stm32f4xx.o
                0x20014dc0                pulStack
                0x20020000                __StackTop = (ORIGIN (ram) + LENGTH (ram))
                0x2001f800                __StackLimit = (__StackTop - SIZEOF (.co_stack))
                [!provide]                PROVIDE (__stack, __StackTop)
                0x00000001                ASSERT ((__StackLimit >= __HeapLimit), region ram  overflowed with stack)
LOAD ..\obj\tm_stm32f4_fatfs.o
LOAD ..\obj\unicode.o
LOAD ..\obj\stm32f4xx_syscfg.o
LOAD ..\obj\usb_core.o
LOAD ..\obj\dqchan.o
LOAD ..\obj\scalfact.o
LOAD ..\obj\pcm.o
LOAD ..\obj\i2c.o
LOAD ..\obj\mp3.o
LOAD ..\obj\bitstream.o
LOAD ..\obj\dequant.o
LOAD ..\obj\tm_stm32f4_exti.o
LOAD ..\obj\hufftabs.o
LOAD ..\obj\imdct.o
LOAD ..\obj\timer.o
LOAD ..\obj\usbh_hcs.o
LOAD ..\obj\stm32f4xx_usart.o
LOAD ..\obj\usbh_stdreq.o
LOAD ..\obj\mp3tabs.o
LOAD ..\obj\str.o
LOAD ..\obj\subband.o
LOAD ..\obj\diskio.o
LOAD ..\obj\startup_stm32f4xx.o
LOAD ..\obj\fatfs_usb.o
LOAD ..\obj\mp3dec.o
LOAD ..\obj\main.o
LOAD ..\obj\stm32f4xx_rcc.o
LOAD ..\obj\tm_stm32f4_usart.o
LOAD ..\obj\tm_stm32f4_rotary_encoder.o
LOAD ..\obj\fatfs_sd.o
LOAD ..\obj\usbh_msc_core.o
LOAD ..\obj\bt.o
LOAD ..\obj\gpio.o
LOAD ..\obj\tm_stm32f4_delay.o
LOAD ..\obj\file.o
LOAD ..\obj\syscall.o
LOAD ..\obj\tm_stm32f4_spi.o
LOAD ..\obj\menu.o
LOAD ..\obj\usbh_core.o
LOAD ..\obj\stm32f4xx_gpio.o
LOAD ..\obj\id3.o
LOAD ..\obj\usbh_msc_scsi.o
LOAD ..\obj\system_stm32f4xx.o
LOAD ..\obj\DMA.o
LOAD ..\obj\syscalls.o
LOAD ..\obj\stm32f4xx_dma.o
LOAD ..\obj\usbh_usr.o
LOAD ..\obj\i2s.o
LOAD ..\obj\usb_bsp.o
LOAD ..\obj\tm_stm32f4_usb_msc_host.o
LOAD ..\obj\stproc.o
LOAD ..\obj\huffman.o
LOAD ..\obj\trigtabs_fixpt.o
LOAD ..\obj\preamp.o
LOAD ..\obj\buffers.o
LOAD ..\obj\ff.o
LOAD ..\obj\usb_hcd.o
LOAD ..\obj\usbh_msc_bot.o
LOAD ..\obj\stm32f4xx_spi.o
LOAD ..\obj\dct32.o
LOAD ..\obj\stm32f4xx_i2c.o
LOAD ..\obj\stm32f4xx_exti.o
LOAD ..\obj\usbh_ioreq.o
LOAD ..\obj\misc.o
LOAD ..\obj\glcd.o
LOAD ..\obj\tm_stm32f4_gpio.o
LOAD ..\obj\polyphase.o
LOAD ..\obj\tm_stm32f4_timer_properties.o
LOAD ..\obj\stm32f4xx_tim.o
LOAD ..\obj\usb_hcd_int.o
START GROUP
LOAD c:/program files (x86)/gnu tools arm embedded/5.4 2016q3/bin/../lib/gcc/arm-none-eabi/5.4.1/armv7e-m\libgcc.a
LOAD c:/program files (x86)/gnu tools arm embedded/5.4 2016q3/bin/../lib/gcc/arm-none-eabi/5.4.1/../../../../arm-none-eabi/lib/armv7e-m\libg.a
LOAD c:/program files (x86)/gnu tools arm embedded/5.4 2016q3/bin/../lib/gcc/arm-none-eabi/5.4.1/../../../../arm-none-eabi/lib/armv7e-m\libc.a
END GROUP
OUTPUT(AmpNew.elf elf32-littlearm)

.debug_info     0x00000000    0x3ee3c
 .debug_info    0x00000000     0x2695 ..\obj\usb_core.o
 .debug_info    0x00002695      0x94d ..\obj\dqchan.o
 .debug_info    0x00002fe2      0xbe3 ..\obj\scalfact.o
 .debug_info    0x00003bc5      0x4d4 ..\obj\i2c.o
 .debug_info    0x00004099      0xa67 ..\obj\mp3.o
 .debug_info    0x00004b00     0x11c5 ..\obj\bitstream.o
 .debug_info    0x00005cc5      0x8c3 ..\obj\dequant.o
 .debug_info    0x00006588      0xcc0 ..\obj\tm_stm32f4_exti.o
 .debug_info    0x00007248      0x1d2 ..\obj\hufftabs.o
 .debug_info    0x0000741a     0x3212 ..\obj\imdct.o
 .debug_info    0x0000a62c      0x992 ..\obj\timer.o
 .debug_info    0x0000afbe      0xb1c ..\obj\usbh_hcs.o
 .debug_info    0x0000bada      0xb2d ..\obj\stm32f4xx_usart.o
 .debug_info    0x0000c607     0x1b40 ..\obj\usbh_stdreq.o
 .debug_info    0x0000e147      0x1e0 ..\obj\mp3tabs.o
 .debug_info    0x0000e327      0x158 ..\obj\str.o
 .debug_info    0x0000e47f      0x48b ..\obj\subband.o
 .debug_info    0x0000e90a      0x509 ..\obj\diskio.o
 .debug_info    0x0000ee13      0x112 ..\obj\startup_stm32f4xx.o
 .debug_info    0x0000ef25     0x1523 ..\obj\fatfs_usb.o
 .debug_info    0x00010448      0xbf7 ..\obj\mp3dec.o
 .debug_info    0x0001103f      0x401 ..\obj\main.o
 .debug_info    0x00011440      0xd0d ..\obj\stm32f4xx_rcc.o
 .debug_info    0x0001214d     0x1fd8 ..\obj\tm_stm32f4_usart.o
 .debug_info    0x00014125      0x464 ..\obj\tm_stm32f4_rotary_encoder.o
 .debug_info    0x00014589     0x167e ..\obj\fatfs_sd.o
 .debug_info    0x00015c07     0x1907 ..\obj\usbh_msc_core.o
 .debug_info    0x0001750e      0x23c ..\obj\bt.o
 .debug_info    0x0001774a      0x5ba ..\obj\gpio.o
 .debug_info    0x00017d04      0xacf ..\obj\tm_stm32f4_delay.o
 .debug_info    0x000187d3      0x7a2 ..\obj\file.o
 .debug_info    0x00018f75      0xe8b ..\obj\tm_stm32f4_spi.o
 .debug_info    0x00019e00      0xac8 ..\obj\menu.o
 .debug_info    0x0001a8c8     0x1c8b ..\obj\usbh_core.o
 .debug_info    0x0001c553      0x7db ..\obj\stm32f4xx_gpio.o
 .debug_info    0x0001cd2e      0x6b7 ..\obj\id3.o
 .debug_info    0x0001d3e5      0xec2 ..\obj\usbh_msc_scsi.o
 .debug_info    0x0001e2a7      0x5e6 ..\obj\system_stm32f4xx.o
 .debug_info    0x0001e88d      0x755 ..\obj\DMA.o
 .debug_info    0x0001efe2      0x432 ..\obj\syscalls.o
 .debug_info    0x0001f414      0x718 ..\obj\stm32f4xx_dma.o
 .debug_info    0x0001fb2c      0x5d9 ..\obj\usbh_usr.o
 .debug_info    0x00020105      0x7c9 ..\obj\i2s.o
 .debug_info    0x000208ce     0x111e ..\obj\usb_bsp.o
 .debug_info    0x000219ec     0x13b0 ..\obj\tm_stm32f4_usb_msc_host.o
 .debug_info    0x00022d9c      0xcb8 ..\obj\stproc.o
 .debug_info    0x00023a54      0xbfd ..\obj\huffman.o
 .debug_info    0x00024651      0x1ce ..\obj\trigtabs_fixpt.o
 .debug_info    0x0002481f      0xa7e ..\obj\preamp.o
 .debug_info    0x0002529d      0x9eb ..\obj\buffers.o
 .debug_info    0x00025c88     0xa29b ..\obj\ff.o
 .debug_info    0x0002ff23      0xd56 ..\obj\usb_hcd.o
 .debug_info    0x00030c79     0x1924 ..\obj\usbh_msc_bot.o
 .debug_info    0x0003259d      0xbc4 ..\obj\stm32f4xx_spi.o
 .debug_info    0x00033161      0xb10 ..\obj\dct32.o
 .debug_info    0x00033c71      0xb6d ..\obj\stm32f4xx_i2c.o
 .debug_info    0x000347de     0x1646 ..\obj\usbh_ioreq.o
 .debug_info    0x00035e24      0x55c ..\obj\misc.o
 .debug_info    0x00036380      0xf2b ..\obj\glcd.o
 .debug_info    0x000372ab      0x9df ..\obj\tm_stm32f4_gpio.o
 .debug_info    0x00037c8a     0x2be4 ..\obj\polyphase.o
 .debug_info    0x0003a86e     0x249e ..\obj\stm32f4xx_tim.o
 .debug_info    0x0003cd0c     0x2130 ..\obj\usb_hcd_int.o

.debug_abbrev   0x00000000     0x859a
 .debug_abbrev  0x00000000      0x442 ..\obj\usb_core.o
 .debug_abbrev  0x00000442      0x22d ..\obj\dqchan.o
 .debug_abbrev  0x0000066f      0x1ed ..\obj\scalfact.o
 .debug_abbrev  0x0000085c      0x155 ..\obj\i2c.o
 .debug_abbrev  0x000009b1      0x2d4 ..\obj\mp3.o
 .debug_abbrev  0x00000c85      0x290 ..\obj\bitstream.o
 .debug_abbrev  0x00000f15      0x1e0 ..\obj\dequant.o
 .debug_abbrev  0x000010f5      0x1f0 ..\obj\tm_stm32f4_exti.o
 .debug_abbrev  0x000012e5       0xad ..\obj\hufftabs.o
 .debug_abbrev  0x00001392      0x350 ..\obj\imdct.o
 .debug_abbrev  0x000016e2      0x177 ..\obj\timer.o
 .debug_abbrev  0x00001859      0x211 ..\obj\usbh_hcs.o
 .debug_abbrev  0x00001a6a      0x1d7 ..\obj\stm32f4xx_usart.o
 .debug_abbrev  0x00001c41      0x392 ..\obj\usbh_stdreq.o
 .debug_abbrev  0x00001fd3       0x79 ..\obj\mp3tabs.o
 .debug_abbrev  0x0000204c       0xc9 ..\obj\str.o
 .debug_abbrev  0x00002115      0x148 ..\obj\subband.o
 .debug_abbrev  0x0000225d      0x1fe ..\obj\diskio.o
 .debug_abbrev  0x0000245b       0xe8 ..\obj\startup_stm32f4xx.o
 .debug_abbrev  0x00002543      0x284 ..\obj\fatfs_usb.o
 .debug_abbrev  0x000027c7      0x30f ..\obj\mp3dec.o
 .debug_abbrev  0x00002ad6      0x177 ..\obj\main.o
 .debug_abbrev  0x00002c4d      0x297 ..\obj\stm32f4xx_rcc.o
 .debug_abbrev  0x00002ee4      0x3b5 ..\obj\tm_stm32f4_usart.o
 .debug_abbrev  0x00003299      0x16c ..\obj\tm_stm32f4_rotary_encoder.o
 .debug_abbrev  0x00003405      0x398 ..\obj\fatfs_sd.o
 .debug_abbrev  0x0000379d      0x38d ..\obj\usbh_msc_core.o
 .debug_abbrev  0x00003b2a      0x10f ..\obj\bt.o
 .debug_abbrev  0x00003c39      0x147 ..\obj\gpio.o
 .debug_abbrev  0x00003d80      0x329 ..\obj\tm_stm32f4_delay.o
 .debug_abbrev  0x000040a9      0x239 ..\obj\file.o
 .debug_abbrev  0x000042e2      0x28b ..\obj\tm_stm32f4_spi.o
 .debug_abbrev  0x0000456d      0x283 ..\obj\menu.o
 .debug_abbrev  0x000047f0      0x39f ..\obj\usbh_core.o
 .debug_abbrev  0x00004b8f      0x1f3 ..\obj\stm32f4xx_gpio.o
 .debug_abbrev  0x00004d82      0x151 ..\obj\id3.o
 .debug_abbrev  0x00004ed3      0x222 ..\obj\usbh_msc_scsi.o
 .debug_abbrev  0x000050f5      0x15f ..\obj\system_stm32f4xx.o
 .debug_abbrev  0x00005254      0x1cf ..\obj\DMA.o
 .debug_abbrev  0x00005423      0x147 ..\obj\syscalls.o
 .debug_abbrev  0x0000556a      0x1b7 ..\obj\stm32f4xx_dma.o
 .debug_abbrev  0x00005721      0x1cc ..\obj\usbh_usr.o
 .debug_abbrev  0x000058ed      0x176 ..\obj\i2s.o
 .debug_abbrev  0x00005a63      0x2f4 ..\obj\usb_bsp.o
 .debug_abbrev  0x00005d57      0x281 ..\obj\tm_stm32f4_usb_msc_host.o
 .debug_abbrev  0x00005fd8      0x20e ..\obj\stproc.o
 .debug_abbrev  0x000061e6      0x251 ..\obj\huffman.o
 .debug_abbrev  0x00006437       0x68 ..\obj\trigtabs_fixpt.o
 .debug_abbrev  0x0000649f      0x1f9 ..\obj\preamp.o
 .debug_abbrev  0x00006698      0x1d1 ..\obj\buffers.o
 .debug_abbrev  0x00006869      0x377 ..\obj\ff.o
 .debug_abbrev  0x00006be0      0x1e6 ..\obj\usb_hcd.o
 .debug_abbrev  0x00006dc6      0x30b ..\obj\usbh_msc_bot.o
 .debug_abbrev  0x000070d1      0x1c0 ..\obj\stm32f4xx_spi.o
 .debug_abbrev  0x00007291      0x13d ..\obj\dct32.o
 .debug_abbrev  0x000073ce      0x240 ..\obj\stm32f4xx_i2c.o
 .debug_abbrev  0x0000760e      0x279 ..\obj\usbh_ioreq.o
 .debug_abbrev  0x00007887      0x156 ..\obj\misc.o
 .debug_abbrev  0x000079dd      0x273 ..\obj\glcd.o
 .debug_abbrev  0x00007c50      0x1ea ..\obj\tm_stm32f4_gpio.o
 .debug_abbrev  0x00007e3a      0x20d ..\obj\polyphase.o
 .debug_abbrev  0x00008047      0x286 ..\obj\stm32f4xx_tim.o
 .debug_abbrev  0x000082cd      0x2cd ..\obj\usb_hcd_int.o

.debug_loc      0x00000000    0x3f9e6
 .debug_loc     0x00000000     0x15a4 ..\obj\usb_core.o
 .debug_loc     0x000015a4      0x98c ..\obj\dqchan.o
 .debug_loc     0x00001f30     0x1627 ..\obj\scalfact.o
 .debug_loc     0x00003557       0xce ..\obj\i2c.o
 .debug_loc     0x00003625      0x26a ..\obj\mp3.o
 .debug_loc     0x0000388f     0x764b ..\obj\bitstream.o
 .debug_loc     0x0000aeda      0x28e ..\obj\dequant.o
 .debug_loc     0x0000b168      0x381 ..\obj\tm_stm32f4_exti.o
 .debug_loc     0x0000b4e9     0x6973 ..\obj\imdct.o
 .debug_loc     0x00011e5c       0x6e ..\obj\timer.o
 .debug_loc     0x00011eca      0x328 ..\obj\usbh_hcs.o
 .debug_loc     0x000121f2      0x8e7 ..\obj\stm32f4xx_usart.o
 .debug_loc     0x00012ad9      0xa7c ..\obj\usbh_stdreq.o
 .debug_loc     0x00013555      0x153 ..\obj\str.o
 .debug_loc     0x000136a8      0x175 ..\obj\subband.o
 .debug_loc     0x0001381d      0x361 ..\obj\diskio.o
 .debug_loc     0x00013b7e      0x28d ..\obj\fatfs_usb.o
 .debug_loc     0x00013e0b      0x9cf ..\obj\mp3dec.o
 .debug_loc     0x000147da       0x14 ..\obj\main.o
 .debug_loc     0x000147ee      0xb54 ..\obj\stm32f4xx_rcc.o
 .debug_loc     0x00015342     0x1dc6 ..\obj\tm_stm32f4_usart.o
 .debug_loc     0x00017108      0x11d ..\obj\tm_stm32f4_rotary_encoder.o
 .debug_loc     0x00017225     0x1389 ..\obj\fatfs_sd.o
 .debug_loc     0x000185ae      0x39b ..\obj\usbh_msc_core.o
 .debug_loc     0x00018949      0x26a ..\obj\tm_stm32f4_delay.o
 .debug_loc     0x00018bb3      0x246 ..\obj\file.o
 .debug_loc     0x00018df9      0x6cd ..\obj\tm_stm32f4_spi.o
 .debug_loc     0x000194c6       0xf7 ..\obj\menu.o
 .debug_loc     0x000195bd      0x7b3 ..\obj\usbh_core.o
 .debug_loc     0x00019d70      0x3a0 ..\obj\stm32f4xx_gpio.o
 .debug_loc     0x0001a110      0x427 ..\obj\id3.o
 .debug_loc     0x0001a537      0x416 ..\obj\usbh_msc_scsi.o
 .debug_loc     0x0001a94d      0x13b ..\obj\system_stm32f4xx.o
 .debug_loc     0x0001aa88       0x58 ..\obj\DMA.o
 .debug_loc     0x0001aae0       0xe7 ..\obj\syscalls.o
 .debug_loc     0x0001abc7      0x424 ..\obj\stm32f4xx_dma.o
 .debug_loc     0x0001afeb      0x144 ..\obj\usb_bsp.o
 .debug_loc     0x0001b12f     0x17d3 ..\obj\stproc.o
 .debug_loc     0x0001c902     0x14b4 ..\obj\huffman.o
 .debug_loc     0x0001ddb6      0x411 ..\obj\preamp.o
 .debug_loc     0x0001e1c7    0x168b2 ..\obj\ff.o
 .debug_loc     0x00034a79      0x2d5 ..\obj\usb_hcd.o
 .debug_loc     0x00034d4e      0x607 ..\obj\usbh_msc_bot.o
 .debug_loc     0x00035355      0x644 ..\obj\stm32f4xx_spi.o
 .debug_loc     0x00035999     0x228b ..\obj\dct32.o
 .debug_loc     0x00037c24      0x674 ..\obj\stm32f4xx_i2c.o
 .debug_loc     0x00038298      0x613 ..\obj\usbh_ioreq.o
 .debug_loc     0x000388ab      0x186 ..\obj\misc.o
 .debug_loc     0x00038a31      0x789 ..\obj\glcd.o
 .debug_loc     0x000391ba      0xdba ..\obj\tm_stm32f4_gpio.o
 .debug_loc     0x00039f74     0x2ea1 ..\obj\polyphase.o
 .debug_loc     0x0003ce15     0x2055 ..\obj\stm32f4xx_tim.o
 .debug_loc     0x0003ee6a      0xb7c ..\obj\usb_hcd_int.o

.debug_aranges  0x00000000     0x1998
 .debug_aranges
                0x00000000       0xf0 ..\obj\usb_core.o
 .debug_aranges
                0x000000f0       0x28 ..\obj\dqchan.o
 .debug_aranges
                0x00000118       0x20 ..\obj\scalfact.o
 .debug_aranges
                0x00000138       0x38 ..\obj\i2c.o
 .debug_aranges
                0x00000170       0x48 ..\obj\mp3.o
 .debug_aranges
                0x000001b8       0x48 ..\obj\bitstream.o
 .debug_aranges
                0x00000200       0x20 ..\obj\dequant.o
 .debug_aranges
                0x00000220       0x68 ..\obj\tm_stm32f4_exti.o
 .debug_aranges
                0x00000288       0x18 ..\obj\hufftabs.o
 .debug_aranges
                0x000002a0       0x30 ..\obj\imdct.o
 .debug_aranges
                0x000002d0       0x50 ..\obj\timer.o
 .debug_aranges
                0x00000320       0x40 ..\obj\usbh_hcs.o
 .debug_aranges
                0x00000360      0x100 ..\obj\stm32f4xx_usart.o
 .debug_aranges
                0x00000460       0x60 ..\obj\usbh_stdreq.o
 .debug_aranges
                0x000004c0       0x18 ..\obj\mp3tabs.o
 .debug_aranges
                0x000004d8       0x38 ..\obj\str.o
 .debug_aranges
                0x00000510       0x20 ..\obj\subband.o
 .debug_aranges
                0x00000530       0x68 ..\obj\diskio.o
 .debug_aranges
                0x00000598       0x28 ..\obj\startup_stm32f4xx.o
 .debug_aranges
                0x000005c0       0x40 ..\obj\fatfs_usb.o
 .debug_aranges
                0x00000600       0x48 ..\obj\mp3dec.o
 .debug_aranges
                0x00000648       0x20 ..\obj\main.o
 .debug_aranges
                0x00000668      0x178 ..\obj\stm32f4xx_rcc.o
 .debug_aranges
                0x000007e0       0xf8 ..\obj\tm_stm32f4_usart.o
 .debug_aranges
                0x000008d8       0x38 ..\obj\tm_stm32f4_rotary_encoder.o
 .debug_aranges
                0x00000910       0x70 ..\obj\fatfs_sd.o
 .debug_aranges
                0x00000980       0x40 ..\obj\usbh_msc_core.o
 .debug_aranges
                0x000009c0       0x20 ..\obj\bt.o
 .debug_aranges
                0x000009e0       0x30 ..\obj\gpio.o
 .debug_aranges
                0x00000a10       0x70 ..\obj\tm_stm32f4_delay.o
 .debug_aranges
                0x00000a80       0x28 ..\obj\file.o
 .debug_aranges
                0x00000aa8       0x80 ..\obj\tm_stm32f4_spi.o
 .debug_aranges
                0x00000b28       0x58 ..\obj\menu.o
 .debug_aranges
                0x00000b80       0x58 ..\obj\usbh_core.o
 .debug_aranges
                0x00000bd8       0x88 ..\obj\stm32f4xx_gpio.o
 .debug_aranges
                0x00000c60       0x28 ..\obj\id3.o
 .debug_aranges
                0x00000c88       0x48 ..\obj\usbh_msc_scsi.o
 .debug_aranges
                0x00000cd0       0x28 ..\obj\system_stm32f4xx.o
 .debug_aranges
                0x00000cf8       0x30 ..\obj\DMA.o
 .debug_aranges
                0x00000d28       0x58 ..\obj\syscalls.o
 .debug_aranges
                0x00000d80       0xa8 ..\obj\stm32f4xx_dma.o
 .debug_aranges
                0x00000e28       0x68 ..\obj\usbh_usr.o
 .debug_aranges
                0x00000e90       0x28 ..\obj\i2s.o
 .debug_aranges
                0x00000eb8       0x58 ..\obj\usb_bsp.o
 .debug_aranges
                0x00000f10       0x38 ..\obj\tm_stm32f4_usb_msc_host.o
 .debug_aranges
                0x00000f48       0x30 ..\obj\stproc.o
 .debug_aranges
                0x00000f78       0x20 ..\obj\huffman.o
 .debug_aranges
                0x00000f98       0x18 ..\obj\trigtabs_fixpt.o
 .debug_aranges
                0x00000fb0       0x48 ..\obj\preamp.o
 .debug_aranges
                0x00000ff8       0x28 ..\obj\buffers.o
 .debug_aranges
                0x00001020      0x1b0 ..\obj\ff.o
 .debug_aranges
                0x000011d0       0x68 ..\obj\usb_hcd.o
 .debug_aranges
                0x00001238       0x38 ..\obj\usbh_msc_bot.o
 .debug_aranges
                0x00001270       0xe0 ..\obj\stm32f4xx_spi.o
 .debug_aranges
                0x00001350       0x20 ..\obj\dct32.o
 .debug_aranges
                0x00001370      0x110 ..\obj\stm32f4xx_i2c.o
 .debug_aranges
                0x00001480       0x68 ..\obj\usbh_ioreq.o
 .debug_aranges
                0x000014e8       0x40 ..\obj\misc.o
 .debug_aranges
                0x00001528       0x78 ..\obj\glcd.o
 .debug_aranges
                0x000015a0       0x98 ..\obj\tm_stm32f4_gpio.o
 .debug_aranges
                0x00001638       0x28 ..\obj\polyphase.o
 .debug_aranges
                0x00001660      0x2c8 ..\obj\stm32f4xx_tim.o
 .debug_aranges
                0x00001928       0x70 ..\obj\usb_hcd_int.o

.debug_ranges   0x00000000     0x83f8
 .debug_ranges  0x00000000      0x208 ..\obj\usb_core.o
 .debug_ranges  0x00000208       0x30 ..\obj\dqchan.o
 .debug_ranges  0x00000238       0x90 ..\obj\scalfact.o
 .debug_ranges  0x000002c8       0x28 ..\obj\i2c.o
 .debug_ranges  0x000002f0       0x38 ..\obj\mp3.o
 .debug_ranges  0x00000328      0x960 ..\obj\bitstream.o
 .debug_ranges  0x00000c88       0x10 ..\obj\dequant.o
 .debug_ranges  0x00000c98       0x78 ..\obj\tm_stm32f4_exti.o
 .debug_ranges  0x00000d10     0x16b8 ..\obj\imdct.o
 .debug_ranges  0x000023c8       0x40 ..\obj\timer.o
 .debug_ranges  0x00002408       0x50 ..\obj\usbh_hcs.o
 .debug_ranges  0x00002458       0xf0 ..\obj\stm32f4xx_usart.o
 .debug_ranges  0x00002548      0x160 ..\obj\usbh_stdreq.o
 .debug_ranges  0x000026a8       0x28 ..\obj\str.o
 .debug_ranges  0x000026d0       0x10 ..\obj\subband.o
 .debug_ranges  0x000026e0       0x58 ..\obj\diskio.o
 .debug_ranges  0x00002738       0x18 ..\obj\startup_stm32f4xx.o
 .debug_ranges  0x00002750       0x30 ..\obj\fatfs_usb.o
 .debug_ranges  0x00002780       0x80 ..\obj\mp3dec.o
 .debug_ranges  0x00002800       0x10 ..\obj\main.o
 .debug_ranges  0x00002810      0x188 ..\obj\stm32f4xx_rcc.o
 .debug_ranges  0x00002998      0x618 ..\obj\tm_stm32f4_usart.o
 .debug_ranges  0x00002fb0       0x28 ..\obj\tm_stm32f4_rotary_encoder.o
 .debug_ranges  0x00002fd8      0x728 ..\obj\fatfs_sd.o
 .debug_ranges  0x00003700       0x98 ..\obj\usbh_msc_core.o
 .debug_ranges  0x00003798       0x10 ..\obj\bt.o
 .debug_ranges  0x000037a8       0x20 ..\obj\gpio.o
 .debug_ranges  0x000037c8       0xc8 ..\obj\tm_stm32f4_delay.o
 .debug_ranges  0x00003890       0x18 ..\obj\file.o
 .debug_ranges  0x000038a8      0x110 ..\obj\tm_stm32f4_spi.o
 .debug_ranges  0x000039b8       0x60 ..\obj\menu.o
 .debug_ranges  0x00003a18       0x80 ..\obj\usbh_core.o
 .debug_ranges  0x00003a98       0x78 ..\obj\stm32f4xx_gpio.o
 .debug_ranges  0x00003b10       0x80 ..\obj\id3.o
 .debug_ranges  0x00003b90       0x38 ..\obj\usbh_msc_scsi.o
 .debug_ranges  0x00003bc8       0x30 ..\obj\system_stm32f4xx.o
 .debug_ranges  0x00003bf8       0x20 ..\obj\DMA.o
 .debug_ranges  0x00003c18       0x48 ..\obj\syscalls.o
 .debug_ranges  0x00003c60       0x98 ..\obj\stm32f4xx_dma.o
 .debug_ranges  0x00003cf8       0x58 ..\obj\usbh_usr.o
 .debug_ranges  0x00003d50       0x30 ..\obj\i2s.o
 .debug_ranges  0x00003d80       0x60 ..\obj\usb_bsp.o
 .debug_ranges  0x00003de0       0x58 ..\obj\tm_stm32f4_usb_msc_host.o
 .debug_ranges  0x00003e38      0x158 ..\obj\stproc.o
 .debug_ranges  0x00003f90       0xb8 ..\obj\huffman.o
 .debug_ranges  0x00004048       0xb0 ..\obj\preamp.o
 .debug_ranges  0x000040f8       0x18 ..\obj\buffers.o
 .debug_ranges  0x00004110     0x30e8 ..\obj\ff.o
 .debug_ranges  0x000071f8       0x58 ..\obj\usb_hcd.o
 .debug_ranges  0x00007250       0x50 ..\obj\usbh_msc_bot.o
 .debug_ranges  0x000072a0       0xd0 ..\obj\stm32f4xx_spi.o
 .debug_ranges  0x00007370      0x680 ..\obj\dct32.o
 .debug_ranges  0x000079f0      0x100 ..\obj\stm32f4xx_i2c.o
 .debug_ranges  0x00007af0       0x70 ..\obj\usbh_ioreq.o
 .debug_ranges  0x00007b60       0x30 ..\obj\misc.o
 .debug_ranges  0x00007b90       0x88 ..\obj\glcd.o
 .debug_ranges  0x00007c18      0x128 ..\obj\tm_stm32f4_gpio.o
 .debug_ranges  0x00007d40      0x2f8 ..\obj\polyphase.o
 .debug_ranges  0x00008038      0x360 ..\obj\stm32f4xx_tim.o
 .debug_ranges  0x00008398       0x60 ..\obj\usb_hcd_int.o

.debug_line     0x00000000    0x12160
 .debug_line    0x00000000      0x808 ..\obj\usb_core.o
 .debug_line    0x00000808      0x270 ..\obj\dqchan.o
 .debug_line    0x00000a78      0x216 ..\obj\scalfact.o
 .debug_line    0x00000c8e      0x24e ..\obj\i2c.o
 .debug_line    0x00000edc      0x2ff ..\obj\mp3.o
 .debug_line    0x000011db      0x6ad ..\obj\bitstream.o
 .debug_line    0x00001888      0x18c ..\obj\dequant.o
 .debug_line    0x00001a14      0x36b ..\obj\tm_stm32f4_exti.o
 .debug_line    0x00001d7f       0x62 ..\obj\hufftabs.o
 .debug_line    0x00001de1     0x198a ..\obj\imdct.o
 .debug_line    0x0000376b      0x2b1 ..\obj\timer.o
 .debug_line    0x00003a1c      0x222 ..\obj\usbh_hcs.o
 .debug_line    0x00003c3e      0x516 ..\obj\stm32f4xx_usart.o
 .debug_line    0x00004154      0x432 ..\obj\usbh_stdreq.o
 .debug_line    0x00004586       0x8b ..\obj\mp3tabs.o
 .debug_line    0x00004611       0xa8 ..\obj\str.o
 .debug_line    0x000046b9      0x14a ..\obj\subband.o
 .debug_line    0x00004803      0x2b9 ..\obj\diskio.o
 .debug_line    0x00004abc       0x8f ..\obj\startup_stm32f4xx.o
 .debug_line    0x00004b4b      0x336 ..\obj\fatfs_usb.o
 .debug_line    0x00004e81      0x311 ..\obj\mp3dec.o
 .debug_line    0x00005192      0x25e ..\obj\main.o
 .debug_line    0x000053f0      0x591 ..\obj\stm32f4xx_rcc.o
 .debug_line    0x00005981      0x9ec ..\obj\tm_stm32f4_usart.o
 .debug_line    0x0000636d      0x263 ..\obj\tm_stm32f4_rotary_encoder.o
 .debug_line    0x000065d0      0x84a ..\obj\fatfs_sd.o
 .debug_line    0x00006e1a      0x356 ..\obj\usbh_msc_core.o
 .debug_line    0x00007170      0x1bc ..\obj\bt.o
 .debug_line    0x0000732c      0x292 ..\obj\gpio.o
 .debug_line    0x000075be      0x3f3 ..\obj\tm_stm32f4_delay.o
 .debug_line    0x000079b1      0x276 ..\obj\file.o
 .debug_line    0x00007c27      0x4ee ..\obj\tm_stm32f4_spi.o
 .debug_line    0x00008115      0x380 ..\obj\menu.o
 .debug_line    0x00008495      0x486 ..\obj\usbh_core.o
 .debug_line    0x0000891b      0x395 ..\obj\stm32f4xx_gpio.o
 .debug_line    0x00008cb0      0x177 ..\obj\id3.o
 .debug_line    0x00008e27      0x3ea ..\obj\usbh_msc_scsi.o
 .debug_line    0x00009211      0x1e4 ..\obj\system_stm32f4xx.o
 .debug_line    0x000093f5      0x25a ..\obj\DMA.o
 .debug_line    0x0000964f      0x1ba ..\obj\syscalls.o
 .debug_line    0x00009809      0x418 ..\obj\stm32f4xx_dma.o
 .debug_line    0x00009c21      0x27a ..\obj\usbh_usr.o
 .debug_line    0x00009e9b      0x24c ..\obj\i2s.o
 .debug_line    0x0000a0e7      0x300 ..\obj\usb_bsp.o
 .debug_line    0x0000a3e7      0x279 ..\obj\tm_stm32f4_usb_msc_host.o
 .debug_line    0x0000a660      0x5d7 ..\obj\stproc.o
 .debug_line    0x0000ac37      0x2fd ..\obj\huffman.o
 .debug_line    0x0000af34       0x5d ..\obj\trigtabs_fixpt.o
 .debug_line    0x0000af91      0x2dc ..\obj\preamp.o
 .debug_line    0x0000b26d       0xdf ..\obj\buffers.o
 .debug_line    0x0000b34c     0x3147 ..\obj\ff.o
 .debug_line    0x0000e493      0x275 ..\obj\usb_hcd.o
 .debug_line    0x0000e708      0x3a0 ..\obj\usbh_msc_bot.o
 .debug_line    0x0000eaa8      0x476 ..\obj\stm32f4xx_spi.o
 .debug_line    0x0000ef1e      0x6d1 ..\obj\dct32.o
 .debug_line    0x0000f5ef      0x4f2 ..\obj\stm32f4xx_i2c.o
 .debug_line    0x0000fae1      0x2d5 ..\obj\usbh_ioreq.o
 .debug_line    0x0000fdb6      0x252 ..\obj\misc.o
 .debug_line    0x00010008      0x419 ..\obj\glcd.o
 .debug_line    0x00010421      0x55d ..\obj\tm_stm32f4_gpio.o
 .debug_line    0x0001097e      0x7eb ..\obj\polyphase.o
 .debug_line    0x00011169      0xbfa ..\obj\stm32f4xx_tim.o
 .debug_line    0x00011d63      0x3fd ..\obj\usb_hcd_int.o

.debug_str      0x00000000     0x8e79
 .debug_str     0x00000000      0xffb ..\obj\usb_core.o
                               0x129d (size before relaxing)
 .debug_str     0x00000ffb      0x2e7 ..\obj\dqchan.o
                                0x456 (size before relaxing)
 .debug_str     0x000012e2      0x299 ..\obj\scalfact.o
                                0x5b1 (size before relaxing)
 .debug_str     0x0000157b      0x1dd ..\obj\i2c.o
                                0x356 (size before relaxing)
 .debug_str     0x00001758      0x5f9 ..\obj\mp3.o
                                0x790 (size before relaxing)
 .debug_str     0x00001d51      0x13c ..\obj\bitstream.o
                                0x5b3 (size before relaxing)
 .debug_str     0x00001e8d       0xc5 ..\obj\dequant.o
                                0x595 (size before relaxing)
 .debug_str     0x00001f52      0x9b5 ..\obj\tm_stm32f4_exti.o
                                0xb7b (size before relaxing)
 .debug_str     0x00002907      0x12c ..\obj\hufftabs.o
                                0x254 (size before relaxing)
 .debug_str     0x00002a33      0x204 ..\obj\imdct.o
                                0x637 (size before relaxing)
 .debug_str     0x00002c37      0x2a2 ..\obj\timer.o
                                0xa11 (size before relaxing)
 .debug_str     0x00002ed9      0x138 ..\obj\usbh_hcs.o
                                0x80a (size before relaxing)
 .debug_str     0x00003011      0x4d1 ..\obj\stm32f4xx_usart.o
                                0x6c8 (size before relaxing)
 .debug_str     0x000034e2      0xabd ..\obj\usbh_stdreq.o
                               0x12a8 (size before relaxing)
 .debug_str     0x00003f9f       0x4a ..\obj\mp3tabs.o
                                0x1f5 (size before relaxing)
 .debug_str     0x00003fe9       0x60 ..\obj\str.o
                                0x100 (size before relaxing)
 .debug_str     0x00004049       0xbe ..\obj\subband.o
                                0x384 (size before relaxing)
 .debug_str     0x00004107      0x190 ..\obj\diskio.o
                                0x37a (size before relaxing)
 .debug_str     0x00004297       0xa9 ..\obj\startup_stm32f4xx.o
                                0x14c (size before relaxing)
 .debug_str     0x00004340      0x2fd ..\obj\fatfs_usb.o
                               0x13e5 (size before relaxing)
 .debug_str     0x0000463d      0x13d ..\obj\mp3dec.o
                                0x654 (size before relaxing)
 .debug_str     0x0000477a      0x10f ..\obj\main.o
                                0x382 (size before relaxing)
 .debug_str     0x00004889      0x4ce ..\obj\stm32f4xx_rcc.o
                                0x849 (size before relaxing)
 .debug_str     0x00004d57      0x41e ..\obj\tm_stm32f4_usart.o
                                0xe8f (size before relaxing)
 .debug_str     0x00005175      0x178 ..\obj\tm_stm32f4_rotary_encoder.o
                                0x472 (size before relaxing)
 .debug_str     0x000052ed      0x271 ..\obj\fatfs_sd.o
                                0x655 (size before relaxing)
 .debug_str     0x0000555e      0x3c0 ..\obj\usbh_msc_core.o
                               0x14fc (size before relaxing)
 .debug_str     0x0000591e       0x44 ..\obj\bt.o
                                0x21b (size before relaxing)
 .debug_str     0x00005962      0x1ba ..\obj\gpio.o
                                0x46a (size before relaxing)
 .debug_str     0x00005b1c      0x2ad ..\obj\tm_stm32f4_delay.o
                                0xa31 (size before relaxing)
 .debug_str     0x00005dc9       0xae ..\obj\file.o
                                0x4e0 (size before relaxing)
 .debug_str     0x00005e77      0x28f ..\obj\tm_stm32f4_spi.o
                                0x758 (size before relaxing)
 .debug_str     0x00006106      0x18b ..\obj\menu.o
                                0x65e (size before relaxing)
 .debug_str     0x00006291      0x1fc ..\obj\usbh_core.o
                               0x1390 (size before relaxing)
 .debug_str     0x0000648d      0x124 ..\obj\stm32f4xx_gpio.o
                                0x4b3 (size before relaxing)
 .debug_str     0x000065b1       0xf8 ..\obj\id3.o
                                0x417 (size before relaxing)
 .debug_str     0x000066a9      0x199 ..\obj\usbh_msc_scsi.o
                                0xbb7 (size before relaxing)
 .debug_str     0x00006842       0xa2 ..\obj\system_stm32f4xx.o
                                0x3a3 (size before relaxing)
 .debug_str     0x000068e4       0xe6 ..\obj\DMA.o
                                0x8ca (size before relaxing)
 .debug_str     0x000069ca      0x15a ..\obj\syscalls.o
                                0x321 (size before relaxing)
 .debug_str     0x00006b24      0x305 ..\obj\stm32f4xx_dma.o
                                0x52d (size before relaxing)
 .debug_str     0x00006e29      0x170 ..\obj\usbh_usr.o
                                0x7c3 (size before relaxing)
 .debug_str     0x00006f99       0x52 ..\obj\i2s.o
                                0x4d8 (size before relaxing)
 .debug_str     0x00006feb       0x95 ..\obj\usb_bsp.o
                                0xfac (size before relaxing)
 .debug_str     0x00007080       0x86 ..\obj\tm_stm32f4_usb_msc_host.o
                               0x12be (size before relaxing)
 .debug_str     0x00007106       0xa3 ..\obj\stproc.o
                                0x3a1 (size before relaxing)
 .debug_str     0x000071a9       0xba ..\obj\huffman.o
                                0x69e (size before relaxing)
 .debug_str     0x00007263       0x64 ..\obj\trigtabs_fixpt.o
                                0x1dd (size before relaxing)
 .debug_str     0x000072c7      0x10d ..\obj\preamp.o
                                0x3b2 (size before relaxing)
 .debug_str     0x000073d4       0x6d ..\obj\buffers.o
                                0x5fc (size before relaxing)
 .debug_str     0x00007441      0x34a ..\obj\ff.o
                                0x7a0 (size before relaxing)
 .debug_str     0x0000778b       0x7b ..\obj\usb_hcd.o
                                0x94f (size before relaxing)
 .debug_str     0x00007806       0xfa ..\obj\usbh_msc_bot.o
                               0x146b (size before relaxing)
 .debug_str     0x00007900      0x2ae ..\obj\stm32f4xx_spi.o
                                0x6b1 (size before relaxing)
 .debug_str     0x00007bae       0x49 ..\obj\dct32.o
                                0x189 (size before relaxing)
 .debug_str     0x00007bf7      0x279 ..\obj\stm32f4xx_i2c.o
                                0x651 (size before relaxing)
 .debug_str     0x00007e70       0xab ..\obj\usbh_ioreq.o
                               0x117b (size before relaxing)
 .debug_str     0x00007f1b       0xd2 ..\obj\misc.o
                                0x3c7 (size before relaxing)
 .debug_str     0x00007fed       0xb9 ..\obj\glcd.o
                                0x306 (size before relaxing)
 .debug_str     0x000080a6      0x16c ..\obj\tm_stm32f4_gpio.o
                                0x59a (size before relaxing)
 .debug_str     0x00008212       0x9e ..\obj\polyphase.o
                                0x1ed (size before relaxing)
 .debug_str     0x000082b0      0x967 ..\obj\stm32f4xx_tim.o
                                0xddc (size before relaxing)
 .debug_str     0x00008c17      0x262 ..\obj\usb_hcd_int.o
                                0xf59 (size before relaxing)

.comment        0x00000000       0x6e
 .comment       0x00000000       0x6e ..\obj\usb_core.o
                                 0x6f (size before relaxing)
 .comment       0x0000006e       0x6f ..\obj\dqchan.o
 .comment       0x0000006e       0x6f ..\obj\scalfact.o
 .comment       0x0000006e       0x6f ..\obj\i2c.o
 .comment       0x0000006e       0x6f ..\obj\mp3.o
 .comment       0x0000006e       0x6f ..\obj\bitstream.o
 .comment       0x0000006e       0x6f ..\obj\dequant.o
 .comment       0x0000006e       0x6f ..\obj\tm_stm32f4_exti.o
 .comment       0x0000006e       0x6f ..\obj\hufftabs.o
 .comment       0x0000006e       0x6f ..\obj\imdct.o
 .comment       0x0000006e       0x6f ..\obj\timer.o
 .comment       0x0000006e       0x6f ..\obj\usbh_hcs.o
 .comment       0x0000006e       0x6f ..\obj\stm32f4xx_usart.o
 .comment       0x0000006e       0x6f ..\obj\usbh_stdreq.o
 .comment       0x0000006e       0x6f ..\obj\mp3tabs.o
 .comment       0x0000006e       0x6f ..\obj\str.o
 .comment       0x0000006e       0x6f ..\obj\subband.o
 .comment       0x0000006e       0x6f ..\obj\diskio.o
 .comment       0x0000006e       0x6f ..\obj\startup_stm32f4xx.o
 .comment       0x0000006e       0x6f ..\obj\fatfs_usb.o
 .comment       0x0000006e       0x6f ..\obj\mp3dec.o