Archive member included to satisfy reference by file (symbol)

c:/program files (x86)/gnu tools arm embedded/5.4 2016q3/bin/../lib/gcc/arm-none-eabi/5.4.1/armv7e-m\libgcc.a(_arm_addsubdf3.o)
                              ..\obj\tm_stm32f4_fatfs.o (__aeabi_ui2d)
c:/program files (x86)/gnu tools arm embedded/5.4 2016q3/bin/../lib/gcc/arm-none-eabi/5.4.1/armv7e-m\libgcc.a(_arm_muldivdf3.o)
                              ..\obj\tm_stm32f4_fatfs.o (__aeabi_dmul)
c:/program files (x86)/gnu tools arm embedded/5.4 2016q3/bin/../lib/gcc/arm-none-eabi/5.4.1/armv7e-m\libgcc.a(_arm_cmpdf2.o)
                              ..\obj\tm_stm32f4_timer_properties.o (__aeabi_dcmpeq)
c:/program files (x86)/gnu tools arm embedded/5.4 2016q3/bin/../lib/gcc/arm-none-eabi/5.4.1/armv7e-m\libgcc.a(_arm_fixunsdfsi.o)
                              ..\obj\tm_stm32f4_fatfs.o (__aeabi_d2uiz)
c:/program files (x86)/gnu tools arm embedded/5.4 2016q3/bin/../lib/gcc/arm-none-eabi/5.4.1/../../../../arm-none-eabi/lib/armv7e-m\libg.a(lib_a-malloc.o)
                              ..\obj\tm_stm32f4_fatfs.o (malloc)
c:/program files (x86)/gnu tools arm embedded/5.4 2016q3/bin/../lib/gcc/arm-none-eabi/5.4.1/../../../../arm-none-eabi/lib/armv7e-m\libg.a(lib_a-mallocr.o)
                              c:/program files (x86)/gnu tools arm embedded/5.4 2016q3/bin/../lib/gcc/arm-none-eabi/5.4.1/../../../../arm-none-eabi/lib/armv7e-m\libg.a(lib_a-malloc.o) (_malloc_r)
c:/program files (x86)/gnu tools arm embedded/5.4 2016q3/bin/../lib/gcc/arm-none-eabi/5.4.1/../../../../arm-none-eabi/lib/armv7e-m\libg.a(lib_a-memcpy.o)
                              ..\obj\mp3dec.o (memcpy)
c:/program files (x86)/gnu tools arm embedded/5.4 2016q3/bin/../lib/gcc/arm-none-eabi/5.4.1/../../../../arm-none-eabi/lib/armv7e-m\libg.a(lib_a-memmove.o)
                              ..\obj\mp3dec.o (memmove)
c:/program files (x86)/gnu tools arm embedded/5.4 2016q3/bin/../lib/gcc/arm-none-eabi/5.4.1/../../../../arm-none-eabi/lib/armv7e-m\libg.a(lib_a-mlock.o)
                              c:/program files (x86)/gnu tools arm embedded/5.4 2016q3/bin/../lib/gcc/arm-none-eabi/5.4.1/../../../../arm-none-eabi/lib/armv7e-m\libg.a(lib_a-mallocr.o) (__malloc_lock)
c:/program files (x86)/gnu tools arm embedded/5.4 2016q3/bin/../lib/gcc/arm-none-eabi/5.4.1/../../../../arm-none-eabi/lib/armv7e-m\libg.a(lib_a-realloc.o)
                              ..\obj\file.o (realloc)
c:/program files (x86)/gnu tools arm embedded/5.4 2016q3/bin/../lib/gcc/arm-none-eabi/5.4.1/../../../../arm-none-eabi/lib/armv7e-m\libg.a(lib_a-reallocr.o)
                              c:/program files (x86)/gnu tools arm embedded/5.4 2016q3/bin/../lib/gcc/arm-none-eabi/5.4.1/../../../../arm-none-eabi/lib/armv7e-m\libg.a(lib_a-realloc.o) (_realloc_r)
c:/program files (x86)/gnu tools arm embedded/5.4 2016q3/bin/../lib/gcc/arm-none-eabi/5.4.1/../../../../arm-none-eabi/lib/armv7e-m\libg.a(lib_a-sbrkr.o)
                              c:/program files (x86)/gnu tools arm embedded/5.4 2016q3/bin/../lib/gcc/arm-none-eabi/5.4.1/../../../../arm-none-eabi/lib/armv7e-m\libg.a(lib_a-mallocr.o) (_sbrk_r)
c:/program files (x86)/gnu tools arm embedded/5.4 2016q3/bin/../lib/gcc/arm-none-eabi/5.4.1/../../../../arm-none-eabi/lib/armv7e-m\libg.a(lib_a-sprintf.o)
                              ..\obj\tm_stm32f4_fatfs.o (sprintf)
c:/program files (x86)/gnu tools arm embedded/5.4 2016q3/bin/../lib/gcc/arm-none-eabi/5.4.1/../../../../arm-none-eabi/lib/armv7e-m\libg.a(lib_a-strcpy.o)
                              ..\obj\tm_stm32f4_fatfs.o (strcpy)
c:/program files (x86)/gnu tools arm embedded/5.4 2016q3/bin/../lib/gcc/arm-none-eabi/5.4.1/../../../../arm-none-eabi/lib/armv7e-m\libg.a(lib_a-strlen.o)
                              ..\obj\tm_stm32f4_fatfs.o (strlen)
c:/program files (x86)/gnu tools arm embedded/5.4 2016q3/bin/../lib/gcc/arm-none-eabi/5.4.1/../../../../arm-none-eabi/lib/armv7e-m\libg.a(lib_a-svfprintf.o)
                              c:/program files (x86)/gnu tools arm embedded/5.4 2016q3/bin/../lib/gcc/arm-none-eabi/5.4.1/../../../../arm-none-eabi/lib/armv7e-m\libg.a(lib_a-sprintf.o) (_svfprintf_r)
c:/program files (x86)/gnu tools arm embedded/5.4 2016q3/bin/../lib/gcc/arm-none-eabi/5.4.1/../../../../arm-none-eabi/lib/armv7e-m\libg.a(lib_a-dtoa.o)
                              c:/program files (x86)/gnu tools arm embedded/5.4 2016q3/bin/../lib/gcc/arm-none-eabi/5.4.1/../../../../arm-none-eabi/lib/armv7e-m\libg.a(lib_a-svfprintf.o) (_dtoa_r)
c:/program files (x86)/gnu tools arm embedded/5.4 2016q3/bin/../lib/gcc/arm-none-eabi/5.4.1/../../../../arm-none-eabi/lib/armv7e-m\libg.a(lib_a-freer.o)
                              c:/program files (x86)/gnu tools arm embedded/5.4 2016q3/bin/../lib/gcc/arm-none-eabi/5.4.1/../../../../arm-none-eabi/lib/armv7e-m\libg.a(lib_a-malloc.o) (_free_r)
c:/program files (x86)/gnu tools arm embedded/5.4 2016q3/bin/../lib/gcc/arm-none-eabi/5.4.1/../../../../arm-none-eabi/lib/armv7e-m\libg.a(lib_a-impure.o)
[...]
Memory Configuration

Name             Origin             Length             Attributes
rom              0x08000000         0x00100000         xr
ram              0x20000000         0x00020000         xrw
ram1             0x10000000         0x00010000         xrw
*default*        0x00000000         0xffffffff

Linker script and memory map

                0x20020000                _eram = 0x20020000

.text           0x08000000    0x1b2d1
 *(.isr_vector)
 .isr_vector    0x08000000      0x188 ..\obj\startup_stm32f4xx.o
                0x08000000                g_pfnVectors
 *(.text*)
 .text          0x08000188        0x0 ..\obj\tm_stm32f4_fatfs.o
 .text.TM_FATFS_GetDriveSize
                0x08000188       0x54 ..\obj\tm_stm32f4_fatfs.o
                0x08000188                TM_FATFS_GetDriveSize
 .text.TM_FATFS_DriveSize
                0x080001dc       0x3c ..\obj\tm_stm32f4_fatfs.o
                0x080001dc                TM_FATFS_DriveSize
 .text.TM_FATFS_USBDriveSize
                0x08000218       0x3c ..\obj\tm_stm32f4_fatfs.o
                0x08000218                TM_FATFS_USBDriveSize
 .text.TM_FATFS_TruncateBeginning
                0x08000254       0xb4 ..\obj\tm_stm32f4_fatfs.o
                0x08000254                TM_FATFS_TruncateBeginning
 .text.TM_FATFS_CheckCardDetectPin
                0x08000308        0x4 ..\obj\tm_stm32f4_fatfs.o
                0x08000308                TM_FATFS_CheckCardDetectPin
 .text.TM_FATFS_SearchCallback
                0x0800030c        0x4 ..\obj\tm_stm32f4_fatfs.o
                0x0800030c                TM_FATFS_SearchCallback
 .text.scan_files
                0x08000310       0xc8 ..\obj\tm_stm32f4_fatfs.o
 .text.TM_FATFS_Search
                0x080003d8       0x48 ..\obj\tm_stm32f4_fatfs.o
                0x080003d8                TM_FATFS_Search
 .text          0x08000420        0x0 ..\obj\unicode.o
 .text          0x08000420        0x0 ..\obj\stm32f4xx_syscfg.o
 .text.SYSCFG_DeInit
                0x08000420       0x18 ..\obj\stm32f4xx_syscfg.o
                0x08000420                SYSCFG_DeInit
 .text.SYSCFG_MemoryRemapConfig
                0x08000438        0xc ..\obj\stm32f4xx_syscfg.o
                0x08000438                SYSCFG_MemoryRemapConfig
 .text.SYSCFG_EXTILineConfig
                0x08000444       0x2c ..\obj\stm32f4xx_syscfg.o
                0x08000444                SYSCFG_EXTILineConfig
 .text.SYSCFG_ETH_MediaInterfaceConfig
                0x08000470        0xc ..\obj\stm32f4xx_syscfg.o
                0x08000470                SYSCFG_ETH_MediaInterfaceConfig
 .text.SYSCFG_CompensationCellCmd
                0x0800047c        0xc ..\obj\stm32f4xx_syscfg.o
                0x0800047c                SYSCFG_CompensationCellCmd
 .text.SYSCFG_GetCompensationCellStatus
                0x08000488       0x10 ..\obj\stm32f4xx_syscfg.o
                0x08000488                SYSCFG_GetCompensationCellStatus
 .text          0x08000498        0x0 ..\obj\usb_core.o
 .text.USB_OTG_CoreReset
                0x08000498       0x68 ..\obj\usb_core.o
 .text.USB_OTG_WritePacket
                0x08000500       0x28 ..\obj\usb_core.o
                0x08000500                USB_OTG_WritePacket
 .text.USB_OTG_ReadPacket
                0x08000528       0x28 ..\obj\usb_core.o
                0x08000528                USB_OTG_ReadPacket
 .text.USB_OTG_SelectCore
                0x08000550       0xd4 ..\obj\usb_core.o
                0x08000550                USB_OTG_SelectCore
 .text.USB_OTG_CoreInit
                0x08000624       0x90 ..\obj\usb_core.o
                0x08000624                USB_OTG_CoreInit
 .text.USB_OTG_EnableGlobalInt
                0x080006b4       0x10 ..\obj\usb_core.o
                0x080006b4                USB_OTG_EnableGlobalInt
 .text.USB_OTG_DisableGlobalInt
                0x080006c4       0x10 ..\obj\usb_core.o
                0x080006c4                USB_OTG_DisableGlobalInt
 .text.USB_OTG_FlushTxFifo
                0x080006d4       0x4c ..\obj\usb_core.o
                0x080006d4                USB_OTG_FlushTxFifo
 .text.USB_OTG_FlushRxFifo
                0x08000720       0x44 ..\obj\usb_core.o
                0x08000720                USB_OTG_FlushRxFifo
 .text.USB_OTG_SetCurrentMode
                0x08000764       0x2c ..\obj\usb_core.o
                0x08000764                USB_OTG_SetCurrentMode
 .text.USB_OTG_GetMode
                0x08000790        0xc ..\obj\usb_core.o
                0x08000790                USB_OTG_GetMode
 .text.USB_OTG_IsDeviceMode
                0x0800079c       0x10 ..\obj\usb_core.o
                0x0800079c                USB_OTG_IsDeviceMode
 .text.USB_OTG_IsHostMode
                0x080007ac        0xc ..\obj\usb_core.o
                0x080007ac                USB_OTG_IsHostMode
 .text.USB_OTG_ReadCoreItr
                0x080007b8        0xc ..\obj\usb_core.o
                0x080007b8                USB_OTG_ReadCoreItr
 .text.USB_OTG_ReadOtgItr
                0x080007c4        0x8 ..\obj\usb_core.o
                0x080007c4                USB_OTG_ReadOtgItr
 .text.USB_OTG_IsEvenFrame
                0x080007cc       0x10 ..\obj\usb_core.o
                0x080007cc                USB_OTG_IsEvenFrame
 .text.USB_OTG_EnableHostInt
                0x080007dc       0x44 ..\obj\usb_core.o
                0x080007dc                USB_OTG_EnableHostInt
 .text.USB_OTG_InitFSLSPClkSel
                0x08000820        0xc ..\obj\usb_core.o
                0x08000820                USB_OTG_InitFSLSPClkSel
 .text.USB_OTG_ReadHPRT0
                0x0800082c        0xc ..\obj\usb_core.o
                0x0800082c                USB_OTG_ReadHPRT0
 .text.USB_OTG_DriveVbus
                0x08000838       0x40 ..\obj\usb_core.o
                0x08000838                USB_OTG_DriveVbus
 .text.USB_OTG_ReadHostAllChannels_intr
                0x08000878        0x8 ..\obj\usb_core.o
                0x08000878                USB_OTG_ReadHostAllChannels_intr
 .text.USB_OTG_ResetPort
                0x08000880       0x2c ..\obj\usb_core.o
                0x08000880                USB_OTG_ResetPort
 .text.USB_OTG_CoreInitHost
                0x080008ac       0xa0 ..\obj\usb_core.o
                0x080008ac                USB_OTG_CoreInitHost
 .text.USB_OTG_HC_Init
                0x0800094c       0xf8 ..\obj\usb_core.o
                0x0800094c                USB_OTG_HC_Init
 .text.USB_OTG_HC_StartXfer
                0x08000a44      0x140 ..\obj\usb_core.o
                0x08000a44                USB_OTG_HC_StartXfer
 .text.USB_OTG_HC_Halt
                0x08000b84       0x3c ..\obj\usb_core.o
                0x08000b84                USB_OTG_HC_Halt
 .text.USB_OTG_HC_DoPing
                0x08000bc0       0x30 ..\obj\usb_core.o
                0x08000bc0                USB_OTG_HC_DoPing
 .text.USB_OTG_StopHost
                0x08000bf0       0x48 ..\obj\usb_core.o
                0x08000bf0                USB_OTG_StopHost
 .text          0x08000c38        0x0 ..\obj\dqchan.o
 .text.DequantBlock
                0x08000c38      0x168 ..\obj\dqchan.o
 .text.xmp3fixpt_DequantChannel
                0x08000da0      0x284 ..\obj\dqchan.o
                0x08000da0                xmp3fixpt_DequantChannel
 .text          0x08001024        0x0 ..\obj\scalfact.o
 .text.xmp3fixpt_UnpackScaleFactors
                0x08001024      0x708 ..\obj\scalfact.o
                0x08001024                xmp3fixpt_UnpackScaleFactors
 .text          0x0800172c        0x0 ..\obj\pcm.o
 .text          0x0800172c        0x0 ..\obj\i2c.o
 .text.I2C_Init_Amp
                0x0800172c       0x50 ..\obj\i2c.o
                0x0800172c                I2C_Init_Amp
 .text.I2C_start
                0x0800177c       0x6c ..\obj\i2c.o
                0x0800177c                I2C_start
 .text.I2C_write
                0x080017e8       0x1c ..\obj\i2c.o
                0x080017e8                I2C_write
 .text.I2C_stop
                0x08001804        0xc ..\obj\i2c.o
                0x08001804                I2C_stop
 .text          0x08001810        0x0 ..\obj\mp3.o
 .text.Mp3OpenFile
                0x08001810       0x2c ..\obj\mp3.o
                0x08001810                Mp3OpenFile
 .text.MP3_Debug
                0x0800183c        0x4 ..\obj\mp3.o
                0x0800183c                MP3_Debug
 .text.Mp3SendBuffer
                0x08001840       0x64 ..\obj\mp3.o
                0x08001840                Mp3SendBuffer
 .text.Mp3MountDevices
                0x080018a4       0x4c ..\obj\mp3.o
                0x080018a4                Mp3MountDevices
 .text.Mp3ChangeTrack
                0x080018f0       0x18 ..\obj\mp3.o
                0x080018f0                Mp3ChangeTrack
 .text.Mp3PauseTrack
                0x08001908        0xc ..\obj\mp3.o
                0x08001908                Mp3PauseTrack
 .text.Mp3StartResumeTrack
                0x08001914       0x20 ..\obj\mp3.o
                0x08001914                Mp3StartResumeTrack
 .text.Mp3GetActTrackInd
                0x08001934        0xc ..\obj\mp3.o
                0x08001934                Mp3GetActTrackInd
 .text.Mp3NextTrack
                0x08001940       0x28 ..\obj\mp3.o
                0x08001940                Mp3NextTrack
 .text.Mp3Play  0x08001968      0x1f8 ..\obj\mp3.o
                0x08001968                Mp3Play
 .text.Mp3PrevTrack
                0x08001b60       0x20 ..\obj\mp3.o
                0x08001b60                Mp3PrevTrack
 .text          0x08001b80        0x0 ..\obj\bitstream.o
 .text.xmp3fixpt_SetBitstreamPointer
                0x08001b80        0xc ..\obj\bitstream.o
                0x08001b80                xmp3fixpt_SetBitstreamPointer
 .text.xmp3fixpt_GetBits
                0x08001b8c       0xb4 ..\obj\bitstream.o
                0x08001b8c                xmp3fixpt_GetBits
 .text.xmp3fixpt_CalcBitsUsed
                0x08001c40       0x10 ..\obj\bitstream.o
                0x08001c40                xmp3fixpt_CalcBitsUsed
 .text.xmp3fixpt_CheckPadBit
                0x08001c50       0x1c ..\obj\bitstream.o
                0x08001c50                xmp3fixpt_CheckPadBit
 .text.xmp3fixpt_UnpackFrameHeader
                0x08001c6c      0x1f8 ..\obj\bitstream.o
                0x08001c6c                xmp3fixpt_UnpackFrameHeader
 .text.xmp3fixpt_UnpackSideInfo
                0x08001e64      0x250 ..\obj\bitstream.o
                0x08001e64                xmp3fixpt_UnpackSideInfo
 .text          0x080020b4        0x0 ..\obj\dequant.o
 .text.xmp3fixpt_Dequantize
                0x080020b4      0x278 ..\obj\dequant.o
                0x080020b4                xmp3fixpt_Dequantize
 .text          0x0800232c        0x0 ..\obj\tm_stm32f4_exti.o
 .text.TM_EXTI_Attach
                0x0800232c      0x1d0 ..\obj\tm_stm32f4_exti.o
                0x0800232c                TM_EXTI_Attach
 .text.TM_EXTI_Detach
                0x080024fc       0x24 ..\obj\tm_stm32f4_exti.o
                0x080024fc                TM_EXTI_Detach
 .text.TM_EXTI_DeInit
                0x08002520       0x30 ..\obj\tm_stm32f4_exti.o
                0x08002520                TM_EXTI_DeInit
 .text.EXTI0_IRQHandler
                0x08002550       0x1c ..\obj\tm_stm32f4_exti.o
                0x08002550                EXTI0_IRQHandler
 .text.EXTI1_IRQHandler
                0x0800256c       0x1c ..\obj\tm_stm32f4_exti.o
                0x0800256c                EXTI1_IRQHandler
 .text.EXTI2_IRQHandler
                0x08002588       0x1c ..\obj\tm_stm32f4_exti.o
                0x08002588                EXTI2_IRQHandler
 .text.EXTI3_IRQHandler
                0x080025a4       0x1c ..\obj\tm_stm32f4_exti.o
                0x080025a4                EXTI3_IRQHandler
 .text.EXTI4_IRQHandler
                0x080025c0       0x1c ..\obj\tm_stm32f4_exti.o
                0x080025c0                EXTI4_IRQHandler
 .text.EXTI9_5_IRQHandler
                0x080025dc       0x70 ..\obj\tm_stm32f4_exti.o
                0x080025dc                EXTI9_5_IRQHandler
 .text.EXTI15_10_IRQHandler
                0x0800264c       0x8c ..\obj\tm_stm32f4_exti.o
                0x0800264c                EXTI15_10_IRQHandler
 .text          0x080026d8        0x0 ..\obj\hufftabs.o
 .text          0x080026d8        0x0 ..\obj\imdct.o
 .text.WinPrevious
                0x080026d8      0x128 ..\obj\imdct.o
 .text.FreqInvertRescale
                0x08002800      0x198 ..\obj\imdct.o
 .text.xmp3fixpt_IMDCT
                0x08002998      0xd58 ..\obj\imdct.o
                0x08002998                xmp3fixpt_IMDCT
 .text          0x080036f0        0x0 ..\obj\timer.o
 .text.Tim2Init
                0x080036f0       0x50 ..\obj\timer.o
                0x080036f0                Tim2Init
 .text.Tim2Start
                0x08003740       0x1c ..\obj\timer.o
                0x08003740                Tim2Start
 .text.Tim4Start
                0x0800375c       0x1c ..\obj\timer.o
                0x0800375c                Tim4Start
 .text.Tim2Stop
                0x08003778       0x1c ..\obj\timer.o
                0x08003778                Tim2Stop
 .text.Tim4Stop
                0x08003794       0x1c ..\obj\timer.o
                0x08003794                Tim4Stop
 .text.TIMER3_Configuration
                0x080037b0       0x68 ..\obj\timer.o
                0x080037b0                TIMER3_Configuration
 .text.Tim4Init
                0x08003818       0x54 ..\obj\timer.o
                0x08003818                Tim4Init
 .text          0x0800386c        0x0 ..\obj\usbh_hcs.o
 .text.USBH_Open_Channel
                0x0800386c       0x50 ..\obj\usbh_hcs.o
                0x0800386c                USBH_Open_Channel
 .text.USBH_Modify_Channel
                0x080038bc       0x48 ..\obj\usbh_hcs.o
                0x080038bc                USBH_Modify_Channel
 .text.USBH_Alloc_Channel
                0x08003904       0x44 ..\obj\usbh_hcs.o
                0x08003904                USBH_Alloc_Channel
 .text.USBH_Free_Channel
                0x08003948       0x18 ..\obj\usbh_hcs.o
                0x08003948                USBH_Free_Channel
 .text.USBH_DeAllocate_AllChannel
                0x08003960       0x20 ..\obj\usbh_hcs.o
                0x08003960                USBH_DeAllocate_AllChannel
 .text          0x08003980        0x0 ..\obj\stm32f4xx_usart.o
 .text.USART_DeInit
                0x08003980       0xbc ..\obj\stm32f4xx_usart.o
                0x08003980                USART_DeInit
 .text.USART_Init
                0x08003a3c       0xc0 ..\obj\stm32f4xx_usart.o
                0x08003a3c                USART_Init
 .text.USART_StructInit
                0x08003afc       0x18 ..\obj\stm32f4xx_usart.o
                0x08003afc                USART_StructInit
 .text.USART_ClockInit
                0x08003b14       0x24 ..\obj\stm32f4xx_usart.o
                0x08003b14                USART_ClockInit
 .text.USART_ClockStructInit
                0x08003b38        0xc ..\obj\stm32f4xx_usart.o
                0x08003b38                USART_ClockStructInit
 .text.USART_Cmd
                0x08003b44       0x1c ..\obj\stm32f4xx_usart.o
                0x08003b44                USART_Cmd
 .text.USART_SetPrescaler
                0x08003b60       0x14 ..\obj\stm32f4xx_usart.o
                0x08003b60                USART_SetPrescaler
 .text.USART_OverSampling8Cmd
                0x08003b74       0x1c ..\obj\stm32f4xx_usart.o
                0x08003b74                USART_OverSampling8Cmd
 .text.USART_OneBitMethodCmd
                0x08003b90       0x1c ..\obj\stm32f4xx_usart.o
                0x08003b90                USART_OneBitMethodCmd
 .text.USART_SendData
                0x08003bac        0x8 ..\obj\stm32f4xx_usart.o
                0x08003bac                USART_SendData
 .text.USART_ReceiveData
                0x08003bb4        0x8 ..\obj\stm32f4xx_usart.o
                0x08003bb4                USART_ReceiveData
 .text.USART_SetAddress
                0x08003bbc       0x18 ..\obj\stm32f4xx_usart.o
                0x08003bbc                USART_SetAddress
 .text.USART_ReceiverWakeUpCmd
                0x08003bd4       0x1c ..\obj\stm32f4xx_usart.o
                0x08003bd4                USART_ReceiverWakeUpCmd
 .text.USART_WakeUpConfig
                0x08003bf0       0x18 ..\obj\stm32f4xx_usart.o
                0x08003bf0                USART_WakeUpConfig
 .text.USART_LINBreakDetectLengthConfig
                0x08003c08       0x18 ..\obj\stm32f4xx_usart.o
                0x08003c08                USART_LINBreakDetectLengthConfig
 .text.USART_LINCmd
                0x08003c20       0x1c ..\obj\stm32f4xx_usart.o
                0x08003c20                USART_LINCmd
 .text.USART_SendBreak
                0x08003c3c        0xc ..\obj\stm32f4xx_usart.o
                0x08003c3c                USART_SendBreak
 .text.USART_HalfDuplexCmd
                0x08003c48       0x1c ..\obj\stm32f4xx_usart.o
                0x08003c48                USART_HalfDuplexCmd
 .text.USART_SetGuardTime
                0x08003c64       0x14 ..\obj\stm32f4xx_usart.o
                0x08003c64                USART_SetGuardTime
 .text.USART_SmartCardCmd
                0x08003c78       0x1c ..\obj\stm32f4xx_usart.o
                0x08003c78                USART_SmartCardCmd
 .text.USART_SmartCardNACKCmd
                0x08003c94       0x1c ..\obj\stm32f4xx_usart.o
                0x08003c94                USART_SmartCardNACKCmd
 .text.USART_IrDAConfig
                0x08003cb0       0x18 ..\obj\stm32f4xx_usart.o
                0x08003cb0                USART_IrDAConfig
 .text.USART_IrDACmd
                0x08003cc8       0x1c ..\obj\stm32f4xx_usart.o
                0x08003cc8                USART_IrDACmd
 .text.USART_DMACmd
                0x08003ce4       0x18 ..\obj\stm32f4xx_usart.o
                0x08003ce4                USART_DMACmd
 .text.USART_ITConfig
                0x08003cfc       0x38 ..\obj\stm32f4xx_usart.o
                0x08003cfc                USART_ITConfig
 .text.USART_GetFlagStatus
                0x08003d34        0xc ..\obj\stm32f4xx_usart.o
                0x08003d34                USART_GetFlagStatus
 .text.USART_ClearFlag
                0x08003d40        0x8 ..\obj\stm32f4xx_usart.o
                0x08003d40                USART_ClearFlag
 .text.USART_GetITStatus
                0x08003d48       0x44 ..\obj\stm32f4xx_usart.o
                0x08003d48                USART_GetITStatus
 .text.USART_ClearITPendingBit
                0x08003d8c       0x10 ..\obj\stm32f4xx_usart.o
                0x08003d8c                USART_ClearITPendingBit
 .text          0x08003d9c        0x0 ..\obj\usbh_stdreq.o
 .text.USBH_GetDescriptor
                0x08003d9c       0x30 ..\obj\usbh_stdreq.o
                0x08003d9c                USBH_GetDescriptor
 .text.USBH_Get_DevDesc
                0x08003dcc       0xb4 ..\obj\usbh_stdreq.o
                0x08003dcc                USBH_Get_DevDesc
 .text.USBH_Get_StringDesc
                0x08003e80       0x58 ..\obj\usbh_stdreq.o
                0x08003e80                USBH_Get_StringDesc
 .text.USBH_Get_CfgDesc
                0x08003ed8      0x1e8 ..\obj\usbh_stdreq.o
                0x08003ed8                USBH_Get_CfgDesc
 .text.USBH_SetAddress
                0x080040c0       0x1c ..\obj\usbh_stdreq.o
                0x080040c0                USBH_SetAddress
 .text.USBH_SetCfg
                0x080040dc       0x1c ..\obj\usbh_stdreq.o
                0x080040dc                USBH_SetCfg
 .text.USBH_SetInterface
                0x080040f8       0x1c ..\obj\usbh_stdreq.o
                0x080040f8                USBH_SetInterface
 .text.USBH_ClrFeature
                0x08004114       0x34 ..\obj\usbh_stdreq.o
                0x08004114                USBH_ClrFeature
 .text.USBH_GetNextDesc
                0x08004148       0x10 ..\obj\usbh_stdreq.o
                0x08004148                USBH_GetNextDesc
 .text          0x08004158        0x0 ..\obj\mp3tabs.o
 .text          0x08004158        0x0 ..\obj\str.o
 .text.StrCmp   0x08004158       0x38 ..\obj\str.o
                0x08004158                StrCmp
 .text.StrLen   0x08004190       0x18 ..\obj\str.o
                0x08004190                StrLen
 .text.StrCopy  0x080041a8       0x18 ..\obj\str.o
                0x080041a8                StrCopy
 .text.StrFillSpace
                0x080041c0       0x1c ..\obj\str.o
                0x080041c0                StrFillSpace
 .text          0x080041dc        0x0 ..\obj\subband.o
 .text.xmp3fixpt_Subband
                0x080041dc      0x128 ..\obj\subband.o
                0x080041dc                xmp3fixpt_Subband
 .text          0x08004304        0x0 ..\obj\diskio.o
 .text.TM_FATFS_SD_disk_initialize
                0x08004304        0x4 ..\obj\diskio.o
 .text.TM_FATFS_USB_disk_initialize
                0x08004308        0x4 ..\obj\diskio.o
 .text.TM_FATFS_SDRAM_disk_initialize
                0x0800430c        0x4 ..\obj\diskio.o
                0x0800430c                TM_FATFS_SDRAM_disk_initialize
 .text.TM_FATFS_SPI_FLASH_disk_initialize
                0x08004310        0x4 ..\obj\diskio.o
                0x08004310                TM_FATFS_SPI_FLASH_disk_initialize
 .text.TM_FATFS_SD_disk_status
                0x08004314        0x4 ..\obj\diskio.o
 .text.TM_FATFS_USB_disk_status
                0x08004318        0x4 ..\obj\diskio.o
 .text.TM_FATFS_SDRAM_disk_status
                0x0800431c        0x4 ..\obj\diskio.o
                0x0800431c                TM_FATFS_SDRAM_disk_status
 .text.TM_FATFS_SPI_FLASH_disk_status
                0x08004320        0x4 ..\obj\diskio.o
                0x08004320                TM_FATFS_SPI_FLASH_disk_status
 .text.TM_FATFS_SD_disk_ioctl
                0x08004324        0x4 ..\obj\diskio.o
 .text.TM_FATFS_USB_disk_ioctl
                0x08004328        0x4 ..\obj\diskio.o
 .text.TM_FATFS_SDRAM_disk_ioctl
                0x0800432c        0x4 ..\obj\diskio.o
                0x0800432c                TM_FATFS_SDRAM_disk_ioctl
 .text.TM_FATFS_SPI_FLASH_disk_ioctl
                0x08004330        0x4 ..\obj\diskio.o
                0x08004330                TM_FATFS_SPI_FLASH_disk_ioctl
 .text.TM_FATFS_SD_disk_read
                0x08004334        0x4 ..\obj\diskio.o
 .text.TM_FATFS_USB_disk_read
                0x08004338        0x4 ..\obj\diskio.o
 .text.TM_FATFS_SDRAM_disk_read
                0x0800433c        0x4 ..\obj\diskio.o
                0x0800433c                TM_FATFS_SDRAM_disk_read
 .text.TM_FATFS_SPI_FLASH_disk_read
                0x08004340        0x4 ..\obj\diskio.o
                0x08004340                TM_FATFS_SPI_FLASH_disk_read
 .text.TM_FATFS_SD_disk_write
                0x08004344        0x4 ..\obj\diskio.o
 .text.TM_FATFS_USB_disk_write
                0x08004348        0x4 ..\obj\diskio.o
 .text.TM_FATFS_SDRAM_disk_write
                0x0800434c        0x4 ..\obj\diskio.o
                0x0800434c                TM_FATFS_SDRAM_disk_write
 .text.TM_FATFS_SPI_FLASH_disk_write
                0x08004350        0x4 ..\obj\diskio.o
                0x08004350                TM_FATFS_SPI_FLASH_disk_write
 .text.TM_FATFS_AddDriver
                0x08004354       0x38 ..\obj\diskio.o
                0x08004354                TM_FATFS_AddDriver
 .text.disk_initialize
                0x0800438c       0x1c ..\obj\diskio.o
                0x0800438c                disk_initialize
 .text.disk_status
                0x080043a8       0x1c ..\obj\diskio.o
                0x080043a8                disk_status
 .text.disk_read
                0x080043c4       0x30 ..\obj\diskio.o
                0x080043c4                disk_read
 .text.disk_write
                0x080043f4       0x30 ..\obj\diskio.o
                0x080043f4                disk_write
 .text.disk_ioctl
                0x08004424       0x20 ..\obj\diskio.o
                0x08004424                disk_ioctl
 .text.get_fattime
                0x08004444        0x8 ..\obj\diskio.o
                0x08004444                get_fattime
 .text.TM_FATFS_SD_SDIO_disk_initialize
                0x0800444c        0x4 ..\obj\diskio.o
                0x0800444c                TM_FATFS_SD_SDIO_disk_initialize
 .text.TM_FATFS_SD_SDIO_disk_status
                0x08004450        0x4 ..\obj\diskio.o
                0x08004450                TM_FATFS_SD_SDIO_disk_status
 .text.TM_FATFS_SD_SDIO_disk_ioctl
                0x08004454        0x4 ..\obj\diskio.o
                0x08004454                TM_FATFS_SD_SDIO_disk_ioctl
 .text.TM_FATFS_SD_SDIO_disk_read
                0x08004458        0x4 ..\obj\diskio.o
                0x08004458                TM_FATFS_SD_SDIO_disk_read
 .text.TM_FATFS_SD_SDIO_disk_write
                0x0800445c        0x4 ..\obj\diskio.o
                0x0800445c                TM_FATFS_SD_SDIO_disk_write
 .text          0x08004460        0x0 ..\obj\startup_stm32f4xx.o
 .text.Default_Handler
                0x08004460        0x4 ..\obj\startup_stm32f4xx.o
                0x08004460                RTC_Alarm_IRQHandler
                0x08004460                HASH_RNG_IRQHandler
                0x08004460                TIM8_CC_IRQHandler
                0x08004460                DebugMon_Handler
                0x08004460                TIM1_CC_IRQHandler
                0x08004460                DMA2_Stream5_IRQHandler
                0x08004460                HardFault_Handler
                0x08004460                DMA1_Stream5_IRQHandler
                0x08004460                PVD_IRQHandler
                0x08004460                SDIO_IRQHandler
                0x08004460                TAMP_STAMP_IRQHandler
                0x08004460                PendSV_Handler
                0x08004460                NMI_Handler
                0x08004460                CAN2_RX1_IRQHandler
                0x08004460                TIM8_TRG_COM_TIM14_IRQHandler
                0x08004460                TIM1_UP_TIM10_IRQHandler
                0x08004460                TIM8_UP_TIM13_IRQHandler
                0x08004460                I2C3_ER_IRQHandler
                0x08004460                I2C2_EV_IRQHandler
                0x08004460                DMA1_Stream2_IRQHandler
                0x08004460                CAN1_RX0_IRQHandler
                0x08004460                FPU_IRQHandler
                0x08004460                OTG_HS_WKUP_IRQHandler
                0x08004460                UsageFault_Handler
                0x08004460                CAN2_SCE_IRQHandler
                0x08004460                DMA2_Stream2_IRQHandler
                0x08004460                SPI1_IRQHandler
                0x08004460                TIM6_DAC_IRQHandler
                0x08004460                TIM1_BRK_TIM9_IRQHandler
                0x08004460                DCMI_IRQHandler
                0x08004460                CAN2_RX0_IRQHandler
                0x08004460                DMA2_Stream3_IRQHandler
                0x08004460                CRYP_IRQHandler
                0x08004460                CAN1_RX1_IRQHandler
                0x08004460                DMA2_Stream0_IRQHandler
                0x08004460                I2C1_EV_IRQHandler
                0x08004460                DMA1_Stream6_IRQHandler
                0x08004460                DMA1_Stream1_IRQHandler
                0x08004460                TIM3_IRQHandler
                0x08004460                RCC_IRQHandler
                0x08004460                TIM8_BRK_TIM12_IRQHandler
                0x08004460                ADC_IRQHandler
                0x08004460                TIM7_IRQHandler
                0x08004460                CAN2_TX_IRQHandler
                0x08004460                TIM5_IRQHandler
                0x08004460                DMA2_Stream7_IRQHandler
                0x08004460                I2C3_EV_IRQHandler
                0x08004460                RTC_WKUP_IRQHandler
                0x08004460                ETH_WKUP_IRQHandler
                0x08004460                SPI2_IRQHandler
                0x08004460                OTG_HS_EP1_IN_IRQHandler
                0x08004460                MemManage_Handler
                0x08004460                DMA1_Stream0_IRQHandler
                0x08004460                CAN1_TX_IRQHandler
                0x08004460                SVC_Handler
                0x08004460                FSMC_IRQHandler
                0x08004460                ETH_IRQHandler
                0x08004460                OTG_HS_EP1_OUT_IRQHandler
                0x08004460                WWDG_IRQHandler
                0x08004460                OTG_FS_WKUP_IRQHandler
                0x08004460                TIM1_TRG_COM_TIM11_IRQHandler
                0x08004460                OTG_HS_IRQHandler
                0x08004460                I2C2_ER_IRQHandler
                0x08004460                DMA2_Stream1_IRQHandler
                0x08004460                CAN1_SCE_IRQHandler
                0x08004460                FLASH_IRQHandler
                0x08004460                DMA2_Stream4_IRQHandler
                0x08004460                BusFault_Handler
                0x08004460                SPI3_IRQHandler
                0x08004460                DMA1_Stream4_IRQHandler
                0x08004460                I2C1_ER_IRQHandler
                0x08004460                DMA2_Stream6_IRQHandler
                0x08004460                DMA1_Stream3_IRQHandler
 .text.Default_Reset_Handler
                0x08004464       0x50 ..\obj\startup_stm32f4xx.o
                0x08004464                Default_Reset_Handler
                0x08004464                Reset_Handler
 .text          0x080044b4        0x0 ..\obj\fatfs_usb.o
 .text.TM_FATFS_USB_disk_initialize
                0x080044b4       0x3c ..\obj\fatfs_usb.o
                0x080044b4                TM_FATFS_USB_disk_initialize
 .text.TM_FATFS_USB_disk_status
                0x080044f0        0xc ..\obj\fatfs_usb.o
                0x080044f0                TM_FATFS_USB_disk_status
 .text.TM_FATFS_USB_disk_read
                0x080044fc       0x88 ..\obj\fatfs_usb.o
                0x080044fc                TM_FATFS_USB_disk_read
 .text.TM_FATFS_USB_disk_write
                0x08004584       0x94 ..\obj\fatfs_usb.o
                0x08004584                TM_FATFS_USB_disk_write
 .text.TM_FATFS_USB_disk_ioctl
                0x08004618       0x48 ..\obj\fatfs_usb.o
                0x08004618                TM_FATFS_USB_disk_ioctl
 .text          0x08004660        0x0 ..\obj\mp3dec.o
 .text.MP3ClearBadFrame
                0x08004660       0x48 ..\obj\mp3dec.o
 .text.MP3InitDecoder
                0x080046a8        0x8 ..\obj\mp3dec.o
                0x080046a8                MP3InitDecoder
 .text.MP3FreeDecoder
                0x080046b0        0xc ..\obj\mp3dec.o
                0x080046b0                MP3FreeDecoder
 .text.MP3FindSyncWord
                0x080046bc       0x34 ..\obj\mp3dec.o
                0x080046bc                MP3FindSyncWord
 .text.MP3GetLastFrameInfo
                0x080046f0       0x68 ..\obj\mp3dec.o
                0x080046f0                MP3GetLastFrameInfo
 .text.MP3GetNextFrameInfo
                0x08004758       0x3c ..\obj\mp3dec.o
                0x08004758                MP3GetNextFrameInfo
 .text.MP3Decode
                0x08004794      0x368 ..\obj\mp3dec.o
                0x08004794                MP3Decode
 .text          0x08004afc        0x0 ..\obj\main.o
 .text.main     0x08004afc       0x84 ..\obj\main.o
                0x08004afc                main
 .text          0x08004b80        0x0 ..\obj\stm32f4xx_rcc.o
 .text.RCC_DeInit
                0x08004b80       0x34 ..\obj\stm32f4xx_rcc.o
                0x08004b80                RCC_DeInit
 .text.RCC_HSEConfig
                0x08004bb4       0x10 ..\obj\stm32f4xx_rcc.o
                0x08004bb4                RCC_HSEConfig
 .text.RCC_AdjustHSICalibrationValue
                0x08004bc4       0x14 ..\obj\stm32f4xx_rcc.o
                0x08004bc4                RCC_AdjustHSICalibrationValue
 .text.RCC_HSICmd
                0x08004bd8        0xc ..\obj\stm32f4xx_rcc.o
                0x08004bd8                RCC_HSICmd
 .text.RCC_LSEConfig
                0x08004be4       0x28 ..\obj\stm32f4xx_rcc.o
                0x08004be4                RCC_LSEConfig
 .text.RCC_LSICmd
                0x08004c0c        0xc ..\obj\stm32f4xx_rcc.o
                0x08004c0c                RCC_LSICmd
 .text.RCC_PLLConfig
                0x08004c18       0x24 ..\obj\stm32f4xx_rcc.o
                0x08004c18                RCC_PLLConfig
 .text.RCC_PLLCmd
                0x08004c3c        0xc ..\obj\stm32f4xx_rcc.o
                0x08004c3c                RCC_PLLCmd
 .text.RCC_PLLI2SConfig
                0x08004c48       0x14 ..\obj\stm32f4xx_rcc.o
                0x08004c48                RCC_PLLI2SConfig
 .text.RCC_PLLI2SCmd
                0x08004c5c        0xc ..\obj\stm32f4xx_rcc.o
                0x08004c5c                RCC_PLLI2SCmd
 .text.RCC_ClockSecuritySystemCmd
                0x08004c68        0xc ..\obj\stm32f4xx_rcc.o
                0x08004c68                RCC_ClockSecuritySystemCmd
 .text.RCC_MCO1Config
                0x08004c74       0x14 ..\obj\stm32f4xx_rcc.o
                0x08004c74                RCC_MCO1Config
 .text.RCC_MCO2Config
                0x08004c88       0x14 ..\obj\stm32f4xx_rcc.o
                0x08004c88                RCC_MCO2Config
 .text.RCC_SYSCLKConfig
                0x08004c9c       0x14 ..\obj\stm32f4xx_rcc.o
                0x08004c9c                RCC_SYSCLKConfig
 .text.RCC_GetSYSCLKSource
                0x08004cb0       0x10 ..\obj\stm32f4xx_rcc.o
                0x08004cb0                RCC_GetSYSCLKSource
 .text.RCC_HCLKConfig
                0x08004cc0       0x14 ..\obj\stm32f4xx_rcc.o
                0x08004cc0                RCC_HCLKConfig
 .text.RCC_PCLK1Config
                0x08004cd4       0x14 ..\obj\stm32f4xx_rcc.o
                0x08004cd4                RCC_PCLK1Config
 .text.RCC_PCLK2Config
                0x08004ce8       0x14 ..\obj\stm32f4xx_rcc.o
                0x08004ce8                RCC_PCLK2Config
 .text.RCC_GetClocksFreq
                0x08004cfc       0xa4 ..\obj\stm32f4xx_rcc.o
                0x08004cfc                RCC_GetClocksFreq
 .text.RCC_RTCCLKConfig
                0x08004da0       0x30 ..\obj\stm32f4xx_rcc.o
                0x08004da0                RCC_RTCCLKConfig
 .text.RCC_RTCCLKCmd
                0x08004dd0        0xc ..\obj\stm32f4xx_rcc.o
                0x08004dd0                RCC_RTCCLKCmd
 .text.RCC_BackupResetCmd
                0x08004ddc        0xc ..\obj\stm32f4xx_rcc.o
                0x08004ddc                RCC_BackupResetCmd
 .text.RCC_I2SCLKConfig
                0x08004de8        0xc ..\obj\stm32f4xx_rcc.o
                0x08004de8                RCC_I2SCLKConfig
 .text.RCC_AHB1PeriphClockCmd
                0x08004df4       0x1c ..\obj\stm32f4xx_rcc.o
                0x08004df4                RCC_AHB1PeriphClockCmd
 .text.RCC_AHB2PeriphClockCmd
                0x08004e10       0x1c ..\obj\stm32f4xx_rcc.o
                0x08004e10                RCC_AHB2PeriphClockCmd
 .text.RCC_AHB3PeriphClockCmd
                0x08004e2c       0x1c ..\obj\stm32f4xx_rcc.o
                0x08004e2c                RCC_AHB3PeriphClockCmd
 .text.RCC_APB1PeriphClockCmd
                0x08004e48       0x1c ..\obj\stm32f4xx_rcc.o
                0x08004e48                RCC_APB1PeriphClockCmd
 .text.RCC_APB2PeriphClockCmd
                0x08004e64       0x1c ..\obj\stm32f4xx_rcc.o
                0x08004e64                RCC_APB2PeriphClockCmd
 .text.RCC_AHB1PeriphResetCmd
                0x08004e80       0x1c ..\obj\stm32f4xx_rcc.o
                0x08004e80                RCC_AHB1PeriphResetCmd
 .text.RCC_AHB2PeriphResetCmd
                0x08004e9c       0x1c ..\obj\stm32f4xx_rcc.o
                0x08004e9c                RCC_AHB2PeriphResetCmd
 .text.RCC_AHB3PeriphResetCmd
                0x08004eb8       0x1c ..\obj\stm32f4xx_rcc.o
                0x08004eb8                RCC_AHB3PeriphResetCmd
 .text.RCC_APB1PeriphResetCmd
                0x08004ed4       0x1c ..\obj\stm32f4xx_rcc.o
                0x08004ed4                RCC_APB1PeriphResetCmd
 .text.RCC_APB2PeriphResetCmd
                0x08004ef0       0x1c ..\obj\stm32f4xx_rcc.o
                0x08004ef0                RCC_APB2PeriphResetCmd
 .text.RCC_AHB1PeriphClockLPModeCmd
                0x08004f0c       0x1c ..\obj\stm32f4xx_rcc.o
                0x08004f0c                RCC_AHB1PeriphClockLPModeCmd
 .text.RCC_AHB2PeriphClockLPModeCmd
                0x08004f28       0x1c ..\obj\stm32f4xx_rcc.o
                0x08004f28                RCC_AHB2PeriphClockLPModeCmd
 .text.RCC_AHB3PeriphClockLPModeCmd
                0x08004f44       0x1c ..\obj\stm32f4xx_rcc.o
                0x08004f44                RCC_AHB3PeriphClockLPModeCmd
 .text.RCC_APB1PeriphClockLPModeCmd
                0x08004f60       0x1c ..\obj\stm32f4xx_rcc.o
                0x08004f60                RCC_APB1PeriphClockLPModeCmd
 .text.RCC_APB2PeriphClockLPModeCmd
                0x08004f7c       0x1c ..\obj\stm32f4xx_rcc.o
                0x08004f7c                RCC_APB2PeriphClockLPModeCmd
 .text.RCC_ITConfig
                0x08004f98       0x1c ..\obj\stm32f4xx_rcc.o
                0x08004f98                RCC_ITConfig
 .text.RCC_GetFlagStatus
                0x08004fb4       0x28 ..\obj\stm32f4xx_rcc.o
                0x08004fb4                RCC_GetFlagStatus
 .text.RCC_WaitForHSEStartUp
                0x08004fdc       0x34 ..\obj\stm32f4xx_rcc.o
                0x08004fdc                RCC_WaitForHSEStartUp
 .text.RCC_ClearFlag
                0x08005010       0x10 ..\obj\stm32f4xx_rcc.o
                0x08005010                RCC_ClearFlag
 .text.RCC_GetITStatus
                0x08005020       0x14 ..\obj\stm32f4xx_rcc.o
                0x08005020                RCC_GetITStatus
 .text.RCC_ClearITPendingBit
                0x08005034        0xc ..\obj\stm32f4xx_rcc.o
                0x08005034                RCC_ClearITPendingBit
 .text          0x08005040        0x0 ..\obj\tm_stm32f4_usart.o
 .text.TM_USART_INT_InsertToBuffer
                0x08005040       0x28 ..\obj\tm_stm32f4_usart.o
                0x08005040                TM_USART_INT_InsertToBuffer
 .text.TM_USART_InitCustomPinsCallback
                0x08005068        0x4 ..\obj\tm_stm32f4_usart.o
                0x08005068                TM_USART_InitCustomPinsCallback
 .text.TM_USART_INT_GetUsart
                0x0800506c       0x60 ..\obj\tm_stm32f4_usart.o
                0x0800506c                TM_USART_INT_GetUsart
 .text.TM_USART_Getc
                0x080050cc       0x64 ..\obj\tm_stm32f4_usart.o
                0x080050cc                TM_USART_Getc
 .text.TM_USART_BufferEmpty
                0x08005130       0x1c ..\obj\tm_stm32f4_usart.o
                0x08005130                TM_USART_BufferEmpty
 .text.TM_USART_BufferFull
                0x0800514c       0x14 ..\obj\tm_stm32f4_usart.o
                0x0800514c                TM_USART_BufferFull
 .text.TM_USART_ClearBuffer
                0x08005160       0x10 ..\obj\tm_stm32f4_usart.o
                0x08005160                TM_USART_ClearBuffer
 .text.TM_USART_SetCustomStringEndCharacter
                0x08005170        0xc ..\obj\tm_stm32f4_usart.o
                0x08005170                TM_USART_SetCustomStringEndCharacter
 .text.TM_USART_FindCharacter
                0x0800517c       0x38 ..\obj\tm_stm32f4_usart.o
                0x0800517c                TM_USART_FindCharacter
 .text.TM_USART_Gets
                0x080051b4       0x60 ..\obj\tm_stm32f4_usart.o
                0x080051b4                TM_USART_Gets
 .text.TM_USART_Puts
                0x08005214       0x38 ..\obj\tm_stm32f4_usart.o
                0x08005214                TM_USART_Puts
 .text.TM_USART_Send
                0x0800524c       0x40 ..\obj\tm_stm32f4_usart.o
                0x0800524c                TM_USART_Send
 .text.TM_USART_INT_GetSubPriority
                0x0800528c       0x44 ..\obj\tm_stm32f4_usart.o
                0x0800528c                TM_USART_INT_GetSubPriority
 .text.TM_USART1_InitPins
                0x080052d0       0x58 ..\obj\tm_stm32f4_usart.o
                0x080052d0                TM_USART1_InitPins
 .text.TM_USART2_InitPins
                0x08005328       0x54 ..\obj\tm_stm32f4_usart.o
                0x08005328                TM_USART2_InitPins
 .text.TM_USART3_InitPins
                0x0800537c       0x7c ..\obj\tm_stm32f4_usart.o
                0x0800537c                TM_USART3_InitPins
 .text.TM_UART4_InitPins
                0x080053f8       0x54 ..\obj\tm_stm32f4_usart.o
                0x080053f8                TM_UART4_InitPins
 .text.TM_UART5_InitPins
                0x0800544c       0x4c ..\obj\tm_stm32f4_usart.o
                0x0800544c                TM_UART5_InitPins
 .text.TM_USART6_InitPins
                0x08005498       0x58 ..\obj\tm_stm32f4_usart.o
                0x08005498                TM_USART6_InitPins
 .text.TM_USART_INT_Init
                0x080054f0      0x15c ..\obj\tm_stm32f4_usart.o
 .text.TM_USART_Init
                0x0800564c       0xd4 ..\obj\tm_stm32f4_usart.o
                0x0800564c                TM_USART_Init
 .text.TM_USART_InitWithFlowControl
                0x08005720       0xdc ..\obj\tm_stm32f4_usart.o
                0x08005720                TM_USART_InitWithFlowControl
 .text.USART1_IRQHandler
                0x080057fc       0x24 ..\obj\tm_stm32f4_usart.o
                0x080057fc                USART1_IRQHandler
 .text.USART2_IRQHandler
                0x08005820       0x24 ..\obj\tm_stm32f4_usart.o
                0x08005820                USART2_IRQHandler
 .text.USART3_IRQHandler
                0x08005844       0x24 ..\obj\tm_stm32f4_usart.o
                0x08005844                USART3_IRQHandler
 .text.UART4_IRQHandler
                0x08005868       0x24 ..\obj\tm_stm32f4_usart.o
                0x08005868                UART4_IRQHandler
 .text.UART5_IRQHandler
                0x0800588c       0x24 ..\obj\tm_stm32f4_usart.o
                0x0800588c                UART5_IRQHandler
 .text.USART6_IRQHandler
                0x080058b0       0x24 ..\obj\tm_stm32f4_usart.o
                0x080058b0                USART6_IRQHandler
 .text          0x080058d4        0x0 ..\obj\tm_stm32f4_rotary_encoder.o
 .text.TM_RE_Init
                0x080058d4       0x40 ..\obj\tm_stm32f4_rotary_encoder.o
                0x080058d4                TM_RE_Init
 .text.TM_RE_Get
                0x08005914       0x24 ..\obj\tm_stm32f4_rotary_encoder.o
                0x08005914                TM_RE_Get
 .text.TM_RE_SetMode
                0x08005938        0x4 ..\obj\tm_stm32f4_rotary_encoder.o
                0x08005938                TM_RE_SetMode
 .text.TM_RE_Process
                0x0800593c       0x4c ..\obj\tm_stm32f4_rotary_encoder.o
                0x0800593c                TM_RE_Process
 .text          0x08005988        0x0 ..\obj\fatfs_sd.o
 .text.wait_ready
                0x08005988       0x68 ..\obj\fatfs_sd.o
 .text.deselect
                0x080059f0       0x58 ..\obj\fatfs_sd.o
 .text.select   0x08005a48       0x70 ..\obj\fatfs_sd.o
 .text.xmit_datablock
                0x08005ab8      0x14c ..\obj\fatfs_sd.o
 .text.rcvr_datablock
                0x08005c04      0x100 ..\obj\fatfs_sd.o
 .text.send_cmd
                0x08005d04      0x28c ..\obj\fatfs_sd.o
 .text.TM_FATFS_InitPins
                0x08005f90       0x20 ..\obj\fatfs_sd.o
                0x08005f90                TM_FATFS_InitPins
 .text.TM_FATFS_Detect
                0x08005fb0        0x4 ..\obj\fatfs_sd.o
                0x08005fb0                TM_FATFS_Detect
 .text.TM_FATFS_WriteEnabled
                0x08005fb4        0x4 ..\obj\fatfs_sd.o
                0x08005fb4                TM_FATFS_WriteEnabled
 .text.TM_FATFS_SD_disk_initialize
                0x08005fb8      0x250 ..\obj\fatfs_sd.o
                0x08005fb8                TM_FATFS_SD_disk_initialize
 .text.TM_FATFS_SD_disk_status
                0x08006208       0x14 ..\obj\fatfs_sd.o
                0x08006208                TM_FATFS_SD_disk_status
 .text.TM_FATFS_SD_disk_read
                0x0800621c       0x78 ..\obj\fatfs_sd.o
                0x0800621c                TM_FATFS_SD_disk_read
 .text.TM_FATFS_SD_disk_write
                0x08006294       0x9c ..\obj\fatfs_sd.o
                0x08006294                TM_FATFS_SD_disk_write
 .text.TM_FATFS_SD_disk_ioctl
                0x08006330      0x298 ..\obj\fatfs_sd.o
                0x08006330                TM_FATFS_SD_disk_ioctl
 .text          0x080065c8        0x0 ..\obj\usbh_msc_core.o
 .text.USBH_MSC_ClassRequest
                0x080065c8        0xc ..\obj\usbh_msc_core.o
 .text.USBH_MSC_InterfaceDeInit
                0x080065d4       0x3c ..\obj\usbh_msc_core.o
 .text.USBH_MSC_InterfaceInit
                0x08006610       0xb0 ..\obj\usbh_msc_core.o
 .text.USBH_MSC_ErrorHandle
                0x080066c0       0x3c ..\obj\usbh_msc_core.o
                0x080066c0                USBH_MSC_ErrorHandle
 .text.USBH_MSC_Handle
                0x080066fc      0x1a8 ..\obj\usbh_msc_core.o
 .text          0x080068a4        0x0 ..\obj\bt.o
 .text.BTBtnsProc
                0x080068a4       0xd4 ..\obj\bt.o
                0x080068a4                BTBtnsProc
 .text          0x08006978        0x0 ..\obj\gpio.o
 .text.Gpio_Init
                0x08006978      0x12c ..\obj\gpio.o
                0x08006978                Gpio_Init
 .text.Gpio_BT_Enable_Cmd
                0x08006aa4       0x38 ..\obj\gpio.o
                0x08006aa4                Gpio_BT_Enable_Cmd
 .text.Gpio_BT_Disable_Cmd
                0x08006adc       0x28 ..\obj\gpio.o
                0x08006adc                Gpio_BT_Disable_Cmd
 .text          0x08006b04        0x0 ..\obj\tm_stm32f4_delay.o
 .text.SysTick_Handler
                0x08006b04       0x90 ..\obj\tm_stm32f4_delay.o
                0x08006b04                SysTick_Handler
 .text.TM_DELAY_Init
                0x08006b94       0x58 ..\obj\tm_stm32f4_delay.o
                0x08006b94                TM_DELAY_Init
 .text.TM_DELAY_EnableDelayTimer
                0x08006bec       0x1c ..\obj\tm_stm32f4_delay.o
                0x08006bec                TM_DELAY_EnableDelayTimer
 .text.TM_DELAY_DisableDelayTimer
                0x08006c08       0x10 ..\obj\tm_stm32f4_delay.o
                0x08006c08                TM_DELAY_DisableDelayTimer
 .text.TM_DELAY_TimerCreate
                0x08006c18       0x4c ..\obj\tm_stm32f4_delay.o
                0x08006c18                TM_DELAY_TimerCreate
 .text.TM_DELAY_TimerDelete
                0x08006c64       0x70 ..\obj\tm_stm32f4_delay.o
                0x08006c64                TM_DELAY_TimerDelete
 .text.TM_DELAY_TimerStop
                0x08006cd4        0x8 ..\obj\tm_stm32f4_delay.o
                0x08006cd4                TM_DELAY_TimerStop
 .text.TM_DELAY_TimerStart
                0x08006cdc        0x8 ..\obj\tm_stm32f4_delay.o
                0x08006cdc                TM_DELAY_TimerStart
 .text.TM_DELAY_TimerReset
                0x08006ce4        0x8 ..\obj\tm_stm32f4_delay.o
                0x08006ce4                TM_DELAY_TimerReset
 .text.TM_DELAY_TimerAutoReload
                0x08006cec        0x4 ..\obj\tm_stm32f4_delay.o
                0x08006cec                TM_DELAY_TimerAutoReload
 .text.TM_DELAY_TimerAutoReloadValue
                0x08006cf0        0x4 ..\obj\tm_stm32f4_delay.o
                0x08006cf0                TM_DELAY_TimerAutoReloadValue
 .text          0x08006cf4        0x0 ..\obj\file.o
 .text.File_Cmp_Ext
                0x08006cf4       0x24 ..\obj\file.o
                0x08006cf4                File_Cmp_Ext
 .text.scan_files
                0x08006d18      0x104 ..\obj\file.o
                0x08006d18                scan_files
 .text          0x08006e1c        0x0 ..\obj\syscall.o
 .text          0x08006e1c        0x0 ..\obj\tm_stm32f4_spi.o
 .text.TM_SPI_GetPrescalerFromMaxFrequency
                0x08006e1c       0x4c ..\obj\tm_stm32f4_spi.o
                0x08006e1c                TM_SPI_GetPrescalerFromMaxFrequency
 .text.TM_SPI_SetDataSize
                0x08006e68       0x3c ..\obj\tm_stm32f4_spi.o
                0x08006e68                TM_SPI_SetDataSize
 .text.TM_SPI_SendMulti
                0x08006ea4       0x50 ..\obj\tm_stm32f4_spi.o
                0x08006ea4                TM_SPI_SendMulti
 .text.TM_SPI_WriteMulti
                0x08006ef4       0x4c ..\obj\tm_stm32f4_spi.o
                0x08006ef4                TM_SPI_WriteMulti
 .text.TM_SPI_ReadMulti
                0x08006f40       0x4c ..\obj\tm_stm32f4_spi.o
                0x08006f40                TM_SPI_ReadMulti
 .text.TM_SPI_SendMulti16
                0x08006f8c       0x54 ..\obj\tm_stm32f4_spi.o
                0x08006f8c                TM_SPI_SendMulti16
 .text.TM_SPI_WriteMulti16
                0x08006fe0       0x4c ..\obj\tm_stm32f4_spi.o
                0x08006fe0                TM_SPI_WriteMulti16
 .text.TM_SPI_ReadMulti16
                0x0800702c       0x4c ..\obj\tm_stm32f4_spi.o
                0x0800702c                TM_SPI_ReadMulti16
 .text.TM_SPI_InitCustomPinsCallback
                0x08007078        0x4 ..\obj\tm_stm32f4_spi.o
                0x08007078                TM_SPI_InitCustomPinsCallback
 .text.TM_SPI1_INT_InitPins
                0x0800707c       0x54 ..\obj\tm_stm32f4_spi.o
                0x0800707c                TM_SPI1_INT_InitPins
 .text.TM_SPIx_Init
                0x080070d0       0xbc ..\obj\tm_stm32f4_spi.o
 .text.TM_SPI_Init
                0x0800718c       0x28 ..\obj\tm_stm32f4_spi.o
                0x0800718c                TM_SPI_Init
 .text.TM_SPI_InitWithMode
                0x080071b4       0x28 ..\obj\tm_stm32f4_spi.o
                0x080071b4                TM_SPI_InitWithMode
 .text.TM_SPI_InitFull
                0x080071dc       0x2c ..\obj\tm_stm32f4_spi.o
                0x080071dc                TM_SPI_InitFull
 .text          0x08007208        0x0 ..\obj\menu.o
 .text.MenuInit
                0x08007208       0x40 ..\obj\menu.o
                0x08007208                MenuInit
 .text.TM_EXTI_Handler
                0x08007248       0x2c ..\obj\menu.o
                0x08007248                TM_EXTI_Handler
 .text.RotSwPRessed
                0x08007274       0x14 ..\obj\menu.o
                0x08007274                RotSwPRessed
 .text.ButtonPRessed
                0x08007288       0x14 ..\obj\menu.o
                0x08007288                ButtonPRessed
 .text.TIM2_IRQHandler
                0x0800729c       0x3c ..\obj\menu.o
                0x0800729c                TIM2_IRQHandler
 .text.TIM4_IRQHandler
                0x080072d8       0x38 ..\obj\menu.o
                0x080072d8                TIM4_IRQHandler
 .text.RemoveId3
                0x08007310       0x28 ..\obj\menu.o
                0x08007310                RemoveId3
 .text.RemoveFromIndex
                0x08007338       0xa4 ..\obj\menu.o
                0x08007338                RemoveFromIndex
 .text.PutId3   0x080073dc       0x54 ..\obj\menu.o
                0x080073dc                PutId3
 .text.PutToIndex
                0x08007430       0x8c ..\obj\menu.o
                0x08007430                PutToIndex
 .text.ChangeToList
                0x080074bc       0x10 ..\obj\menu.o
                0x080074bc                ChangeToList
 .text.MainMenuProc
                0x080074cc      0x228 ..\obj\menu.o
                0x080074cc                MainMenuProc
 .text.ChangeToMain
                0x080076f4       0x10 ..\obj\menu.o
                0x080076f4                ChangeToMain
 .text.ListProc
                0x08007704      0x1a0 ..\obj\menu.o
                0x08007704                ListProc
 .text.MenuProc
                0x080078a4       0x24 ..\obj\menu.o
                0x080078a4                MenuProc
 .text.MenuChangeSetting
                0x080078c8       0x28 ..\obj\menu.o
                0x080078c8                MenuChangeSetting
 .text          0x080078f0        0x0 ..\obj\usbh_core.o
 .text.USBH_Connected
                0x080078f0        0xc ..\obj\usbh_core.o
                0x080078f0                USBH_Connected
 .text.USBH_Disconnected
                0x080078fc        0xc ..\obj\usbh_core.o
                0x080078fc                USBH_Disconnected
 .text.USBH_SOF
                0x08007908        0x4 ..\obj\usbh_core.o
                0x08007908                USBH_SOF
 .text.USBH_DeInit
                0x0800790c       0x34 ..\obj\usbh_core.o
                0x0800790c                USBH_DeInit
 .text.USBH_Init
                0x08007940       0x40 ..\obj\usbh_core.o
                0x08007940                USBH_Init
 .text.USBH_ErrorHandle
                0x08007980       0x2c ..\obj\usbh_core.o
                0x08007980                USBH_ErrorHandle
 .text.USBH_HandleControl
                0x080079ac      0x234 ..\obj\usbh_core.o
                0x080079ac                USBH_HandleControl
 .text.USBH_Process
                0x08007be0      0x390 ..\obj\usbh_core.o
                0x08007be0                USBH_Process
 .text          0x08007f70        0x0 ..\obj\stm32f4xx_gpio.o
 .text.GPIO_DeInit
                0x08007f70      0x104 ..\obj\stm32f4xx_gpio.o
                0x08007f70                GPIO_DeInit
 .text.GPIO_Init
                0x08008074       0x90 ..\obj\stm32f4xx_gpio.o
                0x08008074                GPIO_Init
 .text.GPIO_StructInit
                0x08008104       0x14 ..\obj\stm32f4xx_gpio.o
                0x08008104                GPIO_StructInit
 .text.GPIO_PinLockConfig
                0x08008118       0x24 ..\obj\stm32f4xx_gpio.o
                0x08008118                GPIO_PinLockConfig
 .text.GPIO_ReadInputDataBit
                0x0800813c        0xc ..\obj\stm32f4xx_gpio.o
                0x0800813c                GPIO_ReadInputDataBit
 .text.GPIO_ReadInputData
                0x08008148        0x8 ..\obj\stm32f4xx_gpio.o
                0x08008148                GPIO_ReadInputData
 .text.GPIO_ReadOutputDataBit
                0x08008150        0xc ..\obj\stm32f4xx_gpio.o
                0x08008150                GPIO_ReadOutputDataBit
 .text.GPIO_ReadOutputData
                0x0800815c        0x8 ..\obj\stm32f4xx_gpio.o
                0x0800815c                GPIO_ReadOutputData
 .text.GPIO_SetBits
                0x08008164        0x4 ..\obj\stm32f4xx_gpio.o
                0x08008164                GPIO_SetBits
 .text.GPIO_ResetBits
                0x08008168        0x4 ..\obj\stm32f4xx_gpio.o
                0x08008168                GPIO_ResetBits
 .text.GPIO_WriteBit
                0x0800816c        0xc ..\obj\stm32f4xx_gpio.o
                0x0800816c                GPIO_WriteBit
 .text.GPIO_Write
                0x08008178        0x4 ..\obj\stm32f4xx_gpio.o
                0x08008178                GPIO_Write
 .text.GPIO_ToggleBits
                0x0800817c        0x8 ..\obj\stm32f4xx_gpio.o
                0x0800817c                GPIO_ToggleBits
 .text.GPIO_PinAFConfig
                0x08008184       0x28 ..\obj\stm32f4xx_gpio.o
                0x08008184                GPIO_PinAFConfig
 .text          0x080081ac        0x0 ..\obj\id3.o
 .text.Mp3ReadId3V2Text
                0x080081ac       0xc0 ..\obj\id3.o
                0x080081ac                Mp3ReadId3V2Text
 .text.Mp3ReadId3V2Tag
                0x0800826c      0x1d0 ..\obj\id3.o
                0x0800826c                Mp3ReadId3V2Tag
 .text          0x0800843c        0x0 ..\obj\usbh_msc_scsi.o
 .text.USBH_MSC_TestUnitReady
                0x0800843c       0xa0 ..\obj\usbh_msc_scsi.o
                0x0800843c                USBH_MSC_TestUnitReady
 .text.USBH_MSC_ReadCapacity10
                0x080084dc       0xbc ..\obj\usbh_msc_scsi.o
                0x080084dc                USBH_MSC_ReadCapacity10
 .text.USBH_MSC_ModeSense6
                0x08008598       0xb8 ..\obj\usbh_msc_scsi.o
                0x08008598                USBH_MSC_ModeSense6
 .text.USBH_MSC_RequestSense
                0x08008650       0xc0 ..\obj\usbh_msc_scsi.o
                0x08008650                USBH_MSC_RequestSense
 .text.USBH_MSC_Write10
                0x08008710       0xc0 ..\obj\usbh_msc_scsi.o
                0x08008710                USBH_MSC_Write10
 .text.USBH_MSC_Read10
                0x080087d0       0xe4 ..\obj\usbh_msc_scsi.o
                0x080087d0                USBH_MSC_Read10
 .text          0x080088b4        0x0 ..\obj\system_stm32f4xx.o
 .text.SystemInit
                0x080088b4       0xf4 ..\obj\system_stm32f4xx.o
                0x080088b4                SystemInit
 .text.SystemCoreClockUpdate
                0x080089a8       0x8c ..\obj\system_stm32f4xx.o
                0x080089a8                SystemCoreClockUpdate
 .text          0x08008a34        0x0 ..\obj\DMA.o
 .text.DMA_Audio_Init_Single
                0x08008a34       0x74 ..\obj\DMA.o
                0x08008a34                DMA_Audio_Init_Single
 .text.DMA_Audio_Send
                0x08008aa8       0x14 ..\obj\DMA.o
                0x08008aa8                DMA_Audio_Send
 .text.DMA1_Stream7_IRQHandler
                0x08008abc       0x5c ..\obj\DMA.o
                0x08008abc                DMA1_Stream7_IRQHandler
 .text          0x08008b18        0x0 ..\obj\syscalls.o
 .text._sbrk    0x08008b18       0x20 ..\obj\syscalls.o
                0x08008b18                _sbrk
 .text.link     0x08008b38        0x8 ..\obj\syscalls.o
                0x08008b38                link
 .text._close   0x08008b40        0x8 ..\obj\syscalls.o
                0x08008b40                _close
 .text._fstat   0x08008b48        0xc ..\obj\syscalls.o
                0x08008b48                _fstat
 .text._isatty  0x08008b54        0x4 ..\obj\syscalls.o
                0x08008b54                _isatty
 .text._lseek   0x08008b58        0x4 ..\obj\syscalls.o
                0x08008b58                _lseek
 .text._read    0x08008b5c        0x4 ..\obj\syscalls.o
                0x08008b5c                _read
 .text._write   0x08008b60        0x4 ..\obj\syscalls.o
                0x08008b60                _write
 .text.abort    0x08008b64        0x4 ..\obj\syscalls.o
                0x08008b64                abort
 .text          0x08008b68        0x0 ..\obj\stm32f4xx_dma.o
 .text.DMA_DeInit
                0x08008b68      0x154 ..\obj\stm32f4xx_dma.o
                0x08008b68                DMA_DeInit
 .text.DMA_Init
                0x08008cbc       0x58 ..\obj\stm32f4xx_dma.o
                0x08008cbc                DMA_Init
 .text.DMA_StructInit
                0x08008d14       0x24 ..\obj\stm32f4xx_dma.o
                0x08008d14                DMA_StructInit
 .text.DMA_Cmd  0x08008d38       0x18 ..\obj\stm32f4xx_dma.o
                0x08008d38                DMA_Cmd
 .text.DMA_PeriphIncOffsetSizeConfig
                0x08008d50       0x18 ..\obj\stm32f4xx_dma.o
                0x08008d50                DMA_PeriphIncOffsetSizeConfig
 .text.DMA_FlowControllerConfig
                0x08008d68       0x18 ..\obj\stm32f4xx_dma.o
                0x08008d68                DMA_FlowControllerConfig
 .text.DMA_SetCurrDataCounter
                0x08008d80        0x4 ..\obj\stm32f4xx_dma.o
                0x08008d80                DMA_SetCurrDataCounter
 .text.DMA_GetCurrDataCounter
                0x08008d84        0x8 ..\obj\stm32f4xx_dma.o
                0x08008d84                DMA_GetCurrDataCounter
 .text.DMA_DoubleBufferModeConfig
                0x08008d8c       0x18 ..\obj\stm32f4xx_dma.o
                0x08008d8c                DMA_DoubleBufferModeConfig
 .text.DMA_DoubleBufferModeCmd
                0x08008da4       0x18 ..\obj\stm32f4xx_dma.o
                0x08008da4                DMA_DoubleBufferModeCmd
 .text.DMA_MemoryTargetConfig
                0x08008dbc        0xc ..\obj\stm32f4xx_dma.o
                0x08008dbc                DMA_MemoryTargetConfig
 .text.DMA_GetCurrentMemoryTarget
                0x08008dc8        0x8 ..\obj\stm32f4xx_dma.o
                0x08008dc8                DMA_GetCurrentMemoryTarget
 .text.DMA_GetCmdStatus
                0x08008dd0        0x8 ..\obj\stm32f4xx_dma.o
                0x08008dd0                DMA_GetCmdStatus
 .text.DMA_GetFIFOStatus
                0x08008dd8        0x8 ..\obj\stm32f4xx_dma.o
                0x08008dd8                DMA_GetFIFOStatus
 .text.DMA_GetFlagStatus
                0x08008de0       0x3c ..\obj\stm32f4xx_dma.o
                0x08008de0                DMA_GetFlagStatus
 .text.DMA_ClearFlag
                0x08008e1c       0x34 ..\obj\stm32f4xx_dma.o
                0x08008e1c                DMA_ClearFlag
 .text.DMA_ITConfig
                0x08008e50       0x44 ..\obj\stm32f4xx_dma.o
                0x08008e50                DMA_ITConfig
 .text.DMA_GetITStatus
                0x08008e94       0x5c ..\obj\stm32f4xx_dma.o
                0x08008e94                DMA_GetITStatus
 .text.DMA_ClearITPendingBit
                0x08008ef0       0x34 ..\obj\stm32f4xx_dma.o
                0x08008ef0                DMA_ClearITPendingBit
 .text          0x08008f24        0x0 ..\obj\usbh_usr.o
 .text.USBH_USR_Init
                0x08008f24       0x18 ..\obj\usbh_usr.o
                0x08008f24                USBH_USR_Init
 .text.USBH_USR_DeviceAttached
                0x08008f3c       0x18 ..\obj\usbh_usr.o
                0x08008f3c                USBH_USR_DeviceAttached
 .text.USBH_USR_UnrecoveredError
                0x08008f54       0x18 ..\obj\usbh_usr.o
                0x08008f54                USBH_USR_UnrecoveredError
 .text.USBH_USR_DeviceDisconnected
                0x08008f6c       0x18 ..\obj\usbh_usr.o
                0x08008f6c                USBH_USR_DeviceDisconnected
 .text.USBH_USR_ResetDevice
                0x08008f84        0xc ..\obj\usbh_usr.o
                0x08008f84                USBH_USR_ResetDevice
 .text.USBH_USR_DeviceSpeedDetected
                0x08008f90        0x4 ..\obj\usbh_usr.o
                0x08008f90                USBH_USR_DeviceSpeedDetected
 .text.USBH_USR_Device_DescAvailable
                0x08008f94        0x4 ..\obj\usbh_usr.o
                0x08008f94                USBH_USR_Device_DescAvailable
 .text.USBH_USR_DeviceAddressAssigned
                0x08008f98        0x4 ..\obj\usbh_usr.o
                0x08008f98                USBH_USR_DeviceAddressAssigned
 .text.USBH_USR_Configuration_DescAvailable
                0x08008f9c        0x4 ..\obj\usbh_usr.o
                0x08008f9c                USBH_USR_Configuration_DescAvailable
 .text.USBH_USR_Manufacturer_String
                0x08008fa0        0x4 ..\obj\usbh_usr.o
                0x08008fa0                USBH_USR_Manufacturer_String
 .text.USBH_USR_Product_String
                0x08008fa4        0x4 ..\obj\usbh_usr.o
                0x08008fa4                USBH_USR_Product_String
 .text.USBH_USR_SerialNum_String
                0x08008fa8        0x4 ..\obj\usbh_usr.o
                0x08008fa8                USBH_USR_SerialNum_String
 .text.USBH_USR_EnumerationDone
                0x08008fac        0x4 ..\obj\usbh_usr.o
                0x08008fac                USBH_USR_EnumerationDone
 .text.USBH_USR_DeviceNotSupported
                0x08008fb0        0xc ..\obj\usbh_usr.o
                0x08008fb0                USBH_USR_DeviceNotSupported
 .text.USBH_USR_UserInput
                0x08008fbc        0x4 ..\obj\usbh_usr.o
                0x08008fbc                USBH_USR_UserInput
 .text.USBH_USR_OverCurrentDetected
                0x08008fc0        0xc ..\obj\usbh_usr.o
                0x08008fc0                USBH_USR_OverCurrentDetected
 .text.USBH_USR_MSC_Application
                0x08008fcc       0x30 ..\obj\usbh_usr.o
                0x08008fcc                USBH_USR_MSC_Application
 .text.USBH_USR_DeInit
                0x08008ffc        0xc ..\obj\usbh_usr.o
                0x08008ffc                USBH_USR_DeInit
 .text          0x08009008        0x0 ..\obj\i2s.o
 .text.Cs43InitGpios
                0x08009008       0x90 ..\obj\i2s.o
                0x08009008                Cs43InitGpios
 .text.Cs43Init
                0x08009098       0x48 ..\obj\i2s.o
                0x08009098                Cs43Init
 .text          0x080090e0        0x0 ..\obj\usb_bsp.o
 .text.BSP_Init
                0x080090e0        0x4 ..\obj\usb_bsp.o
                0x080090e0                BSP_Init
 .text.USB_OTG_BSP_Init
                0x080090e4       0x6c ..\obj\usb_bsp.o
                0x080090e4                USB_OTG_BSP_Init
 .text.USB_OTG_BSP_EnableInterrupt
                0x08009150       0x2c ..\obj\usb_bsp.o
                0x08009150                USB_OTG_BSP_EnableInterrupt
 .text.USB_OTG_BSP_DriveVBUS
                0x0800917c       0x20 ..\obj\usb_bsp.o
                0x0800917c                USB_OTG_BSP_DriveVBUS
 .text.USB_OTG_BSP_uDelay
                0x0800919c       0x2c ..\obj\usb_bsp.o
                0x0800919c                USB_OTG_BSP_uDelay
 .text.USB_OTG_BSP_ConfigVBUS
                0x080091c8       0x4c ..\obj\usb_bsp.o
                0x080091c8                USB_OTG_BSP_ConfigVBUS
 .text.USB_OTG_BSP_mDelay
                0x08009214       0x10 ..\obj\usb_bsp.o
                0x08009214                USB_OTG_BSP_mDelay
 .text.OTG_FS_IRQHandler
                0x08009224       0x10 ..\obj\usb_bsp.o
                0x08009224                OTG_FS_IRQHandler
 .text          0x08009234        0x0 ..\obj\tm_stm32f4_usb_msc_host.o
 .text.TM_USB_MSCHOST_DeInit
                0x08009234       0x18 ..\obj\tm_stm32f4_usb_msc_host.o
                0x08009234                TM_USB_MSCHOST_DeInit
 .text.TM_USB_MSCHOST_Process
                0x0800924c       0x20 ..\obj\tm_stm32f4_usb_msc_host.o
                0x0800924c                TM_USB_MSCHOST_Process
 .text.TM_USB_MSCHOST_Device
                0x0800926c       0x18 ..\obj\tm_stm32f4_usb_msc_host.o
                0x0800926c                TM_USB_MSCHOST_Device
 .text.TM_USB_MSCHOST_Init
                0x08009284       0x48 ..\obj\tm_stm32f4_usb_msc_host.o
                0x08009284                TM_USB_MSCHOST_Init
 .text          0x080092cc        0x0 ..\obj\stproc.o
 .text.xmp3fixpt_MidSideProc
                0x080092cc       0x68 ..\obj\stproc.o
                0x080092cc                xmp3fixpt_MidSideProc
 .text.xmp3fixpt_IntensityProcMPEG1
                0x08009334      0x330 ..\obj\stproc.o
                0x08009334                xmp3fixpt_IntensityProcMPEG1
 .text.xmp3fixpt_IntensityProcMPEG2
                0x08009664      0x2b0 ..\obj\stproc.o
                0x08009664                xmp3fixpt_IntensityProcMPEG2
 .text          0x08009914        0x0 ..\obj\huffman.o
 .text.xmp3fixpt_DecodeHuffman
                0x08009914      0x77c ..\obj\huffman.o
                0x08009914                xmp3fixpt_DecodeHuffman
 .text          0x0800a090        0x0 ..\obj\trigtabs_fixpt.o
 .text          0x0800a090        0x0 ..\obj\preamp.o
 .text.PreampSetVol
                0x0800a090       0x4c ..\obj\preamp.o
                0x0800a090                PreampSetVol
 .text.PreampSetSpeakAtt
                0x0800a0dc       0x30 ..\obj\preamp.o
                0x0800a0dc                PreampSetSpeakAtt
 .text.PreampSetInputGain
                0x0800a10c       0x34 ..\obj\preamp.o
                0x0800a10c                PreampSetInputGain
 .text.PreampSetBass
                0x0800a140       0x58 ..\obj\preamp.o
                0x0800a140                PreampSetBass
 .text.PreampSetTreble
                0x0800a198       0x58 ..\obj\preamp.o
                0x0800a198                PreampSetTreble
 .text.PreampInit
                0x0800a1f0       0x54 ..\obj\preamp.o
                0x0800a1f0                PreampInit
 .text.PreampSetSourceWrapper
                0x0800a244       0x4c ..\obj\preamp.o
                0x0800a244                PreampSetSourceWrapper
 .text          0x0800a290        0x0 ..\obj\buffers.o
 .text.ClearBuffer
                0x0800a290       0x14 ..\obj\buffers.o
 .text.xmp3fixpt_AllocateBuffers
                0x0800a2a4       0x8c ..\obj\buffers.o
                0x0800a2a4                xmp3fixpt_AllocateBuffers
 .text.xmp3fixpt_FreeBuffers
                0x0800a330        0x4 ..\obj\buffers.o
                0x0800a330                xmp3fixpt_FreeBuffers
 .text          0x0800a334        0x0 ..\obj\ff.o
 .text.mem_cpy  0x0800a334       0x14 ..\obj\ff.o
 .text.mem_set  0x0800a348       0x10 ..\obj\ff.o
 .text.ld_clust
                0x0800a358       0x20 ..\obj\ff.o
 .text.get_fileinfo
                0x0800a378       0x68 ..\obj\ff.o
 .text.get_achar
                0x0800a3e0       0x28 ..\obj\ff.o
 .text.pattern_matching
                0x0800a408       0xbc ..\obj\ff.o
 .text.get_ldnumber
                0x0800a4c4       0xb8 ..\obj\ff.o
 .text.sync_window
                0x0800a57c       0x68 ..\obj\ff.o
 .text.move_window
                0x0800a5e4       0x38 ..\obj\ff.o
 .text.check_fs
                0x0800a61c       0x8c ..\obj\ff.o
 .text.validate
                0x0800a6a8       0x38 ..\obj\ff.o
 .text.find_volume
                0x0800a6e0      0x3cc ..\obj\ff.o
 .text.sync_fs  0x0800aaac       0xbc ..\obj\ff.o
 .text.clust2sect
                0x0800ab68       0x18 ..\obj\ff.o
                0x0800ab68                clust2sect
 .text.get_fat  0x0800ab80       0xe8 ..\obj\ff.o
                0x0800ab80                get_fat
 .text.dir_sdi  0x0800ac68       0xa0 ..\obj\ff.o
 .text.dir_remove
                0x0800ad08       0x34 ..\obj\ff.o
 .text.put_fat  0x0800ad3c      0x13c ..\obj\ff.o
                0x0800ad3c                put_fat
 .text.create_chain
                0x0800ae78       0xc0 ..\obj\ff.o
 .text.dir_next
                0x0800af38      0x124 ..\obj\ff.o
 .text.follow_path
                0x0800b05c      0x268 ..\obj\ff.o
 .text.dir_alloc
                0x0800b2c4       0x4c ..\obj\ff.o
 .text.dir_register
                0x0800b310       0x38 ..\obj\ff.o
 .text.dir_read
                0x0800b348       0x5c ..\obj\ff.o
 .text.remove_chain
                0x0800b3a4       0x6c ..\obj\ff.o
 .text.f_mount  0x0800b410       0x68 ..\obj\ff.o
                0x0800b410                f_mount
 .text.f_open   0x0800b478      0x17c ..\obj\ff.o
                0x0800b478                f_open
 .text.f_read   0x0800b5f4      0x178 ..\obj\ff.o
                0x0800b5f4                f_read
 .text.f_write  0x0800b76c      0x1ac ..\obj\ff.o
                0x0800b76c                f_write
 .text.putc_bfd
                0x0800b918       0x48 ..\obj\ff.o
 .text.f_sync   0x0800b960       0xac ..\obj\ff.o
                0x0800b960                f_sync
 .text.f_close  0x0800ba0c       0x20 ..\obj\ff.o
                0x0800ba0c                f_close
 .text.f_chdrive
                0x0800ba2c       0x28 ..\obj\ff.o
                0x0800ba2c                f_chdrive
 .text.f_chdir  0x0800ba54       0x58 ..\obj\ff.o
                0x0800ba54                f_chdir
 .text.f_getcwd
                0x0800baac      0x16c ..\obj\ff.o
                0x0800baac                f_getcwd
 .text.f_lseek  0x0800bc18      0x168 ..\obj\ff.o
                0x0800bc18                f_lseek
 .text.f_opendir
                0x0800bd80       0x7c ..\obj\ff.o
                0x0800bd80                f_opendir
 .text.f_closedir
                0x0800bdfc       0x14 ..\obj\ff.o
                0x0800bdfc                f_closedir
 .text.f_readdir
                0x0800be10       0x5c ..\obj\ff.o
                0x0800be10                f_readdir
 .text.f_findnext
                0x0800be6c       0x38 ..\obj\ff.o
                0x0800be6c                f_findnext
 .text.f_findfirst
                0x0800bea4       0x20 ..\obj\ff.o
                0x0800bea4                f_findfirst
 .text.f_stat   0x0800bec4       0x44 ..\obj\ff.o
                0x0800bec4                f_stat
 .text.f_getfree
                0x0800bf08       0xe4 ..\obj\ff.o
                0x0800bf08                f_getfree
 .text.f_truncate
                0x0800bfec       0xc0 ..\obj\ff.o
                0x0800bfec                f_truncate
 .text.f_unlink
                0x0800c0ac       0xcc ..\obj\ff.o
                0x0800c0ac                f_unlink
 .text.f_mkdir  0x0800c178      0x1b8 ..\obj\ff.o
                0x0800c178                f_mkdir
 .text.f_chmod  0x0800c330       0x68 ..\obj\ff.o
                0x0800c330                f_chmod
 .text.f_rename
                0x0800c398      0x128 ..\obj\ff.o
                0x0800c398                f_rename
 .text.f_utime  0x0800c4c0       0x6c ..\obj\ff.o
                0x0800c4c0                f_utime
 .text.f_getlabel
                0x0800c52c       0xb0 ..\obj\ff.o
                0x0800c52c                f_getlabel
 .text.f_setlabel
                0x0800c5dc      0x1d0 ..\obj\ff.o
                0x0800c5dc                f_setlabel
 .text.f_mkfs   0x0800c7ac      0x630 ..\obj\ff.o
                0x0800c7ac                f_mkfs
 .text.f_gets   0x0800cddc       0x54 ..\obj\ff.o
                0x0800cddc                f_gets
 .text.f_putc   0x0800ce30       0x48 ..\obj\ff.o
                0x0800ce30                f_putc
 .text.f_puts   0x0800ce78       0x58 ..\obj\ff.o
                0x0800ce78                f_puts
 .text.f_printf
                0x0800ced0      0x31c ..\obj\ff.o
                0x0800ced0                f_printf
 .text          0x0800d1ec        0x0 ..\obj\usb_hcd.o
 .text.HCD_Init
                0x0800d1ec       0x54 ..\obj\usb_hcd.o
                0x0800d1ec                HCD_Init
 .text.HCD_GetCurrentSpeed
                0x0800d240        0xc ..\obj\usb_hcd.o
                0x0800d240                HCD_GetCurrentSpeed
 .text.HCD_ResetPort
                0x0800d24c        0xc ..\obj\usb_hcd.o
                0x0800d24c                HCD_ResetPort
 .text.HCD_IsDeviceConnected
                0x0800d258        0x8 ..\obj\usb_hcd.o
                0x0800d258                HCD_IsDeviceConnected
 .text.HCD_GetCurrentFrame
                0x0800d260        0x8 ..\obj\usb_hcd.o
                0x0800d260                HCD_GetCurrentFrame
 .text.HCD_GetURB_State
                0x0800d268        0x8 ..\obj\usb_hcd.o
                0x0800d268                HCD_GetURB_State
 .text.HCD_GetXferCnt
                0x0800d270        0x8 ..\obj\usb_hcd.o
                0x0800d270                HCD_GetXferCnt
 .text.HCD_GetHCState
                0x0800d278        0x8 ..\obj\usb_hcd.o
                0x0800d278                HCD_GetHCState
 .text.HCD_HC_Init
                0x0800d280        0x8 ..\obj\usb_hcd.o
                0x0800d280                HCD_HC_Init
 .text.HCD_SubmitRequest
                0x0800d288       0x18 ..\obj\usb_hcd.o
                0x0800d288                HCD_SubmitRequest
 .text          0x0800d2a0        0x0 ..\obj\usbh_msc_bot.o
 .text.USBH_MSC_Init
                0x0800d2a0       0x40 ..\obj\usbh_msc_bot.o
                0x0800d2a0                USBH_MSC_Init
 .text.USBH_MSC_BOT_Abort
                0x0800d2e0       0x3c ..\obj\usbh_msc_bot.o
                0x0800d2e0                USBH_MSC_BOT_Abort
 .text.USBH_MSC_DecodeCSW
                0x0800d31c       0x6c ..\obj\usbh_msc_bot.o
                0x0800d31c                USBH_MSC_DecodeCSW
 .text.USBH_MSC_HandleBOTXfer
                0x0800d388      0x2b8 ..\obj\usbh_msc_bot.o
                0x0800d388                USBH_MSC_HandleBOTXfer
 .text          0x0800d640        0x0 ..\obj\stm32f4xx_spi.o
 .text.SPI_I2S_DeInit
                0x0800d640       0x64 ..\obj\stm32f4xx_spi.o
                0x0800d640                SPI_I2S_DeInit
 .text.SPI_Init
                0x0800d6a4       0x40 ..\obj\stm32f4xx_spi.o
                0x0800d6a4                SPI_Init
 .text.I2S_Init
                0x0800d6e4       0xec ..\obj\stm32f4xx_spi.o
                0x0800d6e4                I2S_Init
 .text.SPI_StructInit
                0x0800d7d0       0x18 ..\obj\stm32f4xx_spi.o
                0x0800d7d0                SPI_StructInit
 .text.I2S_StructInit
                0x0800d7e8       0x14 ..\obj\stm32f4xx_spi.o
                0x0800d7e8                I2S_StructInit
 .text.SPI_Cmd  0x0800d7fc       0x1c ..\obj\stm32f4xx_spi.o
                0x0800d7fc                SPI_Cmd
 .text.I2S_Cmd  0x0800d818       0x1c ..\obj\stm32f4xx_spi.o
                0x0800d818                I2S_Cmd
 .text.SPI_DataSizeConfig
                0x0800d834       0x18 ..\obj\stm32f4xx_spi.o
                0x0800d834                SPI_DataSizeConfig
 .text.SPI_BiDirectionalLineConfig
                0x0800d84c       0x20 ..\obj\stm32f4xx_spi.o
                0x0800d84c                SPI_BiDirectionalLineConfig
 .text.SPI_NSSInternalSoftwareConfig
                0x0800d86c       0x24 ..\obj\stm32f4xx_spi.o
                0x0800d86c                SPI_NSSInternalSoftwareConfig
 .text.SPI_SSOutputCmd
                0x0800d890       0x1c ..\obj\stm32f4xx_spi.o
                0x0800d890                SPI_SSOutputCmd
 .text.SPI_TIModeCmd
                0x0800d8ac       0x1c ..\obj\stm32f4xx_spi.o
                0x0800d8ac                SPI_TIModeCmd
 .text.I2S_FullDuplexConfig
                0x0800d8c8       0x4c ..\obj\stm32f4xx_spi.o
                0x0800d8c8                I2S_FullDuplexConfig
 .text.SPI_I2S_ReceiveData
                0x0800d914        0x8 ..\obj\stm32f4xx_spi.o
                0x0800d914                SPI_I2S_ReceiveData
 .text.SPI_I2S_SendData
                0x0800d91c        0x4 ..\obj\stm32f4xx_spi.o
                0x0800d91c                SPI_I2S_SendData
 .text.SPI_CalculateCRC
                0x0800d920       0x1c ..\obj\stm32f4xx_spi.o
                0x0800d920                SPI_CalculateCRC
 .text.SPI_TransmitCRC
                0x0800d93c        0xc ..\obj\stm32f4xx_spi.o
                0x0800d93c                SPI_TransmitCRC
 .text.SPI_GetCRC
                0x0800d948        0xc ..\obj\stm32f4xx_spi.o
                0x0800d948                SPI_GetCRC
 .text.SPI_GetCRCPolynomial
                0x0800d954        0x8 ..\obj\stm32f4xx_spi.o
                0x0800d954                SPI_GetCRCPolynomial
 .text.SPI_I2S_DMACmd
                0x0800d95c       0x18 ..\obj\stm32f4xx_spi.o
                0x0800d95c                SPI_I2S_DMACmd
 .text.SPI_I2S_ITConfig
                0x0800d974       0x24 ..\obj\stm32f4xx_spi.o
                0x0800d974                SPI_I2S_ITConfig
 .text.SPI_I2S_GetFlagStatus
                0x0800d998        0xc ..\obj\stm32f4xx_spi.o
                0x0800d998                SPI_I2S_GetFlagStatus
 .text.SPI_I2S_ClearFlag
                0x0800d9a4        0x8 ..\obj\stm32f4xx_spi.o
                0x0800d9a4                SPI_I2S_ClearFlag
 .text.SPI_I2S_GetITStatus
                0x0800d9ac       0x30 ..\obj\stm32f4xx_spi.o
                0x0800d9ac                SPI_I2S_GetITStatus
 .text.SPI_I2S_ClearITPendingBit
                0x0800d9dc       0x14 ..\obj\stm32f4xx_spi.o
                0x0800d9dc                SPI_I2S_ClearITPendingBit
 .text          0x0800d9f0        0x0 ..\obj\dct32.o
 .text.xmp3fixpt_FDCT32
                0x0800d9f0      0x674 ..\obj\dct32.o
                0x0800d9f0                xmp3fixpt_FDCT32
 .text          0x0800e064        0x0 ..\obj\stm32f4xx_i2c.o
 .text.I2C_DeInit
                0x0800e064       0x64 ..\obj\stm32f4xx_i2c.o
                0x0800e064                I2C_DeInit
 .text.I2C_Init
                0x0800e0c8       0xe0 ..\obj\stm32f4xx_i2c.o
                0x0800e0c8                I2C_Init
 .text.I2C_StructInit
                0x0800e1a8       0x1c ..\obj\stm32f4xx_i2c.o
                0x0800e1a8                I2C_StructInit
 .text.I2C_Cmd  0x0800e1c4       0x1c ..\obj\stm32f4xx_i2c.o
                0x0800e1c4                I2C_Cmd
 .text.I2C_GenerateSTART
                0x0800e1e0       0x1c ..\obj\stm32f4xx_i2c.o
                0x0800e1e0                I2C_GenerateSTART
 .text.I2C_GenerateSTOP
                0x0800e1fc       0x1c ..\obj\stm32f4xx_i2c.o
                0x0800e1fc                I2C_GenerateSTOP
 .text.I2C_Send7bitAddress
                0x0800e218       0x14 ..\obj\stm32f4xx_i2c.o
                0x0800e218                I2C_Send7bitAddress
 .text.I2C_AcknowledgeConfig
                0x0800e22c       0x1c ..\obj\stm32f4xx_i2c.o
                0x0800e22c                I2C_AcknowledgeConfig
 .text.I2C_OwnAddress2Config
                0x0800e248       0x14 ..\obj\stm32f4xx_i2c.o
                0x0800e248                I2C_OwnAddress2Config
 .text.I2C_DualAddressCmd
                0x0800e25c       0x1c ..\obj\stm32f4xx_i2c.o
                0x0800e25c                I2C_DualAddressCmd
 .text.I2C_GeneralCallCmd
                0x0800e278       0x1c ..\obj\stm32f4xx_i2c.o
                0x0800e278                I2C_GeneralCallCmd
 .text.I2C_SoftwareResetCmd
                0x0800e294       0x1c ..\obj\stm32f4xx_i2c.o
                0x0800e294                I2C_SoftwareResetCmd
 .text.I2C_StretchClockCmd
                0x0800e2b0       0x1c ..\obj\stm32f4xx_i2c.o
                0x0800e2b0                I2C_StretchClockCmd
 .text.I2C_FastModeDutyCycleConfig
                0x0800e2cc       0x20 ..\obj\stm32f4xx_i2c.o
                0x0800e2cc                I2C_FastModeDutyCycleConfig
 .text.I2C_NACKPositionConfig
                0x0800e2ec       0x20 ..\obj\stm32f4xx_i2c.o
                0x0800e2ec                I2C_NACKPositionConfig
 .text.I2C_SMBusAlertConfig
                0x0800e30c       0x20 ..\obj\stm32f4xx_i2c.o
                0x0800e30c                I2C_SMBusAlertConfig
 .text.I2C_ARPCmd
                0x0800e32c       0x1c ..\obj\stm32f4xx_i2c.o
                0x0800e32c                I2C_ARPCmd
 .text.I2C_SendData
                0x0800e348        0x4 ..\obj\stm32f4xx_i2c.o
                0x0800e348                I2C_SendData
 .text.I2C_ReceiveData
                0x0800e34c        0x8 ..\obj\stm32f4xx_i2c.o
                0x0800e34c                I2C_ReceiveData
 .text.I2C_TransmitPEC
                0x0800e354       0x1c ..\obj\stm32f4xx_i2c.o
                0x0800e354                I2C_TransmitPEC
 .text.I2C_PECPositionConfig
                0x0800e370       0x20 ..\obj\stm32f4xx_i2c.o
                0x0800e370                I2C_PECPositionConfig
 .text.I2C_CalculatePEC
                0x0800e390       0x1c ..\obj\stm32f4xx_i2c.o
                0x0800e390                I2C_CalculatePEC
 .text.I2C_GetPEC
                0x0800e3ac        0x8 ..\obj\stm32f4xx_i2c.o
                0x0800e3ac                I2C_GetPEC
 .text.I2C_DMACmd
                0x0800e3b4       0x1c ..\obj\stm32f4xx_i2c.o
                0x0800e3b4                I2C_DMACmd
 .text.I2C_DMALastTransferCmd
                0x0800e3d0       0x1c ..\obj\stm32f4xx_i2c.o
                0x0800e3d0                I2C_DMALastTransferCmd
 .text.I2C_ReadRegister
                0x0800e3ec       0x18 ..\obj\stm32f4xx_i2c.o
                0x0800e3ec                I2C_ReadRegister
 .text.I2C_ITConfig
                0x0800e404       0x18 ..\obj\stm32f4xx_i2c.o
                0x0800e404                I2C_ITConfig
 .text.I2C_CheckEvent
                0x0800e41c       0x1c ..\obj\stm32f4xx_i2c.o
                0x0800e41c                I2C_CheckEvent
 .text.I2C_GetLastEvent
                0x0800e438       0x10 ..\obj\stm32f4xx_i2c.o
                0x0800e438                I2C_GetLastEvent
 .text.I2C_GetFlagStatus
                0x0800e448       0x38 ..\obj\stm32f4xx_i2c.o
                0x0800e448                I2C_GetFlagStatus
 .text.I2C_ClearFlag
                0x0800e480        0x8 ..\obj\stm32f4xx_i2c.o
                0x0800e480                I2C_ClearFlag
 .text.I2C_GetITStatus
                0x0800e488       0x20 ..\obj\stm32f4xx_i2c.o
                0x0800e488                I2C_GetITStatus
 .text.I2C_ClearITPendingBit
                0x0800e4a8        0x8 ..\obj\stm32f4xx_i2c.o
                0x0800e4a8                I2C_ClearITPendingBit
 .text          0x0800e4b0        0x0 ..\obj\stm32f4xx_exti.o
 .text.EXTI_DeInit
                0x0800e4b0       0x1c ..\obj\stm32f4xx_exti.o
                0x0800e4b0                EXTI_DeInit
 .text.EXTI_Init
                0x0800e4cc       0x90 ..\obj\stm32f4xx_exti.o
                0x0800e4cc                EXTI_Init
 .text.EXTI_StructInit
                0x0800e55c       0x10 ..\obj\stm32f4xx_exti.o
                0x0800e55c                EXTI_StructInit
 .text.EXTI_GenerateSWInterrupt
                0x0800e56c       0x10 ..\obj\stm32f4xx_exti.o
                0x0800e56c                EXTI_GenerateSWInterrupt
 .text.EXTI_GetFlagStatus
                0x0800e57c       0x14 ..\obj\stm32f4xx_exti.o
                0x0800e57c                EXTI_GetFlagStatus
 .text.EXTI_ClearFlag
                0x0800e590        0xc ..\obj\stm32f4xx_exti.o
                0x0800e590                EXTI_ClearFlag
 .text.EXTI_GetITStatus
                0x0800e59c       0x1c ..\obj\stm32f4xx_exti.o
                0x0800e59c                EXTI_GetITStatus
 .text.EXTI_ClearITPendingBit
                0x0800e5b8        0xc ..\obj\stm32f4xx_exti.o
                0x0800e5b8                EXTI_ClearITPendingBit
 .text          0x0800e5c4        0x0 ..\obj\usbh_ioreq.o
 .text.USBH_CtlReq
                0x0800e5c4       0x54 ..\obj\usbh_ioreq.o
                0x0800e5c4                USBH_CtlReq
 .text.USBH_CtlSendSetup
                0x0800e618       0x30 ..\obj\usbh_ioreq.o
                0x0800e618                USBH_CtlSendSetup
 .text.USBH_CtlSendData
                0x0800e648       0x4c ..\obj\usbh_ioreq.o
                0x0800e648                USBH_CtlSendData
 .text.USBH_CtlReceiveData
                0x0800e694       0x2c ..\obj\usbh_ioreq.o
                0x0800e694                USBH_CtlReceiveData
 .text.USBH_BulkSendData
                0x0800e6c0       0x40 ..\obj\usbh_ioreq.o
                0x0800e6c0                USBH_BulkSendData
 .text.USBH_BulkReceiveData
                0x0800e700       0x40 ..\obj\usbh_ioreq.o
                0x0800e700                USBH_BulkReceiveData
 .text.USBH_InterruptReceiveData
                0x0800e740       0x4c ..\obj\usbh_ioreq.o
                0x0800e740                USBH_InterruptReceiveData
 .text.USBH_InterruptSendData
                0x0800e78c       0x4c ..\obj\usbh_ioreq.o
                0x0800e78c                USBH_InterruptSendData
 .text.USBH_IsocReceiveData
                0x0800e7d8       0x2c ..\obj\usbh_ioreq.o
                0x0800e7d8                USBH_IsocReceiveData
 .text.USBH_IsocSendData
                0x0800e804       0x2c ..\obj\usbh_ioreq.o
                0x0800e804                USBH_IsocSendData
 .text          0x0800e830        0x0 ..\obj\misc.o
 .text.NVIC_PriorityGroupConfig
                0x0800e830       0x14 ..\obj\misc.o
                0x0800e830                NVIC_PriorityGroupConfig
 .text.NVIC_Init
                0x0800e844       0x70 ..\obj\misc.o
                0x0800e844                NVIC_Init
 .text.NVIC_SetVectorTable
                0x0800e8b4       0x14 ..\obj\misc.o
                0x0800e8b4                NVIC_SetVectorTable
 .text.NVIC_SystemLPConfig
                0x0800e8c8       0x1c ..\obj\misc.o
                0x0800e8c8                NVIC_SystemLPConfig
 .text.SysTick_CLKSourceConfig
                0x0800e8e4       0x18 ..\obj\misc.o
                0x0800e8e4                SysTick_CLKSourceConfig
 .text          0x0800e8fc        0x0 ..\obj\glcd.o
 .text.Sys_DelayUs
                0x0800e8fc       0x14 ..\obj\glcd.o
                0x0800e8fc                Sys_DelayUs
 .text.GLCD_Delay
                0x0800e910        0x8 ..\obj\glcd.o
                0x0800e910                GLCD_Delay
 .text.GLCDEN   0x0800e918       0x18 ..\obj\glcd.o
                0x0800e918                GLCDEN
 .text.GLCD_Write
                0x0800e930       0xc4 ..\obj\glcd.o
                0x0800e930                GLCD_Write
 .text.GLCD_Clear
                0x0800e9f4       0x4c ..\obj\glcd.o
                0x0800e9f4                GLCD_Clear
 .text.GLCD_Init
                0x0800ea40       0x34 ..\obj\glcd.o
                0x0800ea40                GLCD_Init
 .text.GLCD_Write_Block
                0x0800ea74       0x38 ..\obj\glcd.o
                0x0800ea74                GLCD_Write_Block
 .text.GLCD_Write_Char
                0x0800eaac       0x88 ..\obj\glcd.o
                0x0800eaac                GLCD_Write_Char
 .text.GLCD_WriteString
                0x0800eb34       0x2c ..\obj\glcd.o
                0x0800eb34                GLCD_WriteString
 .text          0x0800eb60        0x0 ..\obj\tm_stm32f4_gpio.o
 .text.TM_GPIO_DeInit
                0x0800eb60       0x4c ..\obj\tm_stm32f4_gpio.o
                0x0800eb60                TM_GPIO_DeInit
 .text.TM_GPIO_SetPinAsInput
                0x0800ebac       0x28 ..\obj\tm_stm32f4_gpio.o
                0x0800ebac                TM_GPIO_SetPinAsInput
 .text.TM_GPIO_SetPinAsOutput
                0x0800ebd4       0x30 ..\obj\tm_stm32f4_gpio.o
                0x0800ebd4                TM_GPIO_SetPinAsOutput
 .text.TM_GPIO_SetPinAsAnalog
                0x0800ec04       0x28 ..\obj\tm_stm32f4_gpio.o
                0x0800ec04                TM_GPIO_SetPinAsAnalog
 .text.TM_GPIO_SetPinAsAlternate
                0x0800ec2c       0x30 ..\obj\tm_stm32f4_gpio.o
                0x0800ec2c                TM_GPIO_SetPinAsAlternate
 .text.TM_GPIO_SetPullResistor
                0x0800ec5c       0x30 ..\obj\tm_stm32f4_gpio.o
                0x0800ec5c                TM_GPIO_SetPullResistor
 .text.TM_GPIO_Lock
                0x0800ec8c       0x10 ..\obj\tm_stm32f4_gpio.o
                0x0800ec8c                TM_GPIO_Lock
 .text.TM_GPIO_GetPinSource
                0x0800ec9c       0x18 ..\obj\tm_stm32f4_gpio.o
                0x0800ec9c                TM_GPIO_GetPinSource
 .text.TM_GPIO_GetPortSource
                0x0800ecb4       0x10 ..\obj\tm_stm32f4_gpio.o
                0x0800ecb4                TM_GPIO_GetPortSource
 .text.TM_GPIO_INT_EnableClock
                0x0800ecc4       0x20 ..\obj\tm_stm32f4_gpio.o
                0x0800ecc4                TM_GPIO_INT_EnableClock
 .text.TM_GPIO_INT_DisableClock
                0x0800ece4       0x24 ..\obj\tm_stm32f4_gpio.o
                0x0800ece4                TM_GPIO_INT_DisableClock
 .text.TM_GPIO_INT_Init
                0x0800ed08       0xa4 ..\obj\tm_stm32f4_gpio.o
                0x0800ed08                TM_GPIO_INT_Init
 .text.TM_GPIO_Init
                0x0800edac       0x30 ..\obj\tm_stm32f4_gpio.o
                0x0800edac                TM_GPIO_Init
 .text.TM_GPIO_InitAlternate
                0x0800eddc       0x68 ..\obj\tm_stm32f4_gpio.o
                0x0800eddc                TM_GPIO_InitAlternate
 .text.TM_GPIO_GetUsedPins
                0x0800ee44       0x18 ..\obj\tm_stm32f4_gpio.o
                0x0800ee44                TM_GPIO_GetUsedPins
 .text.TM_GPIO_GetFreePins
                0x0800ee5c       0x1c ..\obj\tm_stm32f4_gpio.o
                0x0800ee5c                TM_GPIO_GetFreePins
 .text          0x0800ee78        0x0 ..\obj\polyphase.o
 .text.xmp3fixpt_PolyphaseMono
                0x0800ee78      0x2bc ..\obj\polyphase.o
                0x0800ee78                xmp3fixpt_PolyphaseMono
 .text.xmp3fixpt_PolyphaseStereo
                0x0800f134      0x56c ..\obj\polyphase.o
                0x0800f134                xmp3fixpt_PolyphaseStereo
 .text          0x0800f6a0        0x0 ..\obj\tm_stm32f4_timer_properties.o
 .text.TM_TIMER_PROPERTIES_GetTimerProperties
                0x0800f6a0       0xbc ..\obj\tm_stm32f4_timer_properties.o
                0x0800f6a0                TM_TIMER_PROPERTIES_GetTimerProperties
 .text.TM_TIMER_PROPERTIES_GenerateDataForWorkingFrequency
                0x0800f75c       0xb0 ..\obj\tm_stm32f4_timer_properties.o
                0x0800f75c                TM_TIMER_PROPERTIES_GenerateDataForWorkingFrequency
 .text.TM_TIMER_PROPERTIES_EnableClock
                0x0800f80c      0x120 ..\obj\tm_stm32f4_timer_properties.o
                0x0800f80c                TM_TIMER_PROPERTIES_EnableClock
 .text.TM_TIMER_PROPERTIES_DisableClock
                0x0800f92c      0x120 ..\obj\tm_stm32f4_timer_properties.o
                0x0800f92c                TM_TIMER_PROPERTIES_DisableClock
 .text          0x0800fa4c        0x0 ..\obj\stm32f4xx_tim.o
 .text.TI1_Config
                0x0800fa4c       0x34 ..\obj\stm32f4xx_tim.o
 .text.TI2_Config
                0x0800fa80       0x3c ..\obj\stm32f4xx_tim.o
 .text.TIM_DeInit
                0x0800fabc      0x198 ..\obj\stm32f4xx_tim.o
                0x0800fabc                TIM_DeInit
 .text.TIM_TimeBaseInit
                0x0800fc54       0x88 ..\obj\stm32f4xx_tim.o
                0x0800fc54                TIM_TimeBaseInit
 .text.TIM_TimeBaseStructInit
                0x0800fcdc       0x14 ..\obj\stm32f4xx_tim.o
                0x0800fcdc                TIM_TimeBaseStructInit
 .text.TIM_PrescalerConfig
                0x0800fcf0        0x8 ..\obj\stm32f4xx_tim.o
                0x0800fcf0                TIM_PrescalerConfig
 .text.TIM_CounterModeConfig
                0x0800fcf8       0x10 ..\obj\stm32f4xx_tim.o
                0x0800fcf8                TIM_CounterModeConfig
 .text.TIM_SetCounter
                0x0800fd08        0x4 ..\obj\stm32f4xx_tim.o
                0x0800fd08                TIM_SetCounter
 .text.TIM_SetAutoreload
                0x0800fd0c        0x4 ..\obj\stm32f4xx_tim.o
                0x0800fd0c                TIM_SetAutoreload
 .text.TIM_GetCounter
                0x0800fd10        0x4 ..\obj\stm32f4xx_tim.o
                0x0800fd10                TIM_GetCounter
 .text.TIM_GetPrescaler
                0x0800fd14        0x8 ..\obj\stm32f4xx_tim.o
                0x0800fd14                TIM_GetPrescaler
 .text.TIM_UpdateDisableConfig
                0x0800fd1c       0x1c ..\obj\stm32f4xx_tim.o