Archive member included to satisfy reference by file (symbol)

c:/program files (x86)/gnu tools arm embedded/5.4 2016q3/bin/../lib/gcc/arm-none-eabi/5.4.1/armv7e-m\libgcc.a(_arm_addsubdf3.o)
                              ..\obj\tm_stm32f4_fatfs.o (__aeabi_ui2d)
c:/program files (x86)/gnu tools arm embedded/5.4 2016q3/bin/../lib/gcc/arm-none-eabi/5.4.1/armv7e-m\libgcc.a(_arm_muldivdf3.o)
                              ..\obj\tm_stm32f4_fatfs.o (__aeabi_dmul)
c:/program files (x86)/gnu tools arm embedded/5.4 2016q3/bin/../lib/gcc/arm-none-eabi/5.4.1/armv7e-m\libgcc.a(_arm_cmpdf2.o)
                              ..\obj\tm_stm32f4_timer_properties.o (__aeabi_dcmpeq)
c:/program files (x86)/gnu tools arm embedded/5.4 2016q3/bin/../lib/gcc/arm-none-eabi/5.4.1/armv7e-m\libgcc.a(_arm_fixunsdfsi.o)
                              ..\obj\tm_stm32f4_fatfs.o (__aeabi_d2uiz)
c:/program files (x86)/gnu tools arm embedded/5.4 2016q3/bin/../lib/gcc/arm-none-eabi/5.4.1/../../../../arm-none-eabi/lib/armv7e-m\libg.a(lib_a-malloc.o)
                              ..\obj\tm_stm32f4_fatfs.o (malloc)
c:/program files (x86)/gnu tools arm embedded/5.4 2016q3/bin/../lib/gcc/arm-none-eabi/5.4.1/../../../../arm-none-eabi/lib/armv7e-m\libg.a(lib_a-mallocr.o)
                              c:/program files (x86)/gnu tools arm embedded/5.4 2016q3/bin/../lib/gcc/arm-none-eabi/5.4.1/../../../../arm-none-eabi/lib/armv7e-m\libg.a(lib_a-malloc.o) (_malloc_r)
c:/program files (x86)/gnu tools arm embedded/5.4 2016q3/bin/../lib/gcc/arm-none-eabi/5.4.1/../../../../arm-none-eabi/lib/armv7e-m\libg.a(lib_a-memcpy.o)
                              ..\obj\mp3dec.o (memcpy)
c:/program files (x86)/gnu tools arm embedded/5.4 2016q3/bin/../lib/gcc/arm-none-eabi/5.4.1/../../../../arm-none-eabi/lib/armv7e-m\libg.a(lib_a-memmove.o)
                              ..\obj\mp3dec.o (memmove)
c:/program files (x86)/gnu tools arm embedded/5.4 2016q3/bin/../lib/gcc/arm-none-eabi/5.4.1/../../../../arm-none-eabi/lib/armv7e-m\libg.a(lib_a-mlock.o)
                              c:/program files (x86)/gnu tools arm embedded/5.4 2016q3/bin/../lib/gcc/arm-none-eabi/5.4.1/../../../../arm-none-eabi/lib/armv7e-m\libg.a(lib_a-mallocr.o) (__malloc_lock)
c:/program files (x86)/gnu tools arm embedded/5.4 2016q3/bin/../lib/gcc/arm-none-eabi/5.4.1/../../../../arm-none-eabi/lib/armv7e-m\libg.a(lib_a-realloc.o)
                              ..\obj\file.o (realloc)
c:/program files (x86)/gnu tools arm embedded/5.4 2016q3/bin/../lib/gcc/arm-none-eabi/5.4.1/../../../../arm-none-eabi/lib/armv7e-m\libg.a(lib_a-reallocr.o)
                              c:/program files (x86)/gnu tools arm embedded/5.4 2016q3/bin/../lib/gcc/arm-none-eabi/5.4.1/../../../../arm-none-eabi/lib/armv7e-m\libg.a(lib_a-realloc.o) (_realloc_r)
c:/program files (x86)/gnu tools arm embedded/5.4 2016q3/bin/../lib/gcc/arm-none-eabi/5.4.1/../../../../arm-none-eabi/lib/armv7e-m\libg.a(lib_a-sbrkr.o)
                              c:/program files (x86)/gnu tools arm embedded/5.4 2016q3/bin/../lib/gcc/arm-none-eabi/5.4.1/../../../../arm-none-eabi/lib/armv7e-m\libg.a(lib_a-mallocr.o) (_sbrk_r)
c:/program files (x86)/gnu tools arm embedded/5.4 2016q3/bin/../lib/gcc/arm-none-eabi/5.4.1/../../../../arm-none-eabi/lib/armv7e-m\libg.a(lib_a-sprintf.o)
                              ..\obj\tm_stm32f4_fatfs.o (sprintf)
c:/program files (x86)/gnu tools arm embedded/5.4 2016q3/bin/../lib/gcc/arm-none-eabi/5.4.1/../../../../arm-none-eabi/lib/armv7e-m\libg.a(lib_a-strcpy.o)
                              ..\obj\tm_stm32f4_fatfs.o (strcpy)
c:/program files (x86)/gnu tools arm embedded/5.4 2016q3/bin/../lib/gcc/arm-none-eabi/5.4.1/../../../../arm-none-eabi/lib/armv7e-m\libg.a(lib_a-strlen.o)
                              ..\obj\tm_stm32f4_fatfs.o (strlen)
c:/program files (x86)/gnu tools arm embedded/5.4 2016q3/bin/../lib/gcc/arm-none-eabi/5.4.1/../../../../arm-none-eabi/lib/armv7e-m\libg.a(lib_a-svfprintf.o)
                              c:/program files (x86)/gnu tools arm embedded/5.4 2016q3/bin/../lib/gcc/arm-none-eabi/5.4.1/../../../../arm-none-eabi/lib/armv7e-m\libg.a(lib_a-sprintf.o) (_svfprintf_r)
c:/program files (x86)/gnu tools arm embedded/5.4 2016q3/bin/../lib/gcc/arm-none-eabi/5.4.1/../../../../arm-none-eabi/lib/armv7e-m\libg.a(lib_a-dtoa.o)
                              c:/program files (x86)/gnu tools arm embedded/5.4 2016q3/bin/../lib/gcc/arm-none-eabi/5.4.1/../../../../arm-none-eabi/lib/armv7e-m\libg.a(lib_a-svfprintf.o) (_dtoa_r)
c:/program files (x86)/gnu tools arm embedded/5.4 2016q3/bin/../lib/gcc/arm-none-eabi/5.4.1/../../../../arm-none-eabi/lib/armv7e-m\libg.a(lib_a-freer.o)
                              c:/program files (x86)/gnu tools arm embedded/5.4 2016q3/bin/../lib/gcc/arm-none-eabi/5.4.1/../../../../arm-none-eabi/lib/armv7e-m\libg.a(lib_a-malloc.o) (_free_r)
c:/program files (x86)/gnu tools arm embedded/5.4 2016q3/bin/../lib/gcc/arm-none-eabi/5.4.1/../../../../arm-none-eabi/lib/armv7e-m\libg.a(lib_a-impure.o)
[...]
Memory Configuration

Name             Origin             Length             Attributes
rom              0x08000000         0x00100000         xr
ram              0x20000000         0x00020000         xrw
ram1             0x10000000         0x00010000         xrw
*default*        0x00000000         0xffffffff

Linker script and memory map

                0x20020000                _eram = 0x20020000

.text           0x08000000    0x15621
 *(.isr_vector)
 .isr_vector    0x08000000      0x188 ..\obj\startup_stm32f4xx.o
                0x08000000                g_pfnVectors
 *(.text*)
 .text.USB_OTG_CoreReset
                0x08000188       0x68 ..\obj\usb_core.o
 .text.USB_OTG_WritePacket
                0x080001f0       0x28 ..\obj\usb_core.o
                0x080001f0                USB_OTG_WritePacket
 .text.USB_OTG_ReadPacket
                0x08000218       0x28 ..\obj\usb_core.o
                0x08000218                USB_OTG_ReadPacket
 .text.USB_OTG_SelectCore
                0x08000240       0xd4 ..\obj\usb_core.o
                0x08000240                USB_OTG_SelectCore
 .text.USB_OTG_CoreInit
                0x08000314       0x90 ..\obj\usb_core.o
                0x08000314                USB_OTG_CoreInit
 .text.USB_OTG_EnableGlobalInt
                0x080003a4       0x10 ..\obj\usb_core.o
                0x080003a4                USB_OTG_EnableGlobalInt
 .text.USB_OTG_DisableGlobalInt
                0x080003b4       0x10 ..\obj\usb_core.o
                0x080003b4                USB_OTG_DisableGlobalInt
 .text.USB_OTG_FlushTxFifo
                0x080003c4       0x4c ..\obj\usb_core.o
                0x080003c4                USB_OTG_FlushTxFifo
 .text.USB_OTG_FlushRxFifo
                0x08000410       0x44 ..\obj\usb_core.o
                0x08000410                USB_OTG_FlushRxFifo
 .text.USB_OTG_SetCurrentMode
                0x08000454       0x2c ..\obj\usb_core.o
                0x08000454                USB_OTG_SetCurrentMode
 .text.USB_OTG_IsHostMode
                0x08000480        0xc ..\obj\usb_core.o
                0x08000480                USB_OTG_IsHostMode
 .text.USB_OTG_ReadCoreItr
                0x0800048c        0xc ..\obj\usb_core.o
                0x0800048c                USB_OTG_ReadCoreItr
 .text.USB_OTG_IsEvenFrame
                0x08000498       0x10 ..\obj\usb_core.o
                0x08000498                USB_OTG_IsEvenFrame
 .text.USB_OTG_EnableHostInt
                0x080004a8       0x44 ..\obj\usb_core.o
                0x080004a8                USB_OTG_EnableHostInt
 .text.USB_OTG_InitFSLSPClkSel
                0x080004ec        0xc ..\obj\usb_core.o
                0x080004ec                USB_OTG_InitFSLSPClkSel
 .text.USB_OTG_ReadHPRT0
                0x080004f8        0xc ..\obj\usb_core.o
                0x080004f8                USB_OTG_ReadHPRT0
 .text.USB_OTG_DriveVbus
                0x08000504       0x40 ..\obj\usb_core.o
                0x08000504                USB_OTG_DriveVbus
 .text.USB_OTG_ReadHostAllChannels_intr
                0x08000544        0x8 ..\obj\usb_core.o
                0x08000544                USB_OTG_ReadHostAllChannels_intr
 .text.USB_OTG_ResetPort
                0x0800054c       0x2c ..\obj\usb_core.o
                0x0800054c                USB_OTG_ResetPort
 .text.USB_OTG_CoreInitHost
                0x08000578       0xa0 ..\obj\usb_core.o
                0x08000578                USB_OTG_CoreInitHost
 .text.USB_OTG_HC_Init
                0x08000618       0xf8 ..\obj\usb_core.o
                0x08000618                USB_OTG_HC_Init
 .text.USB_OTG_HC_StartXfer
                0x08000710      0x140 ..\obj\usb_core.o
                0x08000710                USB_OTG_HC_StartXfer
 .text.USB_OTG_HC_Halt
                0x08000850       0x3c ..\obj\usb_core.o
                0x08000850                USB_OTG_HC_Halt
 .text.USB_OTG_HC_DoPing
                0x0800088c       0x30 ..\obj\usb_core.o
                0x0800088c                USB_OTG_HC_DoPing
 .text.DequantBlock
                0x080008bc      0x168 ..\obj\dqchan.o
 .text.xmp3fixpt_DequantChannel
                0x08000a24      0x284 ..\obj\dqchan.o
                0x08000a24                xmp3fixpt_DequantChannel
 .text.xmp3fixpt_UnpackScaleFactors
                0x08000ca8      0x708 ..\obj\scalfact.o
                0x08000ca8                xmp3fixpt_UnpackScaleFactors
 .text.I2C_Init_Amp
                0x080013b0       0x50 ..\obj\i2c.o
                0x080013b0                I2C_Init_Amp
 .text.I2C_start
                0x08001400       0x6c ..\obj\i2c.o
                0x08001400                I2C_start
 .text.I2C_write
                0x0800146c       0x1c ..\obj\i2c.o
                0x0800146c                I2C_write
 .text.I2C_stop
                0x08001488        0xc ..\obj\i2c.o
                0x08001488                I2C_stop
 .text.Mp3OpenFile
                0x08001494       0x2c ..\obj\mp3.o
                0x08001494                Mp3OpenFile
 .text.Mp3Play  0x080014c0      0x1e0 ..\obj\mp3.o
                0x080014c0                Mp3Play
 .text.Mp3SendBuffer
                0x080016a0       0x64 ..\obj\mp3.o
                0x080016a0                Mp3SendBuffer
 .text.Mp3MountDevices
                0x08001704       0x4c ..\obj\mp3.o
                0x08001704                Mp3MountDevices
 .text.Mp3ChangeTrack
                0x08001750       0x18 ..\obj\mp3.o
                0x08001750                Mp3ChangeTrack
 .text.Mp3PauseTrack
                0x08001768        0xc ..\obj\mp3.o
                0x08001768                Mp3PauseTrack
 .text.Mp3StartResumeTrack
                0x08001774       0x20 ..\obj\mp3.o
                0x08001774                Mp3StartResumeTrack
 .text.Mp3GetActTrackInd
                0x08001794        0xc ..\obj\mp3.o
                0x08001794                Mp3GetActTrackInd
 .text.xmp3fixpt_SetBitstreamPointer
                0x080017a0        0xc ..\obj\bitstream.o
                0x080017a0                xmp3fixpt_SetBitstreamPointer
 .text.xmp3fixpt_GetBits
                0x080017ac       0xb4 ..\obj\bitstream.o
                0x080017ac                xmp3fixpt_GetBits
 .text.xmp3fixpt_CalcBitsUsed
                0x08001860       0x10 ..\obj\bitstream.o
                0x08001860                xmp3fixpt_CalcBitsUsed
 .text.xmp3fixpt_CheckPadBit
                0x08001870       0x1c ..\obj\bitstream.o
                0x08001870                xmp3fixpt_CheckPadBit
 .text.xmp3fixpt_UnpackFrameHeader
                0x0800188c      0x1f8 ..\obj\bitstream.o
                0x0800188c                xmp3fixpt_UnpackFrameHeader
 .text.xmp3fixpt_UnpackSideInfo
                0x08001a84      0x250 ..\obj\bitstream.o
                0x08001a84                xmp3fixpt_UnpackSideInfo
 .text.xmp3fixpt_Dequantize
                0x08001cd4      0x278 ..\obj\dequant.o
                0x08001cd4                xmp3fixpt_Dequantize
 .text.TM_EXTI_Attach
                0x08001f4c      0x1d0 ..\obj\tm_stm32f4_exti.o
                0x08001f4c                TM_EXTI_Attach
 .text.EXTI0_IRQHandler
                0x0800211c       0x1c ..\obj\tm_stm32f4_exti.o
                0x0800211c                EXTI0_IRQHandler
 .text.EXTI1_IRQHandler
                0x08002138       0x1c ..\obj\tm_stm32f4_exti.o
                0x08002138                EXTI1_IRQHandler
 .text.EXTI2_IRQHandler
                0x08002154       0x1c ..\obj\tm_stm32f4_exti.o
                0x08002154                EXTI2_IRQHandler
 .text.EXTI3_IRQHandler
                0x08002170       0x1c ..\obj\tm_stm32f4_exti.o
                0x08002170                EXTI3_IRQHandler
 .text.EXTI4_IRQHandler
                0x0800218c       0x1c ..\obj\tm_stm32f4_exti.o
                0x0800218c                EXTI4_IRQHandler
 .text.EXTI9_5_IRQHandler
                0x080021a8       0x70 ..\obj\tm_stm32f4_exti.o
                0x080021a8                EXTI9_5_IRQHandler
 .text.EXTI15_10_IRQHandler
                0x08002218       0x8c ..\obj\tm_stm32f4_exti.o
                0x08002218                EXTI15_10_IRQHandler
 .text.WinPrevious
                0x080022a4      0x128 ..\obj\imdct.o
 .text.FreqInvertRescale
                0x080023cc      0x198 ..\obj\imdct.o
 .text.xmp3fixpt_IMDCT
                0x08002564      0xd58 ..\obj\imdct.o
                0x08002564                xmp3fixpt_IMDCT
 .text.Tim2Init
                0x080032bc       0x50 ..\obj\timer.o
                0x080032bc                Tim2Init
 .text.Tim2Start
                0x0800330c       0x1c ..\obj\timer.o
                0x0800330c                Tim2Start
 .text.Tim4Start
                0x08003328       0x1c ..\obj\timer.o
                0x08003328                Tim4Start
 .text.Tim2Stop
                0x08003344       0x1c ..\obj\timer.o
                0x08003344                Tim2Stop
 .text.Tim4Stop
                0x08003360       0x1c ..\obj\timer.o
                0x08003360                Tim4Stop
 .text.Tim4Init
                0x0800337c       0x54 ..\obj\timer.o
                0x0800337c                Tim4Init
 .text.USBH_Open_Channel
                0x080033d0       0x50 ..\obj\usbh_hcs.o
                0x080033d0                USBH_Open_Channel
 .text.USBH_Modify_Channel
                0x08003420       0x48 ..\obj\usbh_hcs.o
                0x08003420                USBH_Modify_Channel
 .text.USBH_Alloc_Channel
                0x08003468       0x44 ..\obj\usbh_hcs.o
                0x08003468                USBH_Alloc_Channel
 .text.USBH_Free_Channel
                0x080034ac       0x18 ..\obj\usbh_hcs.o
                0x080034ac                USBH_Free_Channel
 .text.USBH_DeAllocate_AllChannel
                0x080034c4       0x20 ..\obj\usbh_hcs.o
                0x080034c4                USBH_DeAllocate_AllChannel
 .text.USART_DeInit
                0x080034e4       0xbc ..\obj\stm32f4xx_usart.o
                0x080034e4                USART_DeInit
 .text.USART_Init
                0x080035a0       0xc0 ..\obj\stm32f4xx_usart.o
                0x080035a0                USART_Init
 .text.USBH_GetDescriptor
                0x08003660       0x30 ..\obj\usbh_stdreq.o
                0x08003660                USBH_GetDescriptor
 .text.USBH_Get_DevDesc
                0x08003690       0xb4 ..\obj\usbh_stdreq.o
                0x08003690                USBH_Get_DevDesc
 .text.USBH_Get_StringDesc
                0x08003744       0x58 ..\obj\usbh_stdreq.o
                0x08003744                USBH_Get_StringDesc
 .text.USBH_Get_CfgDesc
                0x0800379c      0x1e8 ..\obj\usbh_stdreq.o
                0x0800379c                USBH_Get_CfgDesc
 .text.USBH_SetAddress
                0x08003984       0x1c ..\obj\usbh_stdreq.o
                0x08003984                USBH_SetAddress
 .text.USBH_SetCfg
                0x080039a0       0x1c ..\obj\usbh_stdreq.o
                0x080039a0                USBH_SetCfg
 .text.USBH_ClrFeature
                0x080039bc       0x34 ..\obj\usbh_stdreq.o
                0x080039bc                USBH_ClrFeature
 .text.StrCmp   0x080039f0       0x38 ..\obj\str.o
                0x080039f0                StrCmp
 .text.StrLen   0x08003a28       0x18 ..\obj\str.o
                0x08003a28                StrLen
 .text.StrCopy  0x08003a40       0x18 ..\obj\str.o
                0x08003a40                StrCopy
 .text.StrFillSpace
                0x08003a58       0x1c ..\obj\str.o
                0x08003a58                StrFillSpace
 .text.xmp3fixpt_Subband
                0x08003a74      0x128 ..\obj\subband.o
                0x08003a74                xmp3fixpt_Subband
 .text.TM_FATFS_SDRAM_disk_initialize
                0x08003b9c        0x4 ..\obj\diskio.o
                0x08003b9c                TM_FATFS_SDRAM_disk_initialize
 .text.TM_FATFS_SPI_FLASH_disk_initialize
                0x08003ba0        0x4 ..\obj\diskio.o
                0x08003ba0                TM_FATFS_SPI_FLASH_disk_initialize
 .text.TM_FATFS_SDRAM_disk_status
                0x08003ba4        0x4 ..\obj\diskio.o
                0x08003ba4                TM_FATFS_SDRAM_disk_status
 .text.TM_FATFS_SPI_FLASH_disk_status
                0x08003ba8        0x4 ..\obj\diskio.o
                0x08003ba8                TM_FATFS_SPI_FLASH_disk_status
 .text.TM_FATFS_SDRAM_disk_ioctl
                0x08003bac        0x4 ..\obj\diskio.o
                0x08003bac                TM_FATFS_SDRAM_disk_ioctl
 .text.TM_FATFS_SPI_FLASH_disk_ioctl
                0x08003bb0        0x4 ..\obj\diskio.o
                0x08003bb0                TM_FATFS_SPI_FLASH_disk_ioctl
 .text.TM_FATFS_SDRAM_disk_read
                0x08003bb4        0x4 ..\obj\diskio.o
                0x08003bb4                TM_FATFS_SDRAM_disk_read
 .text.TM_FATFS_SPI_FLASH_disk_read
                0x08003bb8        0x4 ..\obj\diskio.o
                0x08003bb8                TM_FATFS_SPI_FLASH_disk_read
 .text.TM_FATFS_SDRAM_disk_write
                0x08003bbc        0x4 ..\obj\diskio.o
                0x08003bbc                TM_FATFS_SDRAM_disk_write
 .text.TM_FATFS_SPI_FLASH_disk_write
                0x08003bc0        0x4 ..\obj\diskio.o
                0x08003bc0                TM_FATFS_SPI_FLASH_disk_write
 .text.disk_initialize
                0x08003bc4       0x1c ..\obj\diskio.o
                0x08003bc4                disk_initialize
 .text.disk_status
                0x08003be0       0x1c ..\obj\diskio.o
                0x08003be0                disk_status
 .text.disk_read
                0x08003bfc       0x30 ..\obj\diskio.o
                0x08003bfc                disk_read
 .text.disk_write
                0x08003c2c       0x30 ..\obj\diskio.o
                0x08003c2c                disk_write
 .text.disk_ioctl
                0x08003c5c       0x20 ..\obj\diskio.o
                0x08003c5c                disk_ioctl
 .text.get_fattime
                0x08003c7c        0x8 ..\obj\diskio.o
                0x08003c7c                get_fattime
 .text.Default_Handler
                0x08003c84        0x4 ..\obj\startup_stm32f4xx.o
                0x08003c84                RTC_Alarm_IRQHandler
                0x08003c84                HASH_RNG_IRQHandler
                0x08003c84                TIM8_CC_IRQHandler
                0x08003c84                DebugMon_Handler
                0x08003c84                TIM1_CC_IRQHandler
                0x08003c84                DMA2_Stream5_IRQHandler
                0x08003c84                HardFault_Handler
                0x08003c84                DMA1_Stream5_IRQHandler
                0x08003c84                PVD_IRQHandler
                0x08003c84                SDIO_IRQHandler
                0x08003c84                TAMP_STAMP_IRQHandler
                0x08003c84                PendSV_Handler
                0x08003c84                NMI_Handler
                0x08003c84                CAN2_RX1_IRQHandler
                0x08003c84                TIM8_TRG_COM_TIM14_IRQHandler
                0x08003c84                TIM1_UP_TIM10_IRQHandler
                0x08003c84                TIM8_UP_TIM13_IRQHandler
                0x08003c84                I2C3_ER_IRQHandler
                0x08003c84                I2C2_EV_IRQHandler
                0x08003c84                DMA1_Stream2_IRQHandler
                0x08003c84                CAN1_RX0_IRQHandler
                0x08003c84                FPU_IRQHandler
                0x08003c84                OTG_HS_WKUP_IRQHandler
                0x08003c84                UsageFault_Handler
                0x08003c84                CAN2_SCE_IRQHandler
                0x08003c84                DMA2_Stream2_IRQHandler
                0x08003c84                SPI1_IRQHandler
                0x08003c84                TIM6_DAC_IRQHandler
                0x08003c84                TIM1_BRK_TIM9_IRQHandler
                0x08003c84                DCMI_IRQHandler
                0x08003c84                CAN2_RX0_IRQHandler
                0x08003c84                DMA2_Stream3_IRQHandler
                0x08003c84                CRYP_IRQHandler
                0x08003c84                CAN1_RX1_IRQHandler
                0x08003c84                DMA2_Stream0_IRQHandler
                0x08003c84                I2C1_EV_IRQHandler
                0x08003c84                DMA1_Stream6_IRQHandler
                0x08003c84                DMA1_Stream1_IRQHandler
                0x08003c84                TIM3_IRQHandler
                0x08003c84                RCC_IRQHandler
                0x08003c84                TIM8_BRK_TIM12_IRQHandler
                0x08003c84                ADC_IRQHandler
                0x08003c84                TIM7_IRQHandler
                0x08003c84                CAN2_TX_IRQHandler
                0x08003c84                TIM5_IRQHandler
                0x08003c84                DMA2_Stream7_IRQHandler
                0x08003c84                I2C3_EV_IRQHandler
                0x08003c84                RTC_WKUP_IRQHandler
                0x08003c84                ETH_WKUP_IRQHandler
                0x08003c84                SPI2_IRQHandler
                0x08003c84                OTG_HS_EP1_IN_IRQHandler
                0x08003c84                MemManage_Handler
                0x08003c84                DMA1_Stream0_IRQHandler
                0x08003c84                CAN1_TX_IRQHandler
                0x08003c84                SVC_Handler
                0x08003c84                FSMC_IRQHandler
                0x08003c84                ETH_IRQHandler
                0x08003c84                OTG_HS_EP1_OUT_IRQHandler
                0x08003c84                WWDG_IRQHandler
                0x08003c84                OTG_FS_WKUP_IRQHandler
                0x08003c84                TIM1_TRG_COM_TIM11_IRQHandler
                0x08003c84                OTG_HS_IRQHandler
                0x08003c84                I2C2_ER_IRQHandler
                0x08003c84                DMA2_Stream1_IRQHandler
                0x08003c84                CAN1_SCE_IRQHandler
                0x08003c84                FLASH_IRQHandler
                0x08003c84                DMA2_Stream4_IRQHandler
                0x08003c84                BusFault_Handler
                0x08003c84                SPI3_IRQHandler
                0x08003c84                DMA1_Stream4_IRQHandler
                0x08003c84                I2C1_ER_IRQHandler
                0x08003c84                DMA2_Stream6_IRQHandler
                0x08003c84                DMA1_Stream3_IRQHandler
 .text.Default_Reset_Handler
                0x08003c88       0x50 ..\obj\startup_stm32f4xx.o
                0x08003c88                Default_Reset_Handler
                0x08003c88                Reset_Handler
 .text.TM_FATFS_USB_disk_initialize
                0x08003cd8       0x3c ..\obj\fatfs_usb.o
                0x08003cd8                TM_FATFS_USB_disk_initialize
 .text.TM_FATFS_USB_disk_status
                0x08003d14        0xc ..\obj\fatfs_usb.o
                0x08003d14                TM_FATFS_USB_disk_status
 .text.TM_FATFS_USB_disk_read
                0x08003d20       0x88 ..\obj\fatfs_usb.o
                0x08003d20                TM_FATFS_USB_disk_read
 .text.TM_FATFS_USB_disk_write
                0x08003da8       0x94 ..\obj\fatfs_usb.o
                0x08003da8                TM_FATFS_USB_disk_write
 .text.TM_FATFS_USB_disk_ioctl
                0x08003e3c       0x48 ..\obj\fatfs_usb.o
                0x08003e3c                TM_FATFS_USB_disk_ioctl
 .text.MP3ClearBadFrame
                0x08003e84       0x48 ..\obj\mp3dec.o
 .text.MP3InitDecoder
                0x08003ecc        0x8 ..\obj\mp3dec.o
                0x08003ecc                MP3InitDecoder
 .text.MP3FindSyncWord
                0x08003ed4       0x34 ..\obj\mp3dec.o
                0x08003ed4                MP3FindSyncWord
 .text.MP3GetLastFrameInfo
                0x08003f08       0x68 ..\obj\mp3dec.o
                0x08003f08                MP3GetLastFrameInfo
 .text.MP3Decode
                0x08003f70      0x368 ..\obj\mp3dec.o
                0x08003f70                MP3Decode
 .text.main     0x080042d8       0x8c ..\obj\main.o
                0x080042d8                main
 .text.RCC_GetClocksFreq
                0x08004364       0xa4 ..\obj\stm32f4xx_rcc.o
                0x08004364                RCC_GetClocksFreq
 .text.RCC_AHB1PeriphClockCmd
                0x08004408       0x1c ..\obj\stm32f4xx_rcc.o
                0x08004408                RCC_AHB1PeriphClockCmd
 .text.RCC_AHB2PeriphClockCmd
                0x08004424       0x1c ..\obj\stm32f4xx_rcc.o
                0x08004424                RCC_AHB2PeriphClockCmd
 .text.RCC_APB1PeriphClockCmd
                0x08004440       0x1c ..\obj\stm32f4xx_rcc.o
                0x08004440                RCC_APB1PeriphClockCmd
 .text.RCC_APB2PeriphClockCmd
                0x0800445c       0x1c ..\obj\stm32f4xx_rcc.o
                0x0800445c                RCC_APB2PeriphClockCmd
 .text.RCC_APB1PeriphResetCmd
                0x08004478       0x1c ..\obj\stm32f4xx_rcc.o
                0x08004478                RCC_APB1PeriphResetCmd
 .text.RCC_APB2PeriphResetCmd
                0x08004494       0x1c ..\obj\stm32f4xx_rcc.o
                0x08004494                RCC_APB2PeriphResetCmd
 .text.TM_USART_INT_InsertToBuffer
                0x080044b0       0x28 ..\obj\tm_stm32f4_usart.o
                0x080044b0                TM_USART_INT_InsertToBuffer
 .text.TM_USART_InitCustomPinsCallback
                0x080044d8        0x4 ..\obj\tm_stm32f4_usart.o
                0x080044d8                TM_USART_InitCustomPinsCallback
 .text.TM_USART_INT_GetUsart
                0x080044dc       0x60 ..\obj\tm_stm32f4_usart.o
                0x080044dc                TM_USART_INT_GetUsart
 .text.TM_USART_Getc
                0x0800453c       0x64 ..\obj\tm_stm32f4_usart.o
                0x0800453c                TM_USART_Getc
 .text.TM_USART_FindCharacter
                0x080045a0       0x38 ..\obj\tm_stm32f4_usart.o
                0x080045a0                TM_USART_FindCharacter
 .text.TM_USART_Gets
                0x080045d8       0x60 ..\obj\tm_stm32f4_usart.o
                0x080045d8                TM_USART_Gets
 .text.TM_USART_INT_GetSubPriority
                0x08004638       0x44 ..\obj\tm_stm32f4_usart.o
                0x08004638                TM_USART_INT_GetSubPriority
 .text.TM_USART1_InitPins
                0x0800467c       0x58 ..\obj\tm_stm32f4_usart.o
                0x0800467c                TM_USART1_InitPins
 .text.TM_USART2_InitPins
                0x080046d4       0x54 ..\obj\tm_stm32f4_usart.o
                0x080046d4                TM_USART2_InitPins
 .text.TM_USART3_InitPins
                0x08004728       0x7c ..\obj\tm_stm32f4_usart.o
                0x08004728                TM_USART3_InitPins
 .text.TM_UART4_InitPins
                0x080047a4       0x54 ..\obj\tm_stm32f4_usart.o
                0x080047a4                TM_UART4_InitPins
 .text.TM_UART5_InitPins
                0x080047f8       0x4c ..\obj\tm_stm32f4_usart.o
                0x080047f8                TM_UART5_InitPins
 .text.TM_USART6_InitPins
                0x08004844       0x58 ..\obj\tm_stm32f4_usart.o
                0x08004844                TM_USART6_InitPins
 .text.TM_USART_INT_Init
                0x0800489c      0x15c ..\obj\tm_stm32f4_usart.o
 .text.TM_USART_Init
                0x080049f8       0xd4 ..\obj\tm_stm32f4_usart.o
                0x080049f8                TM_USART_Init
 .text.USART1_IRQHandler
                0x08004acc       0x24 ..\obj\tm_stm32f4_usart.o
                0x08004acc                USART1_IRQHandler
 .text.USART2_IRQHandler
                0x08004af0       0x24 ..\obj\tm_stm32f4_usart.o
                0x08004af0                USART2_IRQHandler
 .text.USART3_IRQHandler
                0x08004b14       0x24 ..\obj\tm_stm32f4_usart.o
                0x08004b14                USART3_IRQHandler
 .text.UART4_IRQHandler
                0x08004b38       0x24 ..\obj\tm_stm32f4_usart.o
                0x08004b38                UART4_IRQHandler
 .text.UART5_IRQHandler
                0x08004b5c       0x24 ..\obj\tm_stm32f4_usart.o
                0x08004b5c                UART5_IRQHandler
 .text.USART6_IRQHandler
                0x08004b80       0x24 ..\obj\tm_stm32f4_usart.o
                0x08004b80                USART6_IRQHandler
 .text.TM_RE_Init
                0x08004ba4       0x40 ..\obj\tm_stm32f4_rotary_encoder.o
                0x08004ba4                TM_RE_Init
 .text.TM_RE_Get
                0x08004be4       0x24 ..\obj\tm_stm32f4_rotary_encoder.o
                0x08004be4                TM_RE_Get
 .text.TM_RE_Process
                0x08004c08       0x4c ..\obj\tm_stm32f4_rotary_encoder.o
                0x08004c08                TM_RE_Process
 .text.wait_ready
                0x08004c54       0x68 ..\obj\fatfs_sd.o
 .text.deselect
                0x08004cbc       0x58 ..\obj\fatfs_sd.o
 .text.select   0x08004d14       0x70 ..\obj\fatfs_sd.o
 .text.xmit_datablock
                0x08004d84      0x14c ..\obj\fatfs_sd.o
 .text.rcvr_datablock
                0x08004ed0      0x100 ..\obj\fatfs_sd.o
 .text.send_cmd
                0x08004fd0      0x28c ..\obj\fatfs_sd.o
 .text.TM_FATFS_InitPins
                0x0800525c       0x20 ..\obj\fatfs_sd.o
                0x0800525c                TM_FATFS_InitPins
 .text.TM_FATFS_SD_disk_initialize
                0x0800527c      0x250 ..\obj\fatfs_sd.o
                0x0800527c                TM_FATFS_SD_disk_initialize
 .text.TM_FATFS_SD_disk_status
                0x080054cc       0x14 ..\obj\fatfs_sd.o
                0x080054cc                TM_FATFS_SD_disk_status
 .text.TM_FATFS_SD_disk_read
                0x080054e0       0x78 ..\obj\fatfs_sd.o
                0x080054e0                TM_FATFS_SD_disk_read
 .text.TM_FATFS_SD_disk_write
                0x08005558       0x9c ..\obj\fatfs_sd.o
                0x08005558                TM_FATFS_SD_disk_write
 .text.TM_FATFS_SD_disk_ioctl
                0x080055f4      0x298 ..\obj\fatfs_sd.o
                0x080055f4                TM_FATFS_SD_disk_ioctl
 .text.USBH_MSC_ClassRequest
                0x0800588c        0xc ..\obj\usbh_msc_core.o
 .text.USBH_MSC_InterfaceDeInit
                0x08005898       0x3c ..\obj\usbh_msc_core.o
 .text.USBH_MSC_InterfaceInit
                0x080058d4       0xb0 ..\obj\usbh_msc_core.o
 .text.USBH_MSC_ErrorHandle
                0x08005984       0x3c ..\obj\usbh_msc_core.o
                0x08005984                USBH_MSC_ErrorHandle
 .text.USBH_MSC_Handle
                0x080059c0      0x1a8 ..\obj\usbh_msc_core.o
 .text.BTBtnsProc
                0x08005b68       0x38 ..\obj\bt.o
                0x08005b68                BTBtnsProc
 .text.Gpio_Init
                0x08005ba0      0x12c ..\obj\gpio.o
                0x08005ba0                Gpio_Init
 .text.SysTick_Handler
                0x08005ccc       0x90 ..\obj\tm_stm32f4_delay.o
                0x08005ccc                SysTick_Handler
 .text.TM_DELAY_Init
                0x08005d5c       0x58 ..\obj\tm_stm32f4_delay.o
                0x08005d5c                TM_DELAY_Init
 .text.File_Cmp_Ext
                0x08005db4       0x24 ..\obj\file.o
                0x08005db4                File_Cmp_Ext
 .text.scan_files
                0x08005dd8      0x104 ..\obj\file.o
                0x08005dd8                scan_files
 .text.TM_SPI_WriteMulti
                0x08005edc       0x4c ..\obj\tm_stm32f4_spi.o
                0x08005edc                TM_SPI_WriteMulti
 .text.TM_SPI_ReadMulti
                0x08005f28       0x4c ..\obj\tm_stm32f4_spi.o
                0x08005f28                TM_SPI_ReadMulti
 .text.TM_SPI_InitCustomPinsCallback
                0x08005f74        0x4 ..\obj\tm_stm32f4_spi.o
                0x08005f74                TM_SPI_InitCustomPinsCallback
 .text.TM_SPI1_INT_InitPins
                0x08005f78       0x54 ..\obj\tm_stm32f4_spi.o
                0x08005f78                TM_SPI1_INT_InitPins
 .text.TM_SPIx_Init
                0x08005fcc       0xbc ..\obj\tm_stm32f4_spi.o
 .text.TM_SPI_Init
                0x08006088       0x28 ..\obj\tm_stm32f4_spi.o
                0x08006088                TM_SPI_Init
 .text.MenuInit
                0x080060b0       0x40 ..\obj\menu.o
                0x080060b0                MenuInit
 .text.TM_EXTI_Handler
                0x080060f0       0x2c ..\obj\menu.o
                0x080060f0                TM_EXTI_Handler
 .text.RotSwPRessed
                0x0800611c       0x14 ..\obj\menu.o
                0x0800611c                RotSwPRessed
 .text.ButtonPRessed
                0x08006130       0x14 ..\obj\menu.o
                0x08006130                ButtonPRessed
 .text.TIM2_IRQHandler
                0x08006144       0x3c ..\obj\menu.o
                0x08006144                TIM2_IRQHandler
 .text.TIM4_IRQHandler
                0x08006180       0x38 ..\obj\menu.o
                0x08006180                TIM4_IRQHandler
 .text.RemoveId3
                0x080061b8       0x28 ..\obj\menu.o
                0x080061b8                RemoveId3
 .text.RemoveFromIndex
                0x080061e0       0xa4 ..\obj\menu.o
                0x080061e0                RemoveFromIndex
 .text.PutId3   0x08006284       0x54 ..\obj\menu.o
                0x08006284                PutId3
 .text.PutToIndex
                0x080062d8       0x8c ..\obj\menu.o
                0x080062d8                PutToIndex
 .text.ChangeToList
                0x08006364       0x10 ..\obj\menu.o
                0x08006364                ChangeToList
 .text.MainMenuProc
                0x08006374      0x228 ..\obj\menu.o
                0x08006374                MainMenuProc
 .text.ChangeToMain
                0x0800659c       0x10 ..\obj\menu.o
                0x0800659c                ChangeToMain
 .text.ListProc
                0x080065ac      0x194 ..\obj\menu.o
                0x080065ac                ListProc
 .text.MenuProc
                0x08006740       0x24 ..\obj\menu.o
                0x08006740                MenuProc
 .text.USBH_Connected
                0x08006764        0xc ..\obj\usbh_core.o
                0x08006764                USBH_Connected
 .text.USBH_Disconnected
                0x08006770        0xc ..\obj\usbh_core.o
                0x08006770                USBH_Disconnected
 .text.USBH_SOF
                0x0800677c        0x4 ..\obj\usbh_core.o
                0x0800677c                USBH_SOF
 .text.USBH_DeInit
                0x08006780       0x34 ..\obj\usbh_core.o
                0x08006780                USBH_DeInit
 .text.USBH_Init
                0x080067b4       0x40 ..\obj\usbh_core.o
                0x080067b4                USBH_Init
 .text.USBH_ErrorHandle
                0x080067f4       0x2c ..\obj\usbh_core.o
                0x080067f4                USBH_ErrorHandle
 .text.USBH_HandleControl
                0x08006820      0x234 ..\obj\usbh_core.o
                0x08006820                USBH_HandleControl
 .text.USBH_Process
                0x08006a54      0x390 ..\obj\usbh_core.o
                0x08006a54                USBH_Process
 .text.GPIO_Init
                0x08006de4       0x90 ..\obj\stm32f4xx_gpio.o
                0x08006de4                GPIO_Init
 .text.GPIO_ReadInputDataBit
                0x08006e74        0xc ..\obj\stm32f4xx_gpio.o
                0x08006e74                GPIO_ReadInputDataBit
 .text.GPIO_SetBits
                0x08006e80        0x4 ..\obj\stm32f4xx_gpio.o
                0x08006e80                GPIO_SetBits
 .text.GPIO_ResetBits
                0x08006e84        0x4 ..\obj\stm32f4xx_gpio.o
                0x08006e84                GPIO_ResetBits
 .text.GPIO_WriteBit
                0x08006e88        0xc ..\obj\stm32f4xx_gpio.o
                0x08006e88                GPIO_WriteBit
 .text.GPIO_PinAFConfig
                0x08006e94       0x28 ..\obj\stm32f4xx_gpio.o
                0x08006e94                GPIO_PinAFConfig
 .text.Mp3ReadId3V2Text
                0x08006ebc       0xc0 ..\obj\id3.o
                0x08006ebc                Mp3ReadId3V2Text
 .text.Mp3ReadId3V2Tag
                0x08006f7c      0x1d0 ..\obj\id3.o
                0x08006f7c                Mp3ReadId3V2Tag
 .text.USBH_MSC_TestUnitReady
                0x0800714c       0xa0 ..\obj\usbh_msc_scsi.o
                0x0800714c                USBH_MSC_TestUnitReady
 .text.USBH_MSC_ReadCapacity10
                0x080071ec       0xbc ..\obj\usbh_msc_scsi.o
                0x080071ec                USBH_MSC_ReadCapacity10
 .text.USBH_MSC_ModeSense6
                0x080072a8       0xb8 ..\obj\usbh_msc_scsi.o
                0x080072a8                USBH_MSC_ModeSense6
 .text.USBH_MSC_RequestSense
                0x08007360       0xc0 ..\obj\usbh_msc_scsi.o
                0x08007360                USBH_MSC_RequestSense
 .text.USBH_MSC_Write10
                0x08007420       0xc0 ..\obj\usbh_msc_scsi.o
                0x08007420                USBH_MSC_Write10
 .text.USBH_MSC_Read10
                0x080074e0       0xe4 ..\obj\usbh_msc_scsi.o
                0x080074e0                USBH_MSC_Read10
 .text.SystemInit
                0x080075c4       0xf4 ..\obj\system_stm32f4xx.o
                0x080075c4                SystemInit
 .text.DMA_Audio_Init_Single
                0x080076b8       0x74 ..\obj\DMA.o
                0x080076b8                DMA_Audio_Init_Single
 .text.DMA_Audio_Send
                0x0800772c       0x14 ..\obj\DMA.o
                0x0800772c                DMA_Audio_Send
 .text.DMA1_Stream7_IRQHandler
                0x08007740       0x5c ..\obj\DMA.o
                0x08007740                DMA1_Stream7_IRQHandler
 .text._sbrk    0x0800779c       0x20 ..\obj\syscalls.o
                0x0800779c                _sbrk
 .text.DMA_ClearFlag
                0x080077bc       0x34 ..\obj\stm32f4xx_dma.o
                0x080077bc                DMA_ClearFlag
 .text.DMA_ITConfig
                0x080077f0       0x44 ..\obj\stm32f4xx_dma.o
                0x080077f0                DMA_ITConfig
 .text.DMA_GetITStatus
                0x08007834       0x5c ..\obj\stm32f4xx_dma.o
                0x08007834                DMA_GetITStatus
 .text.DMA_ClearITPendingBit
                0x08007890       0x34 ..\obj\stm32f4xx_dma.o
                0x08007890                DMA_ClearITPendingBit
 .text.USBH_USR_Init
                0x080078c4       0x18 ..\obj\usbh_usr.o
                0x080078c4                USBH_USR_Init
 .text.USBH_USR_DeviceAttached
                0x080078dc       0x18 ..\obj\usbh_usr.o
                0x080078dc                USBH_USR_DeviceAttached
 .text.USBH_USR_UnrecoveredError
                0x080078f4       0x18 ..\obj\usbh_usr.o
                0x080078f4                USBH_USR_UnrecoveredError
 .text.USBH_USR_DeviceDisconnected
                0x0800790c       0x18 ..\obj\usbh_usr.o
                0x0800790c                USBH_USR_DeviceDisconnected
 .text.USBH_USR_ResetDevice
                0x08007924        0xc ..\obj\usbh_usr.o
                0x08007924                USBH_USR_ResetDevice
 .text.USBH_USR_DeviceSpeedDetected
                0x08007930        0x4 ..\obj\usbh_usr.o
                0x08007930                USBH_USR_DeviceSpeedDetected
 .text.USBH_USR_Device_DescAvailable
                0x08007934        0x4 ..\obj\usbh_usr.o
                0x08007934                USBH_USR_Device_DescAvailable
 .text.USBH_USR_DeviceAddressAssigned
                0x08007938        0x4 ..\obj\usbh_usr.o
                0x08007938                USBH_USR_DeviceAddressAssigned
 .text.USBH_USR_Configuration_DescAvailable
                0x0800793c        0x4 ..\obj\usbh_usr.o
                0x0800793c                USBH_USR_Configuration_DescAvailable
 .text.USBH_USR_Manufacturer_String
                0x08007940        0x4 ..\obj\usbh_usr.o
                0x08007940                USBH_USR_Manufacturer_String
 .text.USBH_USR_Product_String
                0x08007944        0x4 ..\obj\usbh_usr.o
                0x08007944                USBH_USR_Product_String
 .text.USBH_USR_SerialNum_String
                0x08007948        0x4 ..\obj\usbh_usr.o
                0x08007948                USBH_USR_SerialNum_String
 .text.USBH_USR_EnumerationDone
                0x0800794c        0x4 ..\obj\usbh_usr.o
                0x0800794c                USBH_USR_EnumerationDone
 .text.USBH_USR_DeviceNotSupported
                0x08007950        0xc ..\obj\usbh_usr.o
                0x08007950                USBH_USR_DeviceNotSupported
 .text.USBH_USR_UserInput
                0x0800795c        0x4 ..\obj\usbh_usr.o
                0x0800795c                USBH_USR_UserInput
 .text.USBH_USR_OverCurrentDetected
                0x08007960        0xc ..\obj\usbh_usr.o
                0x08007960                USBH_USR_OverCurrentDetected
 .text.USBH_USR_MSC_Application
                0x0800796c       0x30 ..\obj\usbh_usr.o
                0x0800796c                USBH_USR_MSC_Application
 .text.USBH_USR_DeInit
                0x0800799c        0xc ..\obj\usbh_usr.o
                0x0800799c                USBH_USR_DeInit
 .text.Cs43InitGpios
                0x080079a8       0x90 ..\obj\i2s.o
                0x080079a8                Cs43InitGpios
 .text.Cs43Init
                0x08007a38       0x48 ..\obj\i2s.o
                0x08007a38                Cs43Init
 .text.USB_OTG_BSP_Init
                0x08007a80       0x6c ..\obj\usb_bsp.o
                0x08007a80                USB_OTG_BSP_Init
 .text.USB_OTG_BSP_EnableInterrupt
                0x08007aec       0x2c ..\obj\usb_bsp.o
                0x08007aec                USB_OTG_BSP_EnableInterrupt
 .text.USB_OTG_BSP_DriveVBUS
                0x08007b18       0x20 ..\obj\usb_bsp.o
                0x08007b18                USB_OTG_BSP_DriveVBUS
 .text.USB_OTG_BSP_uDelay
                0x08007b38       0x2c ..\obj\usb_bsp.o
                0x08007b38                USB_OTG_BSP_uDelay
 .text.USB_OTG_BSP_ConfigVBUS
                0x08007b64       0x4c ..\obj\usb_bsp.o
                0x08007b64                USB_OTG_BSP_ConfigVBUS
 .text.USB_OTG_BSP_mDelay
                0x08007bb0       0x10 ..\obj\usb_bsp.o
                0x08007bb0                USB_OTG_BSP_mDelay
 .text.OTG_FS_IRQHandler
                0x08007bc0       0x10 ..\obj\usb_bsp.o
                0x08007bc0                OTG_FS_IRQHandler
 .text.TM_USB_MSCHOST_Process
                0x08007bd0       0x20 ..\obj\tm_stm32f4_usb_msc_host.o
                0x08007bd0                TM_USB_MSCHOST_Process
 .text.TM_USB_MSCHOST_Device
                0x08007bf0       0x18 ..\obj\tm_stm32f4_usb_msc_host.o
                0x08007bf0                TM_USB_MSCHOST_Device
 .text.TM_USB_MSCHOST_Init
                0x08007c08       0x48 ..\obj\tm_stm32f4_usb_msc_host.o
                0x08007c08                TM_USB_MSCHOST_Init
 .text.xmp3fixpt_MidSideProc
                0x08007c50       0x68 ..\obj\stproc.o
                0x08007c50                xmp3fixpt_MidSideProc
 .text.xmp3fixpt_IntensityProcMPEG1
                0x08007cb8      0x330 ..\obj\stproc.o
                0x08007cb8                xmp3fixpt_IntensityProcMPEG1
 .text.xmp3fixpt_IntensityProcMPEG2
                0x08007fe8      0x2b0 ..\obj\stproc.o
                0x08007fe8                xmp3fixpt_IntensityProcMPEG2
 .text.xmp3fixpt_DecodeHuffman
                0x08008298      0x77c ..\obj\huffman.o
                0x08008298                xmp3fixpt_DecodeHuffman
 .text.PreampSetVol
                0x08008a14       0x4c ..\obj\preamp.o
                0x08008a14                PreampSetVol
 .text.PreampSetSpeakAtt
                0x08008a60       0x30 ..\obj\preamp.o
                0x08008a60                PreampSetSpeakAtt
 .text.PreampSetInputGain
                0x08008a90       0x34 ..\obj\preamp.o
                0x08008a90                PreampSetInputGain
 .text.PreampSetBass
                0x08008ac4       0x58 ..\obj\preamp.o
                0x08008ac4                PreampSetBass
 .text.PreampSetTreble
                0x08008b1c       0x58 ..\obj\preamp.o
                0x08008b1c                PreampSetTreble
 .text.PreampInit
                0x08008b74       0x54 ..\obj\preamp.o
                0x08008b74                PreampInit
 .text.PreampSetSourceWrapper
                0x08008bc8       0x4c ..\obj\preamp.o
                0x08008bc8                PreampSetSourceWrapper
 .text.ClearBuffer
                0x08008c14       0x14 ..\obj\buffers.o
 .text.xmp3fixpt_AllocateBuffers
                0x08008c28       0x8c ..\obj\buffers.o
                0x08008c28                xmp3fixpt_AllocateBuffers
 .text.mem_cpy  0x08008cb4       0x14 ..\obj\ff.o
 .text.mem_set  0x08008cc8       0x10 ..\obj\ff.o
 .text.ld_clust
                0x08008cd8       0x20 ..\obj\ff.o
 .text.get_fileinfo
                0x08008cf8       0x68 ..\obj\ff.o
 .text.get_ldnumber
                0x08008d60       0xb8 ..\obj\ff.o
 .text.sync_window
                0x08008e18       0x68 ..\obj\ff.o
 .text.move_window
                0x08008e80       0x38 ..\obj\ff.o
 .text.check_fs
                0x08008eb8       0x8c ..\obj\ff.o
 .text.validate
                0x08008f44       0x38 ..\obj\ff.o
 .text.find_volume
                0x08008f7c      0x3cc ..\obj\ff.o
 .text.sync_fs  0x08009348       0xbc ..\obj\ff.o
 .text.clust2sect
                0x08009404       0x18 ..\obj\ff.o
                0x08009404                clust2sect
 .text.get_fat  0x0800941c       0xe8 ..\obj\ff.o
                0x0800941c                get_fat
 .text.dir_sdi  0x08009504       0xa0 ..\obj\ff.o
 .text.put_fat  0x080095a4      0x13c ..\obj\ff.o
                0x080095a4                put_fat
 .text.create_chain
                0x080096e0       0xc0 ..\obj\ff.o
 .text.dir_next
                0x080097a0      0x124 ..\obj\ff.o
 .text.follow_path
                0x080098c4      0x268 ..\obj\ff.o
 .text.dir_alloc
                0x08009b2c       0x4c ..\obj\ff.o
 .text.dir_register
                0x08009b78       0x38 ..\obj\ff.o
 .text.dir_read
                0x08009bb0       0x5c ..\obj\ff.o
 .text.remove_chain
                0x08009c0c       0x6c ..\obj\ff.o
 .text.f_mount  0x08009c78       0x68 ..\obj\ff.o
                0x08009c78                f_mount
 .text.f_open   0x08009ce0      0x17c ..\obj\ff.o
                0x08009ce0                f_open
 .text.f_read   0x08009e5c      0x178 ..\obj\ff.o
                0x08009e5c                f_read
 .text.f_sync   0x08009fd4       0xac ..\obj\ff.o
                0x08009fd4                f_sync
 .text.f_close  0x0800a080       0x20 ..\obj\ff.o
                0x0800a080                f_close
 .text.f_lseek  0x0800a0a0      0x168 ..\obj\ff.o
                0x0800a0a0                f_lseek
 .text.f_opendir
                0x0800a208       0x7c ..\obj\ff.o
                0x0800a208                f_opendir
 .text.f_closedir
                0x0800a284       0x14 ..\obj\ff.o
                0x0800a284                f_closedir
 .text.f_readdir
                0x0800a298       0x5c ..\obj\ff.o
                0x0800a298                f_readdir
 .text.HCD_Init
                0x0800a2f4       0x54 ..\obj\usb_hcd.o
                0x0800a2f4                HCD_Init
 .text.HCD_GetCurrentSpeed
                0x0800a348        0xc ..\obj\usb_hcd.o
                0x0800a348                HCD_GetCurrentSpeed
 .text.HCD_ResetPort
                0x0800a354        0xc ..\obj\usb_hcd.o
                0x0800a354                HCD_ResetPort
 .text.HCD_IsDeviceConnected
                0x0800a360        0x8 ..\obj\usb_hcd.o
                0x0800a360                HCD_IsDeviceConnected
 .text.HCD_GetCurrentFrame
                0x0800a368        0x8 ..\obj\usb_hcd.o
                0x0800a368                HCD_GetCurrentFrame
 .text.HCD_GetURB_State
                0x0800a370        0x8 ..\obj\usb_hcd.o
                0x0800a370                HCD_GetURB_State
 .text.HCD_GetXferCnt
                0x0800a378        0x8 ..\obj\usb_hcd.o
                0x0800a378                HCD_GetXferCnt
 .text.HCD_SubmitRequest
                0x0800a380       0x18 ..\obj\usb_hcd.o
                0x0800a380                HCD_SubmitRequest
 .text.USBH_MSC_Init
                0x0800a398       0x40 ..\obj\usbh_msc_bot.o
                0x0800a398                USBH_MSC_Init
 .text.USBH_MSC_BOT_Abort
                0x0800a3d8       0x3c ..\obj\usbh_msc_bot.o
                0x0800a3d8                USBH_MSC_BOT_Abort
 .text.USBH_MSC_DecodeCSW
                0x0800a414       0x6c ..\obj\usbh_msc_bot.o
                0x0800a414                USBH_MSC_DecodeCSW
 .text.USBH_MSC_HandleBOTXfer
                0x0800a480      0x2b8 ..\obj\usbh_msc_bot.o
                0x0800a480                USBH_MSC_HandleBOTXfer
 .text.SPI_Init
                0x0800a738       0x40 ..\obj\stm32f4xx_spi.o
                0x0800a738                SPI_Init
 .text.SPI_StructInit
                0x0800a778       0x18 ..\obj\stm32f4xx_spi.o
                0x0800a778                SPI_StructInit
 .text.SPI_I2S_DMACmd
                0x0800a790       0x18 ..\obj\stm32f4xx_spi.o
                0x0800a790                SPI_I2S_DMACmd
 .text.xmp3fixpt_FDCT32
                0x0800a7a8      0x674 ..\obj\dct32.o
                0x0800a7a8                xmp3fixpt_FDCT32
 .text.I2C_Init
                0x0800ae1c       0xe0 ..\obj\stm32f4xx_i2c.o
                0x0800ae1c                I2C_Init
 .text.I2C_Cmd  0x0800aefc       0x1c ..\obj\stm32f4xx_i2c.o
                0x0800aefc                I2C_Cmd
 .text.I2C_GenerateSTART
                0x0800af18       0x1c ..\obj\stm32f4xx_i2c.o
                0x0800af18                I2C_GenerateSTART
 .text.I2C_GenerateSTOP
                0x0800af34       0x1c ..\obj\stm32f4xx_i2c.o
                0x0800af34                I2C_GenerateSTOP
 .text.I2C_Send7bitAddress
                0x0800af50       0x14 ..\obj\stm32f4xx_i2c.o
                0x0800af50                I2C_Send7bitAddress
 .text.I2C_SendData
                0x0800af64        0x4 ..\obj\stm32f4xx_i2c.o
                0x0800af64                I2C_SendData
 .text.I2C_CheckEvent
                0x0800af68       0x1c ..\obj\stm32f4xx_i2c.o
                0x0800af68                I2C_CheckEvent
 .text.I2C_GetFlagStatus
                0x0800af84       0x38 ..\obj\stm32f4xx_i2c.o
                0x0800af84                I2C_GetFlagStatus
 .text.USBH_CtlReq
                0x0800afbc       0x54 ..\obj\usbh_ioreq.o
                0x0800afbc                USBH_CtlReq
 .text.USBH_CtlSendSetup
                0x0800b010       0x30 ..\obj\usbh_ioreq.o
                0x0800b010                USBH_CtlSendSetup
 .text.USBH_CtlSendData
                0x0800b040       0x4c ..\obj\usbh_ioreq.o
                0x0800b040                USBH_CtlSendData
 .text.USBH_CtlReceiveData
                0x0800b08c       0x2c ..\obj\usbh_ioreq.o
                0x0800b08c                USBH_CtlReceiveData
 .text.USBH_BulkSendData
                0x0800b0b8       0x40 ..\obj\usbh_ioreq.o
                0x0800b0b8                USBH_BulkSendData
 .text.USBH_BulkReceiveData
                0x0800b0f8       0x40 ..\obj\usbh_ioreq.o
                0x0800b0f8                USBH_BulkReceiveData
 .text.NVIC_PriorityGroupConfig
                0x0800b138       0x14 ..\obj\misc.o
                0x0800b138                NVIC_PriorityGroupConfig
 .text.NVIC_Init
                0x0800b14c       0x70 ..\obj\misc.o
                0x0800b14c                NVIC_Init
 .text.Sys_DelayUs
                0x0800b1bc       0x14 ..\obj\glcd.o
                0x0800b1bc                Sys_DelayUs
 .text.GLCD_Write
                0x0800b1d0       0xc4 ..\obj\glcd.o
                0x0800b1d0                GLCD_Write
 .text.GLCD_Clear
                0x0800b294       0x4c ..\obj\glcd.o
                0x0800b294                GLCD_Clear
 .text.GLCD_Init
                0x0800b2e0       0x34 ..\obj\glcd.o
                0x0800b2e0                GLCD_Init
 .text.GLCD_Write_Char
                0x0800b314       0x88 ..\obj\glcd.o
                0x0800b314                GLCD_Write_Char
 .text.GLCD_WriteString
                0x0800b39c       0x2c ..\obj\glcd.o
                0x0800b39c                GLCD_WriteString
 .text.TM_GPIO_GetPinSource
                0x0800b3c8       0x18 ..\obj\tm_stm32f4_gpio.o
                0x0800b3c8                TM_GPIO_GetPinSource
 .text.TM_GPIO_GetPortSource
                0x0800b3e0       0x10 ..\obj\tm_stm32f4_gpio.o
                0x0800b3e0                TM_GPIO_GetPortSource
 .text.TM_GPIO_INT_EnableClock
                0x0800b3f0       0x20 ..\obj\tm_stm32f4_gpio.o
                0x0800b3f0                TM_GPIO_INT_EnableClock
 .text.TM_GPIO_INT_Init
                0x0800b410       0xa4 ..\obj\tm_stm32f4_gpio.o
                0x0800b410                TM_GPIO_INT_Init
 .text.TM_GPIO_Init
                0x0800b4b4       0x30 ..\obj\tm_stm32f4_gpio.o
                0x0800b4b4                TM_GPIO_Init
 .text.TM_GPIO_InitAlternate
                0x0800b4e4       0x68 ..\obj\tm_stm32f4_gpio.o
                0x0800b4e4                TM_GPIO_InitAlternate
 .text.xmp3fixpt_PolyphaseMono
                0x0800b54c      0x2bc ..\obj\polyphase.o
                0x0800b54c                xmp3fixpt_PolyphaseMono
 .text.xmp3fixpt_PolyphaseStereo
                0x0800b808      0x56c ..\obj\polyphase.o
                0x0800b808                xmp3fixpt_PolyphaseStereo
 .text.TIM_TimeBaseInit
                0x0800bd74       0x88 ..\obj\stm32f4xx_tim.o
                0x0800bd74                TIM_TimeBaseInit
 .text.TIM_Cmd  0x0800bdfc       0x1c ..\obj\stm32f4xx_tim.o
                0x0800bdfc                TIM_Cmd
 .text.TIM_ITConfig
                0x0800be18       0x18 ..\obj\stm32f4xx_tim.o
                0x0800be18                TIM_ITConfig
 .text.TIM_GetITStatus
                0x0800be30       0x18 ..\obj\stm32f4xx_tim.o
                0x0800be30                TIM_GetITStatus
 .text.TIM_ClearITPendingBit
                0x0800be48        0x8 ..\obj\stm32f4xx_tim.o
                0x0800be48                TIM_ClearITPendingBit
 .text.USBH_OTG_ISR_Handler
                0x0800be50      0x10c ..\obj\usb_hcd_int.o
                0x0800be50                USBH_OTG_ISR_Handler
 .text.USB_OTG_USBH_handle_hc_ISR
                0x0800bf5c       0x8c ..\obj\usb_hcd_int.o
 .text.USB_OTG_USBH_handle_sof_ISR
                0x0800bfe8       0x34 ..\obj\usb_hcd_int.o
 .text.USB_OTG_USBH_handle_Disconnect_ISR
                0x0800c01c       0x34 ..\obj\usb_hcd_int.o
 .text.USB_OTG_USBH_handle_nptxfempty_ISR
                0x0800c050      0x188 ..\obj\usb_hcd_int.o
 .text.USB_OTG_USBH_handle_ptxfempty_ISR
                0x0800c1d8      0x188 ..\obj\usb_hcd_int.o
 .text.USB_OTG_USBH_handle_port_ISR
                0x0800c360      0x164 ..\obj\usb_hcd_int.o
 .text.USB_OTG_USBH_handle_hc_n_Out_ISR
                0x0800c4c4      0x550 ..\obj\usb_hcd_int.o
 .text.USB_OTG_USBH_handle_hc_n_In_ISR
                0x0800ca14      0x5b0 ..\obj\usb_hcd_int.o
 .text.USB_OTG_USBH_handle_rx_qlvl_ISR
                0x0800cfc4      0x198 ..\obj\usb_hcd_int.o
 .text.USB_OTG_USBH_handle_IncompletePeriodicXfer_ISR
                0x0800d15c       0x4c ..\obj\usb_hcd_int.o
 .text          0x0800d1a8      0x370 c:/program files (x86)/gnu tools arm embedded/5.4 2016q3/bin/../lib/gcc/arm-none-eabi/5.4.1/armv7e-m\libgcc.a(_arm_addsubdf3.o)
                0x0800d1a8                __aeabi_drsub
                0x0800d1b0                __aeabi_dsub
                0x0800d1b0                __subdf3
                0x0800d1b4                __aeabi_dadd
                0x0800d1b4                __adddf3
                0x0800d42c                __floatunsidf
                0x0800d42c                __aeabi_ui2d
                0x0800d44c                __floatsidf
                0x0800d44c                __aeabi_i2d
                0x0800d470                __aeabi_f2d
                0x0800d470                __extendsfdf2
                0x0800d4ac                __floatundidf
                0x0800d4ac                __aeabi_ul2d
                0x0800d4bc                __floatdidf
                0x0800d4bc                __aeabi_l2d
 .text          0x0800d518      0x424 c:/program files (x86)/gnu tools arm embedded/5.4 2016q3/bin/../lib/gcc/arm-none-eabi/5.4.1/armv7e-m\libgcc.a(_arm_muldivdf3.o)
                0x0800d518                __aeabi_dmul
                0x0800d518                __muldf3
                0x0800d76c                __divdf3
                0x0800d76c                __aeabi_ddiv
 .text          0x0800d93c      0x110 c:/program files (x86)/gnu tools arm embedded/5.4 2016q3/bin/../lib/gcc/arm-none-eabi/5.4.1/armv7e-m\libgcc.a(_arm_cmpdf2.o)
                0x0800d93c                __gtdf2
                0x0800d93c                __gedf2
                0x0800d944                __ltdf2
                0x0800d944                __ledf2
                0x0800d94c                __nedf2
                0x0800d94c                __eqdf2
                0x0800d94c                __cmpdf2
                0x0800d9c8                __aeabi_cdrcmple
                0x0800d9d8                __aeabi_cdcmpeq
                0x0800d9d8                __aeabi_cdcmple
                0x0800d9e8                __aeabi_dcmpeq
                0x0800d9fc                __aeabi_dcmplt
                0x0800da10                __aeabi_dcmple
                0x0800da24                __aeabi_dcmpge
                0x0800da38                __aeabi_dcmpgt
 .text._malloc_r
                0x0800da4c      0x570 c:/program files (x86)/gnu tools arm embedded/5.4 2016q3/bin/../lib/gcc/arm-none-eabi/5.4.1/../../../../arm-none-eabi/lib/armv7e-m\libg.a(lib_a-mallocr.o)
                0x0800da4c                _malloc_r
 .text          0x0800dfbc      0x134 c:/program files (x86)/gnu tools arm embedded/5.4 2016q3/bin/../lib/gcc/arm-none-eabi/5.4.1/../../../../arm-none-eabi/lib/armv7e-m\libg.a(lib_a-memcpy.o)
                0x0800dfbc                memcpy
 .text.memmove  0x0800e0f0       0xc8 c:/program files (x86)/gnu tools arm embedded/5.4 2016q3/bin/../lib/gcc/arm-none-eabi/5.4.1/../../../../arm-none-eabi/lib/armv7e-m\libg.a(lib_a-memmove.o)
                0x0800e0f0                memmove
 .text.__malloc_lock
                0x0800e1b8        0x4 c:/program files (x86)/gnu tools arm embedded/5.4 2016q3/bin/../lib/gcc/arm-none-eabi/5.4.1/../../../../arm-none-eabi/lib/armv7e-m\libg.a(lib_a-mlock.o)
                0x0800e1b8                __malloc_lock
 .text.__malloc_unlock
                0x0800e1bc        0x4 c:/program files (x86)/gnu tools arm embedded/5.4 2016q3/bin/../lib/gcc/arm-none-eabi/5.4.1/../../../../arm-none-eabi/lib/armv7e-m\libg.a(lib_a-mlock.o)
                0x0800e1bc                __malloc_unlock
 .text.realloc  0x0800e1c0       0x10 c:/program files (x86)/gnu tools arm embedded/5.4 2016q3/bin/../lib/gcc/arm-none-eabi/5.4.1/../../../../arm-none-eabi/lib/armv7e-m\libg.a(lib_a-realloc.o)
                0x0800e1c0                realloc
 .text._realloc_r
                0x0800e1d0      0x3e0 c:/program files (x86)/gnu tools arm embedded/5.4 2016q3/bin/../lib/gcc/arm-none-eabi/5.4.1/../../../../arm-none-eabi/lib/armv7e-m\libg.a(lib_a-reallocr.o)
                0x0800e1d0                _realloc_r
 .text._sbrk_r  0x0800e5b0       0x24 c:/program files (x86)/gnu tools arm embedded/5.4 2016q3/bin/../lib/gcc/arm-none-eabi/5.4.1/../../../../arm-none-eabi/lib/armv7e-m\libg.a(lib_a-sbrkr.o)
                0x0800e5b0                _sbrk_r
 .text.sprintf  0x0800e5d4       0x4c c:/program files (x86)/gnu tools arm embedded/5.4 2016q3/bin/../lib/gcc/arm-none-eabi/5.4.1/../../../../arm-none-eabi/lib/armv7e-m\libg.a(lib_a-sprintf.o)
                0x0800e5d4                sprintf
 .text.strcpy   0x0800e620       0xbc c:/program files (x86)/gnu tools arm embedded/5.4 2016q3/bin/../lib/gcc/arm-none-eabi/5.4.1/../../../../arm-none-eabi/lib/armv7e-m\libg.a(lib_a-strcpy.o)
                0x0800e620                strcpy
 *fill*         0x0800e6dc       0x24 
 .text          0x0800e700       0xdc c:/program files (x86)/gnu tools arm embedded/5.4 2016q3/bin/../lib/gcc/arm-none-eabi/5.4.1/../../../../arm-none-eabi/lib/armv7e-m\libg.a(lib_a-strlen.o)
                0x0800e700                strlen
 .text._svfprintf_r
                0x0800e7dc     0x16b0 c:/program files (x86)/gnu tools arm embedded/5.4 2016q3/bin/../lib/gcc/arm-none-eabi/5.4.1/../../../../arm-none-eabi/lib/armv7e-m\libg.a(lib_a-svfprintf.o)
                0x0800e7dc                _svfprintf_r
 .text.quorem   0x0800fe8c      0x128 c:/program files (x86)/gnu tools arm embedded/5.4 2016q3/bin/../lib/gcc/arm-none-eabi/5.4.1/../../../../arm-none-eabi/lib/armv7e-m\libg.a(lib_a-dtoa.o)
 *fill*         0x0800ffb4        0x4 
 .text._dtoa_r  0x0800ffb8      0xe58 c:/program files (x86)/gnu tools arm embedded/5.4 2016q3/bin/../lib/gcc/arm-none-eabi/5.4.1/../../../../arm-none-eabi/lib/armv7e-m\libg.a(lib_a-dtoa.o)
                0x0800ffb8                _dtoa_r
 .text._malloc_trim_r
                0x08010e10       0x9c c:/program files (x86)/gnu tools arm embedded/5.4 2016q3/bin/../lib/gcc/arm-none-eabi/5.4.1/../../../../arm-none-eabi/lib/armv7e-m\libg.a(lib_a-freer.o)
                0x08010e10                _malloc_trim_r
 .text._free_r  0x08010eac      0x1d0 c:/program files (x86)/gnu tools arm embedded/5.4 2016q3/bin/../lib/gcc/arm-none-eabi/5.4.1/../../../../arm-none-eabi/lib/armv7e-m\libg.a(lib_a-freer.o)
                0x08010eac                _free_r
 .text._localeconv_r
                0x0801107c       0x1c c:/program files (x86)/gnu tools arm embedded/5.4 2016q3/bin/../lib/gcc/arm-none-eabi/5.4.1/../../../../arm-none-eabi/lib/armv7e-m\libg.a(lib_a-localeconv.o)
                0x0801107c                _localeconv_r
 *fill*         0x08011098        0x8 
 .text          0x080110a0       0xa0 c:/program files (x86)/gnu tools arm embedded/5.4 2016q3/bin/../lib/gcc/arm-none-eabi/5.4.1/../../../../arm-none-eabi/lib/armv7e-m\libg.a(lib_a-memchr.o)
                0x080110a0                memchr
 .text._Balloc  0x08011140       0x4c c:/program files (x86)/gnu tools arm embedded/5.4 2016q3/bin/../lib/gcc/arm-none-eabi/5.4.1/../../../../arm-none-eabi/lib/armv7e-m\libg.a(lib_a-mprec.o)
                0x08011140                _Balloc
 .text._Bfree   0x0801118c       0x14 c:/program files (x86)/gnu tools arm embedded/5.4 2016q3/bin/../lib/gcc/arm-none-eabi/5.4.1/../../../../arm-none-eabi/lib/armv7e-m\libg.a(lib_a-mprec.o)
                0x0801118c                _Bfree
 .text.__multadd
                0x080111a0       0x80 c:/program files (x86)/gnu tools arm embedded/5.4 2016q3/bin/../lib/gcc/arm-none-eabi/5.4.1/../../../../arm-none-eabi/lib/armv7e-m\libg.a(lib_a-mprec.o)
                0x080111a0                __multadd
 .text.__hi0bits
                0x08011220       0x40 c:/program files (x86)/gnu tools arm embedded/5.4 2016q3/bin/../lib/gcc/arm-none-eabi/5.4.1/../../../../arm-none-eabi/lib/armv7e-m\libg.a(lib_a-mprec.o)
                0x08011220                __hi0bits
 .text.__lo0bits
                0x08011260       0x5c c:/program files (x86)/gnu tools arm embedded/5.4 2016q3/bin/../lib/gcc/arm-none-eabi/5.4.1/../../../../arm-none-eabi/lib/armv7e-m\libg.a(lib_a-mprec.o)
                0x08011260                __lo0bits
 .text.__i2b    0x080112bc       0x14 c:/program files (x86)/gnu tools arm embedded/5.4 2016q3/bin/../lib/gcc/arm-none-eabi/5.4.1/../../../../arm-none-eabi/lib/armv7e-m\libg.a(lib_a-mprec.o)
                0x080112bc                __i2b
 .text.__multiply
                0x080112d0      0x130 c:/program files (x86)/gnu tools arm embedded/5.4 2016q3/bin/../lib/gcc/arm-none-eabi/5.4.1/../../../../arm-none-eabi/lib/armv7e-m\libg.a(lib_a-mprec.o)
                0x080112d0                __multiply
 .text.__pow5mult
                0x08011400       0xa0 c:/program files (x86)/gnu tools arm embedded/5.4 2016q3/bin/../lib/gcc/arm-none-eabi/5.4.1/../../../../arm-none-eabi/lib/armv7e-m\libg.a(lib_a-mprec.o)
                0x08011400                __pow5mult
 .text.__lshift
                0x080114a0       0xb0 c:/program files (x86)/gnu tools arm embedded/5.4 2016q3/bin/../lib/gcc/arm-none-eabi/5.4.1/../../../../arm-none-eabi/lib/armv7e-m\libg.a(lib_a-mprec.o)
                0x080114a0                __lshift
 .text.__mcmp   0x08011550       0x40 c:/program files (x86)/gnu tools arm embedded/5.4 2016q3/bin/../lib/gcc/arm-none-eabi/5.4.1/../../../../arm-none-eabi/lib/armv7e-m\libg.a(lib_a-mprec.o)
                0x08011550                __mcmp
 .text.__mdiff  0x08011590      0x114 c:/program files (x86)/gnu tools arm embedded/5.4 2016q3/bin/../lib/gcc/arm-none-eabi/5.4.1/../../../../arm-none-eabi/lib/armv7e-m\libg.a(lib_a-mprec.o)
                0x08011590                __mdiff
 .text.__d2b    0x080116a4       0xb8 c:/program files (x86)/gnu tools arm embedded/5.4 2016q3/bin/../lib/gcc/arm-none-eabi/5.4.1/../../../../arm-none-eabi/lib/armv7e-m\libg.a(lib_a-mprec.o)
                0x080116a4                __d2b
 .text.__ssprint_r
                0x0801175c      0x100 c:/program files (x86)/gnu tools arm embedded/5.4 2016q3/bin/../lib/gcc/arm-none-eabi/5.4.1/../../../../arm-none-eabi/lib/armv7e-m\libg.a(lib_a-svfiprintf.o)
                0x0801175c                __ssprint_r
 .text._calloc_r
                0x0801185c       0x60 c:/program files (x86)/gnu tools arm embedded/5.4 2016q3/bin/../lib/gcc/arm-none-eabi/5.4.1/../../../../arm-none-eabi/lib/armv7e-m\libg.a(lib_a-callocr.o)
                0x0801185c                _calloc_r
 .text.__ascii_mbtowc
                0x080118bc       0x2c c:/program files (x86)/gnu tools arm embedded/5.4 2016q3/bin/../lib/gcc/arm-none-eabi/5.4.1/../../../../arm-none-eabi/lib/armv7e-m\libg.a(lib_a-mbtowc_r.o)
                0x080118bc                __ascii_mbtowc
 .text.memset   0x080118e8       0x9c c:/program files (x86)/gnu tools arm embedded/5.4 2016q3/bin/../lib/gcc/arm-none-eabi/5.4.1/../../../../arm-none-eabi/lib/armv7e-m\libg.a(lib_a-memset.o)
                0x080118e8                memset
 .text.__ascii_wctomb
                0x08011984       0x1c c:/program files (x86)/gnu tools arm embedded/5.4 2016q3/bin/../lib/gcc/arm-none-eabi/5.4.1/../../../../arm-none-eabi/lib/armv7e-m\libg.a(lib_a-wctomb_r.o)
                0x08011984                __ascii_wctomb
 .text          0x080119a0       0x2c c:/program files (x86)/gnu tools arm embedded/5.4 2016q3/bin/../lib/gcc/arm-none-eabi/5.4.1/armv7e-m\libgcc.a(_arm_unorddf2.o)
                0x080119a0                __unorddf2
                0x080119a0                __aeabi_dcmpun
 .text          0x080119cc       0x50 c:/program files (x86)/gnu tools arm embedded/5.4 2016q3/bin/../lib/gcc/arm-none-eabi/5.4.1/armv7e-m\libgcc.a(_arm_fixdfsi.o)
                0x080119cc                __aeabi_d2iz
                0x080119cc                __fixdfsi
 .text          0x08011a1c       0x30 c:/program files (x86)/gnu tools arm embedded/5.4 2016q3/bin/../lib/gcc/arm-none-eabi/5.4.1/armv7e-m\libgcc.a(_aeabi_uldivmod.o)
                0x08011a1c                __aeabi_uldivmod
 .text          0x08011a4c      0x2e4 c:/program files (x86)/gnu tools arm embedded/5.4 2016q3/bin/../lib/gcc/arm-none-eabi/5.4.1/armv7e-m\libgcc.a(_udivmoddi4.o)
                0x08011a4c                __udivmoddi4
 .text          0x08011d30        0x4 c:/program files (x86)/gnu tools arm embedded/5.4 2016q3/bin/../lib/gcc/arm-none-eabi/5.4.1/armv7e-m\libgcc.a(_dvmd_tls.o)
                0x08011d30                __aeabi_idiv0
                0x08011d30                __aeabi_ldiv0
 *(.init)
 *(.fini)
 *crtbegin.o(.ctors)
 *crtbegin?.o(.ctors)
 *(EXCLUDE_FILE(*crtend.o *crtend?.o) .ctors)
 *(SORT(.ctors.*))
 *(.ctors)
 *crtbegin.o(.dtors)
 *crtbegin?.o(.dtors)
 *(EXCLUDE_FILE(*crtend.o *crtend?.o) .dtors)
 *(SORT(.dtors.*))
 *(.dtors)
 *(.rodata*)
 .rodata        0x08011d34      0x24e ..\obj\dqchan.o
 *fill*         0x08011f82        0x2 
 .rodata        0x08011f84       0x68 ..\obj\scalfact.o
 .rodata.str1.4
                0x08011fec        0x7 ..\obj\mp3.o
 *fill*         0x08011ff3        0x1 
 .rodata        0x08011ff4     0x2304 ..\obj\hufftabs.o
                0x08011ff4                xmp3fixpt_quadTabMaxBits
                0x08011ffc                xmp3fixpt_quadTabOffset
                0x08012004                xmp3fixpt_quadTable
                0x08012054                xmp3fixpt_huffTabLookup
                0x08012154                xmp3fixpt_huffTabOffset
                0x080121d4                xmp3fixpt_huffTable
 .rodata        0x080142f8       0x6c ..\obj\imdct.o
 .rodata        0x08014364      0x508 ..\obj\mp3tabs.o
                0x08014364                xmp3fixpt_sfBandTable
                0x08014600                xmp3fixpt_slotTab
                0x08014710                xmp3fixpt_sideBytesTab
                0x0801471c                xmp3fixpt_bitsPerSlotTab
                0x08014724                xmp3fixpt_samplesPerFrameTab
                0x08014738                xmp3fixpt_bitrateTab
                0x08014848                xmp3fixpt_samplerateTab
 .rodata.str1.4
                0x0801486c        0x7 ..\obj\main.o
 .rodata.str1.4
                0x0801486c        0x4 ..\obj\file.o
 .rodata        0x08014870       0x20 ..\obj\menu.o
 .rodata.str1.4
                0x08014890       0x58 ..\obj\menu.o
 .rodata.str1.4
                0x080148e8        0x4 ..\obj\usbh_core.o
 .rodata.str1.4
                0x080148ec       0x11 ..\obj\id3.o
 *fill*         0x080148fd        0x3 
 .rodata        0x08014900      0x86c ..\obj\trigtabs_fixpt.o
                0x08014900                xmp3fixpt_polyCoef
                0x08014d20                xmp3fixpt_coef32
                0x08014d9c                xmp3fixpt_csa
                0x08014ddc                xmp3fixpt_uniqueIDTab
                0x08014de4                xmp3fixpt_ISFIIP
                0x08014df4                xmp3fixpt_ISFMpeg2
                0x08014ef4                xmp3fixpt_ISFMpeg1
                0x08014f2c                xmp3fixpt_imdctWin
 .rodata        0x0801516c        0x3 ..\obj\preamp.o
 *fill*         0x0801516f        0x1 
 .rodata        0x08015170       0xd2 ..\obj\ff.o
 *fill*         0x08015242        0x2 
 .rodata.str1.4
                0x08015244       0x96 ..\obj\ff.o
 *fill*         0x080152da        0x2 
 .rodata        0x080152dc       0xc0 ..\obj\dct32.o
 .rodata.zeroes.7256
                0x0801539c       0x10 c:/program files (x86)/gnu tools arm embedded/5.4 2016q3/bin/../lib/gcc/arm-none-eabi/5.4.1/../../../../arm-none-eabi/lib/armv7e-m\libg.a(lib_a-svfprintf.o)
 .rodata.str1.4
                0x080153ac       0x42 c:/program files (x86)/gnu tools arm embedded/5.4 2016q3/bin/../lib/gcc/arm-none-eabi/5.4.1/../../../../arm-none-eabi/lib/armv7e-m\libg.a(lib_a-svfprintf.o)
 *fill*         0x080153ee        0x2 
 .rodata.blanks.7255
                0x080153f0       0x10 c:/program files (x86)/gnu tools arm embedded/5.4 2016q3/bin/../lib/gcc/arm-none-eabi/5.4.1/../../../../arm-none-eabi/lib/armv7e-m\libg.a(lib_a-svfprintf.o)
 .rodata.str1.4
                0x08015400       0x10 c:/program files (x86)/gnu tools arm embedded/5.4 2016q3/bin/../lib/gcc/arm-none-eabi/5.4.1/../../../../arm-none-eabi/lib/armv7e-m\libg.a(lib_a-dtoa.o)
                                 0x12 (size before relaxing)
 .rodata.__mprec_tens
                0x08015410       0xc8 c:/program files (x86)/gnu tools arm embedded/5.4 2016q3/bin/../lib/gcc/arm-none-eabi/5.4.1/../../../../arm-none-eabi/lib/armv7e-m\libg.a(lib_a-mprec.o)
                0x08015410                __mprec_tens
 .rodata.p05.6085
                0x080154d8        0xc c:/program files (x86)/gnu tools arm embedded/5.4 2016q3/bin/../lib/gcc/arm-none-eabi/5.4.1/../../../../arm-none-eabi/lib/armv7e-m\libg.a(lib_a-mprec.o)
 *fill*         0x080154e4        0x4 
 .rodata.__mprec_bigtens
                0x080154e8       0x28 c:/program files (x86)/gnu tools arm embedded/5.4 2016q3/bin/../lib/gcc/arm-none-eabi/5.4.1/../../../../arm-none-eabi/lib/armv7e-m\libg.a(lib_a-mprec.o)
                0x080154e8                __mprec_bigtens
 .rodata.str1.4
                0x08015510       0x10 c:/program files (x86)/gnu tools arm embedded/5.4 2016q3/bin/../lib/gcc/arm-none-eabi/5.4.1/../../../../arm-none-eabi/lib/armv7e-m\libg.a(lib_a-locale.o)
                                 0x12 (size before relaxing)
 .rodata._ctype_
                0x08015520      0x101 c:/program files (x86)/gnu tools arm embedded/5.4 2016q3/bin/../lib/gcc/arm-none-eabi/5.4.1/../../../../arm-none-eabi/lib/armv7e-m\libg.a(lib_a-ctype_.o)
                0x08015520                _ctype_
 *(.eh_fram e*)

.glue_7         0x08015624        0x0
 .glue_7        0x08015624        0x0 linker stubs

.glue_7t        0x08015624        0x0
 .glue_7t       0x08015624        0x0 linker stubs

.vfp11_veneer   0x08015624        0x0
 .vfp11_veneer  0x08015624        0x0 linker stubs

.v4_bx          0x08015624        0x0
 .v4_bx         0x08015624        0x0 linker stubs

.iplt           0x08015624        0x0
 .iplt          0x08015624        0x0 ..\obj\tm_stm32f4_fatfs.o

.ARM.extab
 *(.ARM.extab* .gnu.linkonce.armextab.*)
                0x08015624                __exidx_start = .

.ARM.exidx      0x08015624        0x8
 *(.ARM.exidx* .gnu.linkonce.armexidx.*)
 .ARM.exidx     0x08015624        0x8 c:/program files (x86)/gnu tools arm embedded/5.4 2016q3/bin/../lib/gcc/arm-none-eabi/5.4.1/armv7e-m\libgcc.a(_udivmoddi4.o)
                0x0801562c                __exidx_end = .
                0x0801562c                __etext = .
                0x0801562c                _sidata = __etext

.rel.dyn        0x0801562c        0x0
 .rel.iplt      0x0801562c        0x0 ..\obj\tm_stm32f4_fatfs.o

.data           0x20000000      0xdb0 load address 0x0801562c
                0x20000000                __data_start__ = .
                0x20000000                _sdata = __data_start__
 *(vtable)
 *(.data*)
 .data          0x20000000        0x2 ..\obj\mp3.o
                0x20000000                Mp3_Status
                0x20000001                loadneeded
 *fill*         0x20000002        0x2 
 .data          0x20000004       0xb4 ..\obj\diskio.o
                0x20000004                FATFS_LowLevelDrivers
 .data          0x200000b8        0x1 ..\obj\fatfs_usb.o
 *fill*         0x200000b9        0x3 
 .data          0x200000bc       0x10 ..\obj\stm32f4xx_rcc.o
 .data          0x200000cc       0x60 ..\obj\tm_stm32f4_usart.o
                0x200000cc                TM_USART1
                0x200000dc                TM_USART2
                0x200000ec                TM_USART3
                0x200000fc                TM_USART6
                0x2000010c                TM_UART5
                0x2000011c                TM_UART4
 .data          0x2000012c        0x1 ..\obj\fatfs_sd.o
 *fill*         0x2000012d        0x3 
 .data          0x20000130       0x10 ..\obj\usbh_msc_core.o
                0x20000130                USBH_MSC_cb
 .data          0x20000140       0x21 ..\obj\menu.o
                0x20000140                SourceStrings
                0x2000014c                MenuStrings
 *fill*         0x20000161        0x3 
 .data          0x20000164       0x10 ..\obj\usbh_core.o
                0x20000164                USBH_HCD_INT_fops
                0x20000168                USBH_HCD_INT_cb
 .data          0x20000174        0x1 ..\obj\usbh_msc_scsi.o
 *fill*         0x20000175        0x3 
 .data          0x20000178       0x14 ..\obj\system_stm32f4xx.o
                0x20000178                SystemCoreClock
                0x2000017c                AHBPrescTable
 .data          0x2000018c        0x1 ..\obj\DMA.o
                0x2000018c                DmaAudioDone
 *fill*         0x2000018d        0x3 
 .data          0x20000190       0x48 ..\obj\usbh_usr.o
                0x20000190                USR_Callbacks
 .data          0x200001d8      0x229 ..\obj\glcd.o
                0x200001d8                LCDPort
                0x200001f8                LCDPin
                0x20000208                fontdata
 *fill*         0x20000401        0x3 
 .data.__malloc_av_
                0x20000404      0x408 c:/program files (x86)/gnu tools arm embedded/5.4 2016q3/bin/../lib/gcc/arm-none-eabi/5.4.1/../../../../arm-none-eabi/lib/armv7e-m\libg.a(lib_a-mallocr.o)
                0x20000404                __malloc_av_
 .data.__malloc_trim_threshold
                0x2000080c        0x4 c:/program files (x86)/gnu tools arm embedded/5.4 2016q3/bin/../lib/gcc/arm-none-eabi/5.4.1/../../../../arm-none-eabi/lib/armv7e-m\libg.a(lib_a-mallocr.o)
                0x2000080c                __malloc_trim_threshold
 .data.__malloc_sbrk_base
                0x20000810        0x4 c:/program files (x86)/gnu tools arm embedded/5.4 2016q3/bin/../lib/gcc/arm-none-eabi/5.4.1/../../../../arm-none-eabi/lib/armv7e-m\libg.a(lib_a-mallocr.o)
                0x20000810                __malloc_sbrk_base
 *fill*         0x20000814        0x4 
 .data.impure_data
                0x20000818      0x428 c:/program files (x86)/gnu tools arm embedded/5.4 2016q3/bin/../lib/gcc/arm-none-eabi/5.4.1/../../../../arm-none-eabi/lib/armv7e-m\libg.a(lib_a-impure.o)
 .data._impure_ptr
                0x20000c40        0x4 c:/program files (x86)/gnu tools arm embedded/5.4 2016q3/bin/../lib/gcc/arm-none-eabi/5.4.1/../../../../arm-none-eabi/lib/armv7e-m\libg.a(lib_a-impure.o)
                0x20000c40                _impure_ptr
 .data.__global_locale
                0x20000c44      0x16c c:/program files (x86)/gnu tools arm embedded/5.4 2016q3/bin/../lib/gcc/arm-none-eabi/5.4.1/../../../../arm-none-eabi/lib/armv7e-m\libg.a(lib_a-locale.o)
                0x20000c44                __global_locale
                0x20000db0                . = ALIGN (0x4)
                [!provide]                PROVIDE (__preinit_array_start, .)
 *(.preinit_array)
                [!provide]                PROVIDE (__preinit_array_end, .)
                0x20000db0                . = ALIGN (0x4)
                [!provide]                PROVIDE (__init_array_start, .)
 *(SORT(.init_array.*))
 *(.init_array)
                [!provide]                PROVIDE (__init_array_end, .)
                0x20000db0                . = ALIGN (0x4)
                [!provide]                PROVIDE (__fini_array_start, .)
 *(SORT(.fini_array.*))
 *(.fini_array)
                [!provide]                PROVIDE (__fini_array_end, .)
 *(.jcr*)
                0x20000db0                . = ALIGN (0x4)
                0x20000db0                __data_end__ = .
                0x20000db0                _edata = __data_end__

.igot.plt       0x20000db0        0x0 load address 0x080163dc
 .igot.plt      0x20000db0        0x0 ..\obj\tm_stm32f4_fatfs.o

.bss            0x20000db0    0x141ac load address 0x080163dc
                0x20000db0                . = ALIGN (0x4)
                0x20000db0                __bss_start__ = .
                0x20000db0                _sbss = __bss_start__
 *(.bss*)
 .bss           0x20000db0       0x20 ..\obj\mp3.o
                0x20000db8                Mp3ActIndex
                0x20000dbc                Mp3TrackChanged
                0x20000dc0                Mp3ActTrack
                0x20000dc4                tMp3Array
                0x20000dc8                Mp3Array
                0x20000dcc                Mp3Count
 .bss           0x20000dd0        0x3 ..\obj\usbh_stdreq.o
 .bss           0x20000dd3        0x1 ..\obj\fatfs_sd.o
 .bss           0x20000dd4        0x2 ..\obj\usbh_msc_core.o
                0x20000dd4                MSCErrorCount
 .bss           0x20000dd6        0x2 ..\obj\bt.o
                0x20000dd6                FlagVolUp
                0x20000dd7                FlagVolDown
 .bss           0x20000dd8       0x2c ..\obj\tm_stm32f4_delay.o
                0x20000dd8                prescaler
                0x20000ddc                TM_Time
                0x20000de0                TM_Time2
                0x20000dfc                TM_DELAY_Initialized
                0x20000e00                TM_TimingDelay
 .bss           0x20000e04       0x31 ..\obj\menu.o
                0x20000e33                x
                0x20000e34                presscnt
 *fill*         0x20000e35        0x1 
 .bss           0x20000e36        0x2 ..\obj\usbh_core.o
 .bss           0x20000e38        0x4 ..\obj\syscalls.o
 .bss           0x20000e3c        0x1 ..\obj\usbh_usr.o
                0x20000e3c                Application
 .bss           0x20000e3d        0x1 ..\obj\tm_stm32f4_usb_msc_host.o
                0x20000e3d                TM_USB_MSCHOST_INT_Initialized
 *fill*         0x20000e3e        0x2 
 .bss           0x20000e40     0x5d08 ..\obj\buffers.o
 .bss           0x20006b48       0x2a ..\obj\ff.o
 *fill*         0x20006b72        0x2 
 .bss           0x20006b74       0x11 ..\obj\usbh_msc_bot.o
 *fill*         0x20006b85        0x3 
 .bss           0x20006b88       0x16 ..\obj\tm_stm32f4_gpio.o
 *fill*         0x20006b9e        0x2 
 .bss.__malloc_max_total_mem
                0x20006ba0        0x4 c:/program files (x86)/gnu tools arm embedded/5.4 2016q3/bin/../lib/gcc/arm-none-eabi/5.4.1/../../../../arm-none-eabi/lib/armv7e-m\libg.a(lib_a-mallocr.o)
                0x20006ba0                __malloc_max_total_mem
 .bss.__malloc_max_sbrked_mem
                0x20006ba4        0x4 c:/program files (x86)/gnu tools arm embedded/5.4 2016q3/bin/../lib/gcc/arm-none-eabi/5.4.1/../../../../arm-none-eabi/lib/armv7e-m\libg.a(lib_a-mallocr.o)
                0x20006ba4                __malloc_max_sbrked_mem
 .bss.__malloc_top_pad
                0x20006ba8        0x4 c:/program files (x86)/gnu tools arm embedded/5.4 2016q3/bin/../lib/gcc/arm-none-eabi/5.4.1/../../../../arm-none-eabi/lib/armv7e-m\libg.a(lib_a-mallocr.o)
                0x20006ba8                __malloc_top_pad
 .bss.__malloc_current_mallinfo
                0x20006bac       0x28 c:/program files (x86)/gnu tools arm embedded/5.4 2016q3/bin/../lib/gcc/arm-none-eabi/5.4.1/../../../../arm-none-eabi/lib/armv7e-m\libg.a(lib_a-mallocr.o)
                0x20006bac                __malloc_current_mallinfo
 *(COMMON)
 COMMON         0x20006bd4     0xd35c ..\obj\mp3.o
                0x20006bd4                mp3_buffer
                0x2000b3d4                SD_Fs
                0x2000b608                USB_Fs
                0x2000b83c                hMP3Decoder
                0x2000b840                audio_help_buff
                0x2000d690                mp3_buffer2
                0x20011e90                act_buff
                0x20011e94                audio_buffer
                0x20013ce4                errbr
                0x20013ce8                bytes_left
                0x20013cec                read_ptr
                0x20013cf0                fil
                0x20013f14                mp3FrameInfo
 COMMON         0x20013f30      0x200 ..\obj\usbh_stdreq.o
                0x20013f30                USBH_CfgDesc
 COMMON         0x20014130       0xc0 ..\obj\tm_stm32f4_usart.o
                0x20014130                TM_UART5_Buffer
                0x20014150                TM_USART6_Buffer
                0x20014170                TM_USART3_Buffer
                0x20014190                TM_USART2_Buffer
                0x200141b0                TM_USART1_Buffer
                0x200141d0                TM_UART4_Buffer
 COMMON         0x200141f0      0x214 ..\obj\usbh_msc_core.o
                0x200141f0                MSC_Machine
                0x200143fc                MSC_Setup
 COMMON         0x20014404        0x8 ..\obj\tm_stm32f4_delay.o
                0x20014404                sys_delay
                0x20014408                mult
 COMMON         0x2001440c      0x410 ..\obj\usbh_msc_scsi.o
                0x2001440c                USBH_DataInBuffer
                0x2001460c                USBH_MSC_Param
                0x2001461c                USBH_DataOutBuffer
 COMMON         0x2001481c      0x6f8 ..\obj\tm_stm32f4_usb_msc_host.o
                0x2001481c                USB_OTG_MSC_Core
                0x20014dc8                TM_USB_MSCHOST_INT_Result
                0x20014dcc                USB_Host
 COMMON         0x20014f14        0x4 ..\obj\preamp.o
                0x20014f14                AudioSettings
 COMMON         0x20014f18       0x40 ..\obj\usbh_msc_bot.o
                0x20014f18                USBH_MSC_CSWData
                0x20014f28                USBH_MSC_BOTXferParam
                0x20014f38                USBH_MSC_CBWData
 COMMON         0x20014f58        0x4 c:/program files (x86)/gnu tools arm embedded/5.4 2016q3/bin/../lib/gcc/arm-none-eabi/5.4.1/../../../../arm-none-eabi/lib/armv7e-m\libg.a(lib_a-reent.o)
                0x20014f58                errno
                0x20014f5c                . = ALIGN (0x4)
                0x20014f5c                __bss_end__ = .
                0x20014f5c                _ebss = __bss_end__

.heap           0x20014f5c        0x0
                0x20014f5c                __end__ = .
                0x20014f5c                _end = __end__
                0x20014f5c                end = __end__
 *(.heap*)
                0x20014f5c                __HeapLimit = .

.co_stack       0x20014f5c      0x804 load address 0x0802a588
                0x20014f60                . = ALIGN (0x8)
 *fill*         0x20014f5c        0x4 
 *(.co_stack .co_stack.*)
 .co_stack      0x20014f60      0x800 ..\obj\startup_stm32f4xx.o
                0x20014f60                pulStack
                0x20020000                __StackTop = (ORIGIN (ram) + LENGTH (ram))
                0x2001f7fc                __StackLimit = (__StackTop - SIZEOF (.co_stack))
                [!provide]                PROVIDE (__stack, __StackTop)
                0x00000001                ASSERT ((__StackLimit >= __HeapLimit), region ram  overflowed with stack)
LOAD ..\obj\tm_stm32f4_fatfs.o
LOAD ..\obj\unicode.o
LOAD ..\obj\stm32f4xx_syscfg.o
LOAD ..\obj\usb_core.o
LOAD ..\obj\dqchan.o
LOAD ..\obj\scalfact.o
LOAD ..\obj\pcm.o
LOAD ..\obj\i2c.o
LOAD ..\obj\mp3.o
LOAD ..\obj\bitstream.o
LOAD ..\obj\dequant.o
LOAD ..\obj\tm_stm32f4_exti.o
LOAD ..\obj\hufftabs.o
LOAD ..\obj\imdct.o
LOAD ..\obj\timer.o
LOAD ..\obj\usbh_hcs.o
LOAD ..\obj\stm32f4xx_usart.o
LOAD ..\obj\usbh_stdreq.o
LOAD ..\obj\mp3tabs.o
LOAD ..\obj\str.o
LOAD ..\obj\subband.o
LOAD ..\obj\diskio.o
LOAD ..\obj\startup_stm32f4xx.o
LOAD ..\obj\fatfs_usb.o
LOAD ..\obj\mp3dec.o
LOAD ..\obj\main.o
LOAD ..\obj\stm32f4xx_rcc.o
LOAD ..\obj\tm_stm32f4_usart.o
LOAD ..\obj\tm_stm32f4_rotary_encoder.o
LOAD ..\obj\fatfs_sd.o
LOAD ..\obj\usbh_msc_core.o
LOAD ..\obj\bt.o
LOAD ..\obj\gpio.o
LOAD ..\obj\tm_stm32f4_delay.o
LOAD ..\obj\file.o
LOAD ..\obj\syscall.o
LOAD ..\obj\tm_stm32f4_spi.o
LOAD ..\obj\menu.o
LOAD ..\obj\usbh_core.o
LOAD ..\obj\stm32f4xx_gpio.o
LOAD ..\obj\id3.o
LOAD ..\obj\usbh_msc_scsi.o
LOAD ..\obj\system_stm32f4xx.o
LOAD ..\obj\DMA.o
LOAD ..\obj\syscalls.o
LOAD ..\obj\stm32f4xx_dma.o
LOAD ..\obj\usbh_usr.o
LOAD ..\obj\i2s.o
LOAD ..\obj\usb_bsp.o
LOAD ..\obj\tm_stm32f4_usb_msc_host.o
LOAD ..\obj\stproc.o
LOAD ..\obj\huffman.o
LOAD ..\obj\trigtabs_fixpt.o
LOAD ..\obj\preamp.o
LOAD ..\obj\buffers.o
LOAD ..\obj\ff.o
LOAD ..\obj\usb_hcd.o
LOAD ..\obj\usbh_msc_bot.o
LOAD ..\obj\stm32f4xx_spi.o
LOAD ..\obj\dct32.o
LOAD ..\obj\stm32f4xx_i2c.o
LOAD ..\obj\stm32f4xx_exti.o
LOAD ..\obj\usbh_ioreq.o
LOAD ..\obj\misc.o
LOAD ..\obj\glcd.o
LOAD ..\obj\tm_stm32f4_gpio.o
LOAD ..\obj\polyphase.o
LOAD ..\obj\tm_stm32f4_timer_properties.o
LOAD ..\obj\stm32f4xx_tim.o
LOAD ..\obj\usb_hcd_int.o
START GROUP
LOAD c:/program files (x86)/gnu tools arm embedded/5.4 2016q3/bin/../lib/gcc/arm-none-eabi/5.4.1/armv7e-m\libgcc.a
LOAD c:/program files (x86)/gnu tools arm embedded/5.4 2016q3/bin/../lib/gcc/arm-none-eabi/5.4.1/../../../../arm-none-eabi/lib/armv7e-m\libg.a
LOAD c:/program files (x86)/gnu tools arm embedded/5.4 2016q3/bin/../lib/gcc/arm-none-eabi/5.4.1/../../../../arm-none-eabi/lib/armv7e-m\libc.a
END GROUP
OUTPUT(AmpNew.elf elf32-littlearm)

.debug_info     0x00000000    0x35cfb
 .debug_info    0x00000000     0x21af ..\obj\usb_core.o
 .debug_info    0x000021af      0x963 ..\obj\dqchan.o
 .debug_info    0x00002b12      0xbc4 ..\obj\scalfact.o
 .debug_info    0x000036d6      0x4aa ..\obj\i2c.o
 .debug_info    0x00003b80      0xa16 ..\obj\mp3.o
 .debug_info    0x00004596      0xb1e ..\obj\bitstream.o
 .debug_info    0x000050b4      0x8c5 ..\obj\dequant.o
 .debug_info    0x00005979      0xadf ..\obj\tm_stm32f4_exti.o
 .debug_info    0x00006458      0x1d2 ..\obj\hufftabs.o
 .debug_info    0x0000662a     0x2fd1 ..\obj\imdct.o
 .debug_info    0x000095fb      0x98c ..\obj\timer.o
 .debug_info    0x00009f87      0xb1d ..\obj\usbh_hcs.o
 .debug_info    0x0000aaa4      0xb2b ..\obj\stm32f4xx_usart.o
 .debug_info    0x0000b5cf     0x1a8c ..\obj\usbh_stdreq.o
 .debug_info    0x0000d05b      0x1e0 ..\obj\mp3tabs.o
 .debug_info    0x0000d23b      0x129 ..\obj\str.o
 .debug_info    0x0000d364      0x491 ..\obj\subband.o
 .debug_info    0x0000d7f5      0x8ff ..\obj\diskio.o
 .debug_info    0x0000e0f4      0x104 ..\obj\startup_stm32f4xx.o
 .debug_info    0x0000e1f8     0x155f ..\obj\fatfs_usb.o
 .debug_info    0x0000f757      0x959 ..\obj\mp3dec.o
 .debug_info    0x000100b0      0x4bb ..\obj\main.o
 .debug_info    0x0001056b      0xca2 ..\obj\stm32f4xx_rcc.o
 .debug_info    0x0001120d     0x17b7 ..\obj\tm_stm32f4_usart.o
 .debug_info    0x000129c4      0x462 ..\obj\tm_stm32f4_rotary_encoder.o
 .debug_info    0x00012e26     0x10ca ..\obj\fatfs_sd.o
 .debug_info    0x00013ef0     0x181a ..\obj\usbh_msc_core.o
 .debug_info    0x0001570a      0x23c ..\obj\bt.o
 .debug_info    0x00015946      0x5c0 ..\obj\gpio.o
 .debug_info    0x00015f06      0xacf ..\obj\tm_stm32f4_delay.o
 .debug_info    0x000169d5      0x721 ..\obj\file.o
 .debug_info    0x000170f6      0xbe4 ..\obj\tm_stm32f4_spi.o
 .debug_info    0x00017cda     0x117d ..\obj\menu.o
 .debug_info    0x00018e57     0x1bad ..\obj\usbh_core.o
 .debug_info    0x0001aa04      0x7db ..\obj\stm32f4xx_gpio.o
 .debug_info    0x0001b1df      0x6c0 ..\obj\id3.o
 .debug_info    0x0001b89f      0xec2 ..\obj\usbh_msc_scsi.o
 .debug_info    0x0001c761      0x5ea ..\obj\system_stm32f4xx.o
 .debug_info    0x0001cd4b      0x749 ..\obj\DMA.o
 .debug_info    0x0001d494      0x457 ..\obj\syscalls.o
 .debug_info    0x0001d8eb      0x741 ..\obj\stm32f4xx_dma.o
 .debug_info    0x0001e02c      0x66f ..\obj\usbh_usr.o
 .debug_info    0x0001e69b      0x6ab ..\obj\i2s.o
 .debug_info    0x0001ed46     0x10c7 ..\obj\usb_bsp.o
 .debug_info    0x0001fe0d     0x137b ..\obj\tm_stm32f4_usb_msc_host.o
 .debug_info    0x00021188      0xd1a ..\obj\stproc.o
 .debug_info    0x00021ea2      0xbbe ..\obj\huffman.o
 .debug_info    0x00022a60      0x1ce ..\obj\trigtabs_fixpt.o
 .debug_info    0x00022c2e      0x85c ..\obj\preamp.o
 .debug_info    0x0002348a      0x9c2 ..\obj\buffers.o
 .debug_info    0x00023e4c     0x3973 ..\obj\ff.o
 .debug_info    0x000277bf      0xd56 ..\obj\usb_hcd.o
 .debug_info    0x00028515     0x182d ..\obj\usbh_msc_bot.o
 .debug_info    0x00029d42      0xbbe ..\obj\stm32f4xx_spi.o
 .debug_info    0x0002a900      0xbdb ..\obj\dct32.o
 .debug_info    0x0002b4db      0xbb6 ..\obj\stm32f4xx_i2c.o
 .debug_info    0x0002c091     0x1628 ..\obj\usbh_ioreq.o
 .debug_info    0x0002d6b9      0x55c ..\obj\misc.o
 .debug_info    0x0002dc15      0x86b ..\obj\glcd.o
 .debug_info    0x0002e480      0x919 ..\obj\tm_stm32f4_gpio.o
 .debug_info    0x0002ed99     0x2c78 ..\obj\polyphase.o
 .debug_info    0x00031a11     0x21ba ..\obj\stm32f4xx_tim.o
 .debug_info    0x00033bcb     0x2130 ..\obj\usb_hcd_int.o

.debug_abbrev   0x00000000     0x7ad7
 .debug_abbrev  0x00000000      0x38f ..\obj\usb_core.o
 .debug_abbrev  0x0000038f      0x1fd ..\obj\dqchan.o
 .debug_abbrev  0x0000058c      0x1fc ..\obj\scalfact.o
 .debug_abbrev  0x00000788      0x147 ..\obj\i2c.o
 .debug_abbrev  0x000008cf      0x297 ..\obj\mp3.o
 .debug_abbrev  0x00000b66      0x299 ..\obj\bitstream.o
 .debug_abbrev  0x00000dff      0x1d9 ..\obj\dequant.o
 .debug_abbrev  0x00000fd8      0x1f0 ..\obj\tm_stm32f4_exti.o
 .debug_abbrev  0x000011c8       0xad ..\obj\hufftabs.o
 .debug_abbrev  0x00001275      0x360 ..\obj\imdct.o
 .debug_abbrev  0x000015d5      0x169 ..\obj\timer.o
 .debug_abbrev  0x0000173e      0x202 ..\obj\usbh_hcs.o
 .debug_abbrev  0x00001940      0x1b9 ..\obj\stm32f4xx_usart.o
 .debug_abbrev  0x00001af9      0x360 ..\obj\usbh_stdreq.o
 .debug_abbrev  0x00001e59       0x79 ..\obj\mp3tabs.o
 .debug_abbrev  0x00001ed2       0xb7 ..\obj\str.o
 .debug_abbrev  0x00001f89      0x148 ..\obj\subband.o
 .debug_abbrev  0x000020d1      0x206 ..\obj\diskio.o
 .debug_abbrev  0x000022d7       0xdc ..\obj\startup_stm32f4xx.o
 .debug_abbrev  0x000023b3      0x28f ..\obj\fatfs_usb.o
 .debug_abbrev  0x00002642      0x295 ..\obj\mp3dec.o
 .debug_abbrev  0x000028d7      0x155 ..\obj\main.o
 .debug_abbrev  0x00002a2c      0x20b ..\obj\stm32f4xx_rcc.o
 .debug_abbrev  0x00002c37      0x282 ..\obj\tm_stm32f4_usart.o
 .debug_abbrev  0x00002eb9      0x17b ..\obj\tm_stm32f4_rotary_encoder.o
 .debug_abbrev  0x00003034      0x36a ..\obj\fatfs_sd.o
 .debug_abbrev  0x0000339e      0x33b ..\obj\usbh_msc_core.o
 .debug_abbrev  0x000036d9      0x10f ..\obj\bt.o
 .debug_abbrev  0x000037e8      0x147 ..\obj\gpio.o
 .debug_abbrev  0x0000392f      0x31b ..\obj\tm_stm32f4_delay.o
 .debug_abbrev  0x00003c4a      0x1b8 ..\obj\file.o
 .debug_abbrev  0x00003e02      0x209 ..\obj\tm_stm32f4_spi.o
 .debug_abbrev  0x0000400b      0x2d2 ..\obj\menu.o
 .debug_abbrev  0x000042dd      0x329 ..\obj\usbh_core.o
 .debug_abbrev  0x00004606      0x1e0 ..\obj\stm32f4xx_gpio.o
 .debug_abbrev  0x000047e6      0x151 ..\obj\id3.o
 .debug_abbrev  0x00004937      0x222 ..\obj\usbh_msc_scsi.o
 .debug_abbrev  0x00004b59      0x161 ..\obj\system_stm32f4xx.o
 .debug_abbrev  0x00004cba      0x1bf ..\obj\DMA.o
 .debug_abbrev  0x00004e79       0xf4 ..\obj\syscalls.o
 .debug_abbrev  0x00004f6d      0x175 ..\obj\stm32f4xx_dma.o
 .debug_abbrev  0x000050e2      0x15d ..\obj\usbh_usr.o
 .debug_abbrev  0x0000523f      0x141 ..\obj\i2s.o
 .debug_abbrev  0x00005380      0x274 ..\obj\usb_bsp.o
 .debug_abbrev  0x000055f4      0x259 ..\obj\tm_stm32f4_usb_msc_host.o
 .debug_abbrev  0x0000584d      0x1c6 ..\obj\stproc.o
 .debug_abbrev  0x00005a13      0x23c ..\obj\huffman.o
 .debug_abbrev  0x00005c4f       0x68 ..\obj\trigtabs_fixpt.o
 .debug_abbrev  0x00005cb7      0x1b6 ..\obj\preamp.o
 .debug_abbrev  0x00005e6d      0x1bd ..\obj\buffers.o
 .debug_abbrev  0x0000602a      0x2c9 ..\obj\ff.o
 .debug_abbrev  0x000062f3      0x1e6 ..\obj\usb_hcd.o
 .debug_abbrev  0x000064d9      0x295 ..\obj\usbh_msc_bot.o
 .debug_abbrev  0x0000676e      0x1ad ..\obj\stm32f4xx_spi.o
 .debug_abbrev  0x0000691b      0x150 ..\obj\dct32.o
 .debug_abbrev  0x00006a6b      0x1c8 ..\obj\stm32f4xx_i2c.o
 .debug_abbrev  0x00006c33      0x284 ..\obj\usbh_ioreq.o
 .debug_abbrev  0x00006eb7      0x156 ..\obj\misc.o
 .debug_abbrev  0x0000700d      0x1ea ..\obj\glcd.o
 .debug_abbrev  0x000071f7      0x1a9 ..\obj\tm_stm32f4_gpio.o
 .debug_abbrev  0x000073a0      0x1fc ..\obj\polyphase.o
 .debug_abbrev  0x0000759c      0x26e ..\obj\stm32f4xx_tim.o
 .debug_abbrev  0x0000780a      0x2cd ..\obj\usb_hcd_int.o

.debug_loc      0x00000000    0x2114b
 .debug_loc     0x00000000      0xc58 ..\obj\usb_core.o
 .debug_loc     0x00000c58      0xbfa ..\obj\dqchan.o
 .debug_loc     0x00001852     0x10a3 ..\obj\scalfact.o
 .debug_loc     0x000028f5       0xdc ..\obj\i2c.o
 .debug_loc     0x000029d1      0x308 ..\obj\mp3.o
 .debug_loc     0x00002cd9      0x6ef ..\obj\bitstream.o
 .debug_loc     0x000033c8      0x273 ..\obj\dequant.o
 .debug_loc     0x0000363b      0x20d ..\obj\tm_stm32f4_exti.o
 .debug_loc     0x00003848     0x43cf ..\obj\imdct.o
 .debug_loc     0x00007c17       0x6e ..\obj\timer.o
 .debug_loc     0x00007c85      0x26d ..\obj\usbh_hcs.o
 .debug_loc     0x00007ef2      0x7d4 ..\obj\stm32f4xx_usart.o
 .debug_loc     0x000086c6      0x872 ..\obj\usbh_stdreq.o
 .debug_loc     0x00008f38      0x1eb ..\obj\str.o
 .debug_loc     0x00009123      0x173 ..\obj\subband.o
 .debug_loc     0x00009296      0x4b5 ..\obj\diskio.o
 .debug_loc     0x0000974b       0x2b ..\obj\startup_stm32f4xx.o
 .debug_loc     0x00009776      0x38f ..\obj\fatfs_usb.o
 .debug_loc     0x00009b05      0x79b ..\obj\mp3dec.o
 .debug_loc     0x0000a2a0      0xa7c ..\obj\stm32f4xx_rcc.o
 .debug_loc     0x0000ad1c      0xa78 ..\obj\tm_stm32f4_usart.o
 .debug_loc     0x0000b794       0xfe ..\obj\tm_stm32f4_rotary_encoder.o
 .debug_loc     0x0000b892      0xf45 ..\obj\fatfs_sd.o
 .debug_loc     0x0000c7d7      0x4eb ..\obj\usbh_msc_core.o
 .debug_loc     0x0000ccc2      0x245 ..\obj\tm_stm32f4_delay.o
 .debug_loc     0x0000cf07      0x1a2 ..\obj\file.o
 .debug_loc     0x0000d0a9      0x686 ..\obj\tm_stm32f4_spi.o
 .debug_loc     0x0000d72f      0x21f ..\obj\menu.o
 .debug_loc     0x0000d94e      0x637 ..\obj\usbh_core.o
 .debug_loc     0x0000df85      0x2d2 ..\obj\stm32f4xx_gpio.o
 .debug_loc     0x0000e257      0x3fc ..\obj\id3.o
 .debug_loc     0x0000e653      0x46c ..\obj\usbh_msc_scsi.o
 .debug_loc     0x0000eabf      0x11b ..\obj\system_stm32f4xx.o
 .debug_loc     0x0000ebda       0x58 ..\obj\DMA.o
 .debug_loc     0x0000ec32      0x113 ..\obj\syscalls.o
 .debug_loc     0x0000ed45      0x48b ..\obj\stm32f4xx_dma.o
 .debug_loc     0x0000f1d0      0x12e ..\obj\usb_bsp.o
 .debug_loc     0x0000f2fe     0x1a0d ..\obj\stproc.o
 .debug_loc     0x00010d0b     0x131a ..\obj\huffman.o
 .debug_loc     0x00012025      0x3af ..\obj\preamp.o
 .debug_loc     0x000123d4       0x7d ..\obj\buffers.o
 .debug_loc     0x00012451     0x55a2 ..\obj\ff.o
 .debug_loc     0x000179f3      0x239 ..\obj\usb_hcd.o
 .debug_loc     0x00017c2c      0x439 ..\obj\usbh_msc_bot.o
 .debug_loc     0x00018065      0x69e ..\obj\stm32f4xx_spi.o